[AI]
AIBaseSpacing=2

[TIBSPRDC]
LightRedTint=0.005
LightBlueTint=0.35
LightGreenTint=0.005
LightIntensity=0.01
LightVisibility=4000

[TIBSPRDR]
LightRedTint=0.005
LightBlueTint=0.005
LightGreenTint=0.35
LightIntensity=0.003
LightVisibility=4000

[TIBSPRDRH]
LightRedTint=0.005
LightBlueTint=0.005
LightGreenTint=0.35
LightIntensity=0.003
LightVisibility=4000

[TIBSPRDRL]
LightRedTint=0.005
LightBlueTint=0.005
LightGreenTint=0.35
LightIntensity=0.003
LightVisibility=4000

[TIBSPRDV]
LightRedTint=0.005
LightBlueTint=0.35
LightGreenTint=0.005
LightIntensity=0.003
LightVisibility=4000

[Preview]
Size=0,0,106,61

[PreviewPack]
2=BIACcgAEwBtAMnRABAAaQCSANMAVQASAAnIABMAbQDJ0QAQAGkAkgDTAFUAEgAJyAATAG0
1=yAsAIAXQ5PDQ5PDQ6JQATAEE6PDQ4PDI4JgBTAFEAkgAJyAATAG0AydEAEABpAJIA0wBVA

[Basic]
Name=Coastal Battle [2]
Percent=0
GameMode=Custom Map
HomeCell=98
InitTime=10000
Official=yes
EndOfGame=no
FreeRadar=no
MaxPlayer=2
MinPlayer=2
SkipScore=no
TrainCrate=no
TruckCrate=no
AltHomeCell=99
OneTimeOnly=no
CarryOverCap=0
NewINIFormat=4
NextScenario=
SkipMapSelect=yes
CarryOverMoney=0.000000
AltNextScenario=
MultiplayerOnly=1
IceGrowthEnabled=no
VeinGrowthEnabled=no
TiberiumGrowthEnabled=yes
IgnoreGlobalAITriggers=no
TiberiumDeathToVisceroid=yes

[IsoMapPack5]
0=zw0AIAQBAH0AVgEAYAACAgB8AFbpAX0oKQB+6wEDAHsoKAAnrgADACeuAAMAKa0Af+8FBA
1=B6KCgAJwUBBCi1AQQoBAELBAB+AHMBAAACAAAEAH+JAQxpAYCIAQMWAAAFAHnxCQUoXQEF
2=KGUCBShdAQUoXQEF3QoDZAi9Cg1oAb0KF2kBgYgMAyEAAAYAeOkMBii1AQYotQEGKLUBBi
3=i1AQYotQEG1Q0EcAm1DQ5oAbUNGGgBtQ0iaQGCgA8DLAAABwB34Q8HKA0CBygNAgcoDQIH
4=KA0CBygNAgcoDQIHzRAFfAqtEA9oAa0QGWgBrRAjaAGtEC1pAYOYEQM3AAAIAHb5EQgoZQ
5=IIKGUCCChkAgIIAHoAcK9HCAB7iQEEZQh8iQEIaQF9iQEMaAGtPAZoAaUTEGgBpRMaaAGl
6=EyRoAaUTLmgBpRM4aQGEkBQDQgAACQB18RQJKL0CCSi9AgkovQIJKL0CCd0VAWQIvRUFaA
7=G9FQloAb0VDWgBvRUHaAG9FRFoAb0VG2gBvRUlaAG9FS9oAb0VOWgBvRVDaQGFiBcDTQAA
8=CgB06RcKKBUDCigVAwooFQMKKBUDCigVAwrVGAJwCbUYBmgBtRgKaAG1GA5oAbUYCGgBtR
9=gSaAG1GBxoAbUYJmgBtRgwaAG1GDpoAbUYRGgBtRhOaQGGgBoDWAAACwBz4RoLKG0DCyht
10=AwsobQMLKG0DCyhtAwsobQMLzRsDfAqtGwdoAa0bC2gBrRsPaAGtGwloAa0bE2gBrRsdaA
11=GtGydoAa0bMWgBrRs7aAGtG0VoAa0bT2gBrRtZaQGHmBwDYwAADAByiQFQaQFziQFaaQF0
12=iQEAaQF1iQEKaQF2iQEUaQF3iQEeaQF4iQEoaQF5iQEyaQF6iQE8aQF7iQFGaQF8iAGVDX
13=2IAZQNpB6UDaQelA2kHpQNpB6UDaQelA2kHpQNpB6UDaQelA2kHpQNpB6VDYiADwMAAAAN
14=AHGJAUdoAb0gUWgBvSBbaAG9IAFoAb0gC2gBvSAVaAG9IB9oAb0gKWgBvSAzaAG9ID1oAb
15=wglA28IJQNvCCUDbwglA28IJQNvCCUDbwglA28IJQNvCCUDbwglA28IJQNvCCUDbwglA28
16=IJUNiZwgAwsAAA4AcIkBPmgBtSNIaAG1I1JoAbUjXGgBtSMCaAG1IwxoAbUjFmgBtSMgaA
17=G1IypoAbUjNGgBtCOUDbQjlA20I5QNtCOUDbQjlA20I5QNtCOUDbQjlA20I5QNtCOUDbQj
18=lA20I5QNtCOUDbQjlA20I5QNtCOVDYqUIwMWAAAPAG+JATVoAa0mP2gBrSZJaAGtJlNoAa
19=0mXWgBrSYDaAGtJg1oAa0mF2gBrSYhaAGtJitoAawmlA2sJpQNrCaUDawmlA2sJpQNrCaU
20=DawmlA2sJpQNrCaUDawmlA2sJpQNrCaUDawmlA2sJpQNrCaUDawmlA2sJpQNrCaVDYuMJg
21=MhAAAQAG6JASxoAaUpNmgBpSlAaAGlKUpoAaUpVGgBpSleaAGlKQRoAaUpDmgBpSkYaAGl
22=KSJoAaQplA2kKZQNpCmUDaQplA2kKZQNpCmUDaQplA2kKZQNpCmUDaQplA2kKZQNpCmUDa
23=QplA2kKZQNpCmUDaQplA2kKZQNpCmUDaQplA2kKZUNjOcpEQBtiAEBIwAAEd0rLWgBvSs3
24=aAG9K0FoAb0rS2gBvStVaAG9K19oAb0rBWgBvSsPaAG9KxloAbwrlA28K5QNvCuUDbwrlA
25=28K5QNvCuUDbwrlA28K5QNvCuUDbwrlA28K5QNvCuUDbwrlA28K5QNvCuUDbwrlA28K5QN
26=vCuUDbwrlA28K5QNvCuUDbwrlQ2NnCsDNwAAEgBsiQEaaAG1LiRoAbVaLmgBtS44aAG1Lk
27=JoAbUuTGgBtS5WaAG1LmBoAbUuBmgBtS4QaAG0LpQNtC6UDbQulA20LpQNtC6UDbQulA20
28=LpQNtC6UDbQulA20LpQNtC6UDbQulA20LpQNtC6UDbQulA20LpQNtC6UDbQulA20LpQNtC
29=6UDbQulA20LpQNtC6UDbQulQ2OlC4DQgAAEwBriQERaAGtMRtoAa0xJWgBrTEvaAGtMTlo
30=Aa0xQ2gBrTFNaAGtMVdoAa0xYWgBrTEHaAGsMZQNrDGUDawxlA2sMZQNrDGUDawxlA2sMZ
31=QNrDGUDawxlA2sMZQNrDGUDawxlA2sMZQNrDGUDawxlA2sMZQNrDGUDawxlA2sMZQNrDGU
32=DawxlA2sMZQNrDGUDawxlA2sMZQNrDGVDY+MMQNNAAAUAGqJAQhoAaU0EmgBpTQcaAGlNC
33=ZoAaU0MGgBpTQ6aAGlNERoAaU0TmgBpTRYaAGlNGJoAaQ0lA2kNJQNpDSUDaQ0lA2kNJQN
34=pDSUDaQ0lA2kNJQNpDSUDaQ0lA2kNJQNpDSUDaQ0lA2kNJQNpDSUDaQ0lA2kNJQNpDSUDa
35=Q0lA2kNJQNpDSUDaQ0lA2kNJQNpDSUDaQ0lA2kNJQNpDSUDaQ0lQ2QhDQDWAAAFQBpJo0z
36=Fd02CXQCvTYTaAG9Nh1oAb02J2gBvTYxaAG9NjtoAb02RWgBvTZPaAG9NlloAb02Y2gBvD
37=aUDbw2lA28NpQNvDaUDbw2lA28NpQNvDaUDbw2lA28NpQNvDaUDbw2lA28NpQNvDaUDbw2
38=lA28NpQNvDaUDbw2lA28NpQNvDaUDbw2lA28NpQNvDaUDbw2lA28NpQNvDaUDbw2lA28Np
39=QNvDaUDbw2lQ2RiDgFYwAAFgCIAGskr0IWAImJAQJ1AngjgUIAaQF5iQEEaAEkXUMIaAEk
40=FToMawGKAHLlCIuJAQV1AoyJAQppAY2JAQ9pAY6JARRpAWiNEChpAWmJATJoAbl/PGgBuU
41=hGaAG5SFBoAblIWmgBuEiQFLhIlA24SIgMuUgebAW4SJQNuEiUDbhIlA24SJQNuEiUDbhI
42=lA2kKZQNpCmUDaQplQ2SlBiXDXwAd+kifSgpAH4oKQB/KCkAgCgpAIYoKQCHKCsAgQD48Q
43=mCiAGFNIOIAZgyAYQAGgIi0FIBABYAhYgBAQIAABfBOwFoAaE7A2sBfABuswkXAH2IAYwF
44=uD2MBbk9BWwFuT0JaAG5PQ1oAbg9jAW5PQZ0Ark9C2gBuT0QaAG5PRVpAWeVIx9oAaU/KW
45=gBpT8zaAGlPz1oAaU/R2gBpT9RaAGlP1toAaQ/jBCkP4APpD+UDaQ/lA2kP5QNpD+UDaQ/
46=lA2kP5QNpD+UDaQ/lA2kP5QNpD+UDaQ/lA2kP5UNk5gclA0nugcXACc2BxcAtDmQCbQ5mD
47=K0OZcufwAZtzkXAICIAYQ0oDuNBYaMPAUFAAAYAIMAPoM/ABgAoTsBdAKhOwNoAaE7AmgB
48=oTsGaAGhOwpoAaE7DmgBoDuMBaE7B3QCoTsMaAGhOxFoAaE7FmkBZoQeiAGtPCB0Aq08Km
49=gBrTw0aAGtPD5oAa08SGgBrTxSaAGtPFxoAaw8mBGsPIwQrDyUDaw8lA2sPJQNrDyUDaw8
50=lA2sPJQNrDyUDaw8lA2sPJQNrDyUDaw8lA2sPJQNrDyVDZSQH5UNiOd2GACJKCgAAX4A9w
51=EikFYDABgAhgD8q28YAIeIAZQNuD2cNrg9AgMAABkAvDaIAb02B3QCvTYLaAG9Ng9oAbw2
52=jAW9Ngh0Ar02DWgBvTYSaAG9NhdpAWWIF4AEqDiUAqk4IWAEqTgraAGpODVoAak4P2gBqT
53=hJaAGpOFNoAak4XWgBqDiEE6g4lA2oOJQNqDiUDag4lA2oOJQNqDiUDag4lA2oOJQNqDiU
54=Dag4lA2oOJQNqDiUDag4lA2oOJQNqDiVDZWIIpQNJwUXGSg3BxkAfZU5BWwboTsJaAG0OY
55=EPiIA7AwUAABoAeJmrAGkBeYkBAmgBsTUEaAGxNQloAbE1DmgBsTUTaAGxNRhpAWSEE5gG
56=vDaMBbw2gAS9NiJsBb02LGgBvTY2aAG9NkBoAb02SmgBvTZUaAG9Nl5oAbw2lA28NpQNvD
57=aUDbw2lA28NpQNvDaUDbw2lA28NpQNvDaUDbw2lA28NpQNvDaUDbw2lA28NpQNvDaUDbw2
58=lA28NpUNloAllQ1693AaAHsoKQB8iDiMMbU5BmQetTkKawGIAP27dBoAiYkBA3cCgQDCtL
59=ICGgCCAMPrAYMAxesBhQDGqwEbAGMmVSwb0EACAQAAGwCxQANrAYwAb6sMGwCNiAGVAo6J
60=AQZgBLk9BWgBuT0PaAG5PRloAbk9I2gBuT0taAG5PTdoAbk9QWgBuT1LaAG5PVVoAbk9X2
61=gBuD2UDbg9lA24PZQNuD2UDbg9lA24PZQNuD2UDbg9lA24PZQNuD2UDbg9lA24PZQNuD2U
62=Dbg9lA24PZQNuD2UDbg9lA24PZUNl4Q/lA0n5wcbAIvmPxsApD+ILaE7BHEfio08B2sBew
63=AQ6ziBAL7pAYUoKwCDAMC3AhwAiOfvHABi+T0cKOYHHACsPAEBAAAczTwEaAGtPAdoAa08
64=BmgBrTwQaAGtPBpoAa08JGgBrTwuaAGtPDhoAa08QmgBrTxMaAGtPFZoAa08YGgBrDyUDa
65=w8lA2sPJQNrDyUDaw8lA2sPJQNrDyUDaw8lA2sPJQNrDyUDaw8lA2sPJQNrDyUDaw8lA2s
66=PJQNrDyUDaw8lA2sPJQNrDyVDZiYPZUNeO48HAC1OQhlHouBOwtpAXklEH0BABwAeogBgA
67=QOewAQAgAAAQAAHACBALsCAAARAABrDQAgBwAAABwAhQC/AgBgAAIcAIAAwusBhADE6wGC
68=AMXrAX4AxukBh+gBAx0AYQBWAWAIAQAdAGIoKQBjKCkAmSgoAAmMAG8BAAACAAAdAI2JAQ
69=VpAY6JAQhoAQRkAHMBAAAHaQFliQERaQFmiQEbaQFniQElaQFoiQEvaQFpiQE5aQFqiQFD
70=aQFriQFNaQFsiQFXaQFtiQFhaQFuiAGVDW+IAZUNcIgBlQ1xiAGVDXKIAZUNc4gBlQ10iA
71=GVDXWIAZUNdogBlQ13iAGVDY+IAZUNkIgBlQ2RiAGVDZKIAZUNk4gBlQ2UiAGVDZWIAZUN
72=logBlQ2XiAGVDZiIAZQNBIsA3gEAAAN5HHiJLgFpAXmIAZUueokBCXcCggC8ozsdAIcoKQ
73=B+6EMCHQCAAMDhBHz0RAIdAH0Aw/UCg/dEHQCI6wEeAGDlPx4olQgeKJYIHgAnlggeACeX
74=CB4AmijYAKBGAQAAAB7BRgNoAaFGBmgBoUYIaAGhRhJoAaFGHGgBoUYmaAGhRjBoAaFGOm
75=gBoUZEaAGhRk5oAaFGWGgBoUZiaAGgRpQNoEaUDaBGlA2gRpQNoEaUDaBGlA2gRpQNoEaU
76=DaBGlA2gRpQNoEaUDaBGlA2gRpQNoEaUDaBGlA2gRpQNoEaUDaBGlA2gRpQNoEaVDYqBRg
77=F4HK1HBGgBrUcCaAGsR5UufP9BHgCDKCkAiCgrAH8AyKtDHgCBKCkAhesBHwBf7TwfKJUI
78=HyiVCB8olQgfKJUIHyiVCB8olwgfAJsoMAGgRgEBAAAfwUYEaAGhRgdoAaFGCWgBoUYTaA
79=GhRh1oAaFGJ2gBoUYxaAGhRjtoAaFGRWgBoUZPaAGhRlloAaFGY2gBoEaUDaBGlA2gRpQN
80=oEaUDaBGlA2gRpQNoEaUDaBGlA2gRpQNoEaUDaBGlA2gRpQNoEaUDaBGlA2gRpQNoEaUDa
81=BGlA2gRpQNoEaUDaBGlA2hRgJ4HKFGBWgBoUYDaQF99MgBHwB+ANfIHwCC68cfAHsoPQiA
82=6gEgAKg4AQIAACDJOAVoAak4CGkBXpWcKGkBX4kBMmkBYIkBPGkBYYkBRmkBYokBUGkBY4
83=kBWmgBsUAAaAGxQApoAbFAFGgBsUAeaAGwQJQNsECUDbBAlA2wQJQNsECUDbBAlA2wQJQN
84=sECUDbBAlA2wQJQNsECUDbBAlA2wQJQNsECUDbBAlA2wQJQNsECUDbBAlA2wQJQNsECUDb
85=BAlA2wQJQNsECUDbBAlA2wQJQNsECVDZmQKpUNmogBlQ2biAGVDZyIAZcNeADyJKQgAiAA
86=iQD+6QGKiQEEaS2LiAGNPH780AIgAIIAvqyJAiAAhQDB6AEniCICIAB/AMf1AobpASHYSA
87=EAAAAh2UgDaAG5SAZpAV2FEx9oAaVKKWgBpUozaAGlSj1oAaVKR2gBpUpRaAGlSltoAaVK
88=AWgBpUoLaAGlShVoAaRKlA2kSpQNpEqUDaRKlA2kSpQNpEqUDaRKlA2kSpQNpEqUDaRKlA
89=2kSpQNpEqUDaRKlA2kSpQNpEqUDaRKlA2kSpQNpEqUDaRKlA2kSpQNpEqUDaRKlA2kSpQN
90=pEqUDaRKlA2kSpQNpEqUDaRKlA2kSpQNpEqUDaRKlQ2diDiUDbBLmQZ5nUwHdC68TJQCvU
91=wFdAK9TAloASdzCSEAhfnXIShhEiLYSAEBAAAi2UgEaAG5SAdpAVyNEBZoAaVKIGgBpUoq
92=aAGlSjRoAaVKPmgBpUpIaAGlSlJoAaVKXGgBpUoCaAGlSgxoAaRKlA2kSpQNpEqUDaRKlA
93=2kSpQNpEqUDaRKlA2kSpQNpEqUDaRKlA2kSpQNpEqUDaRKlA2kSpQNpEqUDaRKlA2kSpQN
94=pEqUDaRKlA2kSpQNpEqUDaRKlA2kSpQNpEqUDaRKlA2kSpQNpEqUDaRKlA2kSpQNpEqUDa
95=RKlA2kSpQNpEqVDZ6AO5QNsEuECLFLCGwxsEuUArFLBnQCsUsKaAEncwkiAH3+2yIAJ28k
96=IgCE9QIj3EwBAgAAI91MBWgBvUwIaQFbmRENaAGpThdoAalOIWgBqU4raAGpTjVoAalOP2
97=gBqU5JaAGpTlNoAalOXWgBqU4DaAGoTpQNqE6UDahOlA2oTpQNqE6UDahOlA2oTpQNqE6U
98=DahOlA2oTpQNqE6UDahOlA2oTpQNqE6UDahOlA2oTpQNqE6UDahOlA2oTpQNqE6UDahOlA
99=2oTpQNqE6UDahOlA2oTpQNqE6UDahOlA2oTpQNqE6UDahOlA2oTpQNqE6UDahOlA2oTpQN
100=qE6VDZ+YPZQNtE+QCbVPCWQ0tE+UArVPB3QCtU8LawGGAAK74iMAh4gBjQWIiQEGYQSCJo
101=E3IyjvPyMAgSZXNyMAfvhTAiQAiQBro/YkAIqIAQUCAAAkAIsAcPUCjIkBBHUCjYkBCGkB
102=jokBDGkBWoAagASpWQ50AqlZGGgBqVkiaAGpWSxoAalZNmgBqVlAaAGpWUpoAalZVGgBqV
103=leaAGoWZQNqFmUDahZlA2oWZQNqFmUDahZlA2oWZQNqFmUDahZlA2oWZQNqFmUDahZlA2o
104=WZQNqFmUDahZlA2oWZQNqFmUDahZlA2oWZQNqFmUDahZlA2oWZQNqFmUDahZlA2oWZQNqF
105=mUDahZlA2oWZQNqFmUDahZlA2oWZQNqFmUDahZlA2oWZQNqFmUDahZlA2oWZUNoJBAlA20
106=WpwKpVUBfDakVZQCpVUHdAIn/0EkAIPvUiUAWSbZNyXYUwEBAAAl2VMDaAG4U5QCuVMFdA
107=K5UwloAblTDWgBuFOABLlTD3QCuVMZaAG5UyNoAblTLWgBuVM3aAG5U0FoAblTS2gBuVNV
108=aAG5U19oAbhTlA24U5QNuFOUDbhTlA24U5QNuFOUDbhTlA24U5QNuFOUDbhTlA24U5QNuF
109=OUDbhTlA24U5QNuFOUDbhTlA24U5QNuFOUDbhTlA24U5QNuFOUDbhTlA24U5QNuFOUDbhT
110=lA24U5QNuFOUDbhTlA24U5QNuFOUDbhTlA24U5QNuFOUDbhTlA24U5QNuFOUDbhTlA24U5
111=UNoYRVlA2kVYgMpVUCaDikVZQCpFUDCAAAJgBY7VImKHkKJtlTAGAEJ/UUJtWnAnQCuVMG
112=aAG5UwpoAblTDmgBuFOABLlTEHQCuVMaaAG5UyRoAblTLmgBuVM4aAG5U0JoAblTTGgBuV
113=NWaAG5U2BoAbhTlA24U5QNuFOUDbhTlA24U5QNuFOUDbhTlA24U5QNuFOUDbhTlA24U5QN
114=uFOUDbhTlA24U5QNuFOUDbhTlA24U5QNuFOUDbhTlA24U5QNuFOUDbhTlA24U5QNuFOUDb
115=hTlA24U5QNuFOUDbhTlA24U5QNuFOUDbhTlA24U5QNuFOUDbhTlA24U5QNuFOUDbhTlA24
116=U5QNuFOVDaKEVZcNeADuv/EmAHmJAQN3OYYAByQjICYAh4gBlQKIiAGFE3smSEYCJwB9AD
117=4jMF8BACcAV+lZJyhVCycoVwsnAKMogAAkeCABAQAAJyj9FSfBXAN0AqFcB2gBoVwLaAGh
118=XA9oAaBcgAShXBF0AqFcG2gBoVwlaAGhXC9oAaFcOWgBoVxDaQFhiSJNaQFiiQFXaQFjiQ
119=FhaAGgXJQNoFyUDaBclA2gXJQNoFyUDaBclA2gXJQNoFyUDaBclA2gXJQNoFyUDaBclA2g
120=XJQNoFyUDaBclA2gXJQNoFyUDaBclA2gXJQNoFyUDaBclA2gXJQNoFyUDaBclA2gXJQNoF
121=yUDaBclA2gXJQNoFyUDaBclA2gXJQNoFyUDaBclA2gXJQNoFyUDaBclA2gXJQNoFyUDaBc
122=lA2gXJQNoFycTKFcBHU5hohZlQKHiAGVAoiIAYUTeyYLSSgAVvFWKCiBCygogQsoKIELKC
123=iDCygApCjZAIwj/CsDAAAAKACNiQECaAG9VwhoAb1XEmgBvVccaAG9VyZoAb1XMGgBvVc6
124=aAG9V0RpAWGFVU5pAWKJAVhpAWOJAWJoAbxXlA28V5QNvFeUDbxXlA28V5QNvFeUDbxXlA
125=28V5QNvFeUDbxXlA28V5QNvFeUDbxXlA28V5QNvFeUDbxXlA28V5QNvFeUDbxXlA28V5QN
126=vFeUDbxXlA28V5QNvFeUDbxXlA28V5QNvFeUDbxXlA28V5QNvFeUDbxXlA28V5QNvFeUDb
127=xXlA28V5QNvFeUDbxXlA28V5QNvFeUDbxXlw2LAHejtCgAjigoALRamEi1WgVtPIicV4cT
128=iQAap7goAIqIAY0FeyaPVCgAfCbfUykAVeVVKSitCykorQspKK0LKSitCykorQspKK8LKQ
129=ClKDABuF4BAQAAKdleA2gBuV4JaAG5XhNoAbleHWgBuV4naAG5XjFoAbleO2gBuV5FaAG5
130=Xk9oAbleWWkBY5leY2gBuF6UDbhelA24XpQNuF6UDbhelA24XpQNuF6UDbhelA24XpQNuF
131=6UDbhelA24XpQNuF6UDbhelA24XpQNuF6UDbhelA24XpQNuF6UDbhelA24XpQNuF6UDbhe
132=lA24XpQNuF6UDbhelA24XpQNuF6UDbheAAFZAAApAJgAcwEAAGMAACkAmQBzEQAAaw0AIA
133=ACAQAACQAAKQCaAHMBAAATAAApAJuJAR1pAZyJASdpAZ2JATFpAZ6JATtpAZ+JAUVpAaCJ
134=AU9pAaGJAVlpAaKJAWNoAQKOAHcBAGAABikAeAD1AQAAA3QCAYoAGgLJAYuJAQV0AgGDAM
135=YCaAUDACoAaABuuwYqAGmIAQMCAAAqAHWJAQBpAXaIAZcCagBv7QVriQEDYQRsiQEGawFt
136=AHDhBG6JAQR1Am+JAQhpAXCJAQxpAXGIAYkMcogBjQVziAGNBXSIAY0FVJgcjQVViQEKZQ
137=hWiQEUaQFXiQEeaQFYiQEoaQFZiQEyaQFaiQE8aQFbiQFGaQFciQFQaQFdiQFaaQFeiAGV
138=DV+IAZUNYIgBlQ1hiAGVDWKIAZUNY4gBlQ1kiAGVDWWIAZUNZogBlQ1niAGVDY+IAZUNkI
139=gBlQ2RiAGVDZKIAZUNk4gBlQ2UiAGVDZWIAZUNlogBlQ2XiAGVDZiIAZUNmYgBlA2sUpQN
140=rFKUDaxSlA2sUpQNrFKUDaxSlA2sUpQNrFKUDaxSlQ2jKLUBpIgBlQ2liAGVDaaIAZUNjf
141=5XKgAnKwsqAHeJWQF4MrRal0SLAPz9TIyIAZtTgwC991qCAMSpASvAXAEBAAArwVwDaAGg
142=XJQCoFyUAqBclAKhXARsBaFcB2gBoFyABKFcBXQCoVwJaAGhXA1oAaBcjAWgXIwFoFyMBa
143=BcjQVTnSBbeAasXZgGrV0LdAKtXRVoAa1dH2gBrV0paAGtXTNoAa1dPWgBrV1HaAGtXVFo
144=AaxdlA2sXZQNrF2UDaxdlA2sXZQNrF2UDaxdlA2sXZQNrF2UDaxdlA2sXZQNrF2UDaxdlA
145=2sXZQNrF2UDaxdlA2sXZQNrF2UDaxdlA2sXZQNrF2UDaxdlA2sXZQNrF2UDaxdlA2sXZQN
146=rF2UDaxdlA2sXZQNrF2UDaxdlA2sXZQNrF2UDaxdlA2sXZUNp5g9lA0nrQsrzV0CZDSsXY
147=BGoFyZU42MXZcCgwC841yEAMeoAQIsAIsAPpq6ACzYXgEAAAAs2V4CaAGgXIgBoVwFdAKh
148=XAhoAaBcgAShXAZ0AqFcCmgBoVwOaAGgXIwFoFyMBaBcjAWgXI0FUoUeUngGrV1caAGsXY
149=QIrV0MdAKtXRZoAa1dIGgBrV0qaAGtXTRoAa1dPmgBrV1IaAGsXZQNrF2UDaxdlA2sXZQN
150=rF2UDaxdlA2sXZQNrF2UDaxdlA2sXZQNrF2UDaxdlA2sXZQNrF2UDaxdlA2sXZQNrF2UDa
151=xdlA2sXZQNrF2UDaxdlA2sXZQNrF2UDaxdlA2sXZQNrF2UDaxdlA2sXZQNrF2UDaxdlA2s
152=XZQNrF2UDaxdlA2sXZQNrF2UDaxdlA2sXZUNqJBAlQ119b0sKLQXAiwAjQDcvLoCLAB2AA
153=Yk4yIsAHeIAQEGAAAt1VoBaAEktSIDaAG1WgBoAbRalAK0WpgGtFqUArVaB2wFtVoLaAG1
154=Wg9oAbRajAW0WowFtFqMBbRajQVRgRpJeAahXFNoAaFcXWgBoFyQCaFcDXQCoVwXaAGhXC
155=FoAaFcK2gBoVw1aAGhXD9oAaBclA2gXJQNoFyUDaBclA2gXJQNoFyUDaBclA2gXJQNoFyU
156=DaBclA2gXJQNoFyUDaBclA2gXJQNoFyUDaBclA2gXJQNoFyUDaBclA2gXJQNoFyUDaBclA
157=2gXJQNoFyUDaBclA2gXJQNoFyUDaBclA2gXJQNoFyUDaBclA2gXJQNoFyUDaBclA2gXJQN
158=oFyUDaBclA2gXJQNoFyVDamIQ5QNJ4kXLcBcnVd1lFqIAa1dBG88eQDCs7ktAHr9ui7YXg
159=EAAAAuKDIXLgC5XgF0ArleBGgBuV4HaQFQjRBAaAGlVUpoAaVVVGgBpVVeaAGkVYQIpVUO
160=dAKlVRhoAaVVImgBpVUsaAGlVTZoAaRVlA2kVZQNpFWUDaRVlA2kVZQNpFWUDaRVlA2kVZ
161=QNpFWUDaRVlA2kVZQNpFWUDaRVlA2kVZQNpFWUDaRVlA2kVZQNpFWUDaRVlA2kVZQNpFWU
162=DaRVlA2kVZQNpFWUDaRVlA2kVZQNpFWUDaRVlA2kVZQNpFWUDaRVlA2kVZQNpFWUDaRVlA
163=2kVZQNpFWUDaRVlA2kVZQNpFWUDaRVlA2kVZUNqoBGlw1tAHWrsS4AbigoACcpCy7JWQJn
164=P28A+O0FcIgBlQJxiAGHE3IA+uEEc4gBkVZ0iAGMBbBhiwF5AMCkYAUuAIcAzgIAAIlZiI
165=gBAQ4AAC/RYQFoAScNGC/RYQJ0ArFhBWgBsWEIaQFPjRs3aAG9YkFoAb1iS2gBvWJVaAG9
166=Yl9oAbxikAm9Yg90Ar1iGWgBvWIjaAG9Yi1oAbxilA28YpQNvGKUDbxilA28YpQNvGKUDb
167=xilA28YpQNvGKUDbxilA28YpQNvGKUDbxilA28YpQNvGKUDbxilA28YpQNvGKUDbxilA28
168=YpQNvGKUDbxilA28YpQNvGKUDbxilA28YpQNvGKUDbxilA28YpQNvGKUDbxilA28YpQNvG
169=KUDbxilA28YpQNvGKUDbxilA28YpQNvGKUDbxilA28YpQNvGKUDbxilQ2rmEiUDScxDC/R
170=YQNkP7BhmFOwYZQCsGGbEW0AGaNcLwBuiAGRVoaAXJgGuF6QVrheAQ8AADDZXgBoAbleAm
171=kBTpkRLmgBoVw4aAGhXEJoAaFcTGgBoVxWaAGhXGBoAaFcBmgBoVwQaAGhXBpoAaFcJGgB
172=oFyUDaBclA2gXJQNoFyUDaBclA2gXJQNoFyUDaBclA2gXJQNoFyUDaBclA2gXJQNoFyUDa
173=BclA2gXJQNoFyUDaBclA2gXJQNoFyUDaBclA2gXJQNoFyUDaBclA2gXJQNoFyUDaBclA2g
174=XJQNoFyUDaBclA2gXJQNoFyUDaBclA2gXJQNoFyUDaBclA2gXJQNoFyUDaBclA2gXJQNoF
175=yUDaBclA2gXJQNoFyUDaBclA2gXJUNrJBLlQ1q78AwAGsoKAAnBQwwxWAEd0RsAPYk+lEw
176=AK1dAXQCrV0DaAGsXZxXrV0JdAKsXZcYfwDSq2QwAICIAZkcgYkBDG0FgokBEmkBg4gBAx
177=gAADEAcSb5OzHVZQF0ArVlA2kBTYEaJWgBoWcvaAGhZzloAaFnQ2gBoWdNaAGhZ1doAaFn
178=YWgBoWcHaAGhZxFoAaFnG2gBoGeUDaBnlA2gZ5QNoGeUDaBnlA2gZ5QNoGeUDaBnlA2gZ5
179=QNoGeUDaBnlA2gZ5QNoGeUDaBnlA2gZ5QNoGeUDaBnlA2gZ5QNoGeUDaBnlA2gZ5QNoGeU
180=DaBnlA2gZ5QNoGeUDaBnlA2gZ5QNoGeUDaBnlA2gZ5QNoGeUDaBnlA2gZ5QNoGeUDaBnlA
181=2gZ5QNoGeUDaBnlA2gZ5QNoGeUDaBnlA2gZ5QNoGeUDaBnlA2gZ5QNoGeUDaBnlQ2tiU4A
182=fEEnDQ0xKM07McFnBWEEa4BnkFataAR0AqlkCmgBqGSdFYmcxZhetGWYBrRljBu1ZQ14Br
183=VlE2gBtGUDGQAAMgBMhRMcaAG9YiZoAb1iMGgBvWI6aAG9YkRoAb1iTmgBvWJYaAG9YmJo
184=Ab1iCGgBvWISaAG8YpQNvGKUDbxilA28YpQNvGKUDbxilA28YpQNvGKUDbxilA28YpQNvG
185=KUDbxilA28YpQNvGKUDbxilA28YpQNvGKUDbxilA28YpQNvGKUDbxilA28YpQNvGKUDbxi
186=lA28YpQNvGKUDbxilA28YpQNvGKUDbxilA28YpQNvGKUDbxilA28YpQNvGKUDbxilA28Yp
187=QNvGKUDbxilA28YpQNvGKUDbxilA28YpQNvGKUDbxilA28YpQNvGKUDbxilA29YgFpQ66B
188=UQtpAWjvyzIAaSgoACeYGQIyAI0A3q7LMgC1ZQJ4BrVlBWsBagAQqccyJfgwnAqgZ4AaoG
189=eFYIqNaCB4BqxokAmsaJwgrWgOYAStaBRoAaxoAxoAADMAS4kXE2gBuWkdaAG5aSdoAblp
190=MWgBuWk7aAG5aUVoAblpT2gBuWlZaAG5aWNoAblpCWgBuGmUDbhplA24aZQNuGmUDbhplA
191=24aZQNuGmUDbhplA24aZQNuGmUDbhplA24aZQNuGmUDbhplA24aZQNuGmUDbhplA24aZQN
192=uGmUDbhplA24aZQNuGmUDbhplA24aZQNuGmUDbhplA24aZQNuGmUDbhplA24aZQNuGmUDb
193=hplA24aZQNuGmUDbhplA24aZQNuGmUDbhplA24aZQNuGmUDbhplA24aZQNuGmUDbhplA24
194=aZQNuGmUDbhplA24aZQNuGmUDblpAnREuWkMaQGvmVMWaAEnDw0zAIyNaAF0ArlpBGgBA2
195=gAAAIAAIkBaYkBCHQCuGmMBbzQnAq4aYAauGmQYblpIXgGuWkDaAG4aZwguWkPdAK5aRVo
196=AbhpAxsAADQAayYDJzQAkCNVeQB1ApGJAQNpAZKJAQZrAZQAcSRPQTQAlYkBBXUClokBCm
197=kBl4kBD2kBmIkBFGkBSogigASwd5QCsXceYASxdyhoAbF3MmgBsXc8aAGxd0ZoAbF3UGgB
198=sHcNWgAANABTAHMBAAAAAAA0ABEAAK8NACAPVABzAQAACgAANABVAHMBAAAUaQFWiQEeaQ
199=FXiQEoaQFYiQEyaQFZiQE8aQFaiQFGaQFbiQFQaQFciQFaaQFdiQEAaQFeiAGVDV+IAZUN
200=YIgBlQ1hiAGVDWKIAZUNY4gBlQ1kiAGVDWWIAZUNZogBlQ2ZiAGVDZqIAZUNm4gBlQ2ciA
201=GVDZ2IAZUNnogBlQ2fiAGVDaCIAZUNoYgBlQ2iiAGVDaOIAZUNpIgBlQ2liAGVDaaIAZUN
202=p4gBlQ2oiAGVDamIAZUNqogBlQ2riAGVDayIAZUNrYkBA2UprokBDWkBr4kBF2kBsIkBIW
203=gBApMAdQEAYAACNACOAHfpAY8oKAAEjADeAQAAAm0FjYkBBWkBZ4kCAWkBaIgBlQJpiQEJ
204=dAIBdgDEAngKAwA0AHcAxegBAYgAzgLNR4mJARtsBQR/ANICAAAEaQGAiAGVI4GJARB1Ao
205=KJARZpAYOJARxrAW0A6LwKCzUAkABvAQAAAQAANQCRiQEEaQGSiQEHawGUAHHhBJWJAQZ1
206=ApaJAQtpAZeJARBpAZiJARVpAUmAJZ0KSogBjQVLiAGBBEyJAR9tBU2JASlpAU6JATNpAU
207=+JAT1pAVCJAUdpAVGJAVFpAVKJAVtpAVOIAZQNvG2UDbxtlA28bZQNvG2UDbxtlA28bZQN
208=vG2UDbxtlA28bZQNvG2UDbxtlA28bZQNvG2UDbxtlA28bZQNvG2UDbxtlA28bZQNvG2UDb
209=xtlA28bZQNvG2UDbxtlA28bZQNvG2UDbxtlA28bZQNvG2UDbxtlA28bZQNvG2UDbxtlA28
210=bZQNvG2UDbxtlA28bZQNvG2UDbxtlA28bZQNvG2ITr1tDnQ5vW0YaAG9bSJpAbGNPCxoAS
211=fqDTUAuWkCdAK4aZtTjQAH4VyOiQEDYQSPiAGDBHcAvOEEePJsNQC5aQVsBbhpkB+5aRF0
212=ArlpF2gBuWkdawFtAN/zCWwA5qkBNsRrAQIAADbFawVoAaVrCGgBpGuABKVrB3QCpWsMaA
213=GlaxFoAaVrFmkBSJ0gXGgBsGyECLBsmAawbIwFsWwgbAWxbCpoAbFsNGgBsWw+aAGxbEho
214=AbFsUmgBsGyUDbBslA2wbJQNsGyUDbBslA2wbJQNsGyUDbBslA2wbJQNsGyUDbBslA2wbJ
215=QNsGyUDbBslA2wbJQNsGyUDbBslA2wbJQNsGyUDbBslA2wbJQNsGyUDbBslA2wbJQNsGyU
216=DbBslA2wbJQNsGyUDbBslA2wbJQNsGyUDbBslA2wbJQNsGyUDbBslA2wbJQNsGyUDbBslA
217=2wbJQNsGyUDbBslA2wbJRPsWwPYDuxbBloAbFsI2gBsWwtaQGynUw3aAEnvQ023W0DdAKx
218=bAFoAbFsBGgBsGyLWXgAwPNhbQDiqgE3ALheAgMAADcAuV4IaAG5Xg1oAbleEmgBuV4XaQ
219=FHmRFTaAGlYF1oAaRgkAmkYIQIpGCYBqVgIWwFpWAraAGlYDVoAaVgP2gBpWBJaAGkYJQN
220=pGCUDaRglA2kYJQNpGCUDaRglA2kYJQNpGCUDaRglA2kYJQNpGCUDaRglA2kYJQNpGCUDa
221=RglA2kYJQNpGCUDaRglA2kYJQNpGCUDaRglA2kYJQNpGCUDaRglA2kYJQNpGCUDaRglA2k
222=YJQNpGCUDaRglA2kYJQNpGCUDaRglA2kYJQNpGCUDaRglA2kYJQNpGCUDaRglA2kYJQNpG
223=CUDaRglA2lYAZgO6VgEGgBpWAaaAGlYCRoAaVgLmgBpWA4aQGzlU9CaQGSJt4nNwAnXAwC
224=NwBnAP8kCyg3AGiJAQRtBWmIAYBcvGKLAZAAGvFhkYgBBQIAADgAcgA+I9onADjJZAR0Aq
225=lkCWgBqWQOaAGpZBNoAalkGGkBRpEUSmgBtWVUaAG1ZV5oAbRlnAq0ZZAJtGWECLVlImwF
226=tWUsaAG1ZTZoAbVlQGgBtGWUDbRllA20ZZQNtGWUDbRllA20ZZQNtGWUDbRllA20ZZQNtG
227=WUDbRllA20ZZQNtGWUDbRllA20ZZQNtGWUDbRllA20ZZQNtGWUDbRllA20ZZQNtGWUDbRl
228=lA20ZZQNtGWUDbRllA20ZZQNtGWUDbRllA20ZZQNtGWUDbRllA20ZZQNtGWUDbRllA20ZZ
229=QNtGWUDbRllA20ZZQNtGWUDbRllA20ZZQNtGWUDbVlB2w8tWURaAG1ZRtoAbVlJWgBtWUv
230=aAG1ZTloAbVlQ2kBtI1STWgBJ7UMONVlAXQCtWUFaAG0ZYxdvWIDdQKSiGSABAF3ACgFj2
231=Q4AHiIAQMCAAA5AEWJDEFoAaVgS2gBpWBVaAGlYF9oAaVgBWgBpWAPaAGlYBloAaVgI2gB
232=pWAtaAGlYDdoAaRglA2kYJQNpGCUDaRglA2kYJQNpGCUDaRglA2kYJQNpGCUDaRglA2kYJ
233=QNpGCUDaRglA2kYJQNpGCUDaRglA2kYJQNpGCUDaRglA2kYJQNpGCUDaRglA2kYJQNpGCU
234=DaRglA2kYJQNpGCUDaRglA2kYJQNpGCUDaRglA2kYJQNpGCUDaRglA2kYJQNpGCUDaRglA
235=2kYJQNpGCUDaRglA2kYJQNpGCUDaRglA2kYJQNpWAIeD2lYBJoAaVgHGgBpWAmaAGlYDBo
236=AaVgOmgBpWBEaAGlYE5pAbWFVVhpAWf3yDkAlCgpAJUoKQCWKCkAlygpAJgoKwBqAOenzj
237=kAa4gBkWFsiQEEawxtAOjhBG6JAQF1Am+IAY8FcADq4QRxiAGVAnKIAYcIkgD94QSTiQED
238=ZAildgZoAaV2CmgBrHOIDKxzBQMAADoAbQBrpwg6AG6JAQJ1Am+JAQBpAXCIAZUCliPQQZ
239=UCl4gBhQiYiQEGbQVEmSc4aAGtfkJoAa1+TGgBrX5WaAGtfmBoAax+hAitfhB0Aq1+GmgB
240=rX4kaAGtfi5oAax+lA2sfpQNrH6UDax+lA2sfpQNrH6UDax+lA2sfpQNrH6UDax+lA2sfp
241=QNrH6UDax+lA2sfpQNrH6UDax+lA2sfpQNrH6UDax+lA2sfpQNrH6UDax+lA2sfpQNrH6U
242=Dax+lA2sfpQNrH6UDax+lA2sfpQNrH6UDax+lA2sfpQNrH6UDax+lA2sfpQNrH6UDax+lA
243=2sfpQNrH6UDax+lA2sfpQNrH6UDax+lA2sfpQNrH6UDa1+CWQ/rX4TaAGtfh1oAa1+J2gB
244=rX4xaAGtfjtoAa1+RWgBrX5PaAGtfllpAbadV2NoASf7DzoAaOp6OgAn+g86ALV7AWwFtH
245=uQYbV7BXQCpHaUAqR2lAK5dARhBJSFdgdoAbl0C2sBcwAEJO8pOgB0iAGFCHWIAYstjQDC
246=4wSOAMfrAZAAF6fvOgCRiAEFAgAAOwCtAFa3ezsArigpAK8oKQCwKCkAsSgpALIoKQCzKC
247=kAtCgpALUoKQC2KCkAtygoALmKAWwQuYoDaAG4ipQCuIqVAnGFjABhBHKIAYkXc4gBlQJ0
248=iAGVAmeQjZUCaIgBhQhpiQEGZQhqiAGBBGuIAYEEbIgBgASwmIwQsZgEeAaxmAdpAUORQC
249=9oAb2ZOWgBvZlDaAG9mU1oAb2ZV2gBvZlhaAG8mZAJvZkRdAK9mRtoAb2ZJWgBvJmUDbyZ
250=lA28mZQNvJmUDbyZlA28mZQNvJmUDbyZlA28mZQNvJmUDbyZlA28mZQNvJmUDbyZlA28mZ
251=QNvJmUDbyZlA28mZQNvJmUDbyZlA28mZQNvJmUDbyZlA28mZQNvJmUDbyZlA28mZQNvJmU
252=DbyZlA28mZQNvJmUDbyZlA28mZQNvJmUDbyZlA28mZQNvJmUDbyZlA28mZQNvJmUDbyZlA
253=28mZQNvJmUDbyZlA28mZQNvJmUDbl/CHFAlYWBC2gBoH2PEI0AvrZ7OwC0e5BWtHsBAwAA
254=PCh1Dzwodg88ACd2DzwAJ3YPPAAndg88ACd2DzwAJ3YPPAAndg88ACd2DzwAJ3YPPAAndg
255=88AKV2AWwQpHaYEaR2lAKkdpQCvW0CbAW9bQVoAb1tCGsBZwByr5Q8AGiIAYEEaYkBCmEE
256=aokBD2kBa4kBFGkBbIkBAGkBbYgBmQZuiAGZBm+IAZkGcIgBmQZClXsmeAahfTBoAaF9Om
257=gBoX1EaAGhfU5oAaF9WGgBoX1iaAGgfZQYoX0SdAKhfRxoAaB9lA2gfZQNoH2UDaB9lA2g
258=fZQNoH2UDaB9lA2gfZQNoH2UDaB9lA2gfZQNoH2UDaB9lA2gfZQNoH2UDaB9lA2gfZQNoH
259=2UDaB9lA2gfZQNoH2UDaB9lA2gfZQNoH2UDaB9lA2gfZQNoH2UDaB9lA2gfZQNoH2UDaB9
260=lA2gfZQNoH2UDaB9lA2gfZQNoH2UDaB9lA2gfZQNoH2UDaB9lA2gfZQNoH2UDaB9lA2gfZ
261=QNoH2UDaB9lA2gfZUNdyPEL4VVeIgBkWF5iQEEd0STAP7lYJSIAZUClYgBkBSwgosBegAL
262=s4I8AI0mi2Q8AHwmS3I8AH0mtmQ8ACd4IAI8AIQA1PkGhYgBjXOGiAEBBgAAPSgtET0oLR
263=E9KC0RPSgtET0oLRE9KC0RPSgtET0oLRE9KC0RPSguET0AsYIAYA+xggNoAbCCmxFxAHCr
264=Ij0AcokBBGEEc4kBCGkBdIkBDGgBoYgBaAGgiIQIoYgLdAKhiBBoAQABawByAQAAFQAAPQ
265=BsAHIBAAABABEAAL4NACANAD0AbQByAQAABgAAPQBuAGkBC2kBb4kBEGkBcIkBFWgBBEEA
266=cwEAAB1pAUKJASdpAUOJATFpAUSJATtpAUWJAUVpAUaJAU9pAUeJAVlpAUiJAWNpAUmJAQ
267=lpAUqJARNpAUuIAZUNTIgBlQ1NiAGVDU6IAZUNT4gBlQ1QiAGVDVGIAZUNUogBlQ1TiAGV
268=DVSIAZUNVYgBlQ1WiAGVDVeIAZUNWIgBlQ1ZiAGVDVqIAZUNW4gBlQ1ciAGVDV2IAZUNXo
269=gBlQ1fiAGVDWCIAZUNYYgBlQ1iiAGVDWOIAZUNZIgBlQ1liAGVDWaIAZUNmYgBlQ2aiAGV
270=DZuIAZUNnIgBlQ2diAGVDZ6IAZUNn4gBlQ2giAGVDaGIAZUNoogBlQ2jiAGVDaSIAZUNpY
271=gBlQ2miAGVDaeIAZUNqIgBlQ2piAGVDaqIAZUNq4gBlQ2siAGUDQR3AOcBAAABaUN4iQED
272=aQF5iQEFawGTAP7hBJSIAZUClYgBkBQCegANAgBjAD0Ae4gBkwl1ABb1AnaIAZcCfQDA9A
273=IBhADUAsEPhYkBBHUNhogBBgcAAD4ArQBWAXgKAQA+AK4oKQCvKCkAsCgpALEoKQCyKCkA
274=sygpALQoKQC1KCsARABr6QxFiQECYw9GAG/1AkeJAQN1AkiJAQZpAUmJAQBpAUqIAYEES4
275=gBgQRMiAGBBE2IAYEETogBgQRPiAGBBFCIAYEEUYgBgQRSiAGBBFOIAYEEVIgBgQRViAGB
276=BFaIAYEEV4gBgQRYiAGBBFmIAYEEWogBgQRbiAGBBFyIAYEEXYgBgQReiAGBBF+IAYEEYI
277=gBgQRhiAGBBGKIAYEEY4gBgQRkiAGBBGWIAYEEZogBgQSWiQEBZSmXiQEEaQGYiAGTQHEA
278=cLdPPgByiQEFYQRziQEJaQF0iQENawGjAHH9NqSIAY0FpYkBCmEEpokBD2kBp4kBFGkBqI
279=gBkRSpiAGZBqqIAZkGq4gBmQasiAGZBmeEuIFGaIgBnRVpiQEMfQpqiQERaQFriQEWaQFs
280=iAGZBm2IAZgGsMSYBrDEmAawxJkGdowFkRR3iAGRFHiIAZEUeYgBkRR6iAGRFECBfTxgD7
281=nMRmgBucxQaAG5zFpoAbSciAy0nJwKtJyQCbWcHmwFtZwoaAG1nDJoAbSclA20nJQNtJyU
282=DbSclw11AHTzNXsA7OkBfIgBlES8joAlvI6ARryOhBOgiIAEoIiIIqCIAQgAAD8oARE/KA
283=IRPwAnAhE/ACcCET8AJwIRPwAnAhE/ACcCET8AJwIRPwC1hgFoDLWGA2gBtIaUArWGBHQC
284=tYYHaAG0hoAEtIaABLSGgAS0hoAEtIaABLSGgAS0hoAEtIaABLSGgAS0hoAEtIaABLSGgA
285=S0hoAEtIaABLSGgAS0hoAEtIaABLSGgAS0hoAEtIaABLSGgAS0hoAEtIaABLSGgAS0hoAE
286=tIaABLSGgAS0hoAEtIaABLSGgAS1hgJwKrWGBWgBtIaEP7SGgAS1hgZgBLWGCmgBtYYOaA
287=G0hpQNtIaMBbWGC2AEtYYQaAG1hhVoAbSGmAa0hpgGtIaYBrSGmAa0hpgGtIaARrSGnBW1
288=hg18CrWGEmgBtYYXaAG0hpgGtIaYBrSGmAa0hpgGtIaYBrSGkBS0hpAUtIaQFLSGkBS0hp
289=EUP5WGM2APoYg9aAGhiEdoAaGIUWgBoYhbaAGgiJQNoIiIDKCInAqhiB9sBaGIKWgBoIiU
290=DaCIlA2giJQNoIiUDaCIlA0nAxE/AHvuiT8AoIiBRn2MiYBGrImYJ6yJlAKsiZMUkAADJF
291=8iPwCRiAGNBZKIAQEGAABAKC0RQCgtEUAoLRFAKC0RQCgtEUAoLRFAKC4RQACphQJ8CqmF
292=BWgBqYUIaAGohYAEqIWABKiFgASohYAEqIWABKiFgASohYAEqIWABKiFgASohYAEqIWABK
293=iFgASohYAEqIWABKiFgASohYAEqIWABKiFgASohYAEqIWABKiFgASohYAEqIWABKiFgASo
294=hYAEqIWABKiFgASohYAEqIWABKiFgQSTIykhAHEqlIkBA2kBlYgBgDusiYAErImABKyJgA
295=SsiZQCrYkHZAitiQtoAa2JD2gBrImYEayJjAWtiQxgBK2JEWgBrYkWaAGsiZgGrImYBqyJ
296=mAasiZgGrImYBq2JBGQIrYkJaAGtiQ5oAa2JE2gBrYkYaAGsiZgGrImYBqyJmAasiZgGrI
297=mYBqyJkBSsiZAUrImQFKyJkBSsiZEUPo2JKmAPuYo0aAG5ij5oAbmKSGgBuYpSaAG5ilxo
298=AbiKgA+4ipQNuIqIDLmKIGwFuIqUDbiKlA24ipQNuIqUDbiKlA24ipQNJ1gRAkAARAB2JF
299=8iQABFKCsAewB39QJ8KCgAsI2JTn6cjohDuYoBZBO4ipQuuIoBBwAAQShZEUEoWRFBKFkR
300=QShZEUEoWRFBKFsRQQB7I90yAHEJfIkBAmgBuV4BaAG5XgRoAbhegA+4XoAEuF6ABLhegA
301=SpWQN4BqlZCGgBqVkNaAGpWRJoAalZF2gBqFmYBqhZmAaoWZgGqFmYBqhZmAawS5gGsEuY
302=BrBLmAawS5gGsEuZBj2RSyFgD71MK2gBvUw1aAG9TD9oAb1MSWgBvUxTaAG9TF1oASSYRY
303=QpJJlFCnQCJJlFFGgBJJlFHmgBJJlFKGgBJJlFMmgBJJlFPGgBJJlFRmgBJJlFUGgBJJlF
304=WmgBJJhFlA0kmEWUDSSYRZQNJJhFlA0kmEWUDSSYRZQNJJhFlA0kmEWUDSSYRZQNJJhFlA
305=0kmEWUDSSYRZQNJJhFlA0kmEWUDSSYRZQNJJhFlA0kmEWUDSSYRZQNJJhFlA0kmEWUDSSY
306=RZQNJJhFlA0kmEWUDSSYRZQNJJhFlQ1nlDmVDWiIAZUNaYgBlQ1qiAGVDWuIAZUNbIgBlQ
307=1tiAGVDW6IAZUNb4gBlQ1wiAGVDXGIAZUNcogBlQ1ziAGVDXSIAZUNdYgBlA20kYRVtJGY
308=U7SRjFK0kYxStJGMUrSRjFK0kYxStJGMUrSRjFK0kY1SfeSMAkEAfgDrv45BAH+IAYB9pI
309=yIAaWMBXBLpIwBCAAAQiiFEUIohRFCKIURQiiFEUIohRFC2YoBZAi5igNoAbmKAmgBuYoF
310=aAG4ipQNuIqABLiKgAS4ioAEuYoEeAa5igloAbmKDmgBuYoTaAG5ihhoAbiKmAa4ipgGuI
311=qYBriKmAa4ipgGuIqYBriKmAa4ipgGuIqYBriKmQY8mD2IAaWMImwQpYwsaAGljDZoAaWM
312=QGgBpYxKaAGljFRoAaWMXmgBpIyQKqWMC3QCpYwVaAGljB9oAaWMKWgBpYwzaAGljD1oAa
313=WMR2gBpYxRaAGljFtoAaSMlA2kjJQNpIyUDaSMlA2kjJQNpIyUDaSMlA2kjJQNpIyUDaSM
314=lA2kjJQNpIyUDaSMlA2kjJQNpIyUDaSMlA2kjJQNpIyUDaSMlA2kjJQNpIyUDaSMlA2kjJ
315=QNpIyUDaSMlA2kjJQNpIyUDaSMlA2kjJQNpIyUDaSMlA2kjJQNpIyUDaSMlA2kjJQNpIyU
316=DaSMlA2kjJQNpIyUDaSMlA2kjJBWpIyEVaSMjFKkjIxSpIyMUqSMjFKkjIxSpIyMUqSMjF
317=KkjI1SfibuNEIAJ7ERQsSMjX6AkI2feJAABySXNEIAkYgBgQSSiAEDBgAAQwCoJmtVQwCp
318=KCkAqigpAKsoKQCsKCgAJ6VXQyiNEkMojRJDKIwSAkMAlwBuu6BDAJiJAQJgD7mKAGgBuY
319=oFaAG5igpoAbmKD2gBuYoUaQE7gH2UAq1+GXQCrX4jaAGtfi1oAa1+N2gBrX5BaAGtfkto
320=Aa1+VWgBrX5faAGsfpAUrX4MdAKtfhZoAa1+IGgBrX4qaAGtfjRoAa1+PmgBrX5IaAGtfl
321=JoAa1+XGgBrH6UDax+lA2sfpQNrH6UDax+lA2sfpQNrH6UDax+lA2sfpQNrH6UDax+lA2s
322=fpQNrH6UDax+lA2sfpQNrH6UDax+lA2sfpQNrH6UDax+lA2sfpQNrH6UDax+lA2sfpQNrH
323=6UDax+lA2sfpQNrH6UDax+lA2sfpQNrH6UDax+lA2sfpQNrH6UDax+lA2sfpQNrH6UDax+
324=lA2sfpQNrH6VDXaAUZ1Xd4gBkVZ4iAGFVXmJAR5tPHqJAShpAXuJATJpAXyJATxpAX2JAU
325=ZpAX6JAVBpAX+JAVpoAaSMiGSkjIRgpIyEYKSMhGCkjIRgpIyEYKSMhGCkjIRgpIyEYKSM
326=hGCgiI0bgYyJkyqTAPj9eJSIAZUClYkBBHMUlgABso1DAL2OAXQCvI6ABL2OB3cCigDG7Q
327=WMKCkAjukBRChhEkQoYhJEACdiEkQAJ2ISRAAnYRJEKPIkRAAnCWpEKGESRNSRAQEAAETV
328=kQNoAbSRlAK1kQZ0ArWRC2gBtZEQaAG1kRVpATqENIwFoJOABKGTGmAEoZMkaAGhky5oAa
329=GTOGgBoZNCaAGhk0xoAaGTVmgBoZNgaAGgk5wVoZMNdAKhkxdoAaGTIWgBoZMraAGhkzVo
330=AaGTP2gBoZNJaAGhk1NoAaGTXWgBoJOUDaCTlA2gk5QNoJOUDaCTlA2gk5QNoJOUDaCTlA
331=2gk5QNoJOUDaCTlA2gk5QNoJOUDaCTlA2gk5QNoJOUDaCTlA2gk5QNoJOUDaCTlA0NYgBz
332=AQAAAwAARABjAHMBABEAAM8NACAPAA0AAEQAZABzAQAAFwAARABliQEhaQFmiQEraQFniQ
333=E1aQFoiQE/aQFpiQFJaQFqiQFTaQFriQFdaQFsiQEDaQFtiQENaQFuiAGVDW+IAZUNcIgB
334=lQ1xiAGVDXKIAZUNc4gBlQ10iAGVDXWIAZUNdokBAWkMd4kBC2kBeIkBFWkBeYkBH2kBeo
335=kBKWkBe4kBM2kBfIkBPWkBfYkBR2kBfokBUWkBf4kBW2kBmYkBBmkBmokBEGkBm4kBGmkB
336=nIkBJGkBnYkBLmkBnokBOGkBn4kBQmkBoIkBTGkBoYkBVmkBookBYGgBAoAAdAEAYAAFRA
337=CBAOsBAACRKoKJAQVgBAOTAPgBAACRH5SIAYEElYgBgAQBlgABAsAEBJIABwIAAAh4BgGO
338=ALwCeAoDAEQAjAC+6wGKAL/rAYkAxOsBjwDHqAECRQA5AFa7EUUAqCgpAKkoKQCqKCkAqy
339=gpAKwoKQCtKCkArigrAIAAa/0KgYgBCAIAAEUAowBxAQAAiQGkiQEHdQKliQEMaQGmiQER
340=aQGniQEWaQE6mCeNBTuIAYEEPIkBG2EEPYkBJWkBPokBL2kBP4kBOWkBQIkBQ2kBQYkBTW
341=kBQokBV2kBQ4kBYWkBRIkBBGkBRYkBDmkBRokBGGkBR4kBImkBSIkBLGkBSYkBNmkBSokB
342=QGkBS4kBSmkBTIkBVGkBTYkBXmkBTogBlQ1PiAGVDVCIAZUNUYgBlQ1SiAGVDVOIAZUNVI
343=gBlQ1ViAGVDVaIAZUNV4gBlQ1YiAGVDVmIAZUNWogBlQ1biAGVDVyIAZUNXYgBlQ1eiAGV
344=DV+IAZUNYIgBlQ1hiAGVDWKIAZUNY4gBlA2slJQNrJSUDayUlA2slJQNrJSUDayUlA2slJ
345=QNrJSUDayUlA2slJQNrJSUDayUlA2slJQNrJSUDayUlA2slJQNrJSUDayUlA2slIhZrJSc
346=V6yUkFatlCBsPK2UKmgBrZQ0aAGtlD5oAa2USGgBrZRSaAGtlFxoAayUhGCslIRgrJSEYK
347=yUhGCslIRgrJSEYKyUhGCslIRgrJSEYKyUhGCkjI0bl5GNBm0QmIkBCmsBhAAE4YiFiQED
348=dQKGiAGPBYIAFuEEg4kBAWEEjPeRRQCL9JECRQCRAMivBUYAOOGIRihhEkYoYhJGACdiEk
349=YAJ2ISRgAnYhJGACdiEkYAJ2ISRgC0kQIBAABGALWRA2kBgoGTAGkBg4kBAmkBhIgBlQKF
350=iAGUAqSXmAallwhsBaWXDWgBpZcSaAGllxdoAaSXjAWkl4AEpZccYASllyZoAaWXMGgBpZ
351=c6aAGll0RoAaWXTmgBpZdYaAGll2JoAaWXBWgBpZcPaAGllxloAaWXI2gBpZctaAGllzdo
352=AaWXQWgBpZdLaAGll1VoAaWXX2kBToh6lA2kl5QNpJeUDaSXlA2kl5QNpJeUDaSXlA2kl5
353=QNpJeUDaSXlA2kl5QNpJeUDaSXlA2kl5QNpJeUDaSXlA2kl5QNpJeUDaSXlA2kl5QNpJeU
354=DaSXlA2kl5QNpJeUDaSXlA2kl5QNpJeUDaSXlA2kl5QNpJeUDaSXlA2kl5QNpJeUDaSXlA
355=2kl5QNpJeUDaSXlA2kl5QNpJeUDaSXlA2kl4hZpJecV6SXkFallyFsPKWXK2gBpZc1aAGl
356=lz9oAaWXSWgBpZdTaAGll11oAaSXhGCkl4RgpJeEYKSXhGCkl4RgpJeEYKSXhGCkl4RgpJ
357=eEYKSXhGCkl4wbpZcHbBCllwtoAayUlwKPAMP9jo70kQJGAJQAxvUCkCabJEYAiiiNEpLr
358=AUcAN/mVRyjlEkco5RJHKOUSRyjlEkco5RJHKOUSRyjmEkcAoJMCAQAARwChkwNoAaCTlA
359=Kgk5QCoZMEYAShkwloAaGTDmgBoZMTaAGhkxhoAaCTjAWgk4AEoZMdYAShkydoAaGTMWgB
360=oZM7aAGhk0VoAaGTT2gBoZNZaAGhk2NoAaGTBmgBoZMQaAGhkxpoAaGTJGgBoZMuaAGhkz
361=hoAaGTQmgBoZNMaAGhk1ZoAaGTYGgBoJOUDaCTlA2gk5QNoJOUDaCTlA2gk5QNoJOUDaCT
362=lA2gk5QNoJOUDaCTlA2gk5QNoJOUDaCTlA2gk5QNoJOUDaCTlA2gk5QNoJOUDaCTlA2gk5
363=QNoJOUDaCTlA2gk5QNoJOUDaCTlA2gk5QNoJOUDaCTlA2gk5QNoJOUDaCTlA2gk5QNoJOU
364=DaCTlA2gk5QNoJOUDaCTlA2gk5QNoJOUDaCTiFmgk5xXoJOQVqGTImw8oZMsaAGhkzZoAa
365=GTQGgBoZNKaAGhk1RoAaGTXmgBoJOEYKCThGCgk4RgoJOEYKCThGCgk4RgoJOEYKCThGCg
366=k4RgoJOHYIAAdyQ/NEcAgSgrAJYA/vUCl4gBkR+YiQEIcBS4lYkBlCaANwJHAIsAwq+URw
367=CJ+5VHAIz7lUcAlesBSACj75RIAKQoKQClKCkApigpAKcoKAAnMThIKOUSSCjlEkgo5xJI
368=AJkjpDYDAAAASACaiQEFaQGbiQEKaQGciQEPaQGdiQEUaQGeiAGZBp+IAZkGoIgBmQahiA
369=GZBqKIAZsGgAByryZIAIGIAZkGgogBmQaDiAGZBoSIAZkGNiO1IjxhDzeJAUZpATiJAVBp
370=ATmJAVpoAbCjhBOwo5wKsKOQCbGjHmwFsaMoaAGxozJoAbCjlA2wo5QNsKOUDbCjlA2xow
371=d4BrGjEWgBsaMbaAGxoyVoAbGjL2gBsaM5aAGxo0NoAbGjTWgBsaNXaAGxo2FoAbCjlA2w
372=o5QNsKOUDbCjlA2wo5QNsKOUDbCjlA2wo5QNsKOUDbCjlA2wo5QNsKOUDbCjlA2wo5QNsK
373=OUDbCjlA2wo5QNsKOUDbCjlA2wo5QNsKOUDbCjlA2wo5QNsKOUDbCjlA2wo5QNsKOUDbCj
374=lA2wo5QNsKOUDbCjlA2wo5QNsKOUDbCjlA2wo5QNsKOUDbCjlA2wo5QNsKOUDbCjlA2wo4
375=xdsKOAXLGjGWA7saMjaAGxoy1oAbGjN2gBsaNBaAGxo0toAbGjVWgBsaNfaQGFJpRKAkgA
376=hgDy/G25lQFgBLiVmBG5lQl1Aosm50lIAIkmrzdIAIgmdyVIAJH5lUkoYRJJKGISSQAnYh
377=JJACdiEkkAJ2ESSShJJUkoYRJJKGESSdSRAQEAAEnVkQZoAbWRC2gBtZEQaAG1kRVoAbSR
378=mAa0kZgGtJGYBrSRmAa0kZgGtJGYBrSRmAa0kZgGtJGYBrSRmQY1kY0zYA+hkz1oAaGTR2
379=gBoZNRaAGhk1toAaCTlA2gk4gMoJOcCqGTH2wFoZMpaAGgk5QNoJOUDaCTlA2gk5QNoJOU
380=DaGTCGQIoZMSaAGhkxxoAaGTJmgBoZMwaAGhkzpoAaGTRGgBoZNOaAGhk1hoAaGTYmgBoJ
381=OUDaCTlA2gk5QNoJOUDaCTlA2gk5QNoJOUDaCTlA2gk5QNoJOUDaCTlA2gk5QNoJOUDaCT
382=lA2gk5QNoJOUDaCTlA2gk5QNoJOUDaCTlA2gk5QNoJOUDaCTlA2gk5QNoJOUDaCTlA2gk5
383=QNoJOUDaCTlA2gk5QNoJOUDaCTlA2gk5QNoJOUDaCTlA2gk5QNoJOUDaCTlA2gk5QNoJOU
384=DaCTmF6gk4xdoZMaYDuhkyRoAaGTLmgBoZM4aAGhk0JoAaGTTGgBoZNWaAGhk2BoASdhEk
385=nAk5Fhh42UB2AErZQCaAGslIQTrZQKdwKLAL0k8yRJAJH7lUkAjiYzOEkAivuVSQCNKCsA
386=jwDFuQZKKOUSSijlEkoo5RJKKOUSSijlEkoo5RJKKOUSStiVAQIAAErZlQdoAbmVDGgBuZ
387=URaAG5lRZoAbiVmAa4lZgGuJWYBriVmAa4lZgGuJWYBriVmAa4lZgGuJWYBriVmQY0mZUq
388=YA+llzRoAaWXPmgBpZdIaAGll1JoAaWXXGgBpJeAD6SXlA2kl4gMpZcgbAWkl5QNpJeUDa
389=SXlA2kl5QNpJeUDaSXlA2llwlwCaWXE2gBpZcdaAGllydoAaWXMWgBpZc7aAGll0VoAaWX
390=T2gBpZdZaAGll2NoAaSXlA2kl5QNpJeUDaSXlA2kl5QNpJeUDaSXlA2kl5QNpJeUDaSXlA
391=2kl5QNpJeUDaSXlA2kl5QNpJeUDaSXlA2kl5QNpJeUDaSXlA2kl5QNpJeUDaSXlA2kl5QN
392=pJeUDaSXlA2kl5QNpJeUDaSXlA2kl5QNpJeUDaSXlA2kl5QNpJeUDaSXlA2kl5QNpJeUDa
393=SXlA2kl5QNpJeUDaSXlA2kl4RgpJeYXqWXG2A7pZclaAGlly9oAaWXOWgBpZdDaAGll01o
394=AaWXV2gBpZdhaAEn5BIDSgCUAOYBI9luStCYnGKxmAhsBbGYA2gBsJiQFLGYC3cClQAK95
395=GLAMDpAY8oKQCRKCgAJ4k4SyjlEkso5RJLKOUSSyjlEkso5RJLKOQSAksAbABqJDcoSwBt
396=iAEDAgAASwBuiQEAaQFviAGVAnCIAZUCcYgBlQJyiAGVAnOIAZUCdIgBlQJ1iAGVAkQjAF
397=6VAkWIAZcCUgBs7RBTiAGXApYAb/UCl4kBA3kRmIkBBmsBVABw4QRViQEEdQJWiQEIaQFX
398=iQEMaAEkSDuECCRIO4AEtbINYAS1shJoAbWyF2gBtLKYBrSymAa0spgGtLKYBrSymAa0sp
399=gGtLKYBrSymAa0spgGtLIPFwAASwAzAHMBAAAhAABLADQAEQAACQ4AIAhzAQAAKwAASwA1
400=AGkBNWkBNokBP2kBN4kBSWkBOIkBU2kBOYkBXWkBOokBA2kBO4kBDWkBPIkBF2kBPYkBIW
401=kBPokBK2kBP4gBlQ1AiAGVDUGIAZUNQogBlQ1DiAGVDViJAQBlCFmJAQppAVqJARRpAVuJ
402=AR5pAVyJAShpAV2JATJpAV6JATxpAV+JAUZpAWCJAVBpAWGJAVppAWKIAZUNY4gBlQ1kiA
403=GVDWWIAZUNZogBlQ1niAGVDWiIAZUNaYgBlQ1qiAGVDWuIAZUNdokBCGEPd4kBEmkBeIkB
404=HGkBeYkBJmkBeokBMGkBe4kBOmkBfIkBRGkBfYkBTmkBfokBWGkBf4kBYmgBAkYAdAEAYw
405=BLAEcoKQBIKCkAUSgpAIUoKAAEkwDmAQAABWUIlIkBCWkBlYgBhD8DhgDyAQAAnUGHiAGD
406=BEkA+PUNSokBAnkGS4kBBGsBTAD64QRNiQEBdQJOiAGMBQFPABoCeBUBAEsAUIgBlwKJAL
407=73AowAyOkBjigpAJDoAQJMAKMAVqsMTACkKCkApSgpAKYoKQCnKCgACWwAagEAAAEAAEwA
408=bYkBA2kBbogBlQJviAGVAnCIAZUCcYgBlQJyiAGVAnOIAZUCdIgBlQJ1iAGXAkQAa/UNRY
409=gBlwJSAGz1AlOIAZcClgBv9QKXiQEEZROYiQEHawFUAHDhBFWJAQV1AlaJAQlpAVeJAQ1o
410=AQOZAHEBAACFCJqIAYEEm4kBDmEEnIkBE2kBnYkBGGkBnogBmQafiAGZBqCIAZkGoYgBmQ
411=aiiAGbBoAAcvUNgYgBmQaCiAGZBoOIAZkGhIgBmQYynFeJATOJASJtEDSJASxoAbGYNmgB
412=sZhAaAGxmEpoAbGYVGgBsZheaAGwmJQYsJiMELCYlA2wmJQNsJiUDbCYlA2wmJQNsJiUDb
413=CYlA2wmJQNsJiEP7GYC2wQsZgVaAGxmB9oAbGYKWgBsZgzaAGxmD1oAbGYR2gBsZhRaAGx
414=mFtoAbCYlA2wmJQNsJiUDbCYlA2wmJQNsJiUDbCYlA2wmJQNsJiUDbCYlA2wmJQ5sJiIOL
415=GYHXgRsZgnaAGxmDFoAbGYO2gBsZhFaAGxmE9oAbGYWWgBsZhjaAEnEhNMACeMEgJMAJUA
416=deF9koGTAmwFpZcGaAGllwpoAbiVhD+slIAlrJSQbKyUgGcBRwAAAslkSIkBCGQItJGNBV
417=GAk48FiQC8tJECTACKAMPrAY0AxusBiwDH6QGP75RNAJv/jk0AnCgpAJ0oKQCeKCkAnygp
418=AKAoKQChKCkAoigoACftE00o7hNNACfuE00AJ+4TTQC4igICAABNALmKBWgBuYoIaAG4io
419=AEuYoGdAK5igpoAbmKDmgBoX0AaAGgfZAJoH2MBaF9D2AEoX0UaQExiHqUAq1+GXQCrX4j
420=aAGtfi1oAa1+N2gBrX5BaAGtfktoAa1+VWgBrX5faAGsfpgRrH6UDax+lA2sfpQNrH6UDa
421=x+lA2sfpQNrH6UDax+lA2sfpQNrH6MJq1+DGwQrX4WaAGtfiBoAa1+KmgBrX40aAGtfj5o
422=Aa1+SGgBrX5SaAGtflxoAax+lA2sfpQNrH6UDax+lA2sfpQNrH6UDax+lA2sfpQNrH6UDa
423=x+lQ1skDWNPG2IAYE7bogBlTlviQEeZRNwiQEoaQFxiQEyaQFyiQE8aQFziQFGaQF0iQFQ
424=aQF1iQFaaAGkjJQNpIyUDaSMlA2kjJQNpIyUDaSMlA2kjJQNpIyUDaSMlA2kjJUNRCbrI0
425=0ARSgoACezEU0AU/ONTQCUKCgAJwsSTQCZKFUAmigrAJEA5SSaJE0ArZQDbButlAdoAaCT
426=mVNGkY0BdAKokJQCqZAJdwJRABuviU0AUogBhz+NAL/3AowAwqkBTiiFEU4ohhFOACeGEU
427=4AJ4YRTgAnhhFOACeGEU4AJ4YRTgAnhRFOKHUlTiiFEU4ohhFOACRkIwIAAABOACRlIwJo
428=Aa2JA2gBrYkHaAGtiQtoAa2JD2kBkyO0IoUIlIkBBHUClYkBCGkBlokBDGkBl4gBjQWYiA
429=GNBZmIAY0FmogBjAWtlAF4Bq2UBmgBrJSMEK2UEHQCrZQVaQEwjFKMBbiVgAS5lRpgBLmV
430=JGgBuZUuaAG5lThoAbmVQmgBuZVMaAG5lVZoAbmVYGgBuJWUDbiVlA24lZQNuJWUDbiVlA
431=24lZQNuJWUDbiVlA24lZQNuJWUDbiVmDK5lQ1sELmVF2gBuZUhaAG5lStoAbmVNWgBuZU/
432=aAG5lUloAbmVU2gBuZVdaAG4lZUNY5AqlQ1kiAGVDWWIAZQNuJWVDWeUApUNaIgBlA24lZ
433=QNuJWUDbiVlA24lZg9uZULbBC4lYA7uZUfdAK5lSloAbmVM2kBcpUNPWgBuZVHaAG5lVFo
434=AbmVW2gBuJWUDbiVlA24lZQNuJWUDbiVlA24lZQNuJWUDbiVlA24lZQNuJWUDSdhEk4oYx
435=JOAJCQjYwQvI6RYZKUAp9thgD/JMckTgCHiAGBBIiIAZRlqJCEdqiQgFGwjZ02jPONTgBN
436=KLARJ+sjTgCLJhQkAk4AiQDE95FOAMWrAU8ALya1Ik8ojRJPKI0STyiNEk8ojRJPKI0STy
437=iNEk8ojRJPKI0STyiNEk8ojRJPwJMBAQAAT8GTA2sBVgBtqyJPAFeJAQJ0AqiQjAWpkAV0
438=AqmQCWgBqZANaAGokIwFqJCMBaiQjAWokIwFqJCIDKmQB2QIqZAMaAGpkBFoAamQFmgBqJ
439=CMBaiQgASpkBtgBKmQJWgBqZAvaAGpkDloAamQQ2gBqZBNaAGpkFdoAamQYWgBqJCUDaiQ
440=lA2okJQNqJCUDaiQlA2okJQNqJCUDaiQlA2okJQNqJCUDamQBGAPqZAOaAGpkBhoAamQIm
441=gBqZAsaAGpkDZoAamQQGgBqZBKaAGpkFRoAamQXmgBqJCVDWOUe5QNqJCUDaiQlA2okJQN
442=qJCUDaiQlA2okJQNqJCUDaiQlA2okJg9qJCMPKiQgDupkCBkE6mQKmgBqZA0aAGpkD5oAa
443=mQSGgBqZBSaAGpkFxoAaiQlA2okJQNqJCUDaiQlA2okJQNqJCUDaiQlA2okJQNqJCUDaiQ
444=lA0nCxJPAJImxyRPAFQm6yNPAFUoKACgk4QToJOLZFIA/OlvU4gBgASslJhprJSMBayUmG
445=mslJN3jwAV+4pNALvrAU4AvekBTOuQUAAu/Y5QKAkSUCgJElAoCRJQKAkSUCgJElAoCRJQ
446=KAkSUCgJElAoCRJQKAoSUACkjAEBAABQxYwDaQGFkY0AaQGGiQECaQGRiAGVApKIAZQCtJ
447=GIAbWRBmwFtZEKaAG1kQ5oAbSRjAW0kYwFtJGMBbSRjAW0kZgRtZEIZAi1kQ1oAbWREmgB
448=tZEXaAG0kYwFtJGABLWRHGAEtZEmaAG1kTBoAbWROmgBtZFEaAG1kU5oAbWRWGgBtZFiaA
449=G0kZQNtJGUDbSRlA20kZQNtJGUDbSRlA20kZQNtJGUDbSRlA20kZQNtZEFYA+1kQ9oAbWR
450=GWgBtZEjaAG1kS1oAbWRN2gBtZFBaAG1kUtoAbWRVWgBtZFfaAG0kZQNtJGUDbSRlA20kZ
451=QNtJGUDbSRlA20kZQNtJGUDbSRlA20kZQNtJGYPbSRjDy0kYA7tZEhZBO1kStoAbWRNWgB
452=tZE/aAG1kUloAbWRU2gBtZFdaAG0kZQNtJGUDbSRlA20kZQNtJGUDbSRlA20kZQNtJGUDb
453=SRlA20kZQNJ/02UCjcEQJQAIwA56eMUACNiAGdYo6JAQRwFLyOkRRUiJCMMbyOgGe8joBn
454=AkUABgIAIsdbUABGiAGABKiQlXuQlJGRCU4mv1pRAC39jlEoCRJRKAkSUSgJElEoCRJRKA
455=kSUSgJElEoCRJRKAkSUSgJElEoChJRAKSMAgEAAFEApYwDaAGkjJQCpIyUAqSMiAGljAds
456=BaWMC2gBpYwPaAGkjIwFpIyMBaSMjAWkjIwFpYwEeAaljAloAaWMDmgBpYwTaAGljBhoAa
457=SMjAWkjIAEpYwdYASljCdoAaWMMWgBpYw7aAGljEVoAaWMT2gBpYxZaAGljGNoAaSMlA2k
458=jJQNpIyUDaSMlA2kjJQNpIyUDaSMlA2kjJQNpIyUDaSMlA2ljAZgD6WMEGgBpYwaaAGljC
459=RoAaWMLmgBpYw4aAGljEJoAaWMTGgBpYxWaAGljGBoAaSMlA2kjJQNpIyUDaSMlA2kjJQN
460=pIyUDaSMlA2kjJQNpIyUDaSMlA2kjJg9pIyMPKSMgDuljCJkE6WMLGgBpYw2aAGljEBoAa
461=WMSmgBpYxUaAGljF5oAaSMlA2kjJQNpIyUDaSMlA2kjJQNpIyUDaSMlA2kjJQNpIyUDaSM
462=lQ2HJpMjUQCPKCkAkCgpAFYmvyNRAFcoKACokJxtqJCAZ6mQBXcYiQDor5RRAIqIAY0Fi4
463=kBAmMEVAD94QRViAGECKCTnW1ElJGYBqyUiSJOJmdaUQBPJk82UQBQKCkAUSgpAFImezZR
464=AEomk1pSAJnnl1IAmigoACfpWlIouRJSKLkSUii5ElIouRJSKLkSUii7ElIAlCPMZwMAAA
465=BSAJWJAQVpAZaJAQppAZeJAQ9pAZiJARRpASwj6S5baQEtiAGFCC6IAZkGL4gBjAWtiR5s
466=Ba2JKGgBrYkyaAGtiTxoAa2JRmgBrYlQaAGtiVpoAayJlA2siZQNrImUDayJlA2siZQNrI
467=mUDayJlA2siZQNrImUDayJlA2phQdgD6mFEWgBqYUbaAGphSVoAamFL2gBqIUMOQAAUgBe
468=AHMBAABDAABSEQAA6Q0AIAABAF8AcwEAAE0AAFIAYABzAQAAV2kBYYkBYWkBYokBB2kBY4
469=kBEWkBZIkBG2kBZYkBJWkBZokBL2kBZ4kBOWkBaIkBQ2kBaYgBlQ1qiAGVDWuIAZUNbIkB
470=BW0FbYkBD2kBbokBGWkBb4kBI2kBcIkBLWkBcYkBN2kBcokBQWkBc4kBS2kBdIkBVWkBdY
471=kBX2kBdogBlQ13iAGVDXiIAZUNeYgBlQ16iAGVDXuIAZUNfIgBlQ19iAGVDX6IAZUNf4gB
472=lQ2AiQEAYQ+BiQEKaQGCiQEUaQGDiQEeaQGEiQEoaQGFiQEyaQGGiQE8aQGHiQFGaQGIiQ
473=FQaQGJiQFaaQGKiAGVDYuIAZUNjIgBlQ2NiAGVDY6IAZUNj4gBlQ2QiAGVDZGIAZUNkogB
474=lQ2TiAGUDQJBAHQBAGAAAlIAVwB16AEEVQD9AQAABHkRVogBmEgERAAGAgAAAnQCAUIAGQ
475=J0BgEAUgBDiAGXAlIAwPcCTADC6wFNAMWoAQJTAJkAVqsMUwCaKCkAmygpAJwoKQCdKCkA
476=nigpAJ8oKQCgKCgACZQAcgEAAAEAAFMAlYkBBmkBlokBC2kBl4kBEGkBmIkBFWkBK50gUm
477=kBLIkBXGkBLYgBkQkuiAGFCC+IAZkGMIkBH20FMYkBKWkBMokBM2kBM4kBPWkBNIkBR2kB
478=NYkBUWkBNokBW2kBN4gBlQ04iAGVDTmIAZUNOogBlQ07iAGVDTyIAZUNPYgBlQ0+iAGVDT
479=+IAZUNQIgBlQ1YiQEIYQ9ZiQESaQFaiQEcaQFbiQEmaQFciQEwaQFdiQE6aQFeiQFEaQFf
480=iQFOaAGpkFhoAamQYmgBqJCUDaiQlA2okJQNqJCUDaiQlA2okJQNqJCUDaiQlA2okJQNqJ
481=CUDaiQhD+okJg9qZAaeBGpkCRoAamQLmgBqZA4aAGpkEJoAamQTGgBqZBWaAGpkGBoAaiQ
482=lA2okJQNqJCUDaiQlA2okJQNqJCUDaiQlA2okJQNqJCUDaiQlA2okJREqJCURKiQlESokJ
483=REqJCURKiQlESokJREqJCURKiQlESokJREqJCUDaiQlA2okJQNqJCUDaiQlA2okJQNqJCU
484=DaiQlA2okJQNqJCUDaSMlURXkI2XDUEAGPSGsI2YEbGNA2MwTAC74wRNAL3pAUf8jgJTAE
485=gAw/cCSwDE6QFQKCkASShhElHpAVQojRJUKI4SVAAnjhJUACeOElQAJ44SVAAnjhJUACeO
486=ElQAoJMBAgAAVMGTB2gBoZMMaAGhkxFoAaGTFmkBKoVrSWgBrZRTaAGtlF1oAayUnAqslJ
487=AJrJSECK2UIGwFrZQqaAGtlDRoAa2UPmgBrZRIaAGtlFJoAa2UXGgBrJSUDayUlA2slJQN
488=rJSUDayUlA2slJQNrJSUDayUlA2slJQNrJSUDa2UCWAPrZQTaAGtlB1pAVuVIydoAa2UMW
489=kBXZUCO2gBrZRFaAGtlE9pAWCBBFloAa2UY2gBrJSUDa2UE3QCrJSUDayUlA2slJQNrJSU
490=DayUlA2slJUNaii0AayUlA2slJBArZQRdA2tlBtoAa2UJWgBrZQvaAGtlDloAa2UQ2gBrZ
491=RNaAGtlFdoAa2UYWgBrJSUDayUlA2slJUNeZAUlA2tlC95BnuUApQNrJSUDayUlQ1+gASU
492=DayUlA2slJRErJSURK2UFnwKrZQgaAGslJRErZQ0dAKslJRErJSVRIiUDZRErJSURKyUlA
493=2slJQNrJSVDY2YBpQNrJSUDayUlA2tlD5gD6yUlA2slJQNrJSXDVYA5CTjIlQAV4kBA3gG
494=rZQBawFNALqkjAJUAFEAvOkBR+CTAlQASQC+9QJG65BUAFIo3xFOAMehBFUoCRJVKAkSVS
495=gJElUoCRJVKAkSVSgIEgJVAFgAbb8VVQBZiAEDAgAAVQBqiQEAaQFriAGVAlsjQCSVAlyJ
496=AQVhBF2JAQppAV6JAQ9pAV+JARRpAWCIAZkGYYgBmQZiiAGZBmOIAZkGZIgBmQZliAGZBm
497=aIAZkGZ4gBmQZoiAGZBmmIAZgGoakDYA8khScIaAGhqQ1oAaGpEmgBoakXaQEpkUBAaAGt
498=qkpoAa2qVGgBrapeaAGsqogMrKqcCqyqkAmtqiFsBa2qK2gBrao1aAGtqj9oAa2qSWgBra
499=pTaAGtql1oAayqlA2sqpQNrKqUDayqlA2sqpQNrKqUDayqlA2sqpQNrKqUDayqlA28jowm
500=vI6AJb2OHHkRb4ElJmgBvY4waAG9jjpoAb2ORGgBvY5OaAG9jlhoAb2OYmgBvI6UDbyOlA
501=28jpUNeSi0AbyOlA28jpQNvI6UDbyOlQ1+mAaUDbyOlA28joQpvI6EKbyOhCm8joQpvI6E
502=KbyOhCm8joQpvI6FKYiUDYQpvI6EKbyOlA28jpQNvI6UDbyOlA28jpQNvI6UDbyOlA28jp
503=QNvI6UDbyOlQ1aJk42VQCpkAF8K6mQBGsBQwAL94ZBABbpAUKIAY0FR/aRVQAnmyRVAFL0
504=kQJVAEkAv/gGJ9E2VSjxJFYoNRJWKDUSVig1ElYoNRJWKDUSVsiQAQEAAFbJkANoAaiQlA
505=KokJQCqJCUAqmQBmwFqZALaAGpkBBoAamQFWgBqJCYBqiQmAaokJgGqJCYBqiQmAaokJgG
506=qJCYBqiQmAaokJgGqJCYBqmQBGAPqZAJaAGpkA5oAamQE2gBqZAYaQEomUg3aAG1kUFoAb
507=WRS2gBtZFVaAG1kV9oAbSRlA20kYgMtJGcCrWRImwFtZEsaAG1kTZoAbWRQGgBtZFKaAG1
508=kVRoAbWRXmgBtJGUDbSRlA20kZQNtJGUDbSRlA20kZQNtJGUDbSRlA20kZQNtJGUDbSRmC
509=e0kYwmtZEdeBG1kSdoAbWRMWgBtZE7aAG1kUVoAbWRT2gBtZFZaAG1kWNoAbSRlA20kZQN
510=tJGUDbSRlA20kZQNtJGUDbSRlA20kZQNtJGUDbSRlA20kYQptJGEKbSRhCm0kYQptJGEKb
511=SRhCm0kYQptJGEKbSRhCm0kYQptJGUDbSRlA20kZQNtJGUDbSRlA20kZQNtJGUDbSRlA20
512=kZQNtJGUDSezSFYAQibeSFYAJ40SVs2UAnQurZQFawFDAA2njFYARIgBiG8n/zZWAE3qkF
513=YAJwhJAlYASwDB+QZKJlc3VwCUJtdHVwCVKCkAligpAJcoKQCYKCgAJ+VJVygRE1coERNX
514=KBETV9mVACJJVVommSRXKPIkVwCllwJjBEEAbySjJVcAQokBA3UCQ4kBBmgBqJuMBambB3
515=QCqZsMaAGpmxFoAambFmgBqJuYBqibmAaom5gGqJuYBqibmAaom5gGqJuYBqibmAaom5gG
516=qJuZBieNlC5gD7mVOGgBuZVCaAG5lUxoAbmVVmgBuZVgaAG5lQVoAbmVD2gBuZUZaAG5lS
517=NoAbmVLWgBuZU3aAG5lUFoAbmVS2gBuZVVaAG5lV9oAbiVlA24lZQNuJWUDbiVlA24lZQN
518=uJWUDbiVlA24lZQNuJWUDbiVlA24lZxBuZUKbBC5lRRoAbmVHmgBuZUoaAG5lTJoAbmVPG
519=gBuZVGaAG5lVBoAbmVWmgBuJWUDbiVlA24lZQNuJWUDbiVlA24lZQNuJWUDbiVlA24lZQN
520=uJWUDbiVhCm4lYQpuJWEKbiVhCm4lYQpuJWEKbiVhCm4lYQpuJWEKbiVhCm4lZQNuJWUDb
521=iVlA24lZQNuJWUDbiVlA24lZQNuJWUDbiVlA24lZcNRAD/7XNFiQEEfStGiQEIawFWAAen
522=jFcAV4gBkXdYiAGRd0om8yRXAEvvlFcATib/NlcATyb8NgJXAFEAxrEJWCiNElgojhJYAC
523=eOElgAJ44SWAAnjRJYKKElWCiNElgojRJYwJMCAQAAWAChkwNoASdJJVjAk5QCoJOMBaGT
524=BGwFoZMHaAGgk4wFoZMIdAKhkw1oAaGTEmgBoZMXaAGgk5gGoJOYBqCTmAagk5gGoJOYBq
525=CTmAagk5gGoJOYBqCTmAagk5kGJoGTJWAPrZQvaAGtlDloAa2UQ2gBrZRNaAGtlFdoAa2U
526=YWgBrZQGaAGtlBBoAa2UGmgBrZQkaAGtlC5pATKNEDhpATOJAUJoAa2UTGgBrZRWaAGtlG
527=BoAayUlA2slJQNrJSUDayUlA2slJQNrJSUDayUlA2slJQNrJSUDayUlA2slJg9rZQLbBCt
528=lBVoAa2UH2gBrZQpaAGtlDNoAa2UPWgBrZRHaAGtlFFoAa2UW2gBrJSUDayUlA2slJQNrJ
529=SUDayUlA2slJQNrJSUDayUlA2slJQNrJSUDayUhCmslIQprJSEKayUhCmslIQprJSEKayU
530=hCmslIQprJSEKayUhCmslJQNrJSUDayUlA2slJQNrJSUDayUlA2slJQNrJSUDayUlA2slJ
531=QNrJSEKa2UBXwrrZQJaAGslIEEV4CTnXhYiAGdeFEm50lYAE8m/21YAFIm8yRYAFMmYEkC
532=WABNAMislAJZAFQAPiMCbwBZKLkSWSi5ElkouRJZKLkSWSi5ElkouRJZKLkSWSiZJFnUkQ
533=ICAABZALSRiAG1kQV0ArWRCGgBtZEEaAG1kQloAbWRDmgBtZETaAG1kRhoAbSRmAa0kZgG
534=tJGYBrSRmAa0kZgGtJGZBmYjjEmYBrSRmAa0kZgGtJGZBiWZfxxgD6GTJmgBoZMwaAGhkz
535=poAaGTRGgBoZNOaAGhk1hoAaGTYmgBoZMHaAGhkxFoAaGTG2gBDzAAcwEAACUAAFkAMQBz
536=AQAALxEAAO0NACAIAABZADIAcwEAADlpATOJAUNpATSJAU1pATWJAVdpATaJAWFpATeJAQ
537=dpATiJARFpATmJARtpATqJASVpATuJAS9pATyIAZUNPYgBlQ0+iAGVDT+IAZUNQIgBlQ1s
538=iQECZQhtiQEMaQFuiQEWaQFviQEgaQFwiQEqaQFxiQE0aQFyiQE+aQFziQFIaQF0iQFSaQ
539=F1iQFcaQF2iAGVDXeIAZUNeIgBlQ15iAGVDXqIAZUNe4gBlQ18iAGVDX2IAZUNfogBlQ1/
540=iAGVDYCIAYUpgYgBhSmCiAGFKYOIAYUphIgBhSmFiAGFKYaIAYUph4gBhSmIiAGFKYmIAY
541=UpiogBlQ2LiAGVDYyIAZUNjYgBlQ2OiAGVDY+IAZUNkIgBlQ2RiAGVDZKIAZUNk4gBlA0C
542=RAB0AQBgAAZZAEUA/wEAAAZ9K0aJAQpoAQRYAAcCAAAIaAEBWQAaAmgFAQBZAFqIAYMwUQ
543=C89wJSAL+oAQJaAJQAVr8KWgCVKCkAligpAJcoKQCYKCkAmSgoAAlqAG0BAAABAABaAGuJ
544=AQNrAV4Ab/0KX4gBlQJgiQEGYQRhiQEAaQFiiAGBBGOIAYMEQQBy5QhCiQEFbQVDiQEKaQ
545=FEiQEPaQFFiQEUaQFliAGdCmaIAZkGZ4gBmQZoiAGZBmmIAZkGJIktE2UIJYkBHWkBJokB
546=J2kBJ4kBMWkBKIkBO2kBKYkBRWkBKokBT2kBK4kBWWkBLIkBY2kBLYkBCGkBLokBEmkBL4
547=kBHGkBMIkBJmkBMYkBMGkBMokBOmkBM4kBRGgBuYpOaAG5ilhoAbmKYmgBuIqUDbiKlA24
548=ipQNuIqUDbiKlA24ipQNuIqUDbiKlA24ipQNuIqUDbiKiDi5ig1sELmKF2gBuYohaAG5ii
549=toAbmKNWgBuYo/aAG5ikloAbmKU2gBuYpdaAG4ipQNuIqUDbiKlA24ipQNuIqUDbiKlA24
550=ipQNuIqUDbiKlA24ipQNuIqEKbiKhCm4ioQpuIqEKbiKhCm4ioQpuIqEKbiKhCm4ioQpuI
551=qEKbiKlA24ipQNuIqUDbiKlA24ipQNuIqUDbiKlA24ipQNuIqUDbiKlw1cAHXxbF0oKQBk
552=KCgApYwLdy5HAAT1hkiIAYEwSYgBhHawjZUCW5yOi29MAML7Bk0AxakBWyjdEVso3hFbAC
553=feEVsAJ94RWwAn3hFbALCNAQAAAFvRjQJpAUaUhpUCR4kBA3UCSIkBBmgBtZEBaAG1kQRo
554=AbWRB2gBtJGABLSRgAS0kYAEtJGABLSRnAq1kQtkCLWREGgBtZEVaAG0kZgGtJGYBrSRmA
555=a0kZgGtJGZBiOBfQpkCKGTFGgBoZMeaAGhkyhoAaGTMmgBoZM8aAGhk0ZoAaGTUGgBoZNa
556=aAG1kQloAbWRE2gBtZEdaAG1kSdoAbWRMWgBtZE7aAG1kUVoAbWRT2gBtZFZaAG1kWNoAb
557=SRlA20kZQNtJGUDbSRlA20kZQNtJGUDbSRlA20kZQNtJGUDbSRlA20kYg4tZEObBC1kRho
558=AbWRImgBtZEsaAG1kTZoAbWRQGgBtZFKaAG1kVRoAbWRXmgBtJGUDbSRlA20kZQNtJGUDb
559=SRlA20kZQNtJGUDbSRlA20kZQNtJGUDbSRhCm0kYQptJGEKbSRhCm0kYQptJGEKbSRhCm0
560=kYQptJGEKbSRhCm0kZQNtJGUDbSRlA20kZQNtJGUDbSRlA20kZQNtJGUDbSRlA20kZUNLP
561=6OWwAnNhJbACc0EgJbAFsA/buVWwBciAGAfaiQm3RMALvnjE0AvesBSwDE6AEJWgDOAgAA
562=BwAAXACPJg8jXACQKCkAkSgpAJIoKQCTKCgAJ8UkXCjlElwo5RJcKOUSXNmVAXQNJ24kXA
563=C4lZQCuZUEYAS4lYQTuZUCdAK5lQVoAbmVCGgBuJWABLiVgAS4lYMEigBxoyVcAIuIAYEE
564=jIkBCmUIjYkBD2kBjokBFGgBtJycCrScmBG1nAxgBLWcEWgBtZwWaAG0nJgGtJyYBrScmA
565=a0nJgGtJyZBiKUnJwgoZ4LcAmhnhVoAaGeH2gBoZ4paAGhnjNoAaGePWgBoZ5HaAGhnlFo
566=AaGeW2gBJCUmAGgBrJ+cIKyfkB+tnx5gBK2fKGgBrZ8yaAGtnzxoAa2fRmgBrZ9QaAGtn1
567=poAayflA2sn5QNrJ+UDayflA2sn5QNrJ+UDayflA2sn5QNrJ+UDayflA2gnow8oJ6AO6Ge
568=GXgRoZ4jaAGhni1oAaGeN2gBoZ5BaAGhnktoAaGeVWgBoZ5faAGgnpQNoJ6UDaCelA2gnp
569=QNoJ6UDaCelA2gnpQNoJ6UDaCelA2gnpQNoJ6EKaCehCmgnoQpoJ6EKaCehCmgnoQpoJ6E
570=KaCehCmgnoQpoJ6FKUAmnTVcKN0RXNCNmXRdnI6AXLyOn21NAMCnjFwAWYSMlFqwjYEEW5
571=QCgyVUANLtBVWJAQZxKlaIAZVlV4kBEnUCWIgBBRgAAF0AUgA+I1A3AQBdACH1kV0oERNd
572=KBITXQAnEhNdACcSE10AJxETXSj5JV0oERNdKBMTXQBjIyk3AGEPZIkBAmgBJ/klXSj5JV
573=3cmYAEvZkFbAW9mQhoAbWRAWgBtZEGaAG1kQtoAbWREGgBtZEVaAG1kQNoAbSRkAm1kQ10
574=ArWREmgBtZEXaAG0kZgGtJGYBrSRmAa0kZgGtJGYBrSRlBi1kQxwCbWRFmgBtZEgaAG1kS
575=poAbWRNGgBtZE+aAG1kUhoAbWRUmgBtZFcaAG0kYgitJGcILSRkB+1kR9sBbWRKWgBtZEz
576=aAG1kT1oAbWRR2gBtZFRaAG1kVtoAbSRlA20kZQNtJGUDbSRlA20kZQNtJGUDbSRlA20kZ
577=QNtJGUDbSRlA20kYw8tJGAO7WRGngRtZEkaAG1kS5oAbWROGgBtZFCaAG1kUxoAbWRVmgB
578=tZFgaAG0kZQNtJGUDbSRlA20kZQNtJGUDbSRlA20kZQNtJGUDbSRlA20kZQNtJGEKbSRhC
579=m0kYQptJGEKbSRhCm0kYQptJGEKbSRhCm0kYQptJGEKSc0EgJdAEkA8aT6Al0AXwD46QFg
580=iAGRVmGJAQRoIqyUmV5emJWTFGIAAb2OXcyUmAatlAl4BqyUmCeslJgcrZQHYASslIxorZ
581=QTdAKslAMZAABeACDhk14ojRJeKI0SXiiNEl4ojRJeKI0SXiiNEl4ojRJeKI0SXsGTAXQN
582=oZMDaAGgk5QCJ6ElXsGTAGAEoJOMBaGTBnQCoZMCaAGhkwdoAaGTDGgBoZMRaAGhkxZoAa
583=GTBGgBoZMJaAGhkw5oAaGTE2gBoZMYaAGgk5gGoJOYBqCTmAagk5gGoJOYBqCTiBehkw1w
584=CaGTF2gBoZMhaAGhkytoAaGTNWgBoZM/aAGhk0loAaGTU2gBoZNdaAGgk4gioJOcIKCTkB
585=+hkyBsBaGTKmgBoZM0aAGhkz5oAaGTSGgBoZNSaAGhk1xoAaCTlA2gk5QNoJOUDaCTlA2g
586=k5QNoJOUDaCTlA2gk5QNoJOUDaCTlA2gk4w8oJOAO6GTG3gRoZMlaAGhky9oAaGTOWgBoZ
587=NDaAGhk01oAaGTV2gBoZNhaAGgk5QNoJOUDaCTlA2gk5QNoJOUDaCTlA2gk5QNoJOUDaCT
588=lA2gk5QNoJOEKaCThCmgk4QpoJOEKaCThCmgk4QpoJOEKaCThCmgk4QpoJOEKSdhEl7Ak4
589=hvoJOIAaCTkFahkwVoIqiQgwReABG2kV4AqZAKYASokIElXCPEJIRgtJGMG7WRCGwFtJGA
590=Z7WRFHQCtJEDGgAAXwAf9ZFfKGESXyhhEl8oYRJfKGESXyhhEl8oYRJfKGESXyhhEl/FjA
591=F0DaWMBGgBpYwHaQFmIxFKAGkBZ4kBA2kBaIkBBmkBaYgBgQRqiAGBBGuIAYAErJSUAq2U
592=CHgGrZQNaAGtlBJoAa2UF2gBtIaYEbWGDnQCtYYYaAG1hiJoAbWGLGgBtYY2aAG1hkBoAb
593=WGSmgBtYZUaAG1hl5oAbSGkBS0hoQTtIaYEbWGIWwFtYYraAG1hjVoAbWGP2gBtYZJaAG1
594=hlNoAbWGXWgBtIaUDbSGlA20hpQNtIaUDbSGlA20hpQNtIaUDbSGlA20hpQNtIaUDbSGlC
595=60hogttYYceBG1hiZoAbWGMGgBtYY6aAG1hkRoAbWGTmgBtYZYaAG1hmJoAbSGlA20hpQN
596=tIaUDbSGlA20hpQNtIaUDbSGlA20hpQNtIaUDbSGlA20hoQptIaEKbSGhCm0hoQptIaEKb
597=SGhCm0hoQptIaEKbSGhCm0hoQpJ9cQXwBBJp81XwBCKCkAQygoACfDa18AZSZYSAJfAEUA
598=dyToIwJfAEsA5+kBTIkBAnknTYgBmF4kxCSUAryOiQFjIxQkhWtkiQEKeQZOIxRblXBPiA
599=GJIlCIAY0FWpWRC20FW4gBmDKtlBl1Al2VAiBoAbiVhAi5lQl0ArmVD2gBuZUVaAG4lQMb
600=AABgAB75lWAo5RJgKOUSYCjlEmAo5RJgKOUSYCjlEmAo5RJgKOQSAmAATgBrryZgAE+JAQ
601=JgDyQ8SogBsZgFdAKxmAhoAbGYAWgBsZgEaAGxmAdoAbCYgASwmIAEsJiABLCYlAKxmAl4
602=BrGYDmgBsZgTaAGxmBhpAUAjgW4AaAEkzCWEEyTNJQp0AiTNJQ9oASTNJRRoAayfjAWsn4
603=AErZ8ZYAStnyNoAa2fLWgBrZ83aAGtn0FoAa2fS2gBrJ8AAlUAAGAAKwBzAQAAXwAAYAAs
604=AHMBEQAADA4AIAABAAAEAABgAC0AcwEAAA4AAGAALokBGGkBL4kBImkBMIkBLGkBMYkBNm
605=kBMokBQGkBM4kBSmkBNIkBVGkBNYkBXmkBNokBBGkBN4gBlQ04iAGVDTmIAZUNOogBlQ07
606=iAGVDTyIAZUNPYgBlQ0+iAGVDT+IAZUNbIkBCXUNbYkBE2kBbokBHWkBb4kBJ2kBcIkBMW
607=kBcYkBO2kBcokBRWkBc4kBT2kBdIkBWWkBdYkBY2kBdogBlQ13iAGVDXiIAZUNeYgBlQ16
608=iAGVDXuIAZUNfIgBlQ19iAGVDX6IAZUNf4gBlQ2AiAGFKYGIAYUpgogBhSmDiAGFKYSIAY
609=UphYgBhSmGiAGFKYeIAYUpiIgBhSmJiAGEKQJlAHUBAGAAAmAARQB36AEESwDnAQAAAXEf
610=TIkBA2kBTYkBBWgBA2IAAQIAAJUCY4kBB3UCZIkBC2gBA1AABAIAAJQCAUkAFgJkDAEAYA
611=BKiAGfCl8AxvQCBFoAzgIAAAx5BluIAZ0rXIkBGnUCXYkBIWgBAVQA0gLVWlWJAQp1AlaJ
612=ARBpAVeJARZpAViIAQUcAABhAB0AVq8bYQAeKCkAHygpACAoKQAhKCkAiigpAIsoKQCMKC
613=kAjSgpAI4oKQCPKCkAkCgpAJEoKQCSKCsATgBrqy1hAE+JAQN8FQRmAG8BAAACaQFniQEF
614=aQFoiQEIaQFpiAGBBGqIAYEEa4gBgwRFAHDlHkaJAQR5BkeIAYEESIkBDHUCSYkBAGkBSo
615=gBjQVLiAGNBUyIAY8FQABy/RVBiQEGeQZCiQELaQFDiQEQaQFEiQEVaQEiiE6NBSOIAYEE
616=JIkBGmEEJYkBJGkBJokBLmkBJ4kBOGkBKIkBQmkBKYkBTGkBKokBVmkBK4kBYGkBLIgBiC
617=Ktnw90Aq2fGWgBrZ8jaAGtny1oAa2fN2gBrZ9BaAGtn0toAa2fVWgBrZ9faAGsn5QNrJ+U
618=DayflA2sn5QNrJ+UDayflA2sn5QNrJ+UDayflA2sn5QNrJ+QNa2fCmwQrZ8UaAGtnx5oAa
619=2fKGgBrZ8yaAGtnzxoAa2fRmgBrZ9QaAGtn1poAayflA2sn5QNrJ+UDayflA2sn5QNrJ+U
620=DayflA2sn5QNrJ+UDayflA2sn4QprJ+EKayfhCmsn4QprJ+EKayfhCmsn4QprJ+EKayfhC
621=msn4UpTeCeAmEAZAD89WVliAGEa7CYh2BfALi4lQJhAF4AwusBYADD6wFhAMfoAbCYlCOx
622=mBtkKaSXjBukl5RlpZcRYASllxdoAaSXAx0AAGIAHOmFYigRE2IoEhNiACcSE2IAJxITYg
623=AnEhNiACcSE2IAJxITYgAnEhNiACcSE2IAJxITYgAnEhNiACcSE2IAJxMTYgBNkY0AcRRO
624=iQEDaQFPiQEGaAGslIAErJSABKyUgAStlAFsBa2UBWgBrZQJaAGtlA1oAayUjAWslIwFrJ
625=SMBayUjAWtlAJ4Bq2UB2gBrZQMaAGtlBFoAa2UFmgBrJSMBayUgAStlBtgBK2UJWgBrZQv
626=aAGtlDloAa2UQ2gBrZRNaAGtlFdoAa2UYWgBrJScIK2UEHQCrZQaaAGtlCRoAa2ULmgBrZ
627=Q4aAGtlEJoAa2UTGgBrZRWaAGtlGBoAayUlA2slJQNrJSUDayUlA2slJQNrJSUDayUlA2s
628=lJQNrJSUDayUlA2slJA1rZQLbBCtlBVoAa2UH2gBrZQpaAGtlDNoAa2UPWgBrZRHaAGtlF
629=FoAa2UW2gBrJSUDayUlA2slJQNrJSUDayUlA2slJQNrJSUDayUlA2slJQNrJSUDayUhCms
630=lIQprJSEKayUhCmslIQprJSEKayUhCmslIQprJSEKayUhSlnJn8mYgBoKCgArJSZaWaYlZ
631=NhUgALq5BiAFAjoCWJb1GIAZUjXvCYAmIAXwC/7QVd/5ljABvxjWMo3RFjKN0RYyjdEWMo
632=3RFjKN0RYyjdEWMo3RFjKN0RYyjdEWMo3RFjKN0RYyjdEWMo3xFjAFAjbCQDAAAAYwBRiQ
633=ECaAGpkAFoAamQBGgBqZAHaAGokIAEqJCABKiQgASokJAJqZAGeAapkApoAamQDmgBqJCM
634=BaiQjAWokIwFqJCMBamQA3gGqZAIaAGpkA1oAamQEmgBqZAXaAGokIwFqJCABKmQHGAEqZ
635=AmaAGpkDBoAamQOmgBqZBEaAGpkE5oAamQWGgBqZBiaAGokJwgqZARdAKpkBtoAamQJWgB
636=qZAvaAGpkDloAamQQ2gBqZBNaAGpkFdoAamQYWgBqJCUDaiQlA2okJQNqJCUDaiQlA2okJ
637=QNqJCUDaiQlA2okJQNqJCUDaiQkDWpkAxsEKmQFmgBqZAgaAGpkCpoAamQNGgBqZA+aAGp
638=kEhoAamQUmgBqZBcaAGokJQNqJCUDaiQlA2okJQNqJCUDaiQlA2okJQNqJCUDaiQlA2okJ
639=QNqJCEKaiQhCmokIQpqJCEKaiQhCmokIQpqJCEKaiQhCmokIQpqJCHKWgAdCRsJAJjAFIA
640=7OkBU4gBg1xmAP31AmeIAZcCXQC6p4xjAF7zjWMAYiizEWMAxeMEYADIqAECZABXAD4jsD
641=gBAGQAGvWRZChhEmQoYRJkKGESZChhEmQoYRJkKGESZChhEmQoYRJkKGESZChhEmQoYRJk
642=KGESZChhEmTUkQEBAABk1ZEDaAG1kQJoAbWRBWgBtZEIaAG0kYAEtJGABLSRgAS0kZAJtZ
643=EHeAa1kQtoAbWRD2gBtJGMBbSRjAW0kYwFtJGMBbWRBHgGtZEJaAG1kQ5oAbWRE2gBtZEY
644=aAG0kYwFtJGABLWRHWAEtZEnaAG1kTFoAbWRO2gBtZFFaAG1kU9oAbWRWWgBtZFjaAG0kZ
645=wgtZESdAK1kRxoAbWRJmgBtZEwaAG1kTpoAbWRRGgBtZFOaAG1kVhoAbWRYmgBtJGUDbSR
646=lA20kZQNtJGUDbSRlA20kZQNtJGUDbSRlA20kZQNtJGUDbSRkDW1kQ1sELWRF2gBtZEhaA
647=G1kStoAbWRNWgBtZE/aAG1kUloAbWRU2gBtZFdaAG0kZQNtJGUDbSRlA20kZQNtJGUDbSR
648=lA20kZQNtJGUDbSRlA20kZQNtJGEKbSRhCm0kYQptJGEKbSRhCm0kYQptJGEKbSRhCm0kY
649=QptJGFKVImFiRkAKiQlVpUlJGEYKiQlQJolJGVAmMm6CMCZABiALzxjV3jk2QAZCYrN2QA
650=ZSgrAFwAxO0FZvmVZSgBEWUoARFlKAERZSgBEWUoAxFlAGoj4CIDAAAAZQBriQECaQEZI6
651=1CCmkBGokBFGkBG4kBHmkBHIkBKGkBHYkBMmkBHokBPGkBH4kBRmkBIIkBUGkBIYkBWmgB
652=vHiAD7x4lA28eJQNvHiUDbx4lA28eJQNvHiUDbx4lA28eJQNvHiUDb14CWAPvXgTaAG9eB
653=1oAb14J2gBvXgxaAG9eDtoAb14RWgBvXhPaAG9eFloAb14Y2gBvHiUDbx4lA28eJQNvHiU
654=Dbx4lA28eJQNvHiUDbx4lA28eJQNvHiVDUCQKoUpQYgBhSlCiAGFKUOIAYUpRIgBhSlFiA
655=GFKUaIAYUpR4gBhSlIiAGFKUmIAYUpSogBlQ1LiAGVDUyIAZUNTYgBlQ1OiAGVDU+IAZUN
656=UIgBlQ1RiAGVDVKIAZUNU4gBlA2tlARwKq2UDmgBrZQYaAGtlCJoAa2ULGgBrZQ2aAGtlE
657=BoAa2USmgBrZRUaAGtlF5oAayUlA2slJQNrJSUDayUlA2slJQNrJSUDayUlA2slJQNrJSU
658=DayUlA2slJRErJSURKyUlESslJRErJSURKyUlESslJRErJSURKyUlESslJREtZEIeRxVgZ
659=MLaAG0kZUCaYCTlwJmAL6kjAJlAGMAwKgBAmYAZAA/JBckZgCFJhckZgCGKCkAhygpAIgo
660=KQCJKCgAJ9VHZiiNEmYojRJmKI0SZsCTAQEAAGbBkwNrAYAAcSRbJ2YAgYkBBXUCgokBCm
661=kBg4kBD2kBhIkBFGkBGIRKkAmpmwt0AqmbFWgBqZsfaAGpmyloAambM2gBqZs9aAGpm0do
662=AambUWgBqZtbaAGom5QNqJuUDaiblA2om5QNqJuUDaiblA2om5QNqJuUDaiblA2om5QNqZ
663=sAYA+om5wgqJuQH6mbHmAEqZsoaAGpmzJoAambPGgBqZtGaAGpm1BoAambWmgBqJuUDaib
664=lA2om5QNqJuUDaiblA2om5QNqJuUDaiblA2om5QNqJuUDaibhCmom4QpqJuEKaibhCmom4
665=QpqJuEKaibhCmom4QpqJuEKaibhCmom5QNqJuUDaiblA2om5QNqJuUDaiblA2om5QNqJuU
666=DaiblA2om5QNqJucV6ibkFapmxloLambI2gBqZstaAGpmzdoAambQWgBqZtLaAGpm1VoAa
667=mbX2gBqJuUDaiblA2om5QNqJuUDaiblA2om5QNqJuUDaiblA2om5QNqJuVDVQmQCQCZgBp
668=AN/ndlUA6+kBVokBAmUTZia+I2YAJ2cjZgBgJpMjZgBlKCkAXSa/I2YAYesBZwAX5YxnKG
669=ISZwAnYxJnAIcogAAnYhJnACdhEmco8SRnKGESZyhgEgJnAFQAaqsXZwBViAEBAgAAZ82U
670=AGgBJ/IkZwCtlAF0Aq2UBmgBrZQLaAGtlBBoAa2UFWgBrJScCq2UDHQCrZQWaAGtlCBoAa
671=2UKmgBrZQ0aAGtlD5oAa2USGgBrZRSaAGtlFxoAayUlA2slJQNrJSUDayUlA2slJQNrJSU
672=DayUlA2slJQNrJSUDayUDlwAAGcALABzAQAAAQAAZwAtEQAArg0AIAgAcwEAAAsAAGcALo
673=kBFWkBL4kBH2kBMIkBKWkBMYkBM2kBMokBPWkBM4kBR2kBNIkBUWkBNYkBW2kBNokBAWkB
674=N4gBlQ04iAGVDTmIAZUNOogBlQ07iAGVDTyIAZUNPYgBlQ0+iAGVDT+IAZUNQIkBAnUNQY
675=kBDGkBQokBFmkBQ4kBIGkBRIkBKmkBRYkBNGkBRokBPmkBR4kBSGkBSIkBUmkBSYkBXGkB
676=SogBlQ1LiAGVDUyIAZUNTYgBlQ1OiAGVDU+IAZUNUIgBlQ1RiAGVDVKIAZUNU4gBlQ1siQ
677=EGYQ9tiQEQaQFuiQEaaQFviQEkaQFwiQEuaQFxiQE4aQFyiQFCaQFziQFMaQF0iQFWaQF1
678=iQFgaQF2iAGVDXeIAZUNeIgBlQ15iAGVDXqIAZUNe4gBlQ18iAGVDX2IAZUNfogBlQ1/iA
679=GUDQNpAN8BAACURARWAOsBAAADbRBXiQEFaAECXQC8AgBgAAJnAGEAvusBXgDF6wFjAMio
680=AQNoABYAVgFoBQEAaAAXKCkAhSgpAIYoKQCHKCkAiCgpAIkoKQCKKCkAiygrAFQAar8VaA
681=BViAEFAwAAaABqAGv1AmuIAZQCBIAAcQEAAAJhBIGJAQdpAYKJAQxpAYOJARFpAYSJARZp
682=ARiUI4UIGYkBDXUCGokBF2kBG4kBIWkBHIkBK2kBHYkBNWkBHokBP2kBH4kBSWkBIIkBU2
683=kBIYkBXWkBIogBlQ0jiAGVDSSIAZUNJYgBlQ0miAGVDSeIAZUNKIgBlQ0piAGVDSqIAZUN
684=K4gBlQ0siAGJIi2IAZwgqJCQH6mQIGQTqZAqaAGpkDRoAamQPmgBqZBIaAGpkFJoAamQXG
685=gBqJCUDaiQlA2okJQNqJCUDaiQlA2okJQNqJCUDaiQlA2okJQNqJCUDaiQhCmokIQpqJCE
686=KaiQhCmokIQpqJCEKaiQhCmokIQpqJCEKaiQhCmokJQNqJCUDaiQlA2okJQNqJCUDaiQlA
687=2okJQNqJCUDaiQlA2okJQNqJCcV6iQkFapkBtoLamQJWgBqZAvaAGpkDloAamQQ2gBqZBN
688=aAGpkFdoAamQYWgBqJCUDaiQlA2okJQNqJCUDaiQlA2okJQNqJCUDaiQlA2okJQNqJCXDV
689=YAd/SGtJGDRlcA7fUCWIgBiy1hAL3zjV4AwOsBYADC6wFcAMbpAWXoAQFpABUAwZNpKI0S
690=aSiOEmkAJ44SaQAnjxJpAIco2AAnjhJpACeOEmkAJ40SaciQAgAAAGkAqZACawFUAHC3GG
691=kAVYkBBHUCVokBCGkBV4kBDGgBuZUDaAG4lYAEuZUNdAK5lRJoAbmVF2gBuJWcCrmVDnQC
692=uZUYaAG5lSJoAbmVLGgBuZU2aAG5lUBoAbmVSmgBuZVUaAG5lV5oAbiVlA24lZQNuJWUDb
693=iVlA24lZQNuJWUDbiVlA24lZQNuJWUDbiVlA24lYgiuJWcILiVkB+5lSFkE7mVK2gBuZU1
694=aAG5lT9oAbmVSWgBuZVTaAG5lV1oAbiVlA24lZQNuJWUDbiVlA24lZQNuJWUDbiVlA24lZ
695=QNuJWUDbiVlA24lYQpuJWEKbiVhCm4lYQpuJWEKbiVhCm4lYQpuJWEKbiVhCm4lYQpuJWU
696=DbiVlA24lZQNuJWUDbiVlA24lZQNuJWUDbiVlA24lZQNuJWUDbiVnFe4lZBWuZUcaC25lS
697=ZoAbmVMGgBuZU6aAG5lURoAbmVTmgBuZVYaAG5lWJoAbiVlA24lZQNuJWUDbiVlA24lZQN
698=uJWUDbiVlA24lZQNuJWUDbiVlA2slJREoJOTKmAAu7+OaQBcJsYkaQAnuxJpAGUm8CQCaQ
699=BfAMTvBV0Ax6gBAmoAXQA/I+wkAQBqABT9jmoo5RJqKOUSaijlEmoo5hJqACflEmoo5hJq
700=ACflEmoo5RJq2pUBAGABJsYkagC4lZQCuZUFYAS5lQloAbmVDWgBuZUEaAG4lYAEuZUOdA
701=K5lRNoAbmVGGgBuJWcCrmVD3QCuZUZaAG5lSNoAbmVLWgBuZU3aAG5lUFoAbmVS2gBuZVV
702=aAG5lV9oAbiVlA24lZQNuJWUDbiVlA24lZQNuJWUDbiVlA24lZQNuJWUDbiVlA24lYgiuJ
703=WcILiVkB+5lSJkE7mVLGgBuZU2aAG5lUBoAbmVSmgBuZVUaAG5lV5oAbiVlA24lZQNuJWU
704=DbiVlA24lZQNuJWUDbiVlA24lZQNuJWUDbiVlA24lYQpuJWEKbiVhCm4lYQpuJWEKbiVhC
705=m4lYQpuJWEKbiVhCm4lYQpuJWUDbiVlA24lZQNuJWUDbiVlA24lZQNuJWUDbiVlA24lZQN
706=uJWUDbiVnFe4lZBWuZUdaC25lSdoAbmVMWgBuZU7aAG5lUVoAbmVT2gBuZVZaAG5lWNoAb
707=iVlA24lZUNeCM4LpQNuJWUDbiVlA24lZQNuJWUDbiVlA24lZQNuJWXDWkA3iRWN2oAuJWR
708=KmXvlGoAYSYfJWoAZiZXN2sAZfeRawAT9ZFrKGESayhhEmsoYRJrKGMSawB+KNkAfygpAI
709=AoKQCBKCkAgigpAIMoKQCEKCgAJ30mayiVE2solRNrKJUTa9CYAQIAAGslzSUGaAGxmApo
710=AbGYDmkBeSPZNwBpAXqJAQVpAXuIAY0FfIkBD3UCfYkBFGsBagByJFsnawBriAGZBmyIAZ
711=kGbYgBmQZuiAGYBqyfmBGtnxBwCa2fGmgBrZ8kaAGtny5oAa2fOGgBrZ9CaAGtn0xoAa2f
712=VmgBrZ9gaAGsn5QNrJ+UDayflA2sn5QNrJ+UDayflA2sn5QNrJ+UDayflA2sn5QNrJ+cIK
713=yfkB+tnxl4Ea2fI2gBrZ8taAGtnzdoAa2fQWgBrZ9LaAGtn1VoAa2fX2gBrJ+UDayflA2s
714=n5QNrJ+UDayflA2sn5QNrJ+UDayflA2sn5QNrJ+UDayfhCmsn4QprJ+EKayfhCmsn4QprJ
715=+EKayfhCmsn4QprJ+EKayfhCmsn5QNrJ+UDayflA2sn5QNrJ+UDayflA2sn5QNrJ+UDayf
716=lA2sn5QNqJuEYKibnFeom5BWqZsedC6pmyhoAambMmgBqZs8aAGpm0ZoAambUGgBqZtaaQ
717=FolZEBaAGhkwRrAVgA//lpWYgBlQJaiQEIYQRm75RsABLxgmwoYRJsKGESbChhEmwoYRJs
718=KGESbChiEmwAJ2ISbAAnYhJsACdiEmwAJ2ISbAAnYhJsACdhEmwo+SVsKGESbChhEmzUkQ
719=EDAABs1ZEHaAG1kQtoAbWRD2gBtZEBaAG1kQZoAbSRjAW1kRB0ArWRFWgBtJGYBrSRmAa0
720=kZgGtJGYBrSRmAa0kZgRtZERcAm1kRtoAbWRJWgBtZEvaQEdgdU5aAG1kUNoAbWRTWgBtZ
721=FXaAG1kWFoAbSRlA20kZQNtJGUDbSRlA20kZQNtJGUDbSRlA20kZQNtJGUDbSRlA20kZwg
722=tJGQH7WRGngRtZEkaAG1kS5oAbWROGgBtZFCaAG1kUxoAbWRVmgBtZFgaAG0kZQNtJGUDb
723=SRlA20kZQNtJGUDbSRlA20kZQNtJGUDbSRlA20kZQNtJGEKbSRhCm0kYQptJGEKbSRhCm0
724=kYQptJGEKbSRhCm0kYQptJGEKbSRlA20kZQNtJGUDbSRlA20kZQNtJGUDbSRlA20kZQNtJ
725=GUDbSRlA20kYhZtJGcV7SRkFa1kR90LrWRKWgBtZEzaAG1kT1oAbWRR2gBtZFRaAG1kVto
726=AbWRAmgBtZEFaAG0kYwQtJGUArSRAwkAAG0AEemQbSg1Em0oNRJtKDUSbSg1Em0oNRJtKD
727=USbSg1Em0oNRJtKDUSbSg1Em0oNRJtKDUSbSg1Em0oNRJtKDQSAm0AVABsu6ttAFWJAQJ1
728=GFaJAQBpAVeIAZQCqJCIAamQB2AEqZAMaAGpkBFoAamQFmgBqJCYBqiQmAaokJgGqJCYBq
729=iQmAapkAhkCKmQEmgBqZAcaAGpkCZoAamQMGgBqZA6aQEelZFEaAGpkE5oAamQWGgBqZBi
730=aAGokJQNqJCUDaiQlA2okJQNqJCUDaiQlA2okJQNqJCUDaiQlA2okJQNqJCcIKiQkB+pkB
731=t4EamQJWgBqZAvaAGpkDloAamQQ2gBqZBNaAGpkFdoAamQYWgBqJCUDaiQlA2okJQNqJCU
732=DaiQlA2okJQNqJCUDaiQlA2okJQNqJCUDaiQhCmokIQpqJCEKaiQhCmokIQpqJCEKaiQhC
733=mokIQpqJCEKaiQhCmokJQNqJCUDaiQlA2okJQNqJCUDaiQlA2okJQNqJCUDaiQlA2okJQN
734=qJCIWaiQnFeokJBWqZAgdC6pkCpoAamQNGgBqZA+aAGpkEhoAamQUmgBqZBcawFYAHXvc1
735=sA5+kBXIgBjRBdiQEEbwVeAOnhBF+JAQF1AmCIAZ14YYgBlwJiAOrtBWOIAZEJZIgBkAmp
736=mwZkCKmbCmsBaAAUJD9KbQBpiAEDAgAAbgAQ4Z5uKO0TbijtE24o7RNuKO0TbijtE24o7R
737=NuKO0TbijtE24o7RNuKO0TbijtE24o7RNuKO0TbijtE24o7RNuwZ4BaBehngNoAaCelAKg
738=npQCoJ6IAaGeCGwFoZ4NaAGhnhJoAaGeF2kBXiNVNwBpAV+JAQVpAWCJAQppAWGJAQ9oAQ
739=ACYgByAQAAFAAAbgBqAHIBAAADAAARAACmDQAgAAJuAGsAcgEAAAgAAG4AbAByAQAADWkB
740=bYkBEmkBbokBF2gBBBgAcwEAAAlpARmJARNpARqJAR1pARuJASdpARyJATFpAR2JATtpAR
741=6JAUVpAR+JAU9pASCJAVlpASGJAWNpASKIAZUNI4gBlQ0kiAGVDSWIAZUNJogBlQ0niAGV
742=DSiIAZUNKYgBlQ0qiAGVDSuIAZUNLIgBnSAtiAGRHy6JARx5ES+JASZpATCJATBpATGJAT
743=ppATKJAURpATOJAU5pATSJAVhpATWJAWJpATaIAZUNN4gBlQ04iAGVDTmIAZUNOogBlQ07
744=iAGVDTyIAZUNPYgBlQ0+iAGVDT+IAZUNQIgBhSlBiAGFKUKIAYUpQ4gBhSlEiAGFKUWIAY
745=UpRogBhSlHiAGFKUiIAYUpSYgBhSlKiAGVDUuIAZUNTIgBlQ1NiAGVDU6IAZUNT4gBlQ1Q
746=iAGVDVGIAZUNUogBlQ1TiAGVDW+JAQNxKnCIAZ1XcYgBkVZyiQEhYQRziQEraQF0iQE1aQ
747=F1iQE/aQF2iQFJaQF3iQFTaQF4iQFdaAECWAB1AQBjAG4AWSgoAARbAOcBAAABYQRciAGZ
748=EV2JAQV0AgNjAOoBAACVAmSIAZQCBFoA/wEAAAtgBAFlAAwCeAoEAG4AaAAUAtEJaYgBmw
749=ZnABWgBAJvAH4AVq8QbwB/KCkAgCgpAIEoKQCCKCkAgygpAIQoKwApAGvxCSqIAQMCAABv
750=AGOJAQBpAWSIAZQCBHkAcQEAAAR1AnqJAQlpAXuJAQ5pAXyJARNpAX2JARhpAV6BiAFpAV
751=+JAQZpAWCJAQtpAWGJARBpAWKJARVpAWqIAZUNa4gBlA2slJQNrJSUDayUlQ0PkDWJFxCJ
752=AQpxCRGJARRpARKJAR5pAROJAShpARSJATJpARWJATxpARaJAUZpAReJAVBoAbmgWmgBuK
753=CUDbiglA24oJQNuKCUDbiglA24oJQNuKCUDbiglA24oJQNuKCUDayUnCCslJAfrZQdeBGt
754=lCdoAa2UMWgBrZQ7aAGtlEVoAa2UT2gBrZRZaAGtlGNoAayUlA2slJQNrJSUDayUlA2slJ
755=QNrJSUDayUlA2slJQNrJSUDayUlA2slIQprJSEKayUhCmslIQprJSEKayUhCmslIQprJSE
756=KayUhCmslIQprJSUDayUlA2slJQNrJSUDayUlA2slJQNrJSUDayUlA2slJQNrJSVDVSMR5
757=UNVYgBlQ1WiAGVDVeIAZUNWIgBlQ1ZiAGVDVqIAZUNW4gBlQ1ciAGVDV2IAZQNpKKAZ6Si
758=lGWkoohkpaIibDyloixoAaWiNmgBpaJAaAGlokpoAaWiVGgBpaJeaQEj+6BvACgoKwArAH
759=f5imkoKACwmIWBaJ2ZA2cIZQAW6ZtmiAGDBCQAGfUCJYgBi5AmABr1AieIAQMCAABwAA7/
760=mXAAeSgpAHooKQB7KCkAfCgpAH0oKAAnTRVwKE4VcAAnThVwACdOFXAAJ04VcAAnThVwAK
761=GpAXgRoakDaAGgqZQCoKmXAiwAcLcjcAAtiQEEbQUuiQEIaQEviQEMaQEwgakAaQExiQEF
762=aQEyiQEKaQEziQEPaQE0iQEUaAGwrpQjsa4HdAKwrpwKsa4RdAKxrhZoAbSnnBW1pwt0Ar
763=WnFWgBtacfaAG1pyloAbWnM2gBtac9aAG1p0doAbWnUWgBtadbaAG0p5QNtKeUDbSnlA20
764=p5QNtKeUDbSnlA20p5QNtKeUDbSnlA20p5QNvJmEKbyZmCe8mYwmvZkeZBO9mShoAb2ZMm
765=gBvZk8aAG9mUZoAb2ZUGgBvZlaaAG8mYwbvJmMG7yZjBu8mYwbvJmMG7yZjBu8mYwbvJmM
766=G7yZjBu8mYwbvJmUDbyZlA28mZQNvJmUDbyZlA28mZQNvJmUDbyZlA28mZQNvJmUDbyZlA
767=28mZQNvJmUDbyZlA28mZQNvJmUDbyZlA28mZQNvJmUDbyZlQ1liJudNmaIAZ02Z4gBnTZo
768=iAGdNmmIAZ02aogBnTZriAGdNmyIAZ02bYgBnTZuiAGcNrSnkGy0p4RrtacZYDu1pyNoAb
769=WnLWgBtac3aAG1p0FoAbWnS2gBtadVaAG1p19pASvrpnAANfykAnAAIwAYtpxwALigiC24
770=oICIrJ+JASiYoAMFAABxAA39mXEoRRRxKEYUcQAnRhRxACdGFHEAJ0YUcQAnRRRxKJUpcS
771=hFFHEoRRRxKEUUcShFFHEo5ihxAKGeAmQToZ4BaAGgnpwVoZ4JdAKhng1oAaCejAWhngZ0
772=AqGeC2gBoZ4QaAGhnhVoAaGeA2gBoZ4IaAGgnpwKoZ4SdAKhnhdoAaCekBShngx0AqGeFm
773=gBoZ4gaAGhnipoAaGeNGgBoZ4+aAGhnkhoAaGeUmgBoZ5caAGgnpQNoJ6UDaCelA2gnpQN
774=oJ6UDaCelA2gnpQNoJ6UDaCelA2gnpQNoJ6EKaCemCegnowmoZ4fZBOhniloAaGeM2gBoZ
775=49aAGhnkdoAaGeUWgBoZ5baAGgnowboJ6MG6CejBugnowboJ6MG6CejBugnowboJ6MG6Ce
776=jBugnowboJ6UDaCelA2gnpQNoJ6UDaCelA2gnpQNoJ6UDaCelA2gnpQNoJ6UDaCelA2gnp
777=QNoJ6UDaCelA2gnpQNoJ6UDaCelA2gnpQNoJ6UDaCelA2gnpw2oJ6cNqCenDagnpw2oJ6c
778=NqCenDagnpw2oJ6cNqCenDagnpw2oJ6QbKCehGuhnhpgO6GeJGgBoZ4uaAGhnjhoAaGeQm
779=gBoZ5MaAGhnlZoAaGeYGgBJ8MTcQAq4Z5xKOwTAnEAKAD9JG8kcQApiAGIeqSiAwEAAHIA
780=DPWccijBE3IowRNyKMETcijBE3IowRNyKMETcijBE3IowRNyKMETcijBE3IowRNy1JyYEb
781=WcA2QTtZwCaAG1nAZoAbWcCmgBtZwOaAG0nIwFtZwHdAK1nAxoAbWcEWgBtZwWaAG1nARo
782=AbWcCWgBtJycCrWcE3QCtZwYaAG0nJAUtZwNdAK1nBdoAbWcIWgBtZwraAG1nDVoAbWcP2
783=gBtZxJaAG1nFNoAbWcXWgBtJyUDbSclA20nJQNtJyUDbSclA20nJQNtJyUDbSclA20nJQN
784=tJyUDbSchCm0nJgntJyMJrWcIGQTtZwqaAG1nDRoAbWcPmgBtZxIaAG1nFJoAbWcXGgBtJ
785=yMG7ScjBu0nIwbtJyMG7ScjBu0nIwbtJyMG7ScjBu0nIwbtJyMG7SclA20nJQNtJyUDbSc
786=lA20nJQNtJyUDbSclA20nJQNtJyUDbSclA20nJQNtJyUDbSclA20nJQNtJyUDbSclA20nJ
787=QNtJyUDbSclA20nJQNtJycNrScnDa0nJw2tJycNrScnDa0nJw2tJycNrScnDa0nJw2tJyc
788=NrSckGy0nIRrtZwbYDu1nCVoAbWcL2gBtZw5aAG1nENoAbWcTWgBtZxXaAG1nGFoASf5O3
789=IoaBMCcgAjAO2rm3IAJIgBiC20nIl6KoCeAwcAAHMAC/WccyjBE3MowRNzKMETcyjBE3Mo
790=wRNzKMETcyjBE3MowRNzKMETcyjBE3MowRNz1ZwAeBG1nAJoAbWcA2gBtJycFbWcC3QCtZ
791=wPaAG0nIwFtZwIdAK1nA1oAbWcEmgBtZwXaAG0nIAPtZwFdAK1nApoAbSciAy1nBR0ArWc
792=BGgBtZwOaAG1nBhoAbWcImgBtZwsaAG1nDZoAbWcQGgBtZxKaAG1nFRoAbWcXmgBtJyUDb
793=SclA20nJQNtJyUDbSclA20nJQNtJyUDbSclA20nJQNtJyUDbSchCm0nJgntJyMJrWcIWQT
794=tZwraAG1nDVoAbWcP2gBtZxJaAG1nFNoAbWcXWgBtJyMG7ScjBu0nIwbtJyMG7ScjBu0nI
795=wbtJyMG7ScjBu0nIwbtJyMG7SclA20nJQNtJyUDbSclA20nJQNtJyUDbSclA20nJQNtJyU
796=DbSclA20nJQNtJyUDbSclA20nJQNtJyUDbSclA20nJQNtJyUDbSclA20nJQNtJycNrScnD
797=a0nJw2tJycNrScnDa0nJw2tJycNrScnDa0nJw2tJycNrSckGy0nIRrtZwcYDu1nCZoAbWc
798=MGgBtZw6aAG1nERoAbWcTmgBtZxYaAG1nGJoASfpT3MolRNzyJucK7yZmREriJsDCwAAdA
799=AK6Zt0KJUTdCiVE3QolRN0KJUTdCiVE3QolRN0KJUTdCiVE3QolRN0KJUTdCiVE3TJmwF4
800=EambA2gBuZUEaAG5lQloAbmVDmgBuZUTaAG5lRhoAbiVkAm5lQZ0AriVhB65lRB0ArmVFW
801=gBuZUFaAG5lQ9oAbmVGWgBuZUjaAG5lS1oAbmVN2gBuZVBaAG5lUtoAbmVVWgBuZVfaAG4
802=lZQNuJWUDbiVlA24lZQNuJWUDbiVlA24lZQNuJWUDbiVlA24lZQNuJWEKbiVmCe4lYwmuZ
803=UiZBO5lSxoAbmVNmgBuZVAaAG5lUpoAbmVVGgBuZVeaAG4lYwbuJWMG7iVjBu4lYwbuJWM
804=G7iVjBu4lYwbuJWMG7iVjBu4lYwbuJWUDbiVlA24lZQNuJWUDbiVlA24lZQNuJWUDbiVlA
805=24lZQNuJWUDbiVlA24lZQNuJWUDbiVlA24lZQNuJWUDbiVlA0OWwBzAQAASwAAdABcAHMB
806=AAARAADDDQAgDlUAAHQAXQBzAQAAXwAAdABliQEEaQFmiQEOaQFniQEYaQFoiQEiaQFpiQ
807=EsaQFqiQE2aQFriQFAaQFsiQFKaQFtiQFUaQFuiQFeaQFviQEJaQFwiQETaQFxiQEdaQFy
808=iQEnaQFziQExaQF0iQE7aQF1iQFFaQF2iQFPaQF3iQFZaQF4iQFjaAECIwB1AQBgAAJ0AD
809=UAd+gBBCQA7QEAAAVjBCwA+fUCLYkBAXQCASsAEgJ0BgMAdAAuABrpAS+IAQUCAAB1AAkA
810=VrsGdQAKKCkACygpAAwoKQANKCkADigpAHQoKQB1KCkAdigpAHcoKQB4KCkAeSgpAHooKQ
811=B7KCkAfCgpAH0oKQB+KCsAYwBr6RdkiAGDGjIAb/UCM4kBA3kcNIkBBmsBbwBx4QRwiQEF
812=dQJxiQEKaQFyiQEPaQFziQEUaAEDXgByAQAAiQxfiQEHdQJgiQEMaQFhiQERaQFiiQEWaQ
813=EPiDiBDxCJARB1AhGJARppARKJASRpAROJAS5pARSJAThpARWJAUJpARaJAUxpAReJAVZp
814=ARiJAWBpARmIAZUNGogBlQ0biAGVDRyIAZUNHYgBlQ0eiAGVDR+IAZUNIIgBlQ0hiAGVDS
815=KIAZUNNogBmSc3iAGNJjiJARl5ETmJASNpATqJAS1pATuJATdpATyJAUFpAT2JAUtpAT6J
816=AVVpAT+JAV9pAUCIAY0bQYgBjRtCiAGNG0OIAY0bRIgBjRtFiAGNG0aIAY0bR4gBjRtIiA
817=GNG0mIAY0bSogBlQ1LiAGVDUyIAZUNTYgBlQ1OiAGVDU+IAZUNUIgBlQ1RiAGVDVKIAZUN
818=U4gBlQ1UiAGVDVWIAZUNVogBlQ1XiAGVDViIAZUNWYgBlQ1aiAGVDVuIAZUNXIgBlA28pJ
819=QNvKScNryknDa8pJw2vKScNryknDa8pJw2vKScNryknDa8pJw2vKScNifnEnUAMeWXdSgQ
820=EwJ1ACQA7uFyJYgBhHaslIkBMJiVAwUAAHYACPl/dijlEnYo5hJ2ACfmEnYAJ+YSdgAn5h
821=J2ACfmEnYAJ+YSdgAn5hJ2ACfmEnYAJ+YSdgAn5hJ2ACfmEnYAJ+YSdgAn5hJ2ACfmEnYA
822=J+YSdgC5lQF0GLmVA2gBuJWUArmVBHQCuZUHaAG4lYAEuZUGdAK5lQtoAbmVEGgBuZUVaA
823=G4lYgMuZUIdAK5lQ1oAbmVEmgBuZUXaAG4lYAPuZURdAK5lRtoAbmVJWgBuZUvaAG5lTlo
824=AbmVQ2gBuZVNaAG5lVdoAbmVYWgBuJWUDbiVlA24lZQNuJWUDbiVlA24lZQNuJWUDbiVlA
825=24lZQNuJWUDbiVmCe4lYwmuZUaeBG5lSRoAbmVLmgBuZU4aAG5lUJoAbmVTGgBuZVWaAG5
826=lWBoAbiVjBu4lYwbuJWMG7iVjBu4lYwbuJWMG7iVjBu4lYwbuJWMG7iVjBu4lZQNuJWUDb
827=iVlA24lZQNuJWUDbiVlA24lZQNuJWUDbiVlA24lZQNuJWUDbiVlA24lZQNuJWUDbiVlA24
828=lZQNuJWUDbiVlA24lZQNuJWUDbiVnDa4lZw2uJWcNriVnDa4lZw2uJWcNriVnDa4lZw2uJ
829=WcNriVnDYnuRJ2KI0SdsyUlHCslJt0MAAbJEsldgAxiAEBAgAAdyhZEXcoWRF3KFkRdyhZ
830=EXcoWRF3KFkRdyhZEXcoWRF3KFkRd82JAHQNrImAD6yJiAGtiQVgBK2JCGgBrImABK2JB3
831=QCrYkMaAGtiRFoAa2JFmgBrYkEaAGtiQloAa2JDmgBrYkTaAGtiRhpAQeRzxRpAQiJAR5p
832=AQmJAShpAQqJATJpAQuJATxpAQyJAUZpAQ2JAVBpAQ6JAVpoAayUgBqtlBJ0Aq2UHGgBrZ
833=QmaAGtlDBoAa2UOmgBrZREaAGtlE5oAa2UWGgBrZRiaAGslJQNrJSUDayUlA2slJQNrJSU
834=DayUlA2slJQNrJSUDayUlA2slJQNrJSYMqyUjDGtlBt4Ea2UJWgBrZQvaAGtlDloAa2UQ2
835=gBrZRNaAGtlFdoAa2UYWgBrJSMG6yUjBuslIwbrJSMG6yUjBuslIwbrJSMG6yUjBuslIwb
836=rJSMG6yUlA2slJQNrJSUDayUlA2slJQNrJSUDayUlA2slJQNrJSUDayUlA2slJQNrJSUDa
837=yUlA2slJQNrJSUDayUlA2slJQNrJSUDayUlA2slJQNrJScNqyUnDaslJ02aJxXnDaslJw2
838=rJScNqyUnDaslJw2rJScNqyUnDYnjRJ3KI0Sd8yUlHuslJh/oJMBAwAAeChhEngoYRJ4KG
839=ESeChhEngoYRJ4KGESeChhEngoYRJ41ZEBaAy0kZcNNABuJFsneAA1iQECYASokIAEqZAI
840=dAKpkA1oAamQEmgBqZAXaAGpkABoAamQBWgBqZAKaAGpkA9oAamQFGkBBpUuC2gBtZEVaA
841=G1kR9oAbWRKWgBtZEzaAG1kT1oAbWRR2gBtZFRaAG1kVtoAbWRCWgBtZETaAG1kR1oAbWR
842=J2gBtZExaAG1kTtoAbWRRWgBtZFPaAG1kVloAbWRY2gBtJGUDbSRlA20kZQNtJGUDbSRlA
843=20kZQNtJGUDbSRlA20kZQNtJGUDbSRhDS0kZgytZEceBG1kSZoAbWRMGgBtZE6aAG1kURo
844=AbWRTmgBtZFYaAG1kWJoAbSRjBu0kYwbtJGMG7SRjBu0kYwbtJGMG7SRjBu0kYwbtJGMG7
845=SRjBu0kZQNtJGUDbSRlA20kZQNtJGUDbSRlA20kZQNtJGUDbSRlA20kZQNtJGUDbSRlA20
846=kZQNtJGUDbSRlA20kZQNtJGUDbSRlA20kZQNtJGUDbSRnDa0kZw2tJGcNrSRnDa0kZw2tJ
847=GcNrSRnDa0kZw2tJGcNrSRnDYDIwAFAgAAiXokiQEGdzkxAAckbyR4ADKIAYEEM4gBAQYA
848=AHkoNRJ5KDUSeSg1EnkoNRJ5KDUSeSg1EnkoNhJ5ALGNAX0KNZGNA2gBsY0EaAGxjQloAb
849=GNDmgBsY0TaAGxjRhoAbCNkAmwjZwVsY0LYASxjRBoAbGNFWkBBZGNAmgBvY4MaAG9jhZo
850=Ab2OIGgBvY4qaAG9jjRoAb2OPmkBDJEJSGgBvY5SaAG9jlxoAb2OAGgBvY4KaAG9jhRoAb
851=2OHmgBvY4oaAG9jjJoAb2OPGgBvY5GaAG9jlBoAb2OWmgBpIGYJ6SBjCalgR1gBKWBJ2gB
852=pYExaAGlgTtoAaWBRWgBpYFPaAGlgVloAaWBY2gBpIGMG6SBjBukgYwbpIGMG6SBjBukgY
853=wbpIGMG6SBjBukgYwbpIGMG6SBlA2kgZQNpIGUDaSBlA2kgZQNpIGUDaSBlA2kgZQNpIGU
854=DaSBlA2kgZQNpIGUDaSBlA2kgZQNpIGUDaSBlA2kgZQNpIGUDaSBlA2kgZQNpIGcNqSBnD
855=akgZw2pIGcNqSBnDakgZw2pIGcNqSBnDakgZw2pIGdNhkmk1p5AB4oKQAfKCkAICgpACEo
856=KQBjKCkAZCgrABwA+yT/IHkAHYgBhWsaIwxWiXobiQEIYUYinI6EdrSRgAS1kQdhBDGcjo
857=AEtJGABLSRAwcAAHoABCZjSXoAcigpAHMoKAAnsUh6KLkSeii5EnoouRJ6KLkSeii4EgJ6
858=ADcAbaMaegA4iQECYQ85I2VaAGkBOokBA2kBO4kBBmkBPIgBgQQ9iAGBBD6IAYEEbSOQWo
859=EEbokBBXgGrZ8KaAGtnw9oAa2fFGgBtJyMELScnCC1nAxgBLWcEWgBtZwWaAG0nIwQtZwN
860=dAK1nBdoAbWcIWgBtZwraAG1nDVoAbWcP2kBDJWcSWgBtZxTaAG1nF1oAbWcAWgBtZwLaA
861=G1nBVoAbWcH2gBtZwpaAG1nDNoAbWcPWgBtZxHaAG1nFFoAbWcW2gBvI6UDbyOlA28jpQN
862=vI6UDbyOlA28jpQNvI6UDbyOlA28jpQNvI6UDbyOlA28jpQNvI6UDbyOlA28jpQNvI6UDb
863=yOlA28jpQNvI6UDbyOlA28jpQNvI6UDbyOlA28jpQNvI6UDbyOlA28jpQNvI6UDbyOlA28
864=jpUNY4A7jVJkiAGAUbSRlE+1kR50LrWRKGgBtZEyaAG1kTxoAbWRRmgBtZFQaAG1kVppAT
865=/3hnoANiaIWQJ6AB8A+v1tIIgBkR8hiAGYXqSMlAKkjJVaHpCNjWgZhIyABLyOlAK9jglg
866=D7yOkAm8joAEvY4IYASkjIkBNCMUW4kiNYgBAwIAAHsAA+WMeygJEnsoChJ7ACcJEnsoxS
867=R7KAkSeygJEnsoCRJ7KAkSe92OAXQNvY4DaAG8jpQCvY4EdAK9jgdoAbyOgAS8joAEvI6A
868=BLyOgAS9jgZ4Br2OC2gBvY4QaAG9jhVoAbyOjBC9jgh0Ar2ODWgBvY4SaAG9jhdoAbyOjB
869=C9jg50Ar2OGGgBvY4iaAG9jixoAb2ONmgBvY5AaAG9jkpoAb2OVGgBvY5eaAG8joQ0vY4M
870=dAK9jhZoAb2OIGgBvY4qaAG9jjRoAb2OPmgBvY5IaAG9jlJoAb2OXGgBvI6UDbyOlA28jp
871=QNvI6UDbyOlA28jpQNvI6UDbyOlA28jpQNvI6UDbyOlA28jpQNvI6UDbyOlA28jpQNvI6U
872=DbyOlA28jpQNvI6UDbyOlA28jpQNvI6UDbyOlA28jpQNvI6UDbyOlA28jgABPgAAewBbAH
873=MBAABIAAB7AFwAcxEAAAsOACAAAgEAAFIAAHsAXQBzAQAAXAAAewBjiQEBaQFkiQELaQFl
874=iQEVaQFmiQEfaQFniQEpaQFoiQEzaQFpiQE9aQFqiQFHaQFriQFRaQFsiQFbaAECPwB1AQ
875=BgAAN7ABkAAAKLAHsAGp0ABmAEBDUAGgIAAANpATaIAQUFAAB8AAIAVrsGfAADKCkABCgp
876=AHIoKQBzKCkAdCgpAHUoKQB2KCkAdygoAAE5AG8BmxB8ADqIAYEPO4kBCG0QPIkBAmkBPY
877=gBgQQ+iAGDBG0AceUIbokBB20Fb4kBDGkBcIkBEWkBcYkBFmgBBF4AcgEAAARpAV+JAQlp
878=AWCJAQ5pAWGJARNpAWKJARhpAQWQKo0QBokBD3UCB4kBGWkBCIkBI2kBCYkBLWkBCokBN2
879=kBC4kBQWkBDIkBS2kBDYkBVWkBDokBX2kBD4kBA2kBEIkBDWkBEYkBF2kBEokBIWkBE4kB
880=K2kBFIkBNWkBFYkBP2kBFokBSWkBF4kBU2kBGIkBXWkBQIgBlQ1BiAGVDUKIAZUNQ4gBlQ
881=1EiAGVDUWIAZUNRogBlQ1HiAGVDUiIAZUNSYgBlQ1KiAGVDUuIAZUNTIgBlQ1NiAGVDU6I
882=AZUNT4gBlQ1QiAGVDVGIAZUNUogBlQ1TiAGVDVSIAZUNVYgBlQ1WiAGVDVeIAZUNWIgBlQ
883=1ZiAGVDVqIAZUNW4gBlQ1ciAGUDbR7lA20e5BWtHuAUbR7lE+1eyB0LrV7KmgBtXs0aAG1
884=ez5oAbV7SGgBtXtSaAG1e1xoASd1D3zUe5gcATYAEQJofgEAfAA3iXoAbQU4iAGHEyEAxu
885=AEATIAHgXNBTOIAQMCAAB9AAH5dH0oJRB9KCYQfQAnJhB9ACcmEH0AJyYQfQAnJhB9ACcm
886=EH0AJyQQAn0APgBup4x9AD+IAYAPuX8AbBC5fwNoAbl/BmgBrH6UAq1+CHQCrX4NaAGtfh
887=JoAa1+F2gBrH6cCq1+BXQCrX4KaAGtfg9oAa1+FGgBrH6AD61+EHQCrX4aaAGtfiRoAa1+
888=LmgBrX44aAGtfkJoAa1+TGgBrX5WaAGtfmBoAa1+BGgBrX4OaAGtfhhoAa1+ImgBrX4saA
889=GtfjZoAa1+QGgBrX5KaAGtflRoAa1+XmgBrH6UDax+lA2sfpQNrH6UDax+lA2sfpQNrH6U
890=Dax+lA2sfpQNrH6UDax+lA2sfpQNrH6UDax+lA2sfpQNrH6UDax+lA2sfpQNrH6UDax+lA
891=2sfpQNrH6UDax+lA2sfpQNrH6UDax+lA2sfpQNrH6UDax+lA2sfpQNrH6MUqx+gFGsfpRP
892=rX4hdC6tfitoAa1+NWgBrX4/aAGtfkloAa1+U2gBrX5daQE65PoCfQAZAPHsaLR7jRA5gH
893=2DXCEAuqB9An0AIwDB6wEdAMLrAR4Aw+kBIigpACQoKwAfAMXjBCUAx+gBtYYBeBG0hgED
894=AAB+KKkQfiipEH4oqRB+KKkQfiipEH4oqRB+KKkQft2DAXwKvIOIDLyDlAK9gwRgBL2DB2
895=gBvIOUAr2DCXQCvYMOaAG9gxNoAb2DGGgBvIOcCr2DBnQCvYMLaAG9gxBoAb2DFWgBvIOA
896=D72DEXQCvYMbaAG9gyVoAb2DL2gBvYM5aAG9g0NoAb2DTWgBvYNXaAG9g2FoAb2DBWgBvY
897=MPaAG9gxloAb2DI2gBvYMtaAG9gzdoAb2DQWgBvYNLaAG9g1VoAb2DX2gBvIOUDbyDlA28
898=g5QNvIOUDbyDlA28g5QNvIOUDbyDlA28g5QNvIOUDbyDlA28g5QNvIOUDbyDlA28g5QNvI
899=OUDbyDlA28g5QNvIOUDbyDlA28g5QNvIOUDbyDlA28g5QNvIOUDbyDlA28g5QNvIOUDbyD
900=lA28g5QNvIOMUryDgFG8g5RPvYMidC69gyxoAb2DNmgBvYNAaAG9g0poAb2DVGgBvYNeaA
901=GwgotZOQAbp3Z+ADqJAQJjBCEAvvUCIygrAB0Av/cCHwDA6wEcAMTrAS4A0ukBL4gBiWQw
902=iQEMfQoxiQESaQEyiAEBGAAAfyglEH8oJxB/AG0mgyF/AG4oKQBvKCkAcCgpAHEoKAAnrS
903=F/KAERfygBEX/VhgBgD7WGAmgBtIaIAbWGBXQCtYYIaAG4f4AEuX8HdAK5fwxoAbl/EWgB
904=uX8WaAG4f4QIuX8SdAK5fxxoAbl/JmgBuX8waAG5fzpoAbl/RGgBuX9OaAG5f1hoAbl/Ym
905=gBuX8GaAG5fxBoAbl/GmgBuX8kaAG5fy5oAbl/OGgBuX9CaAG5f0xoAbl/VmgBuX9gaAG4
906=f5QNuH+UDbh/lA24f5QNuH+UDbh/lA24f5QNuH+UDbh/lA24f5QNuH+UDbh/lA24f5QNuH
907=+UDbh/lA24f5QNuH+UDbh/lA24f5QNuH+UDbh/lA24f5QNuH+UDbh/lA24f5QNuH+UDbh/
908=lA24f5QNuH+UDbh/lA24f4hOuX8PfCu5fxloAbl/I2gBuX8taQFoI30xN2gBuX9BaAG5f0
909=toAbl/VWgBuX9faAG4f4hZrX4DdwIjALyzd38AIeJ9fwAnnx9/ACXr/n8AIO9+fwAm6P4C
910=fwAbAMjlCB4oKACxggFoDLCCgGexgg10ArGCE2gBsIIBGQAAgCglEIAoJRCAKCYQgAAnJh
911=CAACcmEIAAJyUQgCgpIYAoJRCA2X8BaAy5fwNoAbR7iAG1ewh0ArV7DWgBtXsSaAG1exdo
912=AbV7CWgBtXsTaAG1ex1oAbV7J2gBtXsxaAG1eztoAbV7RWgBtXtPaAG1e1loAbV7Y2gBtX
913=sHaAG1exFoAbV7G2gBtXslaAG1ey9oAbV7OWgBtXtDaAG1e01oAbV7V2gBtXthaAG0e5QN
914=tHuUDbR7lA20e5QNtHuUDbR7lA20e5QNtHuUDbR7lA20e5QNtHuUDbR7lA20e5QNtHuUDb
915=R7lA20e5QNtHuUDbR7lA20e5QNtHuUDbR7lA20e5QNtHuUDbR7lA20e5QNtHuUDbR7lA20
916=e5QNtHuUDbR7lA21ewZwKrV7EGgBtXsaaAG1eyRoAbV7LmgBtXs4aAG1e0JoAbV7TGgBtX
917=tWaAG1e2BpATwm8y+AAD0oKwAZAPIkHDACgAA6APzpATuJAQJ5Bh0mwz+AACIoKACwd4AE
918=sHecYrF3DngGsXcUaAGwdwEaAACBKMUOgSjFDoEoxQ6BKMUOgSjFDoEoxQ6B2XQAcAm5dA
919=JoAbl0BGgBuXQJaAG5dA5oAbl0E2gBuXQYaAG4dJAJuXQKdAK5dBRoAbl0HmgBuXQoaAG5
920=dDJoAbl0PGgBuXRGaAG5dFBoAbl0WmgBuXQIaAG5dBJoAbl0HGgBuXQmaAG5dDBoAbl0Om
921=gBuXREaAG5dE5oAbl0WGgBuXRiaAG4dJQNuHSUDbh0lA24dJQNuHSUDbh0lA24dJQNuHSU
922=Dbh0lA24dJQNuHSUDbh0lA24dJQNuHSUDbh0lA24dJQNuHSUDbh0lA24dJQNuHSUDbh0lA
923=24dJQNuHSUDbh0lA24dJQNuHSUDbh0lA24dJQNuHSUDbh0lA25dAdwKrl0EWgBuXQbaAG5
924=dCVoAbl0L2gBuXQ5aAG5dENoAbl0TWgBuXRXaAG5dGFoASduDoEArXMBdQIamHSMEK1zA3
925=UCPJl0BWkBHSa7PoEAIvf0gQAh//GBACXzd4EAHurzgQC8eJAJvHiAZ714D3wKvXgVaAG8
926=eAUbAACCADYAQCPmTwCCKEkPgihJD4IoSQ+CKEkPgihJD4LdeAFwCb14A2gBvXgAaAG9eA
927=VoAb14CmgBvXgPaAG9eBRoAbF3C2gBsXcVaAGxdx9oAbF3KWgBsXczaAGxdz1oAbF3R2gB
928=sXdRaAGxd1toAbF3CWgBsXcTaAGxdx1oAbF3J2gBsXcxaAGxdztoAbF3RWgBsXdPaAGxd1
929=loAbF3Y2gBsHeUDbB3lA2wd5QNsHeUDbB3lA2wd5QNsHeUDbB3lA2wd5QNsHeUDbB3lA2w
930=d5QNsHeUDbB3lA2wd5QNsHeUDbB3lA2wd5QNsHeUDbB3lA2wd5QNsHeUDbB3lA2wd5QNsH
931=eUDbB3lA2wd5QNsHeUDbB3lA2wd5QNsXcIcCqxdxJoAbF3HGgBsXcmaAGxdzBoAbF3OmgB
932=sXdEaAGxd05oAbF3WGgBsXdiaAGldgJoAaR2gw88AP2j64IAPYgBjV0dJgM9ggAl53aCAC
933=Qmr02CACPzd4IAHybZLILFdgRoDKR2nGKldhB0AqV2FmgBpHYBHAAAgyiZDoMomQ6DKJkO
934=gyibDoMAQCPlagB5BkGJAQVpAUKJAQppAUOJAQ9pAUSJARRpAUWIAZkGRogBmQZHiAGZBk
935=iIAZkGSYgBmAatfgFkCK1+BmgBrX4LaAGtfhBoAa1+FWgBoX0WaAGhfSBoAaF9KmgBoX00
936=aAGhfT5oAaF9SGgBoX1SaAGhfVxoAaB9lBigfYgXoH2cFaF9HmwFoX0oaAGhfTJoAaF9PG
937=gBoX1GaAGhfVBoAaF9WmgBqG+UDahvlA2ob5QNqG+UDahvlA2ob5QNqG+UDahvlA2ob5QN
938=qG+UDahvlA2ob5QNqG+UDahvlA2ob5QNqG+UDahvlA2ob5QNqG+UDahvlA2pbwl4HKlvE2
939=gBqW8daAGpbydoAalvMWgBqW87aAGpb0VoAalvT2gBqW9ZaAGpb2NoASc9a4Pd5gN0ArRw
940=jBCpbwR1Aj6VcAdoASffHIMAJCbtSoMopSuDKLAcAYMAIAAlHzuDACYoKACo6IxdoHKQVq
941=FyEWgMoXIXaAGgcgMdAACEAGgma0qEAGnoAQqEAGoAVgEAAAAAAIQAEQAA0w0AIAxrAFYB
942=AAAAAACEAGwAVgFkAQEAhABtKCkAbigpAG8oKwBjAHHtBWSJAQVlCGWJAQppAWaJAQ9pAW
943=eJARRoAQRAAHIBAAABaQFBiQEGaQFCiQELaQFDiQEQaQFEiQEVaQFFiAGZBkaIAZkGR4gB
944=mQZIiAGZBkmIAZkGXokBAmUIX4kBB2kBYIkBDGkBYYkBEWkBYokBFmgBBAgAcwEAACFpAQ
945=mJAStpAQqJATVpAQuJAT9pAQyJAUlpAQ2JAVNpAQ6JAV1pAQ+IAYkXEIgBnRURiAGRFBKJ
946=AR9tBROJASlpARSJATNpARWJAT1pARaJAUdpAReJAVFpARiJAVtpAUqIAZUNS4gBlQ1MiA
947=GVDU2IAZUNTogBlQ1PiAGVDVCIAZUNUYgBlQ1SiAGVDVOIAZUNVIgBlQ1ViAGVDVaIAZUN
948=V4gBlQ1YiAGVDVmIAZUNWogBlQ1biAGVDVyIAZUNXYgBlA0EGQDyAQAABHgcBD4A/QEAAA
949=hpAT+IAYAPASIAuwLfVx0Av+sBIQDC6wEcAMTrASMAxesBHwDI6QElKCsAOADR9QI5iAED
950=BgAAhQBo52CFAGkoKQBqKCgAJzkNhSg5DYUoOg2FACc6DYUArWgBfAqsaIgMrWgLdAKtaB
951=BoAa1oFWgBrWgCaAGtaAdoAa1oDGgBrWgRaAGtaBZoAaxomAasaJgGrGiYBqxomAasaJgG
952=rWgDZAitaAhoAa1oDWgBrWgSaAGtaBdoAaFnLGgBoWc2aAGhZ0BoAaFnSmgBoWdUaAGhZ1
953=5oAaBnnBWgZ5AUoGeEE6FnIGwFoWcqaAGhZzRoAaFnPmgBoWdIaAGhZ1JoAaFnXGgBoGeU
954=DaBnlA2gZ5QNoGeUDaBnlA2gZ5QNoGeUDaBnlA2gZ5QNoGeUDaBnlA2gZ5QNoGeUDaBnlA
955=2gZ5QNoGeUDaBnlA2gZ5QNoGeUDaBnlw0/AN+utYUArWgFZx4jAL6jXIUAIfdlhQAg9mWF
956=AKRgmFOkYIFGOpBhAQ0AAIYoMQyGKDIMhgAnMgyGACcxDIYoMQyGKDEMhsVgAnAJpWAHaA
957=GlYAxoAaVgEWgBpWAWaAGlYANoAaVgCGgBpGCEE6VgEnQCpWAXaAGkYJgGpGCYBqRgmAak
958=YJgGpGCYBqVgBGQIpWAJaAGlYA5oAaVgE2gBpWAYaAG5XjdoAbleQWgBuV5LaAG5XlVoAb
959=leX2gBuF6QFLhehBO4XpgRuV4hbAW5XitoAbleNWgBuV4/aAG5XkloAbleU2gBuV5daAG4
960=XpQNuF6UDbhelA24XpQNuF6UDbhelA24XpQNuF6UDbhelA24XpQNuF6UDbhelA24XpQNuF
961=6UDbhelA24XpQNuF6UDbhelA24XpQNuF6UDbleAXscGwAMrF0ChgAZABbpARqIAYMEIADA
962=9QIjKCsAMQDG9wI9ANDoAbxikFa8YphIvGIBDgAAhyhdDIcoXQyHKF0MhyhdDIcoXwyHAF
963=4jmSQAZQhfiQEFaQFgiQEKaQFhiQEPaQFiiQEUaAG1yANoAa1oCGgBrWgNaAGtaBJoAa1o
964=F2gBrWgEaAGtaAloAaxolBitaBN0Aq1oGGgBrGiYBqxomAasaJgGrGiYBqxomAalYEJkCK
965=VgTGgBpWBWaAGlYGBoAaRgiAykYJwKpGCQCaVgImwFpWAsaAGlYDZoAaVgQGgBpWBKaAGl
966=YFRoAaVgXmgBpGCUDaRglA2kYJQNpGCUDaRglA2kYJQNpGCUDaRglA2kYJQNpGCUDaRglA
967=2kYJQNpGCUDaRglA2kYJQNpGCUDaRglA2kYJQNpGCUDaRglw0ZAHWjv4cAGigoAL1iAnMf
968=HQAEt1qHAB6IAZlIH4kBBmEEG4hkjVIciQEBdwIxALz5BjImHSWH3MWECLxiiEO8YpNWJg
969=DU+QYniAGNBSiIAQEGAACIKOEMiCjhDIgo4QyIKOAMAogAQgBvrxuIAEOJAQNlCESIAZEJ
970=GYlkAHUCGokBBWkBG4kBCmkBHIkBD2kBHYkBFGgBtXABaAG0cJAJtXALdAK1cBBoAbVwFW
971=gBtXAEaAG1cAloAbVwDmgBtXATaAG1cBhoAbhpkBS4aZAUuGmQFLhpkBS4aZAUrWhNZAit
972=aFdoAa1oYWgBrGiQCaxohAitaBlgBK1oI2gBrWgtaAGtaDdoAa1oQWgBrWhLaAGtaFVoAa
973=1oX2gBrGiUDaxolA2saJQNrGiUDaxolA2saJQNrGiUDaxolA2saJQNrGiUDaxolA2saJQN
974=rGiUDaxolA2saJQNrGiUDaxolA2saJQNrGiUDaxolQ0e42eIAEAoKQBBKCgAuGmUT6FnB2
975=kiMiZ1JYjcYohDvGKAO7ximEi8YohOvGKMBbxiAwcAAIkAYyZ/MYkAZCgpAGUoKQBmKCkA
976=ZygoACexMokoOQ2JKDkNic1oAWgMrWgEaAGsaIAPrGiABK1oBmAErWgLaAGtaBBoAa1oFW
977=gBrWgCaAGsaJAJrWgMdAKtaBFoAa1oFmgBsGGUDbBhlA2wYZQNsGGUDbBhlA2lYFhkCKVg
978=YmgBpGCECKRgmAalYBpgBKVgJGgBpWAuaAGlYDhoAaVgQmgBpWBMaAGlYFZoAaVgYGgBpG
979=CUDaRglA2kYJQNpGCUDaRglA2kYJQNpGCUDaRglA2kYJQNpGCUDaRglA2kYJQNpGCUDaRg
980=lA2kYJQNpGCUDaRglA2kYJQNpGCUDaRglA0nBgyJACfaC4kAJN09AHEfQCMJPgNoAaVgCG
981=sBMgC6tL0CiQAzAMfoAaRglDmkYJBApGCARqVgBWQIpGABCAAAiigFDIooBgyKACcGDIoA
982=JwYMigAnBQyKKEEZiigFDIrZXgJ8CrleBWgBuF6UDbhegAS5XgdgBLleDGgBuV4RaAG5Xh
983=ZoAbleA2gBuF6QCbleDXQCuV4SaAG5XhdoAbhelA24XpQNuF6UDbhelA24XpQNrV1jZAis
984=XZgGrF2MBa1dG2AErV0laAGtXS9oAa1dOWgBrV1DaAGtXU1oAa1dV2gBrV1haAGsXZQNrF
985=2UDaxdlA2sXZQNrF2UDaxdlA2sXZQNrF2UDaxdlA2sXZQNrF2UDaxdlA2sXZQNrF2UDaxd
986=lA2sXZQNrF2UDaxdlA2sXZQNrF2UDSevC4oAHyO5SQBkHqFcBGkBQYxdmREyJtc8igAxJm
987=FJiyilCosopQqLKKUKiyilCosopQqLKKQKAosAQwBuJGcjiwBEiAECAgAAiwCtUgNoAa1S
988=CGgBrVINaAGtUhJoAa1SF2gBrVIEaAGtUgloAa1SDmgBrVITaAGtUhhoAaxSlA2sUpQNrF
989=KUDaxSlA2sUpQNoFGMBaBRgAShURx8CqFRJmgBoVEwaAGhUTpoAaFRRGgBoVFOaAGhUVho
990=AaFRYmgBoFGUDaBRlA2gUZQNoFGUDaBRlA2gUZQNoFGUDaBRlA2gUZQNoFGUDaBRlA2gUZ
991=QNoFGUDaBRlA2gUZQNoFGUDaBRlA2gUZQNoFGUDaBRlA0nIQqLwVEBZR4gjVIHaAGgUZkR
992=Qo1SC3UCOibEOgWLAC4AzwIAAIk4L4gBAwYAAIwAXiZ7IIwAXygpAGAoKQBhKCkAYigoAC
993=cFIowoVQuMKFULjChVC4woVQuMyVkBYA+pWQNoAalZBGgBqVkJaAGpWQ5oAalZE2gBqVkY
994=aAGsUpgGrFKYBqxSmAasUpgGrFKYBqBRlAKhUR1wCaFRJ2gBoVExaAGhUTtoAaFRRWgBoV
995=FPaAGhUVloAaFRY2gBoFGYEaBRlA2gUZQNoFGUDaBRlA2gUZQNoFGUDaBRlA2gUZQNoFGU
996=DaBRlA2gUZQNoFGUDaBRlA2gUZQNoFGUDaBRlA2gUZQNoFGUDaBRlA0nIAoCjABCAN2hk4
997=zNUgJwH61SCGkBOueijAA556KMAD7vUowALYBRnEG4U5Q5uVMHZQgwgQQKaAEBJAAbBSM3
998=X4wAJYgBAQIAAI0o/QqNKP4KjQAn/gqNACf+Co0AJ/0KjShVFo0o/QqNKP0KjSj9Co3RVg
999=B0DbBWgQ8cI2Q5lQIdiQEDYQQeiQEGaQFZIww5gQRaiQEFdQJbiQEKaQFciQEPaQFdiQEU
1000=aAGsUpgGrFKMBaxSgAStUh5sBa1SKGgBrVIyaAGtUjxoAa1SRmkBGSPhZFBpARqJAVppAU
1001=WIAZUNRogBlQ1HiAGVDUiIAZUNSYgBlA2gXJQNoFyUDaBclA2gXJQNoFyUDaBclA2gXJQN
1002=oFyUDaBclA2gXJQNoFyUDaBclA2gXJQNoFyUDaBclQ0bJk02jcVVAWQeuPiQNaVVCXcCPg
1003=C9JEcqjQA95VWN2FOYPbhTiDi5Uwh4BrlTC2gBuFOIDLhTAQMAAI4oeQqOKHkKjih5Co4o
1004=eQqOKHkKjih5Co4oeQqOKHkKjs1SAWgMrFKUDaxSlAKtUgRgBK1SB2gBrFKABK1SBnQCrV
1005=ILaAGtUhBoAa1SFWgBoFGABKBRlAKhUR9gBKFRKWgBoVEzaAGhUT1oAaFRR2gBoVFRaAGh
1006=UVtoAaBRhBOgUZQNoFGUDaBRlA2gUZQNoFGUDaBRlA2gUZQNoFGUDaBRlA2gUZQNoFGUDa
1007=BRlA2gUZQNoFGUDaBRlA2gUZQNoFGUDaBRlA2gUZQNJyEKjsFRAmQeoFGFND4mazSOAD8m
1008=/UyPKO0IjyjtCI8o7QiPKO0IjyjtCI8o7QiPKO4IjwCoQwICAACPAKlDBWgBAAEeAG8BAA
1009=AIAACPAFkAcQEAAAIAEQAALw4AIA0AjwBaAHEBAAAHAACPAFsAaQEMaQFciQERaQFdiQEW
1010=aAEDEwBzAQAAiQEUiQEgdQIViQEqaQEWiQE0aQEXiQE+aQEYiQFIaQEZiQFSaQEaiQFcaQ
1011=FFiQECaQFGiAGNEEeIAZUNSIgBlQ1JiAGVDUqIAZUNS4gBlQ1MiAGVDU2IAZUNTogBlQ1P
1012=iAGVDVCIAZUNUYgBlQ1SiAGVDVOIAZUNVIgBlQ1ViAGVDVaIAZUNV4gBlQ1YiAGUDQIbAH
1013=UBAGMAjwBDKCkARCgoAARCAN0BAAADcB8EHwDyAQAABWgBAT4AuAJ0BgMAjwA/ALvrAT0A
1014=wusBOwDG6wFAAMeoAQKQAF4AVrcNkABfKCkAYCgpAGEoKQBiKCkAYygrABsAcOUIHIgBAw
1015=QAAJAAHYkBCGkBHokBDGkBWYlDA2kBWogBgAS5SA10ArlIEmgBuUgXaAGtRyFoAa1HK2gB
1016=rUc1aAGtRz9oAa1HSWgBrUdTaAGtR11oAaxHjBCsR4APrEeUDaxHlA2sR5QNrEeUDaxHlA
1017=2sR5QNrEeUDaxHlA2sR5QNrEeUDaxHlA2sR5QNrEeUDaxHlA2sR5QNrEeUDaxHlA2sR5QN
1018=J5QIApAAQgDb+TJDiAGPEB8A7PUCIIgBlwI9ALz/QTsAvekBPigrADoAwfUCOeVKkSjtCJ
1019=Eo7giRACfuCJEAJ+4IkQAn7giRAKBGAgEAAJEAoUYFaAGhRgloAaFGDWgBoUYEaAGgRoAE
1020=oUYOdAKhRhNoAaFGGGgBtUQsaAG1RDZoAbVEQGgBtURKaAG1RFRoAbVEXmgBtESAD7RElA
1021=20RIgMtUQibAW0RJQNtESUDbRElA20RJQNtESUDbRElA20RJQNtESUDbRElA20RJQNtESU
1022=DbRElA20RJQNtESUDbRElA20RJUNH+6JkQAnwQiRwEaYMqBGmBG0RIkBIYFGB2UeOueMkQ
1023=A57keRACfsCAKRAD4AvqNGkQAvKMMIMADD9wIxAMXpATPjk5IAWfuKkgBaKCkAWygpAFwo
1024=KQBdKCgAJxETkighCpIoIQqSKCAKApIAHwBsp2CSACCIAQECAACSzFKIAa1SBnQCrVIKaA
1025=GtUg5oAaVKN2gBpUpBaAGlSktoAaVKVWgBpUpfaAGlSgVoAaVKD2gBpUoZaAGlSiNoAaVK
1026=LWgBpEqUDaRKlA2kSpQNpEqUDaRKlA2kSpQNpEqUDaRKlA2kSpQNpEqUDaRKlA2kSpQNpE
1027=qUDaRKlA2kSpQNJxkJkthIhCm4SI8QJADn9S4liAGBBCaJAQR4HLFLCGkBIp1MC2sBJwAM
1028=tEQCkgA+ALrpATHrTpIAOygrADMAv+MELwDA6QEy55eSADgonQk84+CSAD/pAZMo9QmTKP
1029=YJkwAn9gmTACf2CZMAJ/UJkygZFJMo9QmTKPUJk8hOAQEAAJPJTgNoAbigiAGpTgd0AqlO
1030=C2gBqU4PaAG9TEJoAb1MTGgBvUxWaAG9TGBoAb1MBmgBvUwQaAG9TBpoAb1MJGgBvUwuaA
1031=G9TDhoAbxMlA28TJQNvEyUDbxMlA28TJQNvEyUDbxMlA28TJQNvEyUDbxMlA28TJQNvEyU
1032=DbxMlA28TJUNIeWXkyjkEgKTAEMA4LJLkwC8TIgtvEycK71MBW8bJwANq0OTACiIAY8FIg
1033=AW9QIjiAGUAicDHJMAMv+ZkwA4KCsAPQDE+QZB8UuUKBkJlCgZCZQoGQmUKBkJlCgZCZQo
1034=GQmUKBsJlAAljJQDAAAAlAAmiQECaAGxQE1oAbFAV2gBsUBhaQEbIzwpmQYciQEKdQIdiQ
1035=EUaQEeiQEeaQEfiQEoaQEgiQEyaQEhiQE8aQEiiQFGaQEjiQFQaQEkiQFaaAGpTgdoAalO
1036=EWgBqU4baAGpTiVoAalOL2gBqU45aAGpTkNoAahOjBuoTowbqE6MG6hOlA2oTpQNqE6UDa
1037=hOlA2oTpQNqE6UDahOlA2oTpQNqE6UDahOlQ0n6U6UKMkJlMlOAX8VKAD/t0+UACmJAQR1
1038=AiqJAQhpATjll5QoWxyUADL7lZQAQSgpADn7lZQAQP/mlAAx/EwBlAA6ACXpLpUonQmVKJ
1039=0JlSidCZUonQmVKJ0JlSidCZXQSwEBAACV0UsDaAGlSlhoAaVKYmgBpEqMBaVKC3QCpUoV
1040=aAGlSh9oAaVKKWgBpUozaAGlSj1oAaVKR2gBpUpRaAGlSltoAaVKCGgBpUoSaAGlShxoAa
1041=VKJmgBpUowaAGlSjpoAaVKRGgBpUpOaAGkSowbpEqMG6RKlA2kSpQNpEqUDaRKlA2kSpQN
1042=pEqUDaRKlA2kSpQNpEqUDaRKlA0nRQmVKEUJlcVKAnAUpEqILaVKBXQCpUoJaAEnrzeVAD
1043=gmJyaVADn7SJUAQCgpAD/nSpUAN/pIlQAn5hKVACddOJYoRQmWKEUJlihFCZYoRQmWKEQJ
1044=ApYAJQBvp2CWACaIAQMDAACWACeJAQZoAblIY2gBuUgCaAG5SAxoAblIFmgBuUggaAG5SC
1045=poAblINGgBuUg+aAG5SEhoAblIUmgBuUhcaAG5SAloAblIE2gBuUgdaAG5SCdoAblIMWgB
1046=uUg7aAG5SEVoAblIT2gBuUhZaAG4SIwbuEiUDbhIlA24SJQNuEiUDbhIlA24SJQNuEiUDb
1047=hIlA24SJQNuEiVDSjhk5YoGAkClgBCAOTtMUOIAYwxuEiMMblICmgXJ0kllijrLpYAPybb
1048=N5YAOuuQlwBUJrctlwBVKCkAVigpAFcoKQBYKCgAJ0EvlyhFCZcoRgmXACdLJZcAKJzbAw
1049=AAAJcAKYkBAmgBsUsBaAGxSwRoAbFLB2kBRJxMmQZFiQEDdQJGiQEGaQFHiAGBBEiIAYEE
1050=SYgBgQRPIyhCgQRQiQEFeQZRiQEKaQFSiQEPaQFTiQEUawFKAHKrLZcAS4gBmQZMiAGZBk
1051=2IAZkGTogBmAakYIwQpWANcAmlYBdoAaVgIWgBpWAraAGlYDVoAaVgP2gBpWBJaAGlYFNo
1052=AaVgXWgBvEGYJ7xBmScuI+AthR4viAGJLTCIAYMEMQDo7RsyiAGFCDOIAY8FKwDq4QQsiA
1053=GVAi2IAYQIvUwLbxA0AAQkmySXADWIAZEfNogBgTA6Ju1KlyiZL5coIwqXADv+mZcAJ/1B
1054=mChNCpgoTgqYACdOCpgAJ04KmAAnTQqYKJUTmChNCpgoTQqYwFEBAQAAmMFRA2kBKo1SAG
1055=kBK4kBAmgBuFOIAblTBXQCuVMIaAG4U5AJuVMEdAK5UwdoAbhTgAS4U4AEuFOABLhTgAS5
1056=UwZ4BrlTC2gBuVMQaAG5UxVoAbhTmAa4U5gGuFOYBrhTmAa4U5gGrVIOZAitUhhoAa1SIm
1057=gBrVIsaAGtUjZoAa1SQGgBrVJKaAGtUlRoAa1SXmkBMeeXmAAyKCkAMygpADQoKQA1KCgA
1058=qFmILahZiC2oWZgcqFmQNahZgAS4U5QCuFOUArRPnCsnNR2YKOVUmChfQ5gAOuaimAAnPl
1059=WYACcRVZkoIQqZKCEKmSghCpkoIQqZKCEKmSghCpkoIgqZALxMAgEAAJkAvUwDaAG5SAJo
1060=AblIBWgBuUgIaAG4SIAEuEiABLhIgQQlhZcAbQUmiAGBBCeJAQp1AiiJAQ9pASmJARRoAb
1061=RPnAq1Twd0ArVPDGgBtU8RaAG1TxZoAbRPmAa0T5gGtE+YBrRPmAa0T5gGqU4ZZAipTiNo
1062=AalOLWgBqU43aAGpTkFoAalOS2gBqU5VaAGpTl9pASwjsDKRHy2IAYUeLogBmRwviQEebQ
1063=UwiQEoaQExiQEyaQEyiQE8aQEziQFGaQE0iQFQaQE1iQFaawFDAHeyo5kAvEyDMEEAFLug
1064=mQBCiAGUIyfvVZkAPvecmQA6JgVDmihxCZoocQmaKHEJmihxCZoocQmaKHEJmsRKAQAAAJ
1065=rFSgJoAaRKlAKlSgN0AqVKBmgBpEqABKRKgASkSoAEpUoBbAWkSpQCpUoLdAKlShBoAaVK
1066=FWgBpEqQCaVKCHQCpUoNaAGlShJoAaVKF2gBpEqYBqRKmAakSpgGpEqYBqRKmAa5SCRkCL
1067=lILmgBuUg4aAG5SEJoAblITGgBuUhWaAG5SGBoAbhIhB64SJgcuEiMG7lIH2wFuUgpaAG5
1068=SDNoAblIPWgBuUhHaAG5SFFoAblIW2gBJxgJBZoAQADmAQAAhx42AO+yS5oApEqYEaRKlS
1069=M5JihCApoAOwDIqU6bKBkJmygZCZsoGQmbKBkJmygZCZvMRwEBAACbzUcDawFCAG6vEJsA
1070=Q4kBAnQCpEqMBaVKBHQCpUoHaAGkSoAEpEqABKRKgASkSpAJpEqUAqVKDGQIpUoRaAGlSh
1071=ZoAaRKkAmlSgl0AqVKDmgBpUoTaAGlShhoAaRKmAakSpgGpEqYBqRKmAakSpgGuUgvZAi5
1072=SDloAblIQ2gBuUhNaAG5SFdoAblIYWgBuEiYHLhIjBu4SIAauUggbAW5SCpoAblINGgBuU
1073=g+aAG5SEhoAblIUmgBuUhcaQE/jUcFaAG4SJkcQZUCDXQCpEqZMjeQS4giJ2BfAZsAOgAl
1074=s16cAE8mby+cAFAoKQBRKCkAUigpAFMoKAAn+TCcKPUJnCj1CZwo9QmcyE4BAAAAnMlOAm
1075=gBqU4BaAGpTgNoAahOgASpTgV0AqlOCGgBqE6ABKhOgASoToAEqE6QCahOlAKpTg1kCKlO
1076=EmgBqU4XaQFKhOSRFEuIAZ0KTIkBCmEETYkBD2kBTokBFGgBoUY6aAGhRkRoAaFGTmgBoU
1077=ZYaAGhRmJoAaBGkBSgRoQToEaYEaFGIWwFoUYraAGhRjVoAaFGP2gBoUZJaAGhRlNoAaFG
1078=XWkBQSbMJQ+cAD4A5gEAAAIAAJwAPwDmAQARAAB2DgAgAAYABgAAnABAAOYBAAAKAACcAD
1079=YA7wEAAAJpATeJAQVoAQI6AL4CAGAAA50ATwBWAWQBAQCdAFAoKQBRKCkAUigpAFMoKQBU
1080=KCkAVSgpAFYoKAAJKgBsAQAAAQAAnQAriQEDaAEEJQBxAQAABGkBJokBCWkBJ4kBDmkBKI
1081=kBE2kBKYkBGGkBSogBkQlLiQEGdQJMiQELaQFNiQEQaQFOiQEVaAEEIQBzAQAARWkBIokB
1082=T2kBI4kBWWkBJIkBY2kBLIgBhRMtiAGZES6IAY0QL4kBIm0FMIkBLGkBMYkBNmkBMokBQG
1083=kBM4kBSmkBNIkBVGkBNYkBXmkBQIkBAGkBQYkBCmkBQokBFGkBQ4kBHmkBRIkBKGkBRYkB
1084=MmkBRokBPGkBR4kBRmkBSIkBUGkBSYkBWmgBAz0A5QEAAIEwPohDiQE/iQEHYwQ2AOzxQD
1085=eIAYMEOgC890Q7AMepAZ4owQieKMIIngAnwgieACfCCJ4AJ8IIngAnwgieACfCCJ4AoDsC
1086=AgAAngChOwdoAaE7DGgBoTsRaAGhOxZoAbU5AGgBtTkKaAG1ORRpASWRHx5pASaJAShpAS
1087=eJATJpASiJATxpASmJAUZpASqJAVBpASuJAVpoAalDBWgBqUMPaAGpQxloAalDI2gBqUMt
1088=aAGpQzdoAalDQWgBqUNLaAGpQ1VoAalDX2gBqUMBaAGpQwtoAalDFWgBqUMfaAGpQyloAa
1089=lDM2gBqUM9aAGpQ0doAalDUWgBqUNbawE2AHWnP54APygpADyARowQrUcEbQU+lAKENLRE
1090=lQI4gEYBBwAAnyhpCJ8oaQifKGkInyhpCJ8oaQifKGgIAp8ANgBuuxGfADeJAQJ9Cj6JAQ
1091=BpAT+IAZQCrUcDdAKtRwhoAa1HDWgBrUcSaAGtRxdoAaFGC2gBoUYVaAGhRh9oAaFGKWgB
1092=oUYzaAGhRj1oAaFGR2gBoUZRaAGhRltoAaFGBmgBoUYQaAGhRhpoAaFGJGgBoUYuaAGhRj
1093=hoAaFGQmgBoUZMaAGhRlZoAaFGYGgBoEaIIqFGDHQCoUYWaAGhRiBoAaFGKmgBoUY0aAGh
1094=Rj5oAaFGSGgBoUZSaAGhRlxoAahDlA2pQwV0ArBAgTA5nEGfKzsAFbWGoChpCKAoaQigKG
1095=kIoChpCKAoaQig3EEBAQAAoN1BA2gBvEGUArxBlAK9QQRgBL1BCWgBvUEOaAG9QRNoAb1B
1096=GGgBsUAWaAGxQCBoAbFAKmgBsUA0aAGxQD5oAbFASGgBsUBSaAGxQFxoAbFAB2gBsUARaA
1097=GxQBtoAbFAJWgBsUAvaAGxQDloAbFAQ2gBsUBNaAGxQFdoAbFAYWgBsECcILFADXQCsUAX
1098=aAGxQCFoAbFAK2gBsUA1aAGxQD9oAbFASWgBsUBTaAGxQF1pATjrhaAAPSgoALg9mTI8hD
1099=+bETkAFvFAOogBAwEAAKEASianIKEASygpAEwoKQBNKCkATigoACe1IqEoGQmhKBkJoSga
1100=CaEAtTkhdA21OStoAbU5NWgBtTk/aAG1OUloAbU5U2gBtTldaAG1OQhoAbU5EmgBtTkcaA
1101=G1OSZoAbU5MGgBtTk6aAG1OURoAbU5TmgBtTlYaAG1OWJpATaRzwBpATeJAQppATiJARRp
1102=ATmJAR5pATqJAShpATuJATJpATyJATxpAT2JAUZpAT6JAVBpAT+JAVpoAa1HBGgBrUcOaA
1103=GtRxhoAa1HImgBrUcsaAGtRzZoAa1HQGgBrUdKaAGtR1RoAaxHAV4AAKIo5QeiKOYHogAn
1104=5geiACfmB6IAJ+UHoigBEaIo5QeiKOYHogCtPCxoDK08NmgBrTxAaAGtPEpoAa08VGgBrD
1105=yEE608CXQCrTwTaAGtPB1oAa08J2gBrTwxaAGtPDtoAa08RWgBrTxPaAGtPFloAa08Y2gB
1106=rTwBaAGtPAtoAa08FWgBrTwfaAGtPCloAa08M2gBrTw9aAGtPEdoAa08UWgBrTxbaAGtPA
1107=VoAa08D2gBrTwZaAGtPCNoAa08LWgBrTw3aAGtPEFoAa08S2gBrTxVaAGsPAFfAACjKI0H
1108=oyiNB6MojQejKI0HoyiNB6MojQejKI4HowC1OTd8CrU5QWgBtTlLaAG1OVVoAbQ5jBC1OQ
1109=B0ArU5CmgBtTkUaAG1OR5oAbU5KGgBtTkyaAG1OTxoAbU5RmgBtTlQaAG1OVpoAbU5AmgB
1110=tTkMaAG1ORZoAbU5IGgBtTkqaAG1OTRoAbU5PmgBtTlIaAG1OVJoAbU5XGgBtTkGaAG1OR
1111=BoAbU5GmgBtTkkaAG1OS5oAbU5OGgBtTlCaAG1OUxoAbU5VmgBtDkBYAAApCg1B6QoNQek
1112=KDUHpCg1B6QoNQekKDYHpAC9NkJwCb02TGgBvTZWaAG8NpQNvTYBdAK9NgtoAb02FWgBvT
1113=YfaAG9NiloAb02M2gBvTY9aAG9NkdoAb02UWgBvTZbaAG9NgNoAb02DWgBvTYXaAG9NiFo
1114=Ab02K2gBvTY1aAG9Nj9oAb02SWgBvTZTaAG9Nl1oAb02B2gBvTYRaAG9NhtoAb02JWgBvT
1115=YvaAG9NjloAb02Q2gBvTZNaAG9NldoAbw2AWEAAKUo3QalKN0GpSjdBqUo3QalKN4GpQCl
1116=NE1kCKU0V2gBpDScCqU0AnQCpTQMaAGlNBZoAaU0IGgBpTQqaAGlNDRoAaU0PmgBpTRIaA
1117=GlNFJoAaU0XGgBpTQEaAGlNA5oAaU0GGgBpTQiaAGlNCxoAaU0NmgBpTRAaAGlNEpoAaU0
1118=VGgBpTReaAGlNAhoAaU0EmgBpTQcaAGlNCZoAaU0MGgBpTQ6aAGlNERoAaU0TmgBpTRYaA
1119=GkNAFiAACmKIUGpiiFBqYohQamKIYGpgCtMVh4BqwxhAitMQN0Aq0xDWgBrTEXaAGtMSFo
1120=Aa0xK2gBrTE1aAGtMT9oAa0xSWgBrTFTaAGtMV1oAa0xBWgBrTEPaAGtMRloAa0xI2gBrT
1121=EtaAGtMTdoAa0xQWgBrTFLaAGtMVVoAa0xX2gBrTEJaAGtMRNoAa0xHWgBrTEnaAGtMTFo
1122=Aa0xO2gBrTFFaAGtMU9oAa0xWWgBrDEDYwAApwBFJpcppwBGKCkARygpAEgoKQBJKCgAJy
1123=ErpygJB6coCAcCpwBAAHIkI0ynAEGJAQZ1DUKJAQtpAUOJARBpAUSJARVoAaw8hBOtPAR0
1124=Aq08DmgBrTwYaAGtPCJoAa08LGgBrTw2aAGtPEBoAa08SmgBrTxUaAGtPF5oAaw8kBSsPI
1125=QTrTwaYAStPCRoAa08LmgBrTw4aAGtPEJoAa08TGgBrTxWaAGsPAFgAACoKNUFqCjWBagA
1126=J9YFqAAn1gWoACfVBago4QyoKNUFqMktAnwKqS0HaAGpLQxoAaktEWgBqS0WaAG9KwVoAb
1127=0rD2gBvSsZaAG9KyNoAb0rLWgBvSs3aAG9K0FoAb0rS2gBvStVaAG9K19oAbwrhBO8K5gR
1128=vSsbYAS9KyVoAb0rL2gBvSs5aAG9K0NoAb0rTWgBvStXaAG8KwFhAACpKH0FqSh9BakofQ
1129=WpKH0FqSh9BakofQWp0SoDcAmxKghoAbEqDWgBsSoSaAGxKhdoAaUpEGgBpSkaaAGlKSRo
1130=AaUpLmgBpSk4aAGlKUJoAaUpTGgBpSlWaAGlKWBoAaQpmBGkKYwQpSkcYASlKSZoAaUpMG
1131=gBpSk6aAGlKURoAaUpTmgBpSlYaAGkKQFiAACqKCUFqiglBaooJQWqKCUFqiglBarZJwRk
1132=CLknCWgBuScOaAG5JxNoAbknGGgBrSYbaAGtJiVoAa0mL2gBrSY5aAGtJkNoAa0mTWgBrS
1133=ZXaAGtJmFoAawmjBCsJoAPrSYdYAStJidoAa0mMWgBrSY7aAGtJkVoAa0mT2gBrSZZaAGs
1134=JgNjAACrAED/pKsAQSgpAEIoKQBDKCkARCgoACcpFqsoqQWrKKkFqyirBasANommAHUNN4
1135=kBBWkBOIkBCmkBOYkBD2kBOokBFGkBO4gBmQY8iAGZBj2IAZkGPogBmQY/iAGYBq0xJmQI
1136=rTEwaAGtMTpoAa0xRGgBrTFOaAGtMVhoAawxAWIAAKwodQSsKHYErAAndgSsACd2BKwAJ3
1137=UErCghCqwodQSsKHUErMkiAWgMqSIGaAGpIgtoAakiEGgBqSIVaAGoIpgGqCKYBqgimAao
1138=IpgGqCKYBr0gMWQIvSA7aAG9IEVoAb0gT2gBvSBZaAG8IANjAACtADHnP60AMigpADMoKQ
1139=A0KCkANSgoACdxCa0o+QStKPkErSj5BK0o+QStKPkErSj5BK3NJgJ4Ea0mB2gBrSYMaAGt
1140=JhFoAa0mFmgBrCaYBqwmmAasJpgGrCaYBqwmARYAAK4omgOuACeaA64AJ5oDrgAnmQOuKJ
1141=UIriiZA64omQOuKJkDriiZA64omQOuzRsDYA+tGwhoAa0bDWgBrRsSaAGtGxdoAawbmAas
1142=G5gGrBuYBqwbmAasGwEXAACvKEEDryhBA68oQQOvKEEDryhBA68oQQOvKEEDryhBA6/VGA
1143=RoDLUYCWgBtRgOaAG1GBNoAbUYGGgBtBiYBrQYmAa0GJgGtBiYBrQYARgAALAo6QKwKOsC
1144=sAA290+wADcoKQA4KCkAOSgpADooKQA7KCkAPCgpAD0oKQA+KCkAPygoACeBC7AooQSwKK
1145=EEsCihBLEokQKxKJECsSiSArEAJ5ICsQAnkgKxACeSArEAJ5ICsQAnkgKxACeSArEAJ5IC
1146=sQAnkQKxKDUHsSiRArEokQKyKDkCsig5ArIoOQKyKDkCsig5ArIoOQKyKDkCsig5ArIoOQ
1147=KyKDkCsig5ArIoOQKzKOEBsyjhAbMo4QGzKOEBsyjhAbMo4QGzKOEBsyjhAbMo4QGzKOEB
1148=tCiJAbQoiQG0KIkBtCiJAbQoiQG0KIkBtCiJAbQoiQG1KDEBtfAJDgAAtQA7AFYBAAAAAA
1149=C1ADwAEQAAOwBjAAhWAQAAAAAAtQA9ACcpAD7rAbYAOigpADsoKQA8KCgAJ9oAtwDgBA0A
1150=twA8AFYBAAAAAAAAAAAAEQAA

[Map]
Size=0,0,125,59
Theater=DESERT
LocalSize=3,6,119,47

[OverlayDataPack]
0=BQAAIP4AIACASwAAIP59FgCIBAYDAAEAAAP+9wEAigYHAAQABAAABAT+9gEAigYGAAAGAA
1=MAAAb+9wEAiQQAAQAEAAAEA/73AQCBA/4EAACCBgT+fAEAgGoAACD+fQAAiQQAAwADAAQA
2=Af72AQCKAwAGBAAABAAABP73AQCJBAAAAwQAAAYG/vYBAIED/gUAAIUEBwYAAf72AQCIBg
3=AGBAAEAAb+9wEAiQMEBgcGAAAGBP77AQCEBAAAA/79AQCBAf5+EQCAnwAAIP6SDgCEAwMA
4=BP76AQCLAwQAAAcGAwAAAAP+9gEAjQYAAwQAAAABAwAEBgP+8gEAggQE/gQAAIED/gQAAI
5=MDAAT+8QEAjwMAAAMAAAADAwADAAAAAf7yAQCDBAAE/gYAAIIGBP7yAQCOAwQABAYAAwAA
6=AQAEAAT+8gEAhgQABAAABv4EAACEBwQAAf7zAQCLBAAAAwABAAMEAAT+ZwEAgKYAACD+jw
7=AAggMD/gQAAIQEAAAB/voBAIIBA/6/BwCBAf7/AQCBA/79AQCCAQP+AQIAggME/voBAIcD
8=AAMABgAD/vkBAIYEBwQAAwT++AEAhAEAAAb+BQAAggED/vUBAIQDAAAE/gcAAIMEBAP+8Q
9=EAjwQAAAAEAwAAAAMEBgAAA/7xAQCNAwQEBAAAAAMAAAYAAf72AQCHBAAABgQAA/4EAACB
10=Af6jAQCAdwAAIP5SAACKBgcHAAAAAwAAAf70AQCFAQMABgT+BAAAgQT+/gEAggQD/v0BAI
11=ED/v4BAIEB/g0OAIED/vwBAIgBAAQAAwAAAf74AQCEAwAEBv4EAACBA/73AQCDBAAH/gYA
12=AIED/vUBAIsDAAYEAwABAwAABP6VAQCAaAAAIP5hAACBBP4GAACDBAcE/vUBAIsBAAAEAA
13=MAAAQAA/73AQCHBAYGAAQAA/75AQCGBAAABAAE/voBAIgBAAAEAAADAf77AQCCBgf+BAAA
14=gQT++QEAiAQGBAAEBgQD/vsBAIIEBP6WEQCAOQAAIP4fFgCDAwAB/vwBAIMEAAT+/AEAhg
15=QABAAAAf75AQCIBAYAAwAAAAP++AEAhwYABAAAAwT+3QEAgOIAACD+GwAAigYEAAAEAAAE
16=AAH+9QEAigQHAAAGAAQAAAT+9gEAggYA/gQABoMABAT+9wEAiwMGAAcAAAYAAAQB/vcBAI
17=cGAAQDAAQE/vcBAIgBAwADAAAABP7+AQCBA/77AQCEAwAAA/77AQCEAQADA/4pAACBA/7+
18=AQCIBgYAAwQDAAH+9QEAiwEDBgcABgAABAAD/vgBAIgHBgAEAAQABP70AQCMAwQEBwgAAA
19=YHAAcE/vQBAIQEAAAI/gQAB4MABgb+9QEAigMABAAIAAoHAAT+9wEAiQMABgYGBwcAA/6z
20=AQCAOAAAIP5GAACGBgAAAAcG/vkBAIYDAAQABAT++wEAgwQABP79AQCDBAAD/v0BAIIEBv
21=7/AQCBA/64FQCABQAAIP4AIACABQAAIP4AIACABQAAIP4AIACABQAAIP4AIACABQAAIP4A
22=IACABQAAIP4AIACABQAAIP4AIACABQAAIP4AIACABQAAIP4AIACABQAAIP4AIACABQAAIP
23=4AIACABQAAIP4AIACABQAAIP4AIACABQAAIP4AIACABQAAIP4AIACABQAAIP4AIACABQAA
24=IP4AIACABQAAIP4AIACABQAAIP4AIACABQAAIP4AIACABQAAIP4AIACABQAAIP4AIACA

[OverlayPack]
0=BQAAIP4AIP+ASwAAIP59Fv+IhISA/4H//4X+9wH/ioSE/4j/if//g4P+9gH/ioWH//+J/4
1=L//4n+9wH/iYX/iP+A//9/hv73Af+Bif4EAP+Cg4P+fAH/gGoAACD+fQD/iYH/hv+I/3//
2=gf72Af+Kf/+Ghv//gP//gv73Af+JhP//gYH//4KF/vYB/4GF/gUA/4WBgob/f/72Af+IiP
3=+Ehv+C/4L+9wH/iYmDiYiJ//+Ehf77Af+EgP//h/79Af+Bf/5+Ef+AoQAAIP6SDv+EcG3/
4=a/76Af+LbG///21ua////2r+9gH/jWv/Zm3///9paf9sbmr+8gH/gmhp/gQA/4Fr/gQA/4
5=Nu/3D+8QH/j2v//23/aP9tbv9u////aP7yAf+Dbv9v/gYA/4Jma/7yAf+QaW3/cG7/bf//
6=b/9p/2f/cP7wAf+GaP9v//9p/gQA/4RpZ/9t/vMB/4tp//9n/2f/am7/aP5nAf+ApgAAIP
7=6PAP+CaHD+BAD/hGf//27++gH/gmln/r8H/4GJ/v8B/4F//v0B/4KChf4BAv+ChYn++gH/
8=h4H/if+F/4b++QH/homGgv9/g/74Af+Eh///hv4FAP+ChoP+9QH/hIn//4X+BwD/g4CEf/
9=7xAf+Phv///4SC////gX+H//+H/vEB/41/g4aC////f///hv+G/vYB/4eB//+CgP+A/gQA
10=/4GA/qMB/4CAAAAg/lIA/4qFgYP///9///+H/vQB/4WIhP+Bg/4EAP+Bgv7+Af+Cg4X++g
11=H/hIj//4X+/gH/gYH+DQr/gYj+/wP/gX/+/AH/iIb/if+J//+I/vgB/4SI/4mC/gQA/4GG
12=/vcB/4OG/4L+BgD/gX/+9QH/i3//g4CI/4R///+I/pUB/4CRAAAg/mEA/4GI/gYA/4OBhI
13=T+9QH/i4P//4X/hP//g/+G/vcB/4d/gIT/hP+E/vkB/4qH//+B/4X///+A/vYB/4iA//+B
14=//+Ggv77Af+CgIL+BAD/gYD++QH/iISDgf9/gYSA/vsB/4KIhv4jBP+CtbX++wH//gUAtf
15=77Af/+BQC1/vsB//4FALX+9QX/gbX+ewH/gEUAACD+fwj/gbX+nw3/g4P/hv78Af+Dhf+B
16=/vwB/4aF/4P//4L++QH/iISB/4L///+E/vgB/4eA/4j//4WB/lAA/4G1/owB/4AmAQAg/h
17=sA/4qBhP//h///gv+H/k4A/4G1/qYB/4qAhP//gP+A//+C/k0A/4O1tbX+pgH/iYj/gIKC
18=g/+Ef/5OAP+DtbW1/qYB/4uGiP9///+A//+Ggv5LAP/+BAC1/qgB/4eE/4eJ/4F//ksA//
19=4FALX+pwH/iIiH/4n///+G/kwA//4FALX+rQH/gYf+TQD//gUAtf6pAf+Eif//h/5OAP/+
20=BQC1/qgB/4SG/4eI/ikA/4Fn/iUA//4FALX+1AH/iGtv/2tqb/9t/vUB/4tocGdv/27//2
21=v/a/74Af+IcGz/Z/9s/2j+9AH/jGhrbnBr//9paf9qaP70Af+Laf//amtubWj/a2n+9QH/
22=imf/bf9p/2tv/2v+9wH/iXD/ZmhmaWv/bf6zAf+AOAAAIP5GAP+GaP///25o/vkB/4Zr/2
23=z/aWn++wH/g2z/af79Af+DZ/9m/v0B/4Jra/7/Af+Bb/64Ff+ABQAAIP4AIP+ABQAAIP4A
24=IP+ABQAAIP4AIP+ABQAAIP4AIP+ABQAAIP4AIP+ABQAAIP4AIP+ABQAAIP4AIP+ABQAAIP
25=4AIP+ABQAAIP4AIP+ABQAAIP4AIP+ABQAAIP4AIP+ABQAAIP4AIP+ABQAAIP4AIP+ABQAA
26=IP4AIP+ABQAAIP4AIP+ABQAAIP4AIP+ABQAAIP4AIP+ABQAAIP4AIP+ABQAAIP4AIP+ABQ
27=AAIP4AIP+ABQAAIP4AIP+ABQAAIP4AIP+A

[SpecialFlags]
Inert=no
FogOfWar=no
IonStorms=no
MCVDeploy=no
Meteorites=no
Visceroids=yes
FixedAlliance=no
TiberiumGrows=yes
InitialVeteran=no
HarvesterImmune=no
TiberiumSpreads=yes
TiberiumExplosive=no
DestroyableBridges=yes

[Structures]
0=Neutral,TIBSPRDV,256,128,32,64,None,1,0,1,0,0,None,None,None,0,0
1=Neutral,TIBSPRDV,256,31,129,64,None,1,0,1,0,0,None,None,None,0,0
2=Neutral,TIBSPRDC1,256,72,142,64,None,1,0,1,0,0,None,None,None,0,0
3=Neutral,TIBSPRDC1,256,149,60,64,None,1,0,1,0,0,None,None,None,0,0
4=Neutral,PROC,256,93,84,64,None,1,0,1,0,0,None,None,None,0,0
5=Neutral,TIBSPRDV,256,102,96,64,None,1,0,1,0,0,None,None,None,0,0
6=Neutral,TIBSPRDV,256,85,76,64,None,1,0,1,0,0,None,None,None,0,0
7=Neutral,V19,256,52,113,64,None,1,0,1,0,0,None,None,None,0,0
8=Neutral,V19,256,90,86,64,None,1,0,1,0,0,None,None,None,0,0
9=Neutral,V19,256,97,82,64,None,1,0,1,0,0,None,None,None,0,0
10=Neutral,V20,256,127,55,64,None,1,0,1,0,0,None,None,None,0,0
11=Neutral,V22,256,143,34,64,None,1,0,1,0,0,None,None,None,0,0
12=Neutral,V25,256,117,40,64,None,1,0,1,0,0,None,None,None,0,0
13=Neutral,V25,256,50,115,64,None,1,0,1,0,0,None,None,None,0,0
14=Neutral,V23,256,51,117,64,None,1,0,1,0,0,None,None,None,0,0
15=Neutral,V29,256,44,137,64,None,1,0,1,0,0,None,None,None,0,0
16=Neutral,V33,256,65,132,64,None,1,0,1,0,0,None,None,None,0,0
17=Neutral,WOODCRATE,256,117,40,64,None,1,0,1,0,0,None,None,None,0,0
18=Neutral,WOODCRATE,256,50,115,64,None,1,0,1,0,0,None,None,None,0,0
19=Spawn1,NODE1,256,32,107,64,None,1,0,1,0,0,None,None,None,0,0
20=Spawn2,NODE1,256,128,13,64,None,1,0,1,0,0,None,None,None,0,0
21=Spawn1,NODE1,256,83,150,64,None,1,0,1,0,0,None,None,None,0,0
22=Spawn2,NODE1,256,166,67,64,None,1,0,1,0,0,None,None,None,0,0

[TaskForces]

[Terrain]
30137=WROCK01
32128=VINTREE
34121=WROCK02
35115=WROCK01
36141=BR3
38109=WROCK01
43130=T06
44121=T18
45148=T09
47124=BR5
51119=WROCK02
53153=WROCK01
54150=T02
60134=T18
60149=TIBTREE
62159=WROCK02
65136=WROCK01
67081=WROCK01
67083=BR2
74076=T04
74095=T09
76085=VINTREE2
85083=BR1
85101=BR2
89088=WROCK01
96095=T18
96102=VINTREE3
99094=WROCK02
105102=T05
109053=T04
116043=WROCK01
118047=T16
118060=BR2
121036=T02
121038=BR7
121041=T05
123054=BR4
127046=T16
128040=BR3
128061=BR5
129021=WROCK02
129031=VINTREE
129078=WROCK02
130040=BR4
134038=T01
136037=WROCK02
138052=T07
141062=T09
142072=TIBTREE
143052=WROCK01
143061=BR3
147066=WROCK01
148059=BR1
148064=WROCK02

[Units]
0=Neutral,HARV,256,97,88,64,Harvest,None,0,-1,0,-1,1,0

[Waypoints]
0=129051
1=48136

[Digest]
1=zDCj/neE46NENhAjL48r2JpmB8s=

