[Basic]
Name=Sand Trap
Author=Bittah Commander
Percent=0
GameMode=Custom Map
HomeCell=98
InitTime=10000
Official=yes
EndOfGame=no
FreeRadar=no
MaxPlayer=8
MinPlayer=2
SkipScore=no
TrainCrate=no
TruckCrate=no
AltHomeCell=99
OneTimeOnly=no
CarryOverCap=0
NewINIFormat=4
NextScenario=
SkipMapSelect=no
CarryOverMoney=0
AltNextScenario=
MultiplayerOnly=yes
IceGrowthEnabled=yes
VeinGrowthEnabled=yes
TiberiumGrowthEnabled=yes
IgnoreGlobalAITriggers=no
TiberiumDeathToVisceroid=yes
RequiredAddOn=0

[TIBSPRDA]
LightRedTint=0.125
LightBlueTint=0.000
LightGreenTint=0.125
LightIntensity=0.001
LightVisibility=1750

[TIBSPRDR]
LightRedTint=0.005
LightBlueTint=0.005
LightGreenTint=0.25
LightIntensity=0.002
LightVisibility=1750

[TIBSPRDV]
LightRedTint=0.005
LightBlueTint=0.25
LightGreenTint=0.125
LightIntensity=0.004
LightVisibility=1750

[Lighting]
Red=1
Blue=1
Green=1
Level=0.032
Ground=0
Ambient=1
IonBlue=1
IonGreen=1
IonLevel=0.032
IonGround=0
IonAmbient=0.85
IonRed=0

[Map]
Size=0,0,73,84
Theater=DESERT
LocalSize=6,8,61,68

[SpecialFlags]
Inert=no
FogOfWar=no
IonStorms=no
MCVDeploy=no
Meteorites=no
Visceroids=yes
FixedAlliance=no
TiberiumGrows=yes
InitialVeteran=no
HarvesterImmune=no
TiberiumSpreads=yes
TiberiumExplosive=no
DestroyableBridges=yes

[Digest]
1=Fag7wppT6CUQKkoB6lH/2Dpl/jY=

[IsoMapPack5]
1=4Q4AIAQNAFQABQoAYAACDQBVAAioAQ4OAFYA/gEAAAEAAA4AVAD9CXwDAwAOAFUAAKEED8
2=AEAwIAAA8AV40FBmsBVAD6rAUCDwBVAALvBVMABakBENgGAQMAABDZBgdpAViFCAtoAQFV
3=AAoClw0QAFPjDxAAVPAJAxEAVgBWAYMEEQBXKCkAWCgpAFkoKAABVAAIApUYEWwbBgIAAA
4=MAABEAU/QYAREAUgDHExIAVfkGEiiJARIoigESACeKARIAJ4sBEgBaKNgAC1QA4QEAAAYA
5=ABIASgDGtxgSAFL3GBIAU/UYEyi1ARMotQETKLUBEyi1ARMotQETKLcBEwBb4w8TAFOADw
6=IBAAATAK0QB2sBSgC9rBACEwBJAMLrAVIAAa0xFCgNAhQoDQIUKA0CFCgNAhQoDQIUKA0C
7=FCgPAhQAXPkRFNgRAQIAABTZEQhrAUoAu6wQAhQASQC86wFLAMfpAVL4MgIUAFEAB7EUFS
8=iRAhUokQIVKJECFSiRAhUokQIVKJECFSiRAhUokwIVAF39FRXcFQEDAAAV3RUJawFRAOqm
9=ExUAJ80EFig5AhYoOQIWKDkCFig5AhYoOQIWKDkCFig5AhYoOQIWKDsCFgBe5RMW2BEDCg
10=AAFgBR51UWAFP5dBZlEw2RYRcoZQIXKGUCFyhlAhcoZQIXKGUCFyhlAhcoZQIXKGUCFyhl
11=AhcoZQIXxBMFCwAAFwBfABijJRcAUexdAhcAUgD+pYEXKNkLGCiRAhgokQIYKJECGCiRAh
12=gokQIYKJECGCiRAhgokQIYKJECGCiRAhhsEKuFGABThIwDBAAAGABUiQEIaAGpFwFpAVH3
13=TxgAUOgtAhgAYAAJoVEZKGUCGShlAhkoZQIZKGUCGShlAhkoZAICGQBVAG+7ERkAVogBAw
14=MAABkAV4kBBmkBUoUTAWgBvRUFaAG9FQlrAV4ABrOYGQBfiAGZBj3zjRkAPygpAEkoKQBQ
15=9rIZACebAxkAYOeBGQBP5B4CGQBKAAulHhooxQMaKMUDGijFAxooxQMaKMUDGtgcAQEAAB
16=rZHARoAbkcB2gBuRwCaAG5HAZoAbkcCmkBXYwbhAikHocISQC4vEwCGgA/ALrrAT0AvukB
17=SPScAhoAQADD9wJBAMXpAUrzjRoAT+dVGgBQ51UaAGDzQBoAUe+1GgBf9yMaAEz9QRsodQ
18=QbKHUEGyh1BBvcIAECAAAb3SAFaAG9IAhoAb0gA2gBvSAHaAG9IAtoAQRbAAACAAAEaQFc
19=iAGYBrQjnQpR8+UbAEHrIhsAPfurGwBIKCsAPwC/vyAbAEkoKQA+4yUbAEL3IxsAUO+fGw
20=BM70cbAF/jJRsAT+MlGwBg4CUCGwBNAASvRxsATigpAEr7JxsAXigrAEsABqwFAhwARgA+
21=jJgBABwAU5BhAwAAABwAVIkBA2gBoWcGawFWAHCvaBwAV4kBBHUCWIkBCGkBWYkBDGsBUg
22=B07QVamScBdAKxKgVoAbEqCWkBUCanIBwAUYgBgQ9B4CUCHABAAMS7JxwATesiHABOKCsA
23=TAD/oZ4cKHcEHABe9CMCHABKAAPlHl39IB3EHgEBAAAdxR4EaAGlHgdoAaQegASlHgV0Aq
24=UeCWgBpR4NaAG5HAJoAbkcBmsBUAAHqRcdYOujiB0AUpQCgQRe+z0dAE39Yh0oFwMdAF37
25=PR0AXCjrAk4AAbHPHtQYAQIAAB7VGAVoAbUYCGgBtBiABLUYBnQCtRgKaAG1GA5oAbUYA2
26=gBqRcBaQFRnRUEaAGpFwdrAU4A/LcuHgBN4TAeKOkCHijrAh4AW+sXHgBJ/3geAEsoKQBc
27=4BoCHwBUAG6vRx8AVYgBAgIAAB8AtRgDaAG1GAdoAbUYC2gBBFkA9wEAAAVpAVqJAQlrAV
28=MAAaEwH9UuCHUCTustHwBbKCkAT/NsHwBcKCkASe8bHwBd50ofAErzbB8AUCgpAEwmeCAC
29=HwBRAAqrTh8AS+0bIMwbAQEAACDNGwNrAVcAdaQeAiAAVgB36QFYlRgCYAStGwZoAa0bCm
30=gBrBuTCVEA6LscIABJ50ogAFwoKQBK+xwgAEvvGyAATCgpAE4oKQBQ604gAFvj1SAAT/sc
31=IABN44ggAEjrOCAAUugBAiEAVgB2thghALQYAgMAACEAvRUCaQFUmTIGaQFViQEKawFMAA
32=S1GCF9mQIjzTAhfZkCI28vIQBL8K4CIQBXACHvBVEA4ukBSPscIQBb4xohAE/qOCEAJ20D
33=ISIAJ6c0IQBK4zshAEn7HCEAWigpAFn/VyEAXOM7IgBN8TUizBsDAwAAIgBUgRoHaAGtGw
34=toAQRMAAMCAAAIaQFOmByBBEqBngF1AkuIAYcIVgAQoRoi2ByBBDXt7CIoryEiAEEmryEi
35=ADb3yCIAT+Y/IgAnSwQiAFD3IyIASe48IgAn8y8iAFooVQBR8x8iAFjzHyIAWetZIwBMJq
36=8sIwBNKCsASgDbpz8jAEuIAQEDAAAjyTgIaAGtGwFrAVUAErkcIyhXISMANeK/IwAnDRgj
37=KFchIwA0+8EjAFLvwCMAWCgpAFHhkyMogyEjAFn9QSMo8wMjAFrnPyMAR+ceIwBTKCkAV/
38=MfIwBGJms0IwBPKCkAVO9+IwBI9SMkKHUEJCh2BCQAtCMBAQAAJNUjBGsBTgD/rSYkZVUB
39=I9shJABQlQIIYAQn/yAkAD7zHyQAR/U5JCjxLyQoyUAkIgwuobQkIsA/6AEn5QckKDc+JA
40=BY5z8kAFbzHyQAVeB9AiQASAAMtWUlKG0DJShtAyXMGwECAAAlzRsFaAGtGwFpAU+AGpQC
41=rRsJdQJS51UlAFUoKAAnbwMlAEj/NiUAU/94JQBR45MlAEnpOCUor0IlAFbr/iUAWCgpAC
42=rvGyUAKe8bJQAo9zklACv3OSYASCIEKCJ1JCYoxQMmKMcDJgBO+14mAEkj+DADAAAAJgBK
43=iQEEaQFLiQEIaAGxHwZoAbEfCmkBK/NWJgAq7xsmAFEoKQBH+xwmACXrFyYALCgrACQABb
44=syJgAmKOkCLSgpAFLpAScoFQMnKBUDJygXAycAT+EaJ8AaAQEAACfBGgVoAaEaCWgBtRgL
45=awFRAAu8eAInAFcAzOkBRvc5JwAj+xwnACQoKQAlKCkAJigoACfnBycALOc/JwAr6yInAC
46=3lVScoBxcnACfrIicAKCgpACko8QNIKCkARePVKABMI4AhAwAAACgATYkBAmkBTvnXKNwg
47=lAKhOwZgBL0gCmkBTyN5KwRpAVCJAQhrAVEAD78gKABA6yIoACL5HCgoSQQoKEoEKAAnSg
48=QoACdLBCgAJyjZACgoKQApKCkAReWBKCjLSygALe0mKGhZtkQoACcHDCgARuVgKCjbCygA
49=Lv/bKABTKCkAR+ubKQA9Js0wKdgnAQEAACnZJwNoAbBhiAGtJgd0Aq0mC2kBToAlmAa5Jw
50=V3AkgACawmAikAQwDJ6AEDYADOAgAAhQhhiQEObAUncwkpACH9ICkofQUpKH0FKSh9BSko
51=fQUpKH0FKSh+BSkAJ34FKQAnfwUpACooiAEnxw4pAEXucykAJ5sOKQBS9ZEpKDNDKQBR6y
52=0pAC/zjSkALO9SKQAwKCkALSYZQCoomw4qAEkjTDYDAAAAKgBKiQEDaQFLiQEGaQFMJhAp
53=AyoASADkASPyJCoAqS0CYASoLY0FX4UpAXQCvSsIaAG9Kw9oAScHTioAIPEfKiipBSooqQ
54=UqKKkFKiipBSooqQUqKKkFKiipBSooqQUqKKkFKiiqBSoAJ6oFKgAngwsqACz7fyoAUOMw
55=KgAw9y4qAEcoKQBG54EqAC31LiooAQYqKK0LKyipBSvILQEBAAAryS0EaAGpLQdpAUwmdz
56=srAEeILYwFtC6MBbUuA2wFqS0CaAGpLQloAaktEGkBH/0rKyipBSsoqQUrKKkFKyipBSso
57=qQUrKKkFKyipBSsoqQUrKKkFKyipBSsoqQUrKKkFKyjTFSsARf+vKwBG9y4rAC3zKisALi
58=goACe7KCsAUihVADX30ysAU+dgKwBE7TErKB8lKwA25mArACdLJSsAL+mQK3g9JM87LABP
59=6/MsAGj1kSzcNgECAAAs3TYFaAG9NghpAUwmvS4s3DaMBbw2jwVOAA6/jiwATSZqVSwAvT
60=YKZAi9NhFpAWKNaBhoAQFFAPQEIqAgAQAsAB72OSwAJ2EHLChhBywoYQcsKGEHLChhBywo
61=YQcsKGEHLChhBywoYQcsKGEHLChhBywoYQcsKGMHLABRKGUCLf3FLChLMCwANvs9LAA168
62=csAC7nPywARv1tLCiXEywAVCZ3JSwAMOc/LAA3KCgAJ8ETLCjDEywAOPs9LAAz//EsADH4
63=PQItAEoAbCRXLC0AS4gBAwIAAC0ASevzLQBMKCkASCPJNQBhBEcmUTEtyTgBdAKpOAtoAa
64=k4EmgBqTgZaQFjlTkgaQEd4SUtKDUHLSg1By0oNQctKDUHLSg1By0oNQctKDUHLSg1By0o
65=NQctKDUHLSg1By0oNQctKDUHLSg3By0ALCiRAi0oKQAwKCgAJ2tVLQAz9zktADcoKAAnYQ
66=ctKHcPLQA49actKBpWLQAn7z8tAE7rei0AMet6LQBFKCgAJ7sHLQA14X0tKM8PLQAy5z8t
67=ADQouQc26QEuxD8BAQAALsU/A2kBSf7bLgAnqRsuIsg1JJhxAi4ATQAgsHcCLgBEAMvoAa
68=U/DGQIpT8TaAGlPxpoAaU/IWgBJ+9VLgAc5ikuACc9CC4oPQguKD0ILig9CC4oPQguKD0I
69=Lig9CC4oPQguKD0ILig9CC4oPQguKD0ILig9CC4oPQguKD0ILig+CC4AJz8ILgAuKBUDRu
70=5+LgAn90suADL9QS5sqiSPKC4AMOt6LgA1/3guADTnPy4AL+k4LijbFi4AMf14LigvSC4A
71=MyhhB0coKQA6JpMjLwBLJtUxL9Q5AwIAAC8ASYl6BmkBSokBCmkBTCN5YgNpAU2IAYAEoT
72=sUdAKhOxtpAUcmATIvKDtELwAb6SIvKI0HLyiNBy8ojQcvKI0HLyiNBy8ojQcvKI0HLyiN
73=By8ojQcvKIwHAAEvACYA+gkAAAAAAC8AJwD6CQAAEQAAAA4AIAcAAAAvACgA+gkAYwAvAC
74=koKQAqKCkAKygpACwoKQAtKCkALigpAC8oKQAxKCsANQD96wxSAP/oAQE0AAAKfA4BAC8A
75=NigrAEYAAfUCTigrADAABPUCMigpADMoKQA4KCsANwAH7wU5AAjrAVMACqgBAjAAWAA+nA
76=4MADAASAABAgAAAwAAMABJiQEHaQFKiQELaAEESwAGAgAAAWkBTIkBBGkBGu8bMAAbKCkA
77=HCgpAB0oKQAeKCkAHygpACAoKQAhKCkAIigpACMoKQAkKCkAJSgpACYoKQAnKCgAJzUHMC
78=g2BzAAJzYHMAAnNgcwACc2BzAAJzYHMAAnNgcwACc3BzAAMCiIASdjBzAAMihVADMoKQA0
79=KCkANSgpAE4oKwA2APyzQDAAOP9BMABGKCsAOQAC8zVNAAXpATvjOzAAN+M7MAA8KCkARy
80=iNB0/qATEAqDgGAgAAMQBKABICiD8CMQBHAOrpARnmEzEAJ2EHMShiBzEAJ2IHMQAnYgcx
81=ACdiBzEAJ2IHMQAnYgcxACdiBzEAJ2IHMQAnYgcxACdiBzEAJ2IHMQAnYgcxACdiBzEAJ2
82=EHMSg1BzEoCQcxKAkHMSgJBzEoCQcxKAoHMQAnCQcxKAoHMQAnCgcxACcLBzEANih1BDco
83=KQBO5DQCMQA8AAOmNDEAJxcOMQA543IxAEzrODEASOs4MQBJ/DYCMQA/AAnlCDoo3AYBKQ
84=DdDNE1KygpADUoKAABTQABDYMEMgBQ63oyADzjOzIAGP4VMgAnjQcyKI0HMiiNBzIojQcy
85=KI0HMiiNBzIojQcyKI0HMiiNBzIojQcyKI0HMiiNBzIojQcyKI0HMiiNBzIoCQcyKAkHMi
86=gJBzIoCQcyKAkHMigJBzIoCQcyKAoHMgAn3wYyADgoSQQ5KCsATAD+o3IyAD/3cDIASSgp
87=AE37PTIAS+A7AjIASgAGvzYyADr3OTIAQCgpADvjOzIAPSgrACsAz6A7AjIAKQDS6wE1AN
88=PrASoA2OsBKADb6wEsANzpATboAQMzAGoAFgGTQDMAa4gBAwMAADMAF+0bMygRCDMoEQgz
89=KBEIMygRCDMoEQgzKBEIMygRCDMoEQgzKBEIMygSCDMAJ6EPMygRCDMoEQgzKBEIMygRCD
90=MoEQgzKKEPMygFFzMoaQgzKGkIMyhpCDMoaQgzKGkIMyhpCDMoaQgzKGoIMwAngRYzKGoI
91=MwAnawgzADooJQVA430zAEsoKQA8/0EzAHPvPDMAdigpAD7oegIzADsADKNGMwA9KCgAJz
92=wIAjMAKgDRrzwzADYoKwAsANb3AjcA3qkBNMQ/AQEAADTFPwRpAWyRQAdpARbpFzQoPQg0
93=KD0INCg9CDQoPQg0KD0INCg9CDQoPQg0KD0INCg9CDQoPQg0KD0INCg9CDQoPQg0KD0INC
94=g9CDQoPQg0KD0INCg9CDQoPQg0KOEXNChpCDQoaQg0KGkINChpCDQoaQg0KGkINChpCDQo
95=aQg0KGkINCgBETQolwg0AHP3hjQAdigpAD7/QTQAdygpAHHvwDQAcveGNAB0KCkAdSgpAD
96=/jiDQAeCgoAAE7AK8KI6smNAA8iAEDBgAANAAq9IYCNAArANTrQzYA1+sBOQD76wE6AAC/
97=xTQAPejHCzUAbAD0AAAABgAANQBtiQELaAGtiQVpAW6FSgBpAW+JAQNrAXUARiT/IDUAdo
98=gBhwhyAEv1AnOJAQRtBXSJAQhpARXuUjUAJ3kKNSh5CjUoeQo1KHkKNSh5CjUoeQo1KHkK
99=NSh5CjUoego1ACddIjUoeQo1KHkKNSh5CjUoeQo1KHkKNSh5CjUoeQo1KHkKNSh5CjUoeQ
100=o1KIkiNSh5CjUoeQo1KHkKNSh5CjUoeQo1KHkKNSh5CjUoeQo1KHkKNSiJIjUopQo1KKcK
101=NQB4+1M1AHfz2jUAPybXMTUAcSgpAHnjUTUAeigpAHAm4yI1AHvvUjUAQPScAjUAZwALq5
102=s1ADqZUwF4PbBWkECxVgd3Aj0Ate0FPokBAnUCK+tZNQAs9JwCNQA5APe9VzbEVQEHAAA2
103=xVUMaQFujVIBaAG5UwRpAXCUAowFpFWABKRVlQJ3kVYNbQV4iQETaQF5iQEZaQF6iQEfaA
104=EDfgBJAgAAmAagXJAJoVwFYAShXAlpARTiXDYAJ60LNiitCzYorQs2KK0LNiitCzYorQs2
105=KK0LNiitCzYorQs2KK4LNgAnrQs2KK0LNiitCzYorQs2KK0LNiitCzYorQs2KK0LNiitCz
106=YorQs2KK0LNiitCzYocTU2KIEWNigFDDYo2Qs2KNkLNijZCzYo2Qs2KNkLNijZCzYo2Qs2
107=KNkLNijZCzYo2ws2AHH39DYAeygpAEH3WjYAQutZNgBm61k2AGooKQB9KCkALuH2NsFcAn
108=g9oFyQQKFcCHQCoFyURAE+ABQLI38mNgA/iAGZBkCIAYdVOQD5oVw3wFwBCAAAN8FcDWkB
109=bvayNwChXAV3AjwAViTfJzcAPSgoAK1dAmAErF2QCa1dDnQCrV0UaAGtXRpoAa1dIGkBe5
110=leJmgBuF6FCH+EYIQIuV4GYAS5XgpoAQFwAAUDmxw3AHGJAQN1AnKIAY0FE/5iNwAniQw3
111=KIkMNyiJDDcoiQw3KIkMNyiJDDcoiQw3KIkMNyiJDDcoiQw3KIkMNyiJDDcoiQw3KIkMNy
112=iJDDcoiQw3KIkMNyiJDDcoiQw3KIkMNyiJDDcoiQw3KIkMNyiJDDcoiQw3KIkMNyiRGDco
113=tQw3KLUMNyi1DDcotQw3KLUMNyiJDDcoiQw3KIsMNwBCJj9KNwBm58M3AGrvwDcAfSa7Mz
114=cAZyYPIzcAaCgpAGkoKQBl58M3AHwoKQBDJtArAjcAOgDKt703ADuIAZhTAzkA0QoAAIBR
115=qWQBYEaoZIxHA0AAMQsAAI1dQYkBCWMEOAD/9WU0Jg0jONRlAg4AADgAtWUMaAEniQw4KI
116=sMOAA+92U4AD8oKAChZwN4BqFnCWgBoWcPaAGhZxVoAaFnG2gBoWchaAGhZydpAXyNaC1p
117=AX2AZ5wKuGmcCrhpnQqAgAScCrlpC3sGXgDGJB4lOAClawF0AqVrBGgBpWsHaQES5ms4AC
118=eRDTgokQ04KJENOCiRDTgokQ04KJENOCiRDTgokQ04KJENOCiRDTgokQ04KGUNOChlDTgo
119=ZQ04KGUNOChlDTgoZQ04KGUNOChlDTgoZQ04KGUNOChlDTgoZQ04KGUNOChlDTgoZQ04KG
120=UNOChlDTgoZQ04KGcNOABn62Q4AGnrZDgAaigpAEImHyU4AGP7XjgAQ+PKOABk52A4AGso
121=KQBvJpskOABzKCoAaAAlXzg4ADMj8CSBRjSJAQZsPKBnlQI1gGedQTaIAYAEuGmZSDqVAh
122=p4BqxogAStaAp1Ah4mCEkCOAA4APi4aQI4ADcA/ekBMuRrCTkAcwDlAAAAAgAAOcVrDWgB
123=J2UNOShlDTkoZQ05KGcNOQBA8GwCOQBCAAy2WjkArWgccAmtaCJoAa1oKGgBrWguaAGtaA
124=RoAa1oCmgBrWgQaAGtaBZpAYGYaZ0KaSPVMQB1AmqIAYUIa4kBCHcCbwBR+RFwiQEDdwJe
125=ALz3Al8AwesBYADH6wFsAASr3TkAbYgBmAatcwVkCKxziQwR7nM5ACeZDjkomQ45KJkOOS
126=iZDjkomQ45KJkOOSiZDjkomQ45KJkOOSiZDjkomQ45KJkOOSiZDjkobQ45KG0OOShtDjko
127=bQ45KG0OOShtDjkobQ45KG0OOShtDjkobQ45KG0OOShtDjkobQ45KG0OOShtDjkobQ45KG
128=8OOQBnKFEFQ/dwOQBo+9c5AHX30zkAZibfPTkAdibfJzkAdygpAHTxdzkosz05AETndjkA
129=MpVwAWA7rHOYSK1zB3cCNQDDvts5AKBylQI3lXAMYQQ4iQERaAG4dIRVuXQbdQI7gQQgaA
130=G5dAtrAR4A1aNyOQAg53Y6AENwcSKnJToARCgpAEYm/1c6AGEoKQBykHcFAQAAOgB0AOm8
131=eAY6AHMADAEAAAh0AicdDzooHQ86KB0POigdDzooHA8COgBCAA6wYQI6AEEAGOgBpXYvfA
132=qldgVoAbRwjBC0cJQCtXAJYAS0cIAEtXAEdwJfAMD8CrxtgAS8bYEEbohviQEQ/kE6ACe9
133=DToovQ06KL0NOii9DToovQ06KL0NOii9DToovQ06KL4NOgAniWQ6KL0NOii9DTooZQ06KG
134=UNOihlDTooZQ06KGUNOihlDTooZQ06KGUNOig5DTooOQ06KDkNOig5DTooOQ06KDkNOig7
135=DToAZijNBGfz2joAePtpOgBoJgsoOgB1Ju80OgBk52s6AGUoKQB5KCkAeigpAH8oKQCBKC
136=kAfuNyOgCA9XA6KAkdOih7QToAcSb3NToAguFyOsFyAnREoHKESqBylFqgcoFGNo1zA2wF
137=oXINaAGhchJoAaFyF2gBoXIcaAGhciFpAR4mh146ACAmG1Y6AB8mhF4COgAdANm6dDoAJ8
138=dmOgAxJp0qOyibDjsAc5RwAQEAADvBcgNoAQFuAPgAI3tBOwA08+U7ADUoKQA2KCkANygp
139=ADgoKQA5KCgAJ00rOyjEDgM7ADwAcQGfozsAPYkBD2EPPokBFGgBvHiEE7l0BnQCuXQKaA
140=G5dAJoAbl0BWsBZwBVu3Q7AGiIAYEEaYkBBGMEQgDk4wRDAOnoAah6jAWoepEJD+5SOwAn
141=SQ87KEkPOyhJDzsoSQ87KEkPOyhJDzsoSQ876HoPAAA7ABgA+gkAAAAAADsAGQD6EQAAIA
142=4AIAgJAAAAAAA7ABoA+ukBGygpAB4oKQAgKCkAISgpACIoKQAjKCkAJCgpACUoKQAmKCkA
143=JygpACooKQArKCkALCgpAC0oKQAuKCkALygpADAoKQBlKCkAeygpAH4oKwBkAP35HHEoKw
144=B6AP73AnkA/+gBAmYAAAoAYAACOwB/AALrAYEAA+sBfAAG6QF9KCsAcgAK9wIyAMrpATOI
145=AQkCAAA7ADoA0QoAAB1pATuJASJoAQEdANQMcA0DADsAKQDW6wEfANfrARwA2+kBKCgrAD
146=EA+bQCAjwARwA+gAgDADwAbQDm6AEMbgD4AAAACAAAPAB0ABkBmAICPAA0AFbpATUoKQA2
147=KCkANygpADgoKQA5KCsAPwBt5QhAiQECaAwEOgBxAQAAAWkBO4kBBmkBPIkBC2kBPYkBEG
148=kBPokBFWgBAUEAIALEEwNrAEsCAACMBQFnAFUC0QloiQEDbQVpiQEFawFCAOL5Bg7vPDwA
149=DygpABAoKQARKCkAEigpABMoKQAUKCkAFSgpABYoKQAXKCkAGCgpABkoKAAnDg08ACcPDT
150=wAHCiBAB8oKAAnOg08ACc6DTwAJzoNPAAnOg08ACc6DTwAJzoNPAAnOg08ACc7DTwAKCiJ
151=ASkoKAAnkg08ACeSDTwAJ5INPAAnkg08ACeSDTwAJ5INPAAnkw08AGQoXAEnvw08AGbrZD
152=wAcSgpAHv3ZTwAfigrAHAABLxiAjwAYwAF6wFvAAfrAWoACekBbCgrAEMAC/QCuGmcQQEx
153=AM4K1UQyiQEHa0MdANP/Yh4A3qgBAT0ARAC+RQA9yGQFAQAAPQBuAPeQTwEAPQBviQEEdQ
154=JygWcAaQFziQEDaQF0iQEGaAEnDg09ACcODT0AJw4NPQAnDw09ADjiZz0AJw4NPQCsaIwQ
155=rGiIDK1oAmgMrWgHaAGtaAxoAa1oEWgBrWgWaAEDfgCjAQAAixdBAP+vcz0AQogBlQJDiQ
156=EIbAUDZgBAAgAAlRhniAGdCmiJARJhBGmJARhrAVkAy7AmAj0AXQDN6QFeiAGdFQ3+QT0A
157=JxUOPSgWDj0AJxYOPQAnFg49ACcWDj0AJxYOPQAnFg49ACcWDj0AJxYOPQAnFg49ACcWDj
158=0AJxUOPSglGz0oFQ49KBcOPQAdKLwCJ34bPQAnbg49ACdtDj0obQ49KG0OPShtDj0obQ49
159=KG0OPShtDj0obQ49KG4OPQAnbg49ACdtDj0obQ49KG0OPShtDj0obQ49KG0OPShtDj0obw
160=49AGP/2z0AaigpAGzz2j0AZft0PQBw73M9AGvm2T0ApGuAUaRrjUczkGwBDgAAPig5DT7N
161=aAF0Aq1oBWkBcJlpCWgBuGmABLlpBHQCuWkHaAEnOQ0+KDgNAj4APwBsq1k+AECJAQJvBT
162=cAb/UCOIkBA3UCOYkBBmgBrGiUAq1oCHQCrWgNaAGtaBJoAa1oF2sBNgB3/Qp9mGmcFaRr
163=gRp/lAKAGrBsgASwbIAEsGyBBGWMaIAEvG2YHLxtjBC9bRNgD71tGWgBBHYARgIAAC9pAU
164=aRbABpAUeIAYAatHCcCrRwhSlfgASJDAziXD4AJ20OPihtDj4obQ4+KG0OPihtDj4obQ4+
165=KG0OPihtDj4obQ4+KG0OPihtDj4obQ4+KG0OPihtDj4obQ4+KG0OPihvDj4AHigVAx8oKQ
166=AgKCkAISgpACIoKQAjKCgAJ90cPihtDj4obQ4+KG0OPihtDj4obQ4+KG0OPihtDj4obQ4+
167=KG0OPihtDj4obw4+AGMoOQJsJmspPgBk9HACPgBqAAGz2j4AYuzhAj4AbQAI9AKpbwlwQK
168=lvD2sBMAD9sNoCPgAxAP6pAT/Y1wIGAAA/AKlvCmkBcZVwDmgBtXACaAG1cAVoAbVwCGgB
169=JyUbP8lvAXQCqW8DaAGob5QCqW8EdAKpbwdoAahvlAKpbwl0AqhvjBCpbxN0AqlvGGsBNg
170=B2q28/AEEoKwB8AHz1An2IAY8QhQB+9wJ7AH/rAXkAgekBhCgoALB3iCKwd4kihpx4lRiH
171=iAGfIIAAq6noP9zmmAaoepgGqHqYJ6h6jCaoeowbqXoUYBqpehpoAbx4lA28eJUjSOZ2Pw
172=C8eIwQvHicCicdDz8oHQ8/KB0PPygdDz8oHQ8/KB0PPygdDz8oHQ8/KB0PPygdDz8oHQ8/
173=KB0PPygdDz8oHQ8/KB0PPygdDz8oHQ8/KB0PPygdDz8ojR0/KI0dPyiNHT8ojR0/KI0dPy
174=iNHT8oHQ8/KB0PPygdDz8oHQ8/KB0PPygdDz8oHQ8/KB0PPygdDz8oNx0/AGLxdz8oHA8C
175=PwAuAPskizg/AC8oKAAnjx0/AG3jfT8AZO/sPwAL93s/AEQmpys/AGEoKQBF734/AGsoKQ
176=BuJjo5PwCkgYBRpYEQcUs0nfEWaAEnMzhAAG0mpytAAG4oKQB0Jl84QAB1iAECAgAAQAC9
177=gw9rATUAaq9oQAA2iAGABKx+iAGtfgVsBa1+CGsBOwB0+QZCKCsAOgB19QJBKCgAvXgEeQ
178=Z+iXoHawGCAH3tBYOJAQN0ArV7AWkBfIB9mAa0e5UChYB9lwJ5AILkCKl6BnkGiJV7CmkB
179=f5R7mAagfZUYgZUCCWMEegCx5QiGKCsAPAD49QI9iAGdID6IAYAPvYMLZAgDPwAHAgAAiR
180=dAiAGPEEQADCTaLEAAoIiABKCIgA+giIAwoYgVcAmhiBtoAbSGnBW0hpUuC/pTQAAnqRBA
181=KKkQQCipEEAoqRBAKKkQQCiqEEAAJzkuQCipEEAoqRBAKKkQQCipEEAoqRBAKKkQQCipEE
182=AoqRBAKKkQQCipEEAoqRBAKKkQQCipEEAoqRBAKKkQQCipEEAoqRBAKKkQQCipEEAoqRBA
183=KKkQQCipEEAoqRBAKKkQQCipEEAoqRBAKKkQQCgnEEAARSaLLUAAYigoACdTEEAAY+v+QA
184=BrKCkACvKCQAAn+ztAAEb7f0AAcPh/AkAAMACXJKM7QAAxiAGRSzKIAZRPsYIRYEaxghdr
185=AS8A/yR7IEEAXueBQQBfKCgAJ6kQQSiqEEEAqIUGAQAAQQB1AAwBIwhJA0EAdgAUAYFcQS
186=gKSUEAtIaMBbWGA3gGtXsIaAGpegRpAYSVewdoAal6BWkBfZR7jAWoepUChpR7lAK0e4kM
187=eoB9iAy1ewtlCImBfQ9oAaF9AmgBoX0GaAGhfQppAYKNfg5pAXuAfZEJhygoAKx+lA2sfo
188=AErH6FE0GZfwBlCEKIAZUNQ4gBmxw5APq3hkEAOogBkQk7iAGOBTcAZDCNBTiIAZgcoIiU
189=AqCIgyVEAA+hiEHAiIAEoIiAGqGIEHgRoYgWaQEK/oNBACepEEEoqRBBKKkQQSipEEEoqR
190=BBKKkQQSipEEEoqRBBKKkQQSipEEEoqRBBKKkQQSipEEEoqRBBKKkQQSipEEEoqRBBKKkQ
191=QSipEEEoqRBBKKkQQSipEEEoqRBBKKkQQSipEEEoqRBBKKkQQSipEEEoqRBBKKkQQSipEE
192=EoqRBBKKkQQSipEEEoqRBBKP8gQQBrKFgGJ9UQQSjXEEEARiY7WkEAaigpAAnrhUEAaSgp
193=AEfrhUEAZCgpAGz3hkEAcSbRTEHAiJRPoIiQS6GIDGFGM42JEWsBLwD49YYuJqkxQigBEU
194=IoAxFCAHWQggEBAABC3YMEaQF3lQIHawE0AGuzYUIANYkBAnQCpYEIawGJAJck21hCAIqI
195=AYUIaoh6iAGldg9tBYORdxNoAbRwgA+1cAN0ArVwBWkBNoRrgAS8bZQCvW0JYASwbIwQuW
196=kLdAK5aRFoAblpF2sBcwDMtHACQgA6AOrpAT0oKQAJ4jtCACfpDUIo6Q1CKOkNQijpDUIo
197=6Q1CKOkNQijpDUIo6Q1CKOkNQijpDUIo6Q1CKOkNQii9DUIovQ1CKL0NQii9DUIovQ1CKL
198=0NQii9DUIovQ1CKL0NQii9DUIovQ1CKL0NQii9DUIovQ1CKL0NQii9DUIovQ1CKL0NQii9
199=DUIovQ1CKL0NQihnDUIAYibjLUIARe/sQgBHJnNLQgBpKCkAaygpAAj7aUIAOygpAD4oKQ
200=BEKCkAPPNsQgA/KCkAOSaTWkIAZehvAkIAZAAMJBE/QsD2nEy9bQ1kSr1tEmsBLgC07QUv
201=iAGLZDAAw/cCFgDdoHICQgAsAPvoAQEtAAANI+9aQwBtJvlnQ9RwAgUAAEMAtXAIaQEzJg
202=5aQwChcgF0AqFyA2sBcwB4u3RDAHSJAQJ1AnWJAQRoAaxznQqLmHSdCmmYdJAJpHaBBGuV
203=Agl4BrRwkAm1cAZ3AmUAQq9oQwBmiAGJDGeIAZ8KcADPJDMtQwBxiAGZBkL/bUMAB/9tQw
204=AIKCgAJxUOQygVDkMoFQ5DKBUOQygVDkMoFQ5DKBUOQygVDkMoFQ5DKBUOQygVDkMoFQ5D
205=KBUOQyjpDUMo6Q1DKOkNQyjpDUMo6Q1DKOkNQyjpDUMo6Q1DKOkNQyjpDUMo6Q1DKOkNQy
206=jpDUMo6Q1DKOkNQyjpDUMo6Q1DKOkNQyi9DUMoX1lDADz300MAPigpAEQoKAAnn0tDAEUm
207=JzxDAD0m+2dDAEAoKQA482xDAEMoKQA6JjtaQwBB/21DAGj/bUMAKvNsQwA7KCgAsWwOf0
208=wtALMk2yxDAC6IAZxMsGyYXrBsnVcxnG2XAhYA0bBsAkMAFwDc6QEsJrh1AkMAOQAB6W8/
209=6wFEAC/zbEQAMCgpADEoKQAyKCgAJ0MORAA1JstLRAA0Jg1aRNRwAgMAAEQAtXAFawFzAH
210=q4dAJEAGkAe+gBqW8GYASpbwppAWyVcA5oAbRwDQMAAEQAZQBCAgAAAQAARAARAAAhDgAg
211=D2YAQgIAAAUAAEQAZwBCAgAACWgBAkQAzQIAYwBEAEWJAQN0AgRvAM8CAAABaQFwiQEEaQ
212=FxiQEHaQFyiQEKawFQAOjnCDcA6ugBAQYA+gl4CgEARAAHKCkACCgpAAkoKQAKKCkACygp
213=AAwoKQANKCkADigpAA8oKQAQKCkAESgpABIoKQATKCkAFCgpABgoKQAZKCkAGigpABsoKQ
214=AcKCkAHSgpAB4oKQAfKCkAICgpACEoKQAiKCkAIygpACQoKQAlKCkAJigpACcoKQAoKCkA
215=KSgpACooKQArKCkAYygrADgA/e8xPwD/6AEBOQAACsU0QygrAD0AAfcCZAAC6wE7AAPpAW
216=goKwBCAAT3AmIAB+sBLAAM6AEELQCzCgAAAnVELogBlE8BFgDSDMMPFwDW6wEVANvrAUAA
217=/egBAUEAAA2MBQNFAC8AVgHJATAoKQAxKCkAMigpADMoKwA0AHT4BgJ1AHgBAGRgA0UAcw
218=B6AYNcRQB0iAEFBAAARQBpAHv1AmqIAZQCBG0AlwEAAANgBARrAKMBAAALaQFsiQEPaAEB
219=NQAGAsEENokBBnUCZZFsAmgBqG+UAqlvCncCYgDJtmVFALVwAXQCtHCBD0aBcgd0AqBykA
220=mhcgV0AqFyCGgBoHKHE1AA3/8KTwDj6wFOAOTpAVLndkUABfZERQAnxQ5FKMYORQAnxg5F
221=ACfGDkUAJ8YORQAnxg5FACfGDkUAJ8YORQAnxg5FACfGDkUAJ8YORQAnxg5FACfGDkUAJ8
222=YORQAnxw5FABUovQIWKCkAFygoACdKD0UAJ0oPRQAnSg9FACdKD0UAJ0oPRQAnSg9FACdK
223=D0UAJ0oPRQAnSg9FACdKD0UAJ0oPRQAnSg9FACdKD0UAJ0oPRQAnSg9FACdKD0UAJ0oPRQ
224=AnSg9FACdKD0UAJ0sPRQAsKJsDOQD+v3hFAD0oKQBBKCkAQigpAEDufkUAJ6APAUUAYwDA
225=fQJFADcABad2RQA8KCsAOgAI9wI+AArrAS0AuukBLogBj1I4AAG7dEYAa3x9fnRGACebDk
226=YAMfRwAkYAMwB1oHICRgAyAHbrAWkAeegBoHICBQAARgC0cIsBcgB84QRziQEDYQRsjXMB
227=aAG5dARpAW6VAgdpAW+JAQppATSMc4wFpHaMBbh0kAm4dJgGuXQLeAagcowQoXIIdwJOAN
228=27aUYATygpAFAoKQBSKCkATehvAkYAUQDl+wZTAOnpAQThO0YoQQ5GKEEORihBDkYoQQ5G
229=KEEORihBDkYoQQ5GKEEORihBDkYoQQ5GKEEORihBDkYoQQ5GKEEORihBDkYoQQ5GKEIORg
230=AnQg5GACdCDkYAJ0EORihBDkYoQQ5GKEEORihBDkYoQQ5GKEEORihBDkYoQQ5GKEEORihB
231=DkYoQQ5GKEEORihBDkYoQQ5GKEEORihBDkYoQQ5GKEEORihBDkYoQg5GACe7HUYAN+tvRg
232=BD629GADjv7EYAOutvRgA89+lGAGL36UYANvdwRgBh4+tGAGTjckYAROJyRgCgcpdaLgDJ
233=r3NGAC+IAQECAABHKEMORwBs7nNHAL1tAWEEaolvBWgBpWsEaQF0kWwHawFxAH6rb0cAco
234=gBnAq8bZgGvW0IbAW9bQtrAXAAobzmAkcATgDn5QhPiAGFCFCIAZcNUQDp4QRSiAGEE6R2
235=jwVTAAy0ZQJHAGUAVOkBZogBgQRniAGTCU0A4eEETPxtAkcASwDm9QJU4+BHADUmyypHAA
236=P2cEcAJ0EORyhBDkcoQQ5HKEEORyhBDkcoQQ5HKEEORyhBDkcoQQ5HKEEORyhBDkcoQQ5H
237=KEEORyhBDkcoQQ5HKEEORyhBDkcoQQ5HKEEORyhBDkcoQQ5HKEEORyhBDkcoQQ5HKEEORy
238=hBDkcoQQ5HKEEORyhBDkcoQQ5HKEEORyhBDkcoQQ5HKEEORyhBDkcoQQ5HKEEORyhBDkco
239=QQ5HKEEORyhBDkcoQw5HADr3cEcAYigpAGTjckcANuNyRwA4KCkAO/BsAkcAPwALp2tHAG
240=AoKQBoKCgAqG+QVqlvA2VgMJRwiGQBMQATC3TiAQBHADKIAYAEATMALgsjIDYCRwAtAP8k
241=0CsCSABCAD6IBQMASABRAG+vaEgAUogBAgYAAEgApHaJAWuRdwp0AqV2CGgBuXQDaQFzhX
242=YFaQFvgXIBaAGtcwRpAXGVAgdoAbh0gAS4dIQIuHSHCEsAAq9oSABMiAGBBE2IAZsRUwAX
243=4ASsc4AErHOHCGgAoSSvLEgAaYgBmwZUAN75BlUmyypIAEr7dEgAVvPlSAAC+XRIKMUOSC
244=jFDkgoxQ5IKMUOSCjFDkgoxQ5IKMUOSCjFDkgoxQ5IKMUOSCjFDkgoxQ5IKMUOSCjFDkgo
245=xQ5IKMUOSCjFDkgoxQ5IKMUOSCjFDkgoxQ5IKMUOSCjFDkgoxQ5IKMUOSCjFDkgoxQ5IKM
246=UOSCjFDkgoxQ5IKMUOSCjFDkgoxQ5IKMUOSCiZDkgomQ5IKJkOSCiZDkgomQ5IKJkOSCib
247=DkgAZPPlSABj73NIADgm6zlIADX44gFIADQAJZwqAkgANwAGo3JIAGX44gJIAGEACfUCbC
248=gpACUmQDoCSAAwALjgBCT1KgB5Xi8mIitIALh0hGC4dIhkuHSTbC0A+fl0NibQKwJJAE4A
249=arvXSQBPiAEDAgAASQBQhXYBaAG9eARoAb14B2gBsXcLawFmAH/kCLh0hAi5dAVgBLl0CG
250=kBcoR2mAagcogMoHKIDKByiAygcoEEVI1zA2UIZ4hvlAKgcpgGoHKZBmqBBApvBUEAxqxz
251=AkkASgDg6QFVKCkASPt0SQAB7XNJKJkOSSiZDkkomQ5JKJkOSSiZDkkomQ5JKJkOSSiZDk
252=komQ5JKJkOSSiZDkkomQ5JKJkOSSiZDkkomQ5JKJkOSSiZDkkomQ5JKJkOSSiZDkkomQ5J
253=KJkOSSiZDkkomQ5JKJkOSSiZDkkomQ5JKJkOSShBDkkoFQ5JKBUOSSgVDkko3RxJKEEOSS
254=hBDkkoQQ5JKEEOSShBDkkoQQ5JKEMOSQAtKAkHbONySQA28+VJAGEmyypJAGUoKQBt8eVJ
255=0GyRSzGcbZNLLwC5qm9JAKhvgASwbINcHgD7pGsCSQA0APzpATMmL0hJAB8mL0hJADUoKQ
256=Ah9XBK1HABAQAAStVwA2gBtXACaAG1cAVoAbVwCGkBUyYWOkoAtHCFCGeBcgRjBGUAgq5z
257=SgC8bZAJvG2QCbxtkwlUACCoZAJKAGoATqvdSgBriQEGcAm8bZgGvG2bBkEAuPsGPwDC6w
258=FAAMPpAYL0cAJKAEIAx/UCbSOFSAB9Cm6IAYceSADa4wRVANzpAUomVyxKAEnv7EoARyZV
259=LEoojR1KKPEOSijxDkoo8Q5KKPEOSijxDkoo8Q5KKPEOSijxDkoo8Q5KKPEOSijxDkoo8Q
260=5KKPEOSijxDkoo8Q5KKPEOSijxDkoo8Q5KKPEOSijxDkoo8g5KACeZOkoo8Q5KKPEOSijx
261=Dkoo8Q5KKPEOSijxDkooQQ5KKEEOSihBDkooQQ5KKEEOSihBDkooQQ5KKEEOSihDDkoANe
262=9zSgA0Jk9XSgA26+hKADL7dEoAM+9zSgA373NKAGQmyCoCSgAfALSjckoAIIgBl1ohALX1
263=AiKIAZQCvOaIAah6nFeoepVlHvviSgAj5HYCSgAkAP6/eEoALvh0AksAUABsu2lLAFGIAQ
264=UCAABLAEwAcPUCTYkBBHUCTokBCGkBT4kBDGgBrXMFaQFomHSABLl0AXUCZoV2A2sBSgDk
265=/QpLiAGXAlQAD7xiAksAUgAY6wFTACLpAWmEdpAJvHiYEb14B38KggC/7wU/AMDpAUEoKQ
266=CB/3hLAHLyd0sApHacCqR2nQpvkHedCkjndksASSYgVwJLAFUA4ugMJ5k6SyhBDksoQQ5L
267=KEEOSyhBDksoQQ5LKEEOSyhBDksoQQ5LKEEOSyhBDksoQQ5LKEEOSyhBDksoQQ5LKEEOSy
268=hBDksoQQ5LKBUOSygVDksoFQ5LKBUOSygVDksoFQ5LKBUOSygVDkso6Q1LKOkNSyjpDUso
269=6Q1LKOkNSyjpDUso6Q1LKOsNSwAu629LADL/bUsANCgpADUmyypLADMmyipLACcbKksAFS
270=YZKkvcbYBRvG2cQQEeAM4KI09iSwAfiAGfQSIA1aNySwAjiAGbXiQA9aRrAksAMAD66QEv
271=629LACXn5EsAMesBTACFJmc5TAAhJolkTMByAQEAAEzBcgNoAaBylAKhcgV0AqFyCWgBoX
272=INaAGwbIwFsWwEdAKka5QCuWkCdAK4aZAJuWkIdwJyALyjXEwAgexoAkwAcwDB9QJ09t5M
273=AKBnhAigZ4QIJ+EMTCjjDEwAUybvVUwAVygrAFQA5/0KWCgoACfVR0woOQ1MKDkNTCg5DU
274=woOQ1MKDkNTCg5DUwoOQ1MKDkNTCg5DUwoOQ1MKDkNTCg5DUwoOQ1MKDkNTCg5DUwoOQ1M
275=KH0bTChlDUwoZQ1MKGUNTChlDUwoZQ1MKDkNTCg5DUwoOQ1MKDkNTCg5DUwoOQ1MKDkNTC
276=g5DUwoOQ1MKDkNTCg7DUwAL+drTABs8dpMcFa7XkwAMyZLRkwAZudrTABnJgc4TABlJo9U
277=TABoJjI4TAAnRypMADb33kwAG/ZwTAC8bYxSvG2ZSCCJbw5sUqhvnFepbwZ1AiSVcAtpAS
278=WJARBpATDj4E0AdfFsTSiTDU0AIvxtAk0AUABrq9JNAFGIAQECAABNwOCIAb1tBnQCvW0K
279=aAG9bQ5oAbxtjAW9bQV1AlIjgTcAaAEAAWkAVAIAAAAAAE0AagBUAgAAAgARAAC3DgAgAA
280=EATQBrAFQCAAAEAABNAHMAwAIAYAACTQBIANrpAVQoKQBXKCsAWADd4wRTAN7rAUkA3+sB
281=VgDj6wFVAOXrAUcA5usBWQDp6AEBBQD6CXwOAQBNAAYoKQAHKCkACCgpAAkoKQAKKCkACy
282=gpAAwoKQANKCkADigpAA8oKQAQKCkAESgpABIoKQATKCkAFCgpABUoKQAWKCkAFygpABgo
283=KQAZKCkAHCgpAB0oKQArKCkALCgpAC0oKQAuKCkALygpADAoKQAxKCgAATMAAArHKWYAA+
284=kBaCgpAGwoKwAyAATgBAQfAM4KAAAJcUAgiQEPaAEEIwDVCgAAB2kBJIkBDGkBJYkBEWkB
285=JokBFmgBASgA+gzDDxoA++sBKQD86wEnAP3rASoA/usBHgD/6AEBGwAADYQIA04AIgBWAc
286=kBIygoAAlQAGsBAAABAABOAFGJAQNoAQNMAHABAACJAU2JAQd1Ak6JAQtpAU+JAQ9rAUsA
287=dP8KaACW+AYBUgAXAt0KU4gBkwlKABy4UwJOAGwARKhkAU4AagB0ZYEEa4kBBX8KhADG7w
288=VWANzpAUj+Yk4AJ1wMAk4AVwDh4wRUAOLoASfaC04AJ9oLTgAn2gtOACfaC04AJ9oLTgAn
289=2gtOACfaC04AJ9oLTgAn2gtOACfaC04AJ9oLTgAn2gtOACfaC04AJ9oLTgAn2gtOACfaC0
290=4AJ9oLTgAn2gtOACfaC04AJ9oLTgAnggtOACeCC04AJ4ILTgAnggtOACeCC04AJ1cLTgAy
291=41xOADMoKwAwAP63hk4AbutZTgBvKCsAcAAGoFwCTgBtAAfrAXEACOsBNAAK6wEpALDoAb
292=FhCmA7sWEQaQEhnWIWawEbANPtBRyIAZxBqWQNYASpZBJoAalkF2kBJ5VlHGsBHgD4uF4C
293=TgAaAPnpASgoKQAqKCkAHeFnTyhcDAJPAFIAdahZAk8ATgB26wFNAHfpAWeAXAIBAABPAK
294=1dBGkBaZUCB2sBUwD/7QVUiAGBBFWJAQhjBEoAB7tTTwBLiQEDdQJMiQEGawFPABnjBFAA
295=GukBUYkBAmEEa4BnjBCtaAV1Am2VAglrAYQAvPsGhQDB6wGGAMfrAUkA4OkBVigrAFgA5P
296=cCWQDn6AEn4QxPKOEMTyjhDE8o4QxPKOEMTyjhDE8o4QxPKOEMTyjhDE8o4QxPKOEMTyjh
297=DE8o4QxPKOEMTyjhDE8o4QxPKOEMTyjhDE8o4QxPKLUMTyi1DE8otQxPKLUMTyi3DE8AMv
298=xiAk8AbgD/q2RPAG/kwwJPADMAAr9XTwBx+8FPADDiZ08AsGGdNiqcYolDK4gBj0cjAMHl
299=CCSIAYlDJYgBi0MnAMThBCiIAZxBuWkRZD+5aRdoAQEaANAKn69PABuIAYhDpGuBDx2QbI
300=EPHokBCnkGH4kBDWgBsGwFGAAAUABdAD6ExwEAUAAh68dQAE30ZQJQAHAAeLteUABxiQEC
301=eQZyiQEEaAG1ZQVoAbVlCGsBagCXvsVQAKFnAXQCoGeMBaFnCXQCoGeABKBnnAqhZwdjBE
302=4AELJWUACsaIwFoWcDYQRSjGicCqFnBnQCoWcKaQFujWgOawGFAL7wCSfyGVAAJ38mUABZ
303=JqsmUABJ889QAEjvaFAAVyZ/JlAAWigpAFvkawJQAFAA6OgMJ0kaUChlDVAoZQ1QKGUNUC
304=hmDVAAJ0kaUChlDVAoZQ1QKGUNUChlDVAoZQ1QKGUNUChlDVAoZQ1QKGUNUChlDVAoZQ1Q
305=KGUNUChlDVAoZQ1QKGUNUChmDVAAJ6MlUAAx72hQAG/hZ1DUZZhItGWcNrRljEe0ZYw8tG
306=WcQbRlnUEmgGeAO6BnjAWgZ5xBvGKBBByJZBJkP7xiiAy9Ygt0ArxiiUMgiWQRdwIiAOyj
307=clAAGibMJQJRAHUAELNhUQB2iAEDAgAAUQAd42dRAB4oKQAfKCkAICgpAFeBZwB5BliIAY
308=UIWYkBBHQCsWwDaAGxbAVpAWmZaQFoAaRrjQVrlQIHdQJsiQEKaAGka4gBrWgIdAKsaIcI
309=UgARu1NRAFOAZ5kRVIgBmxFNACLgBK1oC2QIrWgPaAEBbwChAiMTKVEAcIkBBnUChfTTAl
310=EAhgDD5wiHAMXpAVvr0lEAUOdrUQBIJlsnUQBWKCkAT/9tUQBL+GkDUQCMAPUEnZVRKDkN
311=USg5DVEoOQ1RKDkNUSg5DVEoOQ1RKDkNUSg5DVEoOQ1RKDkNUSg5DVEoOQ1RKDkNUSg5DV
312=EoOQ1RKDkNUSg5DVEoDQ1RKA0NUSgNDVEoDQ1RKKMaUQAyJvglAlEAKQCxu1NRACqIAYFG
313=K4gBjDGgZ4xHoGeTQCEAxvgGqGSAO6lkE2g4uF6VRCOEYJ9MKADt+wYmAO7pASeIAYBGJ1
314=MmUQAs92VSAIzvy1IAjigoAAFyAPoAj0dSAHOIAQYGAABSAHQA+wAjWT1S0WwBdAKxbANo
315=ASeRDVIokg1SACeSDVIAJ5INUgCka5gGpWsFZghQACIJMwRpAVGJAQdoAbhpgAS5aQh0Ar
316=lpC2sBbQChptlSAKRrlAK0ZYkMVoRgiQFXiAGBGm6IAZQYtGWAD7RlgQ9xgQQKaQyHJiNB
317=UgBb889SAEsmPzRSAE/jZ1IATCafQFIAWutkUgBSJp9AUgBN/9BSAFMoKQBcJvVAUii1DF
318=IotQxSKLUMUii1DFIotQxSKLUMUii1DFIotQxSKLUMUii1DFIotQxSKLUMUii1DFIotQxS
319=KLUMUii1DFIotQxSKLUMUii1DFIotQxSKMQZAlIAMgAJpVVS1GWMMbRljDG0ZY8xJwC57A
320=WoZI0FIpRlgDskzCWYBqFnDHw2oWcUaAG0ZZhItGWECLRliQEsJocyUgAkJoQyAVIAJQAl
321=Ez9TADzpZFPcYgMEAABTAHSJZAdoAScFDFMoBQxTKAUMUygEDAJTAFQAgaLVUwC5XgVkCL
322=leCGkBUvdaUwBsiQEBdAKsXYEPbpQCgQ9VhFWABKxdgASsXYEEWIEECmQIrF2UDaxdlw2J
323=AMuvwFMATeNcUwBM41xTAE8mI0xTAFooKQBT+8FTAE4moyVTAFnsXQNTAHEABwOPiVMAco
324=kBBm8QjwDzsMQCUwCNAPfrAY4A+OgBJxlAUyjZC1Mo2QtTKNkLUyjZC1Mo2QtTKNkLUyjZ
325=C1Mo2QtTKNkLUyjZC1MorQtTKK0LUyivC1MAJCa7PlMAJSgoACcZQFMoMQxTKDEMUygxDF
326=MoMQxTKOkYUyhHQFMAdf9iUwAz4cpTyWQCeCeoZIg4vGKEP7leDWAEuV4VawEhAOujZ1MA
327=IogBjAWkYJEJFvvBUwAjKCkAJigpACsoKwAaAAEkR0tUADvxYVQoFxlUAI8oVQBznGIGBQ
328=AAVAByAAIBI6EpVChdDFQoXQxUKF8MVAAzJqElVMlkAWUIVZVlBGkBUZhelAKoZJUCU5UC
329=B2AEtWUCaAG0ZYwQtWUIdQJvjQULawFYAE4kmyRUAFmJAQZ0AqxomAasaJkGTyYjTFQAWv
330=teVABQ+7ZUAHCAXIQTuF6FEz7tXVQoKQtUKCkLVCgpC1QoKQtUKCkLVCgpC1QoKQtUKCkL
331=VCgpC1Qo0QpUKKUKVCinClQAKfFWVCilClQopQpUKKUKVCikCgJUAHUA/STfPVQALCY3Pl
332=QAdibnSVQAW/BWAlQAMQBPq05UADKIAYwxuVMOfCu5UxZpAR0j8S8eaAEEGgDRCgAAFGgB
333=J9AKAlQAFgD0JDRJAlQAJgD16wEjAPbpASsm50lUABUmn1ZUACcmn1ZUACLzuVQAKigpAB
334=n3WlQAF+u8VAAo6QFVKEMkVQBxnFcFCQAAVQBuABK7tlUAb4kBAXQCJ1ExVShXC1UAMolZ
335=A2AEtVoFaAGoWYkBVpVaCHQCtVoCaAG0WoAEtFqBBFTzVlUAV4RVgA+9VwR4Br1XB2kBT/
336=lTVcxSnAq8r40Fc4RVjwWPAPSzrlUAPemxVSh5ClUoeQpVKHkKVSh5ClUoeQpVKHkKVSh5
337=ClUoeQpVKE0KVShPClUAJu9SVQAnKCkAKCgoACfTClUAKihUACeVVVUo0QpVKNMKVQAt8V
338=ZVKP8KVQBb/1dVACuVkgBtJnYoKwBaAAW/V1UAXPyvAlUAMQBQ9AIDIADACgAAkSohiAGF
339=KSKJAQxwCaFcF2gBoVwfaQEWgFydNheJAQZ0ArleFWkBG5UCGmkBGfdaVQAVJl8iVQAjKC
340=kAGOtZVgA1865WAD0oKQA+KCkAUigoAAFwAAMBIwVkViKkTLWyVih9PFYogRZWKCgLC1YA
341=MgB5AQAABQAAVgB0I6FGBGgBoVECaAGgUYAEoVEIdQJrJhthVgBVJlcsVgBUJnsgVgBW9a
342=dWJXgghAi4U4QIJ7lfVij1CVYo9QlWKPUJVij1CVYo9wlWACPhRlYo9QlWKPUJVij1CVYo
343=9glWACf1CVYoyRRWKPUJVigRYFYoIhVWACdNClYoTQpWKE8KVgB1JgBTAlYAWgABp0pWAC
344=wmq1JWAHcoKQB4+KsCVgB2AAzsBaFRAXwroVEDaAGgUYwmoVENdAIDFQDPCgAAlQIWiQEP
345=dAK1TwdpARiJTgxpARmJARFoAa1SFmgBrVIbaQEcgQQgaQEU9KcCVwBUAAWlolcoGQlXKB
346=kJVygZCVconR9XxEoDBgAAVwAzkUsKawFDAJ/xCUSJAQJ1AkWJAQRpAXOVTwFoAaFRBWkB
347=dZUCCWsBawC9JCArAlcAagDE6QFV5KIDVwBWAGcDI4NCVwBXiAGdCliJAQhlCFmJAQxoAS
348=eFaVcoyQlXKMkJVyjJCVcoRQlXKEUJVyhFCVcoRQlXKEUJVyhFCVcoRQlXKDlPVyhxCVco
349=cQlXKHEJVyhzCVcAd+9dVwBa/0xXAHYoKQB49JwBVwBbACUvaVcAXP9MVwBy+fhXKBofVw
350=CwS5wrpEqIAaVKEGElF5FLF2gBpUoNaAGlShJoAaRKgASlShx0AqVKIWsBIgDZo1xXACOI
351=AYlDFP/8VwAT455XACT0Tw9YAFoA5wAAAAAAAFgAWwDnAAARAADXDgAgCAACAABYABgAVg
352=EAYwBYABkoKQAaKCkAHSgpAB4oKQAfKCkAICgpACEoKAAPMwB5AQAACwAAWAAyAHsBAAAE
353=aAEERgCJAQAAA2sBPwCP4Q9AiAGXAkEAkvUCQokBAmwFBEMAnwEAAAFpAUWJAQVoAQR0AE
354=QCAAAGaQF1iQEKaQF2iQEOaAEBawC8AmgbAwBYAGwAw+sBbQDH6AEBVgCHA9wKAVcAiAPN
355=BViIAZ0VWYkBCHAJARAA+gnBBBEoKQASKCkAEygpACYoKQAnKCkAKCgpACkoKQAqKCkAKy
356=gpACwoKQAtKCkALigpAC8oKQAwKCsAeAD+8xR3AP/oAQFyAAAKyxdcAAPrAXEAB+sBeQAI
357=6wFVAAvrATEAUugBAUQAdgrcNgEVAM8KnwlYABaJARF1IxeJARhoAQQbANEKAAAdaQEciQ
358=EiaAEBIgDZCsktI4kBB3QCASQA9QzHExQA+esBJQD+qAECWQA9AD6cAwQAWQBaAOcAhAgC
359=WQBbAAykSgRZAF0AEAEAaFkCWQBUABKvR1kAVYgBBQEAAFkAXAAUqE4CWQB7ABXoASfZC1
360=ko2gtZACfbC1kAG+tZWQAcKCgAJzIMWQAnMgxZACcyDFkAJzIMWQAnMQxZxWAFeRFHhWAH
361=aAG5XgRrAT8AkOgXqVkLdAKpWQ9oAQF3AEUCgjBZALFWAnQCsFaYHLBWiAyxVglgBCemCl
362=kAJ6YKWQAnpwpZABTuR1kAJ9IKWQAn0gpZACfSClkAJ9IKWQAn0gpZACfSClkAJ6YKWQAn
363=pgpZACenClkAcuxSAlkAeQABsEsCWQBzAAbpAXTgUQJZAEgACfUCSSgrACwAWrhIAlkARQ
364=Bg6QFGiAGEKQNBAGYKAACfK0IAabNWWQBDiAGXIzAAe/0KMYkBA2AlqVkSaAGpWRloAbBW
365=iC2xVgh1AiSdVw5pASXwVgJZAEQA//BWARUAAQ2XVloAW5RPAQEAAFrBUQRpAV2VAgdpAX
366=qMUoAEuFOBBHyUAoAEJ6UKWiilCloopQpaKKUKWiimCloAJ6UKWiilCloopQpaKKUKWiik
367=CgJaAD4AjqJRWgCsUoUTdpRPiAGgUZEUeJQCkxQ1AMasqgNaAFYAZwODcloAV4kBBnkcWI
368=kBCmkBWYkBDmgBJ00KWijJCVooyQlaKMkJWijJCVooyglaACedFFoo9QlaKPUJWij0CQJa
369=AHQA/aeiWgB5+6BaADPrTloASigpAHUoKQBV909aAFrwowZaAEkAWwoAAAV1GEeVTwhpAU
370=iJAQtrAUAAZ7ZPWgCoTpgnqE6aJzIAYFGYJ62qDHgGoVETaAGhURpoAaFRA2gBoVEJaAGh
371=UQ9pASWNUhVrAUQA8aBRAloAQgD66wFBAPvrAUMA/OkBRSgrABMA/fUCRv+vWgAm9FoCWg
372=AUAAC3WlsAhPSyA1sAewD6AJD7AlsAWwADqf5bzF0CBQAAWwCtXQhoAbRaiAEnVQtbKFUL
373=WyhVC1soVQtbKFULWyhVC1soVQtbKFULWyhVC1soVwtbACLluFvBXAF4EahZkBSoWYUTNS
374=bTIFsANibQIAJbADcAxaBcA1sAeQAHA4uxWwB6iQEGcAm5XgNoAbleB2gBuV4LaAG5Xg9o
375=ASdNFVsogQtbKIELWyiBC1sogQtbKIELWyiBC1soggtbACcjIFsAQ/+6WwBFKCgAJwcMWw
376=B1JqcgWwBVmfkAZxNKAAKzo1sAVCZ7IFsAdvNhWwB98GECWwA0AArvBScADOkBM/9iWwBI
377=iAGILbRlgCUBPwBlCsBGsGGAMLBhgzATAJe/ulsAFIgBmQYViAGEKalkFHwVqWQbaAG9Yg
378=poAb1iEGgBvWIWawFGAPOgXAJbAEEA9OsBQgD46QEm87lbAEQoKQBA42dbAEf/YlwAYeVg
379=XMRgBgUAAFwAegACASNHKlwAF+lOXCiJLVworQtcKK0LXCitC1worQtcKK0LXCitC1worQ
380=tcKK0LXCitC1worwtcACMoDAILSgCEAQAADAAAXAA+AJUkFCQCXABXAFS3WlwAWIkBAmEE
381=WYkBBGsBNwDA4QR4jV0BdAKkYIAEJykLXCgpC1woKQtcKCkLXCgpC1woKQtcKCkLXCgpC1
382=woKwtcADH/V1wAQSgpAEIoKAAnrwtcAEQoVAAn2wtcAH0oVQBV78BcAHYmMyJcAHT4wQJc
383=AHwABatZXABW+15cAH4oKQCA5WBcKAcMXAB38GEBXABbACUHLVwAMuZgXAC9YgZ4J7xiiC
384=29Ygd0ArximEi4XpQCuF6dNhaFYBFvBSUAtvEUJogBkAm4XoEERiZcLQJcAEcA9qBcAlwA
385=QAD36QEnJogiA10AdwD5AJ+ZXQB5nFcFCgAAXQB1ABckIyBdAHaJAQN1AhflSl0oVQtdKF
386=ULXShVC10oVQtdKFULXShVC10oVQtdKCkLXSgpC10oKQtdKCsLXQAkKA0CNPdaXQA9lVoB
387=cBShXARrAUoAniSjMF0AS4kBB3cCWgBOJDMtXQBbiQEGdAKkYJgcpWAFdQKCJmcjXQCEKC
388=gAsWECYASswJUNe4hkiAwnXQxdKF0MXShdDF0oXQxdKF0MXShdDF0oXQxdKF0MXShdDF0o
389=XQxdfPwkZSNdKAUMXSjjF10ARuVgXSgwDAJdAEMA+/kGgP9iXQBV/2JdAHwoKQBW88RdAH
390=4oKwBdAASjUV0AXONnXQBe82FdAIEoKACwYYwmsGGDJT8AbCS8LgJdAEkAdaK/XQC5Xg18
391=K7leEmgBuF6MPLhekDUBHwDdCpCuAl0AJwC7o1xdAED3vV0ARygqAEEAJQ8jXQBI6wFeAH
392=iYXgELAABeImEoAZkbXsVgAXQCpWAEaQF3kWEHaQEW4lFeACddDF4oXQxeKF0MXihdDF4o
393=XQxeKF0MXihdDF4oBQxeKAYMXgCtXQ1hDzWZXhJoAbVaCGkBfCPgQ5EUWZRaiBesXZQCrF
394=2LF4QAu7+6XgCCJr8jXgCDJr8jXgCFJr0jXiWRIwVoDKBclA0ngQteKIELXiiBC14ogQte
395=KIELXiiBC14ogQteKIELXiiBC14ogQteKOEXXiitC14okSNeKNkLXijZC14o2wteAFbjXF
396=4AXCgpAH4mFyReAH3vXV4AXYVAAGUegCgpAH/vXV4AVybHOl4APSabJF4AXygpAFj/xV4A
397=YCgrAEgAU7dlXgBJiQEDaAywYZMqMgBep2BeAD6cYpUuSpxiiwElALflCCaJAQJlCB6EYJ
398=g9sGGNPCCUAoFGI4kBH20FJIkBJWkBR/vBXgBAJhckXgA/Jh8wXgAnJvEvX8zAAgUAAF8A
399=pWAIaQF4kGGIAScFDF8oBQxfKAUMXygFDF8oBQxfKAQMAl8ASQB8r7VfAEqJAQdrDDUAhS
400=S3Il8Ae4FcAXQCrF2ZEX2VAgl0ArleAmgBuF6ABLhekRSFJjkjXyiROV8o/QpfKP0KXyj9
401=Cl8o/QpfKP0KXyj9Cl8o/QpfKP0KXyj/Cl8AMv+vXwA+KCkAPygpAEAoKAAnkSNfKIELXy
402=iBC18ogQtfKIMLXwB/91pfAFzqWV8AJ/8KXwBYJsdFXwBgKCkAVibHL18AXSgpADzvXV8A
403=PSgpAIMoKQB5971fAIIoKQA752BfAFUoKQB652BfADYm8yRfAITnw18AQib4MAJfAEgAWa
404=FcXyXEJIE7NCMdJQ5gO7leA2gBuF6YPbhejDy4Xo0FIY1dFG0FIokBGmgBsWEgaAGxYSZp
405=ASWBBCxrAR0A7O0QJyYfMF8AR+sBYAA4IrxRIoFHYCitC2AorQtgKK0LYCisCwJgAIUAAr
406=OuYACGiAEDAwAAYACHiQEGawGIAAThBImIAYEEiogBgAS4XogBuV4KeQZ+hWAOawFcAEzl
407=CF2IAYcIWQBT9QJaiAGVAluIAZAJJ71PYChdDGAoXQxgKF0MYChdDGAoXQxgKF0MYChdDG
408=AoMQxgKDEMYCgzDGAAM/teYAA8KCkAPSgoACeKDGAAJ4kMYCg5GGAoORhgKLUMYCi1DGAo
409=tQxgKLcMYABHKIkBYCgpAHooKQCAKCkAeedrYAB/52tgAFjnw2AAgygpAF/rZGAAO/9iYA
410=BXKCkAYevHYACBKCkAXvVlYCgTSmAAZPdlYAA392VgAGIoKQB7KCkAL+9oYACCKCgAuWkB
411=aUNJhGuHPzQAXLvMYAA1iQEEYQQ2iQEHaAEEHADbCgAACGgBpWsJaAGlaw9oAaVrFWgBpW
412=sbaAGlayFoAaVrJ2gBpWstaAGka5kRHpBsgw8+AN0k1SZgKLlJYSiTDWEASyazPWEAaSgo
413=ACe5amEovQ1hKL8NYQCIJn8mYQCJKCsAOQCLJGMzYQA6iAEFAwAAYQA3AKW5zGHZdAF0Ar
414=l0BGgBuXQHaAGgcogBtXALdAK1cA9pAX8jYFScCqBykAmgcpEJXoxzhAisc4AErHOABKxz
415=gQQf4VFhKI1UYSiZDmEomQ5hKJkOYSiZDmEomQ5hKJkOYSiZDmEo+RphKMUOYSjFDmEoxQ
416=5hKMcOYQA0KGQCJ/IOYQAn8Q5hKJkOYSiZDmEomQ5hKJkOYSiZDmEomQ5hKJsOYQBIKLUB
417=SSgpADvvc2EAV+9zYQBfKCkAeSgpAIIoKQBK5XZhKB8PYQBgKFUAeigpAGT74mEAgygpAI
418=Amy0BhAGPzd2EAfOV2YcVrBXxBpWsIaAGlawlpAR2RbBFoAa1oHGgBrWgiaAGtaChoAbRl
419=kwk+ANO0ZQJhAD8A2OsBQADe6QEmJi8nYQAlJu9KYQAgJlsnYQAhJhlLYijhDGIo4QxiKO
420=EMYijiDGIAoGcBAQAAYtVlBGkBOIFnB2gBvdsCaAGhZwVoAaFnCGgBoGeJAV/rZGIAfogB
421=nAqgZ50KgJQCnQpclGWcCqxonAqsaJMJgQBSJCJ4YgCsaIAErGiBBHcm5D4DYgBOAM4CI3
422=9oYgBPiQEOZRMg5UpiKBlsYii9DWIovQ1iKL0NYii9DWIovQ1iKL0NYii9DWIovQ1iKL0N
423=Yii9DWIoZQ1iKGcNYgA1KGUCOygoACe9DWIovQ1iKGkpYiixHGL0cA4AAGIAQgD6CQAAAA
424=AAYgBDABEAADkOACAI+gkAAAAAAGIARAAnKQBFKCkARigpAEcoKQBIKCkASSgpAEooKAAC
425=WAD9CQBjAGIAeigrAGAA//QCAWEABAp8AwEAYgB7KCsAYgAI9QJ9KCsASwAK9QJZKCsAfA
426=AM9AIEOgBiCgAABHQYBDYAfAoAAAFoAQQcANsKAAAKaQEdiQESaQEeiQEaaAEEIwDdCgAA
427=I2kBJIkBKWgBAT8A1wzHEzEA2esBMgDc6wEhAPXrASUA+esBHwD/6AEBIgAADYQIA2MAGw
428=BWAckBhigpAIcoKQCIKCkAiSgrAIMA4/kGhIgBAwMAAGMAhYkBBmsBigD/4QSLiQEEdQKM
429=iQEIaAEBXgBFAp8gYwBfiAGBBGCJAQdhBH+JAQVpAYCIAZgGA4EAUgIAAJUNgogBlA0Bdw
430=C4AtcYdgDE6wF4AMXrAU0AzvUNTogBkQlPiQEPaQwh60NjACIoKQAjKCkAJCgpACUoKQAm
431=KCkAJygpACgoKQApKCkAKigpACsoKQAsKCkALSgpAC4oKQAvKCkAMCgpADMoKQA0KCkANS
432=gpADYoKQA7KCkAPCgpAD0oKQA+KCkAPygpAEAoKQBBKCkAQigpAEMoKAAnbg5jACduDmMA
433=J24OYwAnbg5jACduDmMAJ28OYwB9KDABJ0AOAmMAYgD+o3JjAHsoKQB8KCkAYed2YwBKjW
434=kAdzlYAAOrb2MAW/N3YwBjKCsAWgAH4QRk/3hjAH4oKQBc/nhjALB3gVE3kHeJATiIAZlI
435=OYkBC2APqHqIAal6E3QCqXobawExANG0cAJjADIA1OsBHwDz6QEg7nNkACdDDmQAh+pvZA
436=AnQg5kACdCDmQAoHICAQAAZAChcgRoAaFyB2gBoHKABKFyBXQCoXIJaAG0cJQCtXAIdAIE
437=XgBOAgAAAmkBYYkBA2kBYokBBmkBgJRwnAqsc4APrHODD3cAvLRwAmQAeAC/6AGgcpwKoH
438=KMEKFyEH0KIP5BZAAnbQ5kKG4OZAAnbg5kACduDmQAJ24OZAAnbg5kACduDmQAJ24OZAAn
439=bg5kACduDmQAJ24OZAAnbg5kACduDmQAJ24OZAAnbg5kACduDmQAJ0IOZAAnQg5kACdDDm
440=QANyhtAzgoKQA5KCkAOigoACfyDmQAJ/IOZAAn8g5kACfyDmQAJ/IOZAAn8g5kACfyDmQA
441=J/IOZAAn8Q5kKGEdZCjxDmQo8Q5kKPEOZCjyDmQAJ/MOZABj6+hkAH0oKQB++XRkKG8OZA
442=Bk+HQCZABbAAG3cGQAeud2ZAB/9HACZABdAAngBKVrDGhDpWsUaAGlaxxrATIAz6xoAmQA
443=MQDT6wEzAN7pAR/u4WUAJ2UNZShlDWUoZQ1lKGcNZQCK6W9l0GwBAgAAZdFsBWgBsWwIaA
444=GlawZoAaVrCmkBX5RlmQZgiQEBdAK5aQRoAblpB2gBrGicCqxonAqoZJAJqWQRbQVQmdcY
445=aAEntQxlKLUMZSi1DGUotQxlKLUMZSi1DGUotQxlKLUMZSi1DGUotQxlKLUMZSi1DGUotQ
446=xlKLUMZSi1DGUotQxlKLcMZQAx7V1lKOEMZSjhDGUo4QxlKOIMZQAn4gxlACfiDGUAJ+IM
447=ZQAn4QxlKOEMZSjhDGUo4QxlKOEMZSjhDGUo4QxlKOEMZSjhDGUo4QxlKOEMZSjhDGUo4Q
448=xlKOEMZSi3DGUAXfvXZQB/KCsAZAACu15lAFv/YmUAfSgpAEvrZGUAXigpAIAoKACpZBVo
449=Q6lkHWkBHyNpKSVpATL/0GUAMybkKAJlAEkA+7VlZWR2JIwoA2YAZAAVASPNJWYo4QxmKO
450=EMZijhDGYo4QxmKOMMZgCL7GgDZgBMAHgBIygsAmYAgwD+JI8oZgCEiAEDBAAAZgCFiQEI
451=aQFglWUCaAG1ZQVoAbRlgAS9Ygt0Ar1iEmgBvWIZaQFRiWQgaAEnFRlmKF0MZihdDGYoXQ
452=xmKF0MZihdDGYoXQxmKF0MZihdDGYoXQxmKF0MZihdDGYoXQxmKF0MZihdDGYoXQxmKF0M
453=ZihdDGYoXQxmKF0MZihdDGYoXQxmKF0MZihdDGYoXQxmKF0MZihdDGYoXQxmKF0MZihdDG
454=YoXQxmKF0MZihdDGYoXQxmKF0MZihdDGYoXQxmKF8MZgCA68dmAF7zYWYAY/teZgCBJgMn
455=ZgCC711mAF8mqCYCZgBKAE+jZ2YAS4gBjEelYB5wQKVgJmkBMvDEAmYAMwDWu15mAEnzxG
456=YAICbDNGcAY4RgAQEAAGfRYQRpAWWVAgdoASdBGWcoXQxnKF0MZyhdDGcoXwxnAEuRYQNk
457=CL1iBWgBvGKUDbxilAK9YglgBLleDGgBuV4TaAG5XhpoAbleIWgBAV8AZwMjazRnAGCIAY
458=kXYYkBCGEEYogBkAkniQxnKIkMZyiJDGcoiQxnKIkMZyiJDGcoiQxnKIkMZyiJDGcoiQxn
459=KIkMZyiJDGcoiQxnKIkMZyiJDGcoiQxnKIsMZwAy9shnACdpNGco4QxnKOEMZyjhDGco4Q
460=xnKOEMZyjhDGco4QxnKOEMZyjhDGco4QxnKOEMZyjhDGco4QxnKOEMZyjhDGco4QxnKOEM
461=ZyjhDGco4QxnKOEMZyjjDGcAgSjwAycPDWcAgiajJWcAZia7M2cAZ+NnZwB+JnQlA2cASQ
462=BTCtVESogBj1IgAPi8YgJnAB8A/agBA2gAYwDvACPkPgNoAFwABAHLAV0AErO5aABeiAEB
463=AQAAaNVlBWgBtWUIaAEntQxoKLUMaCi1DGgotAwCaABKAHy/xWgAS4kBB2QIqWQCaAGpZA
464=ZoAalkCmgBvWIUaAG9YhtrAV8Ah7NhaABgiQEDdAIBYQCIA4vSaABiiAGQFCdJJWgoSSVo
465=KF0MaChdDGgoXQxoKF0MaChdDGgoXQxoKDEMaCiBC2gogQtoKIELaCiBC2gogQtoKIELaC
466=iBC2gogQtoKIELaCiBC2gogQtoKIELaCiBC2gogQtoKIELaCiBC2gogQtoKIELaCiBC2go
467=gQtoKIELaCiBC2gogQtoKIELaCiBC2gogQtoKIMLaAB+58NoAIAmUzFoAIEoKQCCJsckaA
468=Bn/8VoAH/8xQJoAEkAUqBcAmgAKABX6wEqAFjrASsAeiRfTmgALIgBkVYtiAEFCQAAaQBj
469=ABCjXGkAZIkBAnQCJykLaSgpC2koKAsCaQBKAHu9V2ndVwh4Br1XA2gBvVcHaAG9VwtrAY
470=AACCSoPAJpAIEACusBggAe6QFemLaECLVaAXkGYJxXiAG1WgV0ArRalBgniRdpKCkLaSgp
471=C2koKQtpKE0KaShNCmkoTQppKE0KaShNCmkoTQppKE0KaShNCmkoTQppKE0KaShNCmkoTQ
472=ppKE0KaShNCmkoTQppKE0KaShNCmkoTQppKE0KaSghCmkoIQppKCEKaSj3CWkAfu+qaQB/
473=4KkCaQBoAAWjRmkAfe+qaQBp76ppAEIm0VdpyE6PMSYAVfkGJ4gBj0clAFb0AqxSjQUpmV
474=MEfDa4U5UCK4RVlAIBLgBuCiM5LmnFVQZsBaVVCmkBRpBWjQVIJgwjAmoAXAA+hLwDAGoA
475=XQDy6QFeiAEBAgAAasFcAWgBoVwDawGCAFa7XmoAgygpAIQoKQCFKCgAJzEMaigxDGrFYA
476=VwCbRaiQyBgFyIDLxXjBC8V4gBvVcGeAa9VwpoASdxVmooIRVqKE0KaihNCmooTQpqKE0K
477=aihNCmooTQpqKE0KaihNCmooTQpqKE0KaihNCmooTQpqKE0KaihNCmooTQpqKE0KaihNCm
478=oonRRqKHkKaih5Cmoo7xNqAGjjnmoAaSgoACd7CmoAa+OeagBn5FUCagBqAAa/TGoAbCgp
479=AG3zVmoAZSYjIGoAbygpAHwoKwBJAFDlCCMjeSAAbTEkiAGIOLRaiQEogFyYPaBcmT0mjV
480=0EeQYqgVwIaAG0Wo0FLIBclQItgFyYBqxdmQYvlQIHeQYwiAGdQUWMXYwFuF6RCUeVAglt
481=BUgmQy9rAHTmYGsAuF4JAwAAawBdAA4BAAAGawFbABevXWsAXIgBgQSB4lxrACcxDGsoMg
482=xrACcyDGsAJzEMayipPGvFYARrDGoA7CQvPWsAafy6AmsAgAAUJJRVAmsAaAAVqLwCawBN
483=AMnoASQVLwJkCCQUL5wVJBUvCnQCJBUvDmgBJ4VTayiJDGso4S1rKOEtayjhLWso4S1rKA
484=0NayjhDGso4QxrKOEMayjhDGso4QxrKOEMayjhDGso4QxrKOEMayjhDGso4QxrKOEMayjh
485=DGso4QxrKOEMayjhDGsotwxrAGXrZGsAbyY7OWsAbfO5awB8KCkAZyb/IGsAfygpAGsmKy
486=FrAGTna2sAcCgpAGPzbGsAeygpAGbwbAJrAHEACqNnawAz58NrAGwoKAClawF9NkUmiiJr
487=AKRrgUYlkWwHYwQjAFSiv2sAuWkFdQInhWsIaAG0ZZQCtGWUArVlC2AEATEAcAojNF8Caw
488=BIAHjwCaBnhEqgZ4dKRAABJANIbABLIgBgZsZsAKhkAQEAAGzJZARpAV2VZQdoASe1DGwo
489=tQxsKLUMbCi1DGwotQxsyWQFZQhqiGSdCmuIAZ8KZQADs2FsAGaJAQNtBWeJAQZpAX+MaI
490=QTuGmABLhplQJphGuXAkwAyvAJpGuUAqRrlA2lawt8CqVrD2gBJ0VhbChBL2wooTtsKL0N
491=bCi9DWwovQ1sKL0NbCi9DWwoHTBsKM0lbCj5GmwoFQ5sKBUObCgVDmwoFQ5sKBUObCgVDm
492=woFQ5sKBUObCgVDmwoFQ5sKBUObCgVDmwoFQ5sKBUObCgVDmwoFQ5sKK5ubAAnr25sAGP3
493=cGwAbCgoACc9YGzscwsAAGwAcAABCgAAAAAAbBEAAOcNACADAH4AAgoAYAADbAByAAUKZA
494=EBAGwAeigrAH0ABvcCcwAI6wFeAAnoAQ9GAFIKAAAEAABsACUAUwoAAAhoAQQkAFQKAAAH
495=aAEEMABwCgAAAWkBMYkBA2gBAzIAcwoAAIsBRwB44QRIiAGRCUmIAYcIRAB79Q1FiAEFAw
496=AAbQBLAAKYFQEAbQBMKCgABFwAFwEAAAVhBF2JAQhoAQGAAFYBkwVtAIEoKQCCKCkAgygp
497=AIQoKwBqAHT7BmkAdesBaAB36AEBSQChAYcebQBKiQELdw1rAOz1AmyIAZQCAWUAAwKfIG
498=0AZokBBG0FZ4kBB2kBe4kBAGkBfIgBmRx9iQEGdwJ+ABXlCH+IAYAEAV8AQwKHKW0AYIgB
499=hQhhiAGZBmKJAQxlCGOJARJoAQElAPoJySImKCkAJygpACgoKQApKCkAKigpACsoKQAsKC
500=kALSgpAC4oKQAvKCkAMCgpADMoKQA0KCkANSgpADYoKQA3KCkAOCgpADkoKQA6KCkAOygp
501=ADwoKQA9KCkAPigpAD8oKQBAKCkAQSgpAEIoKQBDKCkAcygrAG0A/+UpcigrAHAAALNWbQ
502=B6KCsAXgAB9wJkAAPrAW8ABOkBdCgpAHkoKQB443JtAG7jcm0AdeNybQAxmWkBYDuka5BL
503=pWsCdAKka5xiuGmMBbhpjQVGhGsBBwAAbihnDW4AfvNhbgB/KCgAJzkNbig6DW4AJzoNbg
504=AnOA0CbgBoAHC3ZW4AaYkBBGkMaokBCGkBa4kBDGsBbAD/7QVtiAGNBW6IAYwFrWgCbAWt
505=aAVoAaxogAStaAF0AqxohAisaIwbqGSABKhklAKpZA14BqlkE2sBUQDBqIwCbgBQAMTrAV
506=IAx+gBJ+IMbgAn4gxuACfiDG4AJ+IMbgAn4gxuACfiDG4AJ+IMbgAn4gxuACfiDG4AJ+IM
507=bgAn4gxuACe2DG4AJ7YMbgAntgxuACe2DG4AJ7YMbgAntgxuACe2DG4AJ7YMbgAntgxuAC
508=e2DG4AJ7YMbgAntgxuACe2DG4AJ7YMbgAntgxuACe3DG4ARPRlAm4ASAD8tGUCbgBzAP3p
509=AXgoKwBeAP71AnQoKQB5KCkAb/NsbgB15WtuKJANAm4AXQAHu2luAF/rZG4AcSgrAEkACu
510=MEcAAM6wFHAF6o0gJuADMAcegBpGuITqRriE6gZ4gBoGcBCAAAbyi1DG8otgxvACe1DG8o
511=tQxvKLUMb8lkAWQIqWQFaAGpZAloAalkDWkBZ+rSbwC0ZZgGtGWYBrRlmwZmAAGmVW8AvW
512=ICZAi8YowFvGKLF2UAEuwFqGSMBahkgASpZA5kCKlkFGsBUQDA+AYnBQxvKAUMbygFDG8o
513=BQxvKAUMbygFDG8oBQxvKAUMbygFDG8oBwxvADHlSm8oBQxvKAUMbygFDG8oBQxvKAUMby
514=gFDG8oBQxvKAUMbygFDG8oBQxvKAUMbygFDG8oBQxvKAUMbygFDG8oBwxvAEUo6QJx91pv
515=AHD3Wm8AdSgpAHjjXG8AX+vHbwB6KCsAcwACv1dvAHLnw28AdigpAHcoKQBJ5GACbwBkAA
516=v5BkaYXphIpWAEYTtIlQIHaQEykGGABLxigwQ0AHkk3CcCcABMAD4jJCEBAHAAffHEcCgx
517=DHAoMQxwKDEMcCgxDHDEYAECAABw0cQGaAGlYApoAaVgDmsBZwB2s8RwAGwmJCYCcAB7AN
518=v1AnyJAQNvBW8A5/UCcIgBiQxxiQEEYwRyAOrhBHOIAYAEuGmMELhpjBC5aQF7BnQABLte
519=cAB1KCkAdogBgQ93iAGECLhplAK5aQlkCLlpD2gBuWkVaAEDZABTAgAAmwZQAMjoDCdBGX
520=AoOQ1wKDkNcCg5DXAoOQ1wKDkNcCg5DXAoOQ1wKDkNcCg7DXAAMvlTcCg5DXAoOQ1wKDkN
521=cCg5DXAoOQ1wKDkNcCg5DXAoOQ1wKDkNcCg5DXAoOQ1wKDkNcCg5DXAoOQ1wKDkNcCg7DX
522=AARijoAidBGXAoZxhwAF8mziVwACd3JXAASvrBcAClYAVsMaVgCGsBSQBgu8FwADOYXpBA
523=pGCNBTWUAgMJAABxAHTnYHEAdSgpAHYoKAAniQxxKIkMcSiJDHEoiQxx0WEHfAqxYQtoAb
524=FhD2kBcvvBcQBtJocycQBzKCkAbPRlA3EASgCJASNPNnEAS4kBCmQIoWcBaAGhZwRoAaBn
525=lAKhZwN0AqFnBWgBvGKYEb1iAnUCZ4XOBmkBaIgBiAywYZQYpGCUAqVgEGwFpWAWaQFkI4
526=UyHGgBJ/EkcSitC3EorQtxKK0LcSitC3EorQtxKK0LcSitC3EorQtxKK0LcSitC3EorQtx
527=KK0LcSitC3EorQtxKK0LcSitC3EorQtxKK0LcSitC3EorQtxKK0LcSitC3EorQtxKK0LcS
528=itC3EorwtxAEf6XnEAJ5skcQB49chxKAcMcQBgJuc+cQBlKCkASIBcmD2sXZNAMwBsJGM+
529=cQA0iAGUAqxdAwoAAHIAcfdacgByKCkAcygoACcxDHIoMgxyACcxDHIovRhyKDEMcigxDH
530=LFYAR0DaVgCGgBpWAMawFsAHGnuHIAbYkBBXUCbogBkRRviQEPdQJwiQEUaAEBTACIASPV
531=PHLRYQt0ArFhAmgBsGGQCaFcA3QCoVwHaAGgXJgGoFyEE7VaEWAEtVoXaAG1Wh1oAScdMH
532=IoKQtyKCkLcigpC3IoKQtyKCkLcigpC3IoKQtyKCoLcgAnWT1yKFULcihVC3IoVQtyKNEK
533=cijRCnIo0QpyKNEKcijRCnIo0QpyKNEKcijRCnIo0QpyKNEKcijRCnIo0wpyAEj/V3IAYP
534=NWcgBl77VyAHooKQBN81ZyAGH6tnIAsFaRNUqIWYwxsFaUArBWkDUBOgDYDCO4IgJyADkA
535=2+sBOwDeqQFzKFULcyhWC3MAJ1ULcyiJF3MoVQtzKFULcyhVC3MoVQtzyFkCBQAAcwCpWQ
536=loAalZDWgBqVkBaAGpWQZoAalZC2gBqVkQaAGpWRVrAWYA46dgcwBniQEDdQJoiAGHCHoA
537=/uEEe4kBBGEEfIkBCGkBdyOFPQBpAXiIAYEEeYgBgQRjI1wigAQkiCKJDGWUAogMJ0k7cy
538=gpC3MoKQtzKCkLcygpC3MoKQtzKCkLcygpC3MoKQtzKM07cyjFL3MogQtzKIELcyiBC3Mo
539=2RZzKK0WcyjZC3Mo2QtzKNkLcyjZC3Mo2QtzKNkLcyjaC3MAJ6E7cyjZC3Mo2QtzKNkLcy
540=jZC3Mo2wtzAEnnYHMASigpAE4mA0hzAE8m6y5zAGLkYAJzAEsAX6O0cwBMiAGdNk2JAQd3
541=OToA17VadChVC3QoVQt0KFULdChVC3QoVQt0KFULdChVC3TIWQEGAAB0yVkKaAGpWQ5oAa
542=lZAmgBqVkHaAGpWQxoAalZEWgBqVkWaAGpWQFoAalZBGgBqFmECKhZgASpWQVgBKlZCWgB
543=qFmABKhZgASoWYAEqFmABKhZiAyoWYgMJ0lGdCj9CnQo/Qp0KP0KdCj9CnQo/Qp0KP0KdC
544=j9CnQo/Qp0KP0KdCj9CnQo/Qp0KP0KdCj9CnQo2SF0KCkLdCgpC3QoKQt0KCkLdCgpC3Qo
545=KQt0KCkLdCgpC3QoKQt0KCkLdCgpC3QoKQt0KCkLdCgpC3QoKQt0KCsLdABL91p0AE8mSz
546=t0AGL8ugJ0AE4AXCSJLXTIWZw2qFkBCAAAdSj9CnUo/Qp1KP0KdSj9CnUo/Qp1KP8KdQB3
547=Jl0idd1XB3wKqbELaAG9Vw9oAb1XA2gBvFeMEL1XDXQCvVcSaAG9VxdoAb1XAmgBvVcFaA
548=G8V4QIvFeABL1XBmAEvVcKaAGwVpQCsFaUAqRVkAmkVZAJJ8VQdSh5CnUoeQp1KHkKdSh5
549=CnUoeQp1KHkKdSh5CnUoeQp1KHkKdSh5CnUoeQp1KHkKdSh5CnUoeQp1KHkKdSh5CnUoeQ
550=p1KHkKdSh5CnUoeQp1KHkKdSh5CnUoeQp1KCEKdSghCnUoIQp1KCEKdSgjCnUATO9SdQBj
551=76p1AFAmVyF1AE2NUgF4MrlTBGkBT5QCj0dFANm7q3UARib9IHYopQp2KKUKdiilCnYopQ
552=p2KKUKdiilCnYopwp2AHjwVgJ2AGkAb7v4dgBqiAEDAwAAdgBriQEGaAGxVgRoAbFWCWgB
553=sVYOaAGxVhNoAbFWGGkBUCMwOJEJZiNNIAB1AmeIAZEJaIkBCHQCvFeMBb1XB3QCpVULaA
554=En6Vp2KCEKdighCnYoIQp2KCEKdighCnYoIQp2KCEKdighCnYoIQp2KCEKdighCnYoIQp2
555=KPUJdij1CXYo9Ql2KPUJdij1CXYo9Ql2KPUJdij1CXYoGRR2KPUJdij1CXYo9Ql2KPUJdi
556=jLCXYATfdPdgBjJtMrdgBk6/52AGXr/nYASyaRWnbdpAVoLaBRmzI7AG20pwJ2AEUA1K9S
557=dgBEJnsrdwBt+0h3AG4oKQBvKCkAcCgoACdVN3co/Qp3KP0Kdyj9Cnco/Qp3KP0Kdyj9Cn
558=co/wp3AHkoiQF6KCgAtFoBAQAAd9VaBGgBtVoHaQFsJjNDdwBRhFWVAlKJAQpgBLBWhAix
559=VgV0ArFWCWgBJw1ldyghCncoIQp3KCEKdyghCncoIQp3KCEKdyghCncoIQp3KCEKdyghCn
560=coIQp3KPUJdyj1CXco9Ql3KPUJdyj1CXco9Ql3KPUJdyjtE3coIQp3KCEKdyghCncoIAoA
561=AncASgD6CQAAAAAAdwBLAPoJAAAAEQAAmA0AIAYAAHcATAD6CQBjAHcATSgpAE4oKwBkAP
562=3gBAFlAAAKaAUHAHcATwBTCgAACGQIBFAAYAoAAARrATsAbekBPIkBB3QCAUUA1wyYBgN4
563=AGwAVgHJAW0oKQBuKCkAbygpAHAoKQBxKCkAcigpAHMoKQB0KCkAdSgpAHYoKQB3KCkAeC
564=gpAHkoKAAJaQBvAQAAAgAAeABqiQEFaQFriQEIaAEEUgCJAQAAC2gBBFMAngEAAANrAWYA
565=/vkGZ4kBBnUCaIkBCmkBMOcpeAAxKCkAMigpADMoKQA0KCkANSgpADYoKQA3KCkAOCgpAD
566=koKQA6KCkAPigpAD8oKQBAKCkAQSgpAEIoKQBDKCkARSgpAEYoKQBHKCkASCgpAEkoKQBK
567=KCkASygpAEwoKAAnngl4ACecCQJ4AGQA/rxMAngAZQACvEwCeABiAAXrAWMABugBqE6FNF
568=GUT4Q0tE+UArRPlAIBPQBxCtM1RADf4FEBTwABDYFReShOCnkAJ04KeQAnTgp5ACdOCnkA
569=J04KeQAnTgp5ACdOCnkAJ04KeQAnTgp5ACdOCnkAJ04KeQAnTgp5ACdMCgJ5AGkAbatkeQ
570=BqiAEFAgAAeQBrAHT0ArVPBHUCVIFRB2gBoVEDaAGgUZQCoVELdAIBYwADAsUeZIgBjQVl
571=iQEGYAQnegp5ACd6CnkAJ3oKeQAnegp5ACd6CnkAJ3oKeQAnegp5ACd6CnkAJ3oKeQAnew
572=p5ADv+QXkAJ3oKeQAnegp5ACd6CnkAJ3oKeQAnewp5AEQoBAEnpgp5ACemCnkAJ6YKeQAn
573=pgp5ACemCnkAJ6YKeQAnpgp5ACelCnkoRRR5KKcKeQBPKOEBYueieQBh51V5ADyJTgFwKr
574=RPkTU+lAKYMgNSAHUKAACDBFAA+6xSAnkAUQAArFICegBXAD6MNQEAegBr7ZR6KCEKeigh
575=CnooIQp6KCEKeighCnooIQp6KCEKeighCnooIQp61E8BAQAAetVPA2sBZgBwt096AGeJAQ
576=R1AmiJAQhoAa1SBWgBrFKVAmyAqo0FbYgBlwJuAAGiUXoArFKUDaxSjAWtUgdwCSchCnoo
577=IQp6KCEKeighCnooIQp6KCEKeighCnooIQp6KCEKeigjCnoAPOE7eighCnooIQp6KCEKei
578=ghCnooIgp6ACchCnooIQp6KCEKeighCnooIQp6KCEKeighCnooIQp6KCEKeighCnooIwp6
579=AGH39HoAYvanegC0T5gytE+DMD8AcqSiAnoAUQB7r6p6AFKIAZs9UAD5r1J7AGr1T3so9Q
580=l7KPUJeyj1CXso9Ql7KPUJeyj1CXso9Ql7KPYJewCwSwEBAAB70UsFaAGxSwlpAWmdTA1p
581=AWuYSIwFsEuMBbBLjAWwS4AEsUsCeAawS4wFsUsIdAInaRN7KEUJeyhFCXsoRQl7KEUJey
582=hFCXsoRQl7KEUJeyhFCXsoRwl7AD3xS3soRQl7KEUJeyhFCXsoRQl7KEUJeyhFCXsoRQl7
583=KEUJeyhFCXsoRQl7KEUJeyhFCXsoRQl7KEUJeyhHCXsAUCi/AmEAA7REAnsAVAAI6QE+mE
584=iILaVKBHEqQJUCB2gBsEuABLBLgQRTnEwBBwAAfChxCXwoGQl8KBkJfCgZCXwoGQl8KBkJ
585=fM1HAnAJoZMGaAGtRwpoAa1HDmgBrEeMBaxHjAWgRpUCb4CTlQJwiAGHCGMAB7uVfABkiQ
586=EDcQlliAGMBSdZHHwo7Qh8KO0IfCjtCHwo7Qh8KO0IfCjtCHwo7Qh8KO0IfCjuCHwAJ1kn
587=fCjtCHwo7Qh8KO0IfCjtCHwo7Qh8KO0IfCjtCHwo7Qh8KO4IfAAnWRx8KO0IfCjtCHwo7Q
588=h8KO0IfCjvCHwAUfhIAnwAVQAEr0d8AFb4SAJ8AGIACfUCbSgrAFQAYa6UfACxSwV0LrFL
589=CGsBQQBz4ASwS4AEsEsBCAAAfShxCX0ocQl9KHEJfShxCX0ocQl9xUoDZAilSgdoAaVKC2
590=gBpUoPaAGkSowFuEiIAbhImAa4SJgGuUgBeAa5SARoAbhIjAUnSSV9KO0IfSjtCH0o7Qh9
591=KO0IfSjtCH0o7Qh9KO0IfSjtCH0o7Qh9KM0lfSgZCX0oGQl9KBkJfSgZCX0oGQl9KBkJfS
592=gZCX0oGQl9KBkJfSgZCX0oGQl9KBkJfSgZCX0oGQl9KBkJfSgbCX0AUudKfQBWJvolfQAn
593=JyZ9AG3j4H0AbCZQJgJ9AGEAB79MfQBTkEuMMbxMjTFVlAKNMUCQS4AEvEwDBAAAfgBo7+
594=F+AGkoKAAnxC8DfgBqAAYCI6sxfgBriQEGeAatPAhpAXCVhgBpAXGJAQNpAXKIAY8FZgAa
595=s41+AGeJAQJgBCeJLX4oPQh+KD0Ifig9CH4oPQh+KD0Ifig9CH4oPQh+KD0Ifig9CH4oEQ
596=h+KBEIfigRCH4oEQh+KBEIfigRCH4oEQh+KBEIfigRCH4oEQh+KBEIfigRCH4oEQh+KBEI
597=figRCH4oEwh+AFP8QQJ+AGIA/yQMOQJ+AGwAAbs9fgBW/kF+ACcPOX4Abv9BfgBk95F+AG
598=8oKQBUJopDfgCoQ4g4qEOYMqlDBWc0QgB5JONDfwBphD8BAQAAf91BBGgBpD+UAqQ/lAKl
599=PwdgBLk9A2kBaIU/BWgBJ0U1fyi5B38ouQd/KLkHfyi5B38ouQd/KLkHfyi5B38ouQd/KK
600=Urfyi5B38ouQd/KLkHfyi5B38ouQd/KLkHfyi5B38ouQd/KLkHfyi5B38ouQd/KLkHfyi5
601=B38ouQd/KLkHfyi7B38AVOc/fwBVKCkAZPNAfwBv80B/AGzzQH8AVv/QfwBr/4N/AGUme0
602=F/AFfzQH8AZigpAEGMPIg4uD2FNEOUAgEJAACAxT8CawFoABG9eIAo3QaAKN0GgCjdBoAo
603=3gaAACcBMoAo3QaAKN0GgCjdBoAo3QaAKLEGgCixBoAosQaAKLEGgCixBoAosQaAKLEGgC
604=ixBoAosQaAKLEGgCixBoAosQaAKLEGgCixBoAosQaAKLEGgCizBoAAVv82gABXJgNIgABm
605=6ziAAG8oKQBr6ziAAGr/NoAAcPw2AoAAWAAKr36AAGcoKQBxKCsAQQBj4ASpOAZwNak4Cm
606=kBRJQ5AQ4AAIEosQaBKLEGgSixBoEosQaBKLEGgSixBoEosQaBKLEGgSiRDYEo3QaBKN0G
607=gSjdBoEo3QaBKN0GgSjdBoEo3QaBKN0GgSjdBoEo3QaBKN0GgSjdBoEo3QaBKN0GgSjdBo
608=Eo3QaBKN0GgSjnHYEAavkygWRgvyuBAGj6q4EAtS4BcSpCgTAEaAG0LgULAACCAFgAxrVl
609=giipBYIoqQWCKKkFgiipBYIoqQWCKKkFgiipBYIoJRuCKNUFgijVBYIo1QWCKNUFgijVBY
610=Io1QWCKNUFgijVBYIo1QWCKNUFgijVBYIo1QWCKNUFgijVBYIo1QWCKNUFgijVBYIo1QWC
611=KLcMggBX9lqCALEqBWcpQQBnoDACgwBYALuwKgKDAFkAwesBVwDC6wFaAMfoAScxToMoqQ
612=WDKKkFgyipBYMoqQWDKH0Fgyh9BYMofQWDKH0Fgyh9BYMofQWDKH0Fgyh9BYMofQWDKH0F
613=gyh9BYMofQWDKH0Fgyh9BYMofQWDKH0Fgyh9BYMofQWDKH0FgyhUCwKDAEAAZOQpsCoDAQ
614=AAgwBCnCsFAwAAhABXAMC7J4QAWSgoACcFF4Qo+QSEKPkEhCj5BIQo4S2EKCUFhCj5BIQo
615=+QSEKPkEhCj5BIQo+QSEKPkEhCj5BIQo+QSEKPkEhCj5BIQo+QSEKPkEhCj5BIQo+QSEKP
616=kEhCj5BIQo+QSEKPsEhABYJig3A4QARABQCiOdLoTRKgF5J0GcKwEEAACFKKEEhSihBIUo
617=oQSFKKEEhSihBIUooQSFKKEEhSihBIUooQSFKKEEhSihBIUooQSFKKEEhSihBIUooQSFKK
618=EEhSihBIUooQSFKKEEhSihBIUooQSFKKEEhSgfD4UAWIkjAH0gVyZdIoXNJgt0AqElBWsB
619=QABlrVKGKKEEhiihBIYooQSGKKEEhihtDoYozQSGKM0EhijNBIYozQSGKM0EhijNBIYozQ
620=SGKM0EhijNBIYozQSGKM0EhijNBIYozQSGKM0EhijNBIYozQSGKM0EhijPBIYAVybTIIYA
621=WCgpAFn7J4YAWibWJoYArCYDAQAAhgBBmCcBBAAAhyihBIcooQSHKKEEhyihBIcooQSHKK
622=EEhyihBIcooQSHKKEEhyihBIcooQSHKKEEhyh1BIcodQSHKHUEhyhJBIcoSQSHKEkEhyhJ
623=BIcoSQSHKEsEhwBZ9yOHAFooKQBb6ceHySIFayI/AGazS4cAQIkBA3cCTgD/JCtYhwBS6Q
624=GIKPkEiCj5BIgo+QSIKPkEiCj5BIgo+QSIKPkEiCj5BIgooQSIKMUDiCjFA4goxQOIKMUD
625=iCjFA4goxwOIAFrla4jAGgMEAACIAEGNGwdrAU4A9K8biABSKCkASiZDZogATSgrAFEA/e
626=0FSyabZogATygpAFMoKgBQACVtcYkooQSJKKEEiSihBIkooQSJKKEEiSihBIkooQSJKPED
627=iSjxA4ko8QOJKPIDiQAnuweJAFv8Yg6JAFwACAoAAAAAAIkAQQBmChEAAHQGBA8JAAAIAA
628=CJAFAAtAoAYwCJAFGIAQUCAACJAFIAtfUCU4gBlwJLANL1AkyJAQNtBU6JAQlpAU+JAQxo
629=AQFKAPYMeAoDAIkATQD56wFJAPvrAVQA/esBVQD+qAEDigBCAPoJmwaKAEMoKQBEKCkAVy
630=gpAFgoKQBZKCkAWigpAFsoKwBcAACpF4rYHAEDAACK2RwBaAGsG4gBrRsEdQJNgRoHaAG5
631=HApoAbkcDWkBUIEEEGsBUwDV6QxUiQEFdwJJAPHvG1UA9esBSgD46wFIAPrpAUX0IwKKAE
632=YA/PUCRygoAAFWAAANlCMDiwBSAFYByAEnogSLACdKBIsAJ0oEiwAnSgSLACdLBIsAXPQj
633=AosAXQAIqBcLiwBGANEKAAABAACLAEeJAQZpAUqJARVpAUuJARpoAaElBWgBoSUIaAGhJQ
634=tpAU+VIw5oAaElEWkBUZUCFGgBrCaUDawmlQ1VmCeFCFaJARBtBUj7J4sARfsniwBJKCkA
635=RORKAosAVwABoyWMAE3jJYwATigpAE8oKQBQKCkAUSgoACd/BYwAUyhUACclBYwoJQWMKC
636=cFjABd8yqMAF7wKgKMAEQAl7MqjABFiAEDBgAAjABGiQELaAGpLQdpAUidKwxpAUmJARFo
637=AaEwFmgBoTAbaQFMgQQgaAG4J4QIuCeECLgnhQhXhCmFCFjjJYwAWeVKjSihBI0oogSNAC
638=eiBI0AJ6IEjQAnoQSNKCEKjSijBI0AVO0mjSihBI0ooQSNKKMEjQBe7XON1CMBBwAAjdUj
639=DGkBR4ElEWgBtSMNaAG1IxJoAbUjF2gBtSMcaAG1IyFoAagimAaoIpgGqCKZBliUI5gGBF
640=kA1woAAAl7BloA/7dwjgBI4xqOAEkoKQBKKCgAJ50Jjij5BI4o+QSOKPkEjij5BI4o+QSO
641=KPkEjij7BI4AVSiJAVYoKAAnHQ+OKFEFjihRBY4oUQWOxCkCDQAAjgClKRJoAaElHWgBoS
642=UiaAGpIhhpAVidIAFoAakiCmkBWvO5jwBH+RGPKHUEjyh2BI8AJ3cEjwBLKK0ATCgoACfN
643=BI8ozQSPKM0EjyjNBI8ozQSPKM0EjyjNBI8ozQSPKM4EjwAnzwSPAFco4AEn7ROPKM8Ejw
644=Be83ePAF/yd48AvCACAgAAjwC9IAtpAVqVIxRpAVvxjZAoHQSQKB0EkCgdBJAoHgSQACcd
645=BJAo6Q2QKB0EkCgdBJAoHQSQKB0EkCgdBJAoHQSQKB0EkCgdBJAoHQSQKB8EkABY6SKQKB
646=0EkCgfBJAAX+1zkNAfAgwAAJAAsR8VaQFbnSAeaQFc9WWRKPEDkSjxA5Eo8QORKPEDkSjx
647=A5Eo8QORKPEDkSjxA5Eo8QORKPEDkSjxA5Eo8QORKPEDkSjxA5Eo8QORKPMDkQBZ/SCRKP
648=EDkSjxA5HEHgIWAACRAKUeH2kBXOvSkQBdJg0jkijFA5IoxQOSKMUDkijFA5IoxQOSKMUD
649=kijFA5IoxQOSKMUDkijFA5IoxQOSKMUDkijFA5IoxQOSKMUDkijFA5IoxwOSAF/lYJLEHg
650=EXAACSxR4gaQFcmT0pawFdAPexo5MomQOTKJkDkyiZA5MomQOTKJkDkyiZA5MomQOTKJkD
651=kyiZA5MomQOTKJkDkyiZA5MomQOTKJkDkyiZA5MomQOTzBsBGAAAk80bIWgBrRsqaQFd9Z
652=yUKEEDlChBA5QoQQOUKEEDlChBA5QoQQOUKEEDlChBA5QoQQOUKEEDlChBA5QoQQOUKEED
653=lChDA5QAWvFWlNQYAiIAAJQAtRgraQFdkDUBNAAAlSjpApUo6QKVKOkClSjpApUo6QKVKO
654=kClSjpApUo6QKVKOkClSjpApUo6QKVKOkClSjpApUo6wKVAFv1GJXIFwEsAACWKJECliiR
655=ApYokQKWKJECliiRApYokQKWKJECliiRApYokQKWKJECliiRApYokQKWKJECliiRApcoOQ
656=KXKDkClyg5ApcoOQKXKDkClyg5ApcoOQKXKDkClyg5ApcoOQKXKDkClyg5Apgo4QGYKOEB
657=mCjhAZgo4QGYKOEBmCjhAZgo4QGYKOEBmCjhAZgo4QGZKIkBmSiJAZkoiQGZKIkBmSiJAZ
658=koiQGZKIkBmSiJAZooMQGaKDEBmigxAZooMQGaKDEBmigxAZso2QCbKNkAmyjZAJso2QCc
659=4AQKAACcAFUAVgEAAAAAABEAAA==

[OverlayPack]
1=BQAAIP4AIP+AZQAAIP5JCP+GZnH//2pr/vsB/4Vm/2f/aP77Af+Ea/9ocP77Af+EbWxqaf
2=77Af+Gaf//bv9v/vwB/4Fn/gcE/4NgYGD+/QH/g1VVVf79Af+DVVVV/v0B/4NWVlb+/QH/
3=g1RUVP6rAf+AYQAAIP5SAP+DU1NT/v0B/4NiYmL+6g3/gW/+AAL/gWf+/AH/hXBw/29u/v
4=wB/4Rv/2hm/voB/4Vpav9qbv77Af+Eaf//af75Af+Ga/9v//9w/vwB/4Ru/2xm/iQA/4GU
5=/pwB/4C4AAAg/jwA/4Fq/iMA/4ad/56T/5b++wH/g5P/l/78Af+BnP4EAP+BmP77Af+GlJ
6=r/mZWT/vwB/4Oak57+/AH/gpuc/uAD/4Fn/vEB/4GT/gsA/4Jsbf7wAf+EnJ6Zmv4KAP+D
7=a29o/u8B/4OblZj+CwD/gmpw/u8B/4KUlP4NAP+Baf7wAf+ClZP+DQD/gWj+8QH/gZf+DA
8=D/gmhx/vIB/4GT/gsA/4JnZv7yAf+Blv4LAP+CZmb+vQH/gDYBACD+KAL/gWn+/gH/hGdr
9=Z2/+MQD/gp2c/sgB/4ltZ2n/a2ZrbnD+DAD/g7T/tP4eAP+Dnv+b/sYB/4ZuaP9mZ23+JA
10=D/g4f/g/4KAP+Ik///mpeUlpP+wAH/iGz/bv//bGhs/hAA/4Fv/hAA/4SEg/+C/gsA/4iU
11=lpeZmP//lf7BAf+HaW5vZm5oZ/4gAP+Hhf9/gIH/gP4KAP+Blf4EAP+DnJ2W/sIB/4Rqa/
12=9r/iEA/4eG/4T/gX9//g0A/4SYmZqb/gYA/4G0/sAB/4G0/iEA/4SF//+C/gsA/4O0tLT+
13=DAD/gbT+4AH/h4eGg///ion+CgD/grS0/vIB/4GI/hwA/4Jxbf7eAf+CtLT+HwD/g21sa/
14=79Af+Dav9o/v4B/4Jpbv4AAv+Camf+/gH/g2//Zv6LAf+AAAEAIP50AP+CcGn+/wH/gWb+
15=/wH/gmdo/g8C/4RmZv9m/vwB/4Vm/2b/Zv74Af/+BQBmhP9mZmb+vwH/g5b/m/42AP+HZm
16=b//2b/Zv7BAf+Ek5j/nf4zAP+CZmb+BAD/g2ZmZv6/Af+GlJqTnv+c/jQA/4dm/2Zm//9m
17=/r4B/4aV/5f//5n+NAD/hGb//2b+wwH/hJX//5f+DAD/grS0/icA/4Nm/2b+xAH/hZabmJ
18=WW/gwA/4G0/ioA/4Fm/sMB/4GZ/joA/4JmZv7lAf+Bk/7RAf+BmP4tAP+FlJX/l5j+ugH/
19=gWv+EAD/hJr/mZr+EwD/gW/+GgD/hZb//5me/owB/4C7AAAg/isA/4Zx/2dq/2n+CwD/hZ
20=6b//+b/jEA/4Kanf67Af+DZv9o/gkA/4edlf+T/5yd/jEA/4Gb/rcB/4Zxbf//amf+CQD/
21=hJb/k5T+NQD/gZz+uQH/g2j/af76Af+Ibmxs/2v/Zm3+CQD/gZP+8AH/g27/b/4AAv+BcP
22=4YDP+Gbm9m//9n/v0B/4RtZ/9p/vkB/4hwbWppbG//aP4dAP+Bf/7bAf+Ha///b2n/cP4a
23=AP+Fhf+A/4r+kQH/gGgAACD+SwD/hGxtcGf+GgD/h4KBgv+Eion+2gH/hXH///9t/hkA/4
24=aEg/+B/4X++QH/hoSB////g/79Af+GgISGhf+I/vgB/4ODgIf+/gH/g4b/h/79Af+BiP7/
25=Af+Cion+9gH/gW/+ng//gDAAACD+WQj/hGj//2/+/QH/g2lpcP77Af+GZm5q/2dm/vsB/4
26=NrbWj+/QH/gnFs/qUP/4AFAAAg/gAg/4AFAAAg/gAg/4AFAAAg/gAg/4AFAAAg/gAg/4AF
27=AAAg/gAg/4AFAAAg/gAg/4AFAAAg/gAg/4AFAAAg/gAg/4AFAAAg/gAg/4AFAAAg/gAg/4
28=AFAAAg/gAg/4AFAAAg/gAg/4AFAAAg/gAg/4AFAAAg/gAg/4AFAAAg/gAg/4AFAAAg/gAg
29=/4AFAAAg/gAg/4AFAAAg/gAg/4AFAAAg/gAg/4AFAAAg/gAg/4AFAAAg/gAg/4AFAAAg/g
30=Ag/4AFAAAg/gAg/4A=

[OverlayDataPack]
1=BQAAIP4AIACAYAAAIP5JCACGAwMAAAQD/vsBAIUEAAQABP77AQCEBgAGBv77AQCEBAYHB/
2=77AQCGAQAABgAB/vwBAIEB/ggEAIIBAv7+AQCCAQL+/gEAggEC/v4BAIIBAv7+AQCCAQL+
3=qwEAgF0AACD+UwAAggEC/v4BAIIBAv7qDQCBAf4AAgCBBP78AQCFAwMABgb+/AEAhAYABw
4=b++gEAhQMEAAYG/vsBAIQEAAAE/vsBAIQDAAAE/vwBAIQDAAQD/iQAAIED/pwBAIC2AAAg
5=/jwAAIED/iMAAIQBAAYE/v0BAIMEAAP+/AEAgQP+BAAAgQT++wEAhgMDAAcHBP78AQCDBw
6=cG/vwBAIIDBP7gAwCBAf7xAQCBBP4LAACCBAf+8AEAhAQIBwT+CgAAgwcIBP7vAQCDBwgG
7=/gsAAIIGB/7vAQCCBgf+DQAAgQT+8AEAggYG/g0AAIEE/vEBAIEE/gwAAIIGBv7yAQCBA/
8=4LAACCBwf+8gEAgQH+CwAAggQE/r0BAIABAQAg/igCAIEE/v4BAIQHBwcE/jEAAIIDBP7I
9=AQCJBggIAAcGAwMB/i0AAIMEAAP+xgEAhgYGAAYICP4kAACDAwAB/goAAIgEAAAHBgQEA/
10=7AAQCIAwAHAAAKCgb+IQAAhAQGAAb+CwAAgQT+BAAGgwAAB/7BAQCHBAYHBwgIBv4gAACH
11=AwAGCAYAA/4KAACBBP4EAACDBwcE/sIBAIQGBgAE/iEAAIcDAAQABgcD/g0AAIQBBAYG/u
12=kBAIQHAAAE/vsBAIcDBAMAAAQD/v4BAIED/hwAAIIDBP7/AQCDBgcD/v0BAIMEAAb+/gEA
13=ggQE/gACAIIEBP7+AQCDAwAE/osBAIDuAAAg/nQAAIIEBP7/AQCBBv7/AQCCAwP+DwIAhA
14=MEAAP+/AEAhQcABgAG/vgBAIkDBgcGBgAHBgT+vwEAgwEAA/42AACHCAcAAAQACP7BAQCE
15=CAcAA/4zAACCAwb+BAAAgwYGBP6/AQCGBgcHBgAD/jQAAIcDAAMEAAAD/r4BAIYDAAYAAA
16=T+NAAAhAMAAAT+wwEAhAYAAAb+NQAAgwEAA/7EAQCFBAYEBAP+NwAAgQT+wwEAgQP+OgAA
17=ggMD/uUBAIED/tEBAIED/i0AAIUDBAADA/66AQCBA/4QAACEAwAEBP4uAACFAwAABgT+jA
18=EAgLUAACD+KwAAhgEAAwMAA/4LAACFBgYAAAb+MQAAggYG/rsBAIMGAAP+CQAAhwYHAAMA
19=AwP+MQAAgQT+twEAhgEDAAAEBv4JAACEAQAEBP41AACBAf65AQCDBAAG/voBAIgBBAQABA
20=ADAf76AQCDAwAD/gACAIEB/hgMAIYBAwMAAAP+/QEAhAcHAAT++QEAiAMEBgcIBwAD/h0A
21=AIED/tsBAIcEAAAKCAAD/hoAAIUEAAQABv6RAQCAYAAAIP5LAACEBAYHBv4aAACHBgcGAA
22=YGA/7aAQCFAQAAAAP+GQAAhgYGAAQABP75AQCGAwQAAAAH/v0BAIQEBgQD/voBAIMDBgf+
23=/gEAgwYAAf79AQCBBP7/AQCCAwP+lREAgDAAACD+WQgAhAEAAAP+/QEAgwYHBv77AQCGAw
24=cIAAYD/vsBAIMICAb+/QEAggQG/qUPAIAFAAAg/gAgAIAFAAAg/gAgAIAFAAAg/gAgAIAF
25=AAAg/gAgAIAFAAAg/gAgAIAFAAAg/gAgAIAFAAAg/gAgAIAFAAAg/gAgAIAFAAAg/gAgAI
26=AFAAAg/gAgAIAFAAAg/gAgAIAFAAAg/gAgAIAFAAAg/gAgAIAFAAAg/gAgAIAFAAAg/gAg
27=AIAFAAAg/gAgAIAFAAAg/gAgAIAFAAAg/gAgAIAFAAAg/gAgAIAFAAAg/gAgAIAFAAAg/g
28=AgAIAFAAAg/gAgAIAFAAAg/gAgAIA=

[Terrain]
22075=TIBTREE2
24080=BR4
26062=BR5
28058=BR9
30057=BR7
32088=WROCK01
35082=BR4
36090=BR2
38058=BR5
38093=BR5
42049=BR2
42090=T08
43052=BR2
44051=T08
46063=SROCK06
47105=BR4
50099=OREMINE2
53060=BR1
56068=BR4
56096=BR8
61026=BR6
61029=T08
61104=BR5
61120=BR5
64058=WROCK01
65085=BR4
65090=T08
65096=T08
66068=BR5
67058=BR6
67061=BR7
67093=SROCK01
68039=TIBTREE
69089=BR2
69127=BR4
70092=T08
71079=VINTREE2
71106=BR7
72038=SROCK01
72091=T08
72092=BR8
72110=T08
74020=BR5
74091=BR1
75020=BR2
75108=BR8
77125=BR5
79044=SROCK01
79076=WROCK02
81118=BR4
82052=BR2
82081=BR5
85031=WROCK01
85083=JBR08
85123=T08
86081=T18
86094=BR4
87134=TIBTREE2
88035=BR5
89077=OREMINE3
89138=BR5
90033=BR1
90091=BR7
92032=BR4
92095=BR2
93059=BR4
94065=BR9
95097=BR5
98046=TIBTREE3
100062=T18
104058=BR1
104067=T08
104068=T08
104077=BR4
105055=BR4
105066=BR2
107070=BR7
109064=BR6
110076=TIBTREE
114106=VINTREE
114111=BR1
115062=BR5
117071=BR1
117111=BR5
118070=BR4
122096=BR4
136085=BR5

[Waypoints]
0=87049
1=57044
2=60070
3=35071
4=59108
5=91122
6=105098
7=123079

[Structures]
0=Neutral,TIBSPRDR,256,75,22,64,None,1,0,1,0,0,None,None,None,0,0
1=Neutral,TIBSPRDR,256,134,87,64,None,1,0,1,0,0,None,None,None,0,0
2=Neutral,TIBSPRDV,256,79,71,64,None,1,0,1,0,0,None,None,None,0,0
3=Neutral,TIBSPRDV,256,106,114,64,None,1,0,1,0,0,None,None,None,0,0
4=Neutral,TIBSPRDR,256,39,68,64,None,1,0,1,0,0,None,None,None,0,0
5=Neutral,TIBSPRDR,256,76,110,64,None,1,0,1,0,0,None,None,None,0,0
6=Neutral,TIBSPRDA,256,99,50,64,None,1,0,1,0,0,None,None,None,0,0
7=Neutral,TIBSPRDA,256,77,89,64,None,1,0,1,0,0,None,None,None,0,0
8=Neutral,TIBSPRDR,256,46,98,64,None,1,0,1,0,0,None,None,None,0,0


