[Basic]
Name=Sandpit
Author=ReFlex,Lin Kuei Ominae
Percent=0
GameMode=standard
HomeCell=98
Improver=Rampastring
InitTime=10000
Official=yes
EndOfGame=no
FreeRadar=no
MaxPlayer=2
MinPlayer=2
SkipScore=no
TrainCrate=no
TruckCrate=no
AltHomeCell=99
OneTimeOnly=no
CarryOverCap=0
NewINIFormat=4
NextScenario=
SkipMapSelect=no
CarryOverMoney=0.000000
AltNextScenario=
MultiplayerOnly=1
IceGrowthEnabled=no
VeinGrowthEnabled=no
TiberiumGrowthEnabled=yes
IgnoreGlobalAITriggers=no
TiberiumDeathToVisceroid=yes
[Tutorial]
308=EVA: Updating tactical map...
309=EVA: Map update complete.
[TIBSPRDR]
Power=1000
LightRedTint=0.0
LightBlueTint=0.0
LightGreenTint=0.35
LightIntensity=0.003
LightVisibility=1500
[TIBSPRDRH]
Power=1000
LightRedTint=0.0
LightBlueTint=0.0
LightGreenTint=0.35
LightIntensity=0.003
LightVisibility=3000
[TIBSPRDRL]
Power=1000
LightRedTint=0.0
LightBlueTint=0.0
LightGreenTint=0.35
LightIntensity=0.003
LightVisibility=2000
[TIBSPRDV]
LightRedTint=-0.25
LightBlueTint=0.25
LightGreenTint=-0.25
LightIntensity=0.150
LightVisibility=1250
[Actions]
01000000=1,16,0,0,0,0,0,0,A
01000002=2,40,0,0,26,6,39,53,A,11,0,308,0,0,0,0,A
01000004=1,40,0,0,25,6,41,53,A
01000006=1,40,0,0,24,6,43,53,A
01000008=1,40,0,0,23,6,45,53,A
01000010=1,40,0,0,22,6,47,53,A
01000012=1,40,0,0,21,6,49,53,A
01000014=1,40,0,0,20,6,51,53,A
01000016=1,40,0,0,19,6,53,53,A
01000018=1,40,0,0,18,6,55,53,A
01000020=1,40,0,0,17,6,57,53,A
01000022=1,40,0,0,16,6,59,53,A
01000024=1,40,0,0,15,6,61,53,A
01000026=1,40,0,0,14,6,63,53,A
01000028=1,40,0,0,13,6,65,53,A
01000030=1,40,0,0,12,6,67,53,A
01000032=1,40,0,0,11,6,69,53,A
01000034=1,40,0,0,10,6,71,53,A
01000036=1,40,0,0,9,6,73,53,A
01000038=1,40,0,0,8,6,75,53,A
01000040=1,40,0,0,7,6,77,53,A
01000042=1,40,0,0,6,6,79,53,A
01000044=1,40,0,0,5,6,81,53,A
01000046=1,40,0,0,4,6,83,53,A
01000048=2,40,0,0,3,6,85,53,A,11,0,309,0,0,0,0,A
[Events]
01000000=1,8,0,0
01000002=1,13,0,3000
01000004=1,13,0,3010
01000006=1,13,0,3020
01000008=1,13,0,3030
01000010=1,13,0,3040
01000012=1,13,0,3050
01000014=1,13,0,3060
01000016=1,13,0,3070
01000018=1,13,0,3080
01000020=1,13,0,3090
01000022=1,13,0,3100
01000024=1,13,0,3110
01000026=1,13,0,3120
01000028=1,13,0,3130
01000030=1,13,0,3140
01000032=1,13,0,3150
01000034=1,13,0,3160
01000036=1,13,0,3170
01000038=1,13,0,3180
01000040=1,13,0,3190
01000042=1,13,0,3200
01000044=1,13,0,3210
01000046=1,13,0,3220
01000048=1,13,0,3230
[Tags]
01000001=0,Reveal 1,01000000
01000003=0,ResizeA trigger 1,01000002
01000005=0,ResizeB trigger 1,01000004
01000007=0,ResizeC trigger 1,01000006
01000009=0,ResizeD trigger 1,01000008
01000011=0,ResizeE trigger 1,01000010
01000013=0,ResizeF trigger 1,01000012
01000015=0,ResizeG trigger 1,01000014
01000017=0,ResizeH trigger 1,01000016
01000019=0,ResizeI trigger 1,01000018
01000021=0,ResizeJ trigger 1,01000020
01000023=0,ResizeK trigger 1,01000022
01000025=0,ResizeL trigger 1,01000024
01000027=0,ResizeM trigger 1,01000026
01000029=0,ResizeN trigger 1,01000028
01000031=0,ResizeO trigger 1,01000030
01000033=0,ResizeP trigger 1,01000032
01000035=0,ResizeQ trigger 1,01000034
01000037=0,ResizeR trigger 1,01000036
01000039=0,ResizeS trigger 1,01000038
01000041=0,ResizeT trigger 1,01000040
01000043=0,ResizeU trigger 1,01000042
01000045=0,ResizeV trigger 1,01000044
01000047=0,ResizeW trigger 1,01000046
01000049=0,ResizeX trigger 1,01000048
[Triggers]
01000000=Neutral,<none>,Reveal,1,1,1,1,0
01000002=Neutral,<none>,ResizeA trigger,0,1,1,1,0
01000004=Neutral,<none>,ResizeB trigger,0,1,1,1,0
01000006=Neutral,<none>,ResizeC trigger,0,1,1,1,0
01000008=Neutral,<none>,ResizeD trigger,0,1,1,1,0
01000010=Neutral,<none>,ResizeE trigger,0,1,1,1,0
01000012=Neutral,<none>,ResizeF trigger,0,1,1,1,0
01000014=Neutral,<none>,ResizeG trigger,0,1,1,1,0
01000016=Neutral,<none>,ResizeH trigger,0,1,1,1,0
01000018=Neutral,<none>,ResizeI trigger,0,1,1,1,0
01000020=Neutral,<none>,ResizeJ trigger,0,1,1,1,0
01000022=Neutral,<none>,ResizeK trigger,0,1,1,1,0
01000024=Neutral,<none>,ResizeL trigger,0,1,1,1,0
01000026=Neutral,<none>,ResizeM trigger,0,1,1,1,0
01000028=Neutral,<none>,ResizeN trigger,0,1,1,1,0
01000030=Neutral,<none>,ResizeO trigger,0,1,1,1,0
01000032=Neutral,<none>,ResizeP trigger,0,1,1,1,0
01000034=Neutral,<none>,ResizeQ trigger,0,1,1,1,0
01000036=Neutral,<none>,ResizeR trigger,0,1,1,1,0
01000038=Neutral,<none>,ResizeS trigger,0,1,1,1,0
01000040=Neutral,<none>,ResizeT trigger,0,1,1,1,0
01000042=Neutral,<none>,ResizeU trigger,0,1,1,1,0
01000044=Neutral,<none>,ResizeV trigger,0,1,1,1,0
01000046=Neutral,<none>,ResizeW trigger,0,1,1,1,0
01000048=Neutral,<none>,ResizeX trigger,0,1,1,1,0
[Preview]
Size=0,0,106,61
[PreviewPack]
2=BIACcgAEwBtAMnRABAAaQCSANMAVQASAAnIABMAbQDJ0QAQAGkAkgDTAFUAEgAJyAATAG0
1=yAsAIAXQ5PDQ5PDQ6JQATAEE6PDQ4PDI4JgBTAFEAkgAJyAATAG0AydEAEABpAJIA0wBVA
[IsoMapPack5]
0=Lg8AIAQBAFsAVgEAYAACAgBaAFbpAVsoKQBc6wEDAFkoKAAnrgADACeuAAMAKa0AXe8FBA
1=BYKCgAJwUBBCi1AQQoBQEEKAYBBAApBQFe5wgFAFcoKAAnXgEFACmBAF8ogwBZAHGjGgUA
2=WogBAwUAAAUAW4kBCmkBXIkBD2kBXYgBAxQAAAYAVuUIBii1AQYoFQMGKLYBBgAntwEGAG
3=Ao2AChDwFwCaEPBmgBoQ8LaAGhDxBoAaAPAxUAAAcAVeUIBygNAgcoDQIHKA0CBygNAgco
4=DQIHKA8CBwBhKDABuRECaAy5EQdoAbkRDGgBuRERaAG4EQMWAAAIAFTlCAgoZQIIKGUCCC
5=hlAggoZgIIALUNA2QItQ0IaAG1DQ1oAbUNEmgBtQ0XaQFegTAAaQFfiQEFaQFgiQEKaQFh
6=iQEPaQFiiAEBFAAACSiRAgkokQIJKJECCSiRAgkokwIJAGPtGwndFQRwCb0VCWgBvRUOaA
7=G9FRNoAb0VGGgBvRUBaAG9FQZoAb0VC2gBvRUQaAG9FRVoAQdTANsBAAAEAAAKKOkCCijp
8=AgooZwIKAGTwFAIKAFYAb6tZCgBXiQEDZQhYiQEGaAG5EQJoAbkRB2gBuREMaAG5ERFoAb
9=kRFmsBWQBy/QpaiQEFdQJbiQEKaQFciQEPaQFdiQEUaQFSlBiUDaAaAQUAAAsoQQMLKEED
10=CyhBAwsoQwMLAGXtGwvNGwFkCK0bBGgBrRsHaAGtGwNoAa0bCGgBrRsNaAGtGxJoAa0bF2
11=gBrBucCq0bBnQCrRsLaAGtGxBoAa0bFWgBC1MA3gEAAAMAAAwAVABttyMMAFWJAQJ0Aqwx
12=iAG9FQV0Ar0VCGsBYwBw+QZkiQEEdQJliAGBBGaJAQx0AqwbgAStGwl0Aq0bDmgBrRsTaA
13=GtGxhoAawbjBCtGwd0AqwbnAqtGxF0Aq0bFmkBUo0bAWgBuBwDBAAADQBn7TENxR4BdAKl
14=HgNrAV4AbqMaDQBfiQECdAK9IABoAbwgjAW9IAZ1AmCYU4EEYYgBgQRiiAGABKAllA2hJQ
15=V4BqElCWgBoSUNaAGkHoQIpR4IdAKkHoAEpR4SdAKlHhdoAQFQAIQBf7sADQCwH4gXsB8B
16=BQAADijzAw4AaP4gDgClHgFgBKUeA2gBpB6UAqUeBHQCpR4HaAGkHoAEpB6ABKQegASlHg
17=JsBaUeBmgBpR4KaAGlHg5oAaQehAilHgl0AqQegASlHhN0AqUeGGkBT4QejBCwH4gMAVMA
18=BwJ4/AEADgBUiAGBGlWIAQEGAAAPKB0EDygfBA8AaekiD9l0AmwFsR8FaAGxHwhoAbAfgA
19=SwH4AEsB+BBFmZXgBtBVqJAQRpAVuIAYEEXIkBDHQCoSUDaAGhJQdoAaElC2gBoSUPawFd
20=AHS4UwIPAF4AdugBvCCYEbwghQhRlCOIDKkiAWQIqCKYEagijAUBXwCrBI0mEChJBBAoSw
21=QQAGr0IwIQAFcAbKMPEABYiAEDAgAAEABljV0AaQFmiQEDaQFniQEGaAGpIgFoAakiBWgB
22=qSIJaAGpIg1rAV0AdekMZCgoAK0bCGAErBuNBVKZHBJ3AlYAAaY/EACsG48FUwDm9wJUAO
23=frAV4Ap+QesB+FE2CdIARzCWEAweEEYogBmRxjiAEBBAAAESihBBEooQQRKKMEEQBr7SYR
24=zSYBeAatJgNoAawmlAKsJpwKrSYHYAStJgJoAa0mBmgBrSYKaAGtJg5oAbUjCWgBtCOXAl
25=IAqLLwEQC0I5cNVADcvyARAFXoIgMRAGQAnASAiAIRAF0AprIfEQCgJZkGX4wmkBShJQV1
26=DWGNJghoAaAljBugJQEFAAASyUMCaAG4HJQCuRwIdAK5HANoAbkcB2gBuRwLaAG5HA9pAW
27=gjQSQAaQFpiAGRCWqJAQp1AmuIAY0FbIkBFHUCUZ0gAWgBqCKZBlOVAgl0ArQjkRRXmUgG
28=dQJYiAGfCmEAwqwmAhIAYgDF6AEnJAUCEgBVAN/1AmOEKZQNsCqQCbAqlQJenSsEaAywKg
29=MFAAATAG3gRgITAFoAa6dgEwBbiQECYQRmifMAaQFniAGUAqkiAXQCqSIGaAGpIgtoAaki
30=EGgBqSIVawFZAHfoDKgimAapIgpgBKkiA2gBqSIHaAGoIp8KYQC4pB4CEwBiAL3rAWAAwe
31=kBX+wmAhMAVADe9AInogQTAKAllBigJYkMZZknDHQNoCWXI1wAqK9SEwBdiAEBAgAAFCjP
32=BBQAbvknFNknAWAEuScDaAG4J5QCuCeUArgnkAm5JwdsBbknDGgBuScRaAG5JxZrAVIAeb
33=onFACtJgt1AlgjuSgAaQFZiAGJDGDgJQIUAGEAu78gFABiKCsAXwC89QJj80sUAFX4dAIU
34=AFYA4+EEV+V2FMV2CHQNrSYNawFcAKShJRTAJY0QXowmAQUAABUozQQVKM8EFQBv+CcCFQ
35=BaAGqvGxUAW4gBAgIAABUAoSUDaAGhJQhoAaElDWgBoSUSaAGhJRdpAWfu1hUArSYBdQJT
36=mCeYEawmlAKtJgRjBGAAwKceFQBjKCsAVQDd9QJWKCkAV+tvFQBU9b0V1SMJcAm1Iw5oAQ
37=FmAJ0EI9IrFQCgJYEPXYwmAQQAABYodQQWKHYEFgAndwQWAHDhJRbBJQF4BqElA2gBoCWQ
38=CaElCXQCoSUOaAGhJRNoAaElGGgBqSIGaQFUlSMKaAG1IwJoAbUjBWsBVwDivCADFgBSAG
39=sDjPcCFgBcAITpAWWYHIQTpB6ZEWeVAgdkCKQekAkBUQAJCoQIAhcAXwADpz8XAGCIAQMD
40=AAAXAGGJAQZpAWKJAQlrAWMABe0FZIgBjQVrI9ksAGEEbIkBAmkBbSNENZUCbokBBXUCb4
41=kBCmkBcIkBD2kBcYkBFGkBavf/FwBp+ZUXxR4BYQRTkR8IawFXAG2zHxcAWIgBnxVUAG71
42=AlUoKQBWKCsAWgB84QRbKCsAWQB/9AKwKpUNXZwrlQ1eiAGcFbwrgBq8K4MEaACfvEwCFw
43=BRAAL/K1AABusBTwAH6QFN4DACGABOAOGIMQEAGABPiAEFAwAAGABlAOf1AmaJAQJ0ArE1
44=AWgBsTUEaAGxNQdoAbE1CmkBUIU0AGkBUYgBnAqoOIQIqDiFCHLiXBgAtDmABLQ5mAa0OZ
45=QCtTkGfAq1OQtoAbU5EGgBtTkVaQFqJskqGMg4lBipOAlgBKg4nAqoOJQYqDiUAqg4iAGo
46=OIsBXAB1szUYAF2IAZ0KXogBgBqsPIwFrDyIAaw8iQFnkDWIAbw2mQZplAKNEE0iLEBrMB
47=gATP02GdA1AQEAABnRNQRoAbA1lQJflWUCdAKlNAVoAawxgASsMZgGrDGMBawxjwVmAA0k
48=AycZAGeJAQdkCCeHBhkAc/I1GQC4MoQIuDKMBbkyDHgGuTIRaAG5MhZpAWvzbBkAbPJsGQ
49=CsMZAJrTEIbAWsMZQCrDGIAawxiAEDUgBzAwAAjRtTiQEDeAa4MogBuDKMG7gymAa4MogB
50=uDKIAahvmAa4MpgGuDKbEWoAoLBsAhkATQABuGkCGQBhAAXrAWIACKkBGtA1AQIAABrRNQ
51=VoAQNoAOQAAACUArgyiAG4MoAEoDCIAaEwCHgGJwEGGigDBhoAdO0xGs0xA2wFrDGYBq0x
52=DXQCrTESaAGtMRdpAWzx5RrIZIAPqWQMYAS5MgRoAbkyCmgBuDKUArgyiAG4MogBqC2IAa
53=gtiAGoLYgBqC2UDbSclQ1pnSsBaAyoLY0Fa5UCB3QCAWEA+gl4YgMAGgBiAPzpAU3gngIa
54=AGMABOEwZCgpAEznNBoAXigpAGAoKQBfKN0GZesBGwBnkDUFAQAAGwBNAAqzzxsATokBAn
55=cCaAAM9QJpiQEDdAInsQYbKLEGGyizBhsAdf02G902BHgGvTYJaAG9Ng5oAb02E2gBvTYY
56=awFRAKThD1KIAYAPvTYNYAS9NgVoAb02C2gBvDaUArw2iAG8NogBvDaIAbw2iAG8NogBvT
57=YGcAm8NpQNsDWABLE1CGMEbACit2UbAF/wNQIbAF4A/bw2AhsATAADszUbAE/vMRsAUCgB
58=BmYoKwBhAGrtBWKIAYAwAWAAdwoj0FcCGwBjAIDhBGSIAYEEZYgBAQQAABzJOAFoAak4A2
59=gBqDiUAqg4jQVqlTkHYAQnkQ0cKN8GHAB26DgBHABaACUvUxwAW4kBAnkGcCPFRQBpAXGI
60=AZ0KcokBCHUCc4kBDGkBbueiHABv7tYcAKw8hBOsPIUIU5g9hxNZAOCzQBwAVSa9LhwoRy
61=ocAFYm6C4DHABYAOgCg2ccAGuYMpwKpDSdCm2UApwKAVwAwgSPqhwAXYgBgAQn3AYCHABP
62=AP+rOBwAUOtvHABn8DUCHABmAFsjG2gAHACwNYktY502BWUeX5w2jBCoOJUCYZUCCWAEqD
63=iYBqg4BQUAAB0AUQA+kBgEAB0AawD0ACP0QAIdAE4AC78gHQBPiQEEbQVQiQEIaAGgO4QI
64=oDuVAnfpOB3JOAFsBak4A2kBdCM1SQBpAXWIAZUCdokBBnQCrDyYBqw8iQxygTsJYAStPA
65=1pAW/r3R0AVCMISYwFoDuIAaA7hBOgO58KVgDavzYdAFUmSzsdAFgmADICHQBXAOXgBKg4
66=hQhulTkLYA+1OQJoAbQ5lQ1i46kdAGMoKQBkKCkAZyYHIh0AZZQ5mBGgO5AfqDicCqg4lA
67=KpOAp0DQFeABcLi90eAGqQNQEBAAAe3TYGaQFslQILaAGoOIAEqTgFdAKpOAloASezBh4A
68=eP82HgBbI0FQAGEEXIkBAmgBvDaQCb02BHQCvTYHaAG8NowFvDaYEb02CmAEvTYOaQFa73
69=MeAFOcNpwKqDiZBm4j3D2NEG+JAQN4Bqg4iwxWAOCnNB4AWCgoACfWBR4AJ9cFHgBo79Ye
70=AGn5aR7AMJAJoDCVGGeZMgx0DQFiAHAKyC2sMYAErDGcKwFfABYLIxc6HgBdmDKUGKQ0BQ
71=MAAB8ASQA/pWsfxTQHdAKlNAxoAaU0AmgBpTQGaAGlNApoASeFBh8ohwYfAHnxNR/RNQFs
72=BbA1gA+wNZwKsTUFYASxNQhoAbA1jAWwNYQTsTULYASxNQ9oASe9Wh/QNZwKsDWZBlWIOI
73=AavDaYEb02BGcIWQD9r4kfAFqIAYEPVulvHyjpDR8o6A0AAR8AZAD6CQAAAAAAHwBlAPoJ
74=AAARAABqDwAgBwAAAB8AaQAACgBgAAIfAEwAB+sBTQAI6AEJZgBbCgAACAAAHwBniQENaQ
75=FoiQESaAEEYQBwCgAAAWkBYokBA2gBA2MAcwoAAIgBAV4AFgvBBF+JAQRhBGCIAQUHAAAg
76=AFMAPmQQaAEBawD0AJcNIABsiQENdQJtiQESaAEBTgALAZ8KIABPiAGFCFCJAQtgBAFdAG
77=sBlwkgAF6JAQJ3AnAAbvUCcYgBlwJyAHD1AnOJAQRtBXSJAQhpAXWJAQxrAXYAcu0Fd4kB
78=BXUCeIkBCmkBeYkBD2kBeokBFGsBXAB2+AYBVACEAc0bVYgBjRtWiAGMGwNuANsBAACFE2
79=+IAYgMA1oA/QEAAIUTW4gBhB4BWADcAtscWQDn6AEBSAAiBdUCSYgBkAkBZAD6CdUCZSgr
80=AE0AAa88IABq+D0CIABRAAn3AmkADOgBsUAJYBqxQA5rAWgAYa88IABimT0BdAKkP5wVuD
81=2UGLg9kCoBYQAaC4g4AiEARwA/gBMDACEATwDx6QFQiAECAgAAIQClPxNrAXsAVqYpIQCt
82=PAF0Aq08A2gBrDyUAqw8lAKsPJQCrTwFbAWtPAloAa08DWgBrDyMBa08BnQCrTwLaAGtPB
83=BoAa08FWsBXwB35BOsPJwKrTwOYwRWAJ6yViEAqTgIdQJclDmfCm4AFKs4IQBviAGTH1kA
84=2vcCWADd6wFXAObpAVrmPyEApD+IF6Q/kR9N+j0hACfnByEAZihXAFEA/atDIQBq5YEhKC
85=QQAiEATgAKs0AhAFIoKwBrAE6nPyEAbIkBBmEaZ5xBjBCpQwR1AmmVAgdrAWQAcfgGoEaY
86=HKBGmTJgiEOECLREAwQAACIASvZEIgCpQwN3Ak4AD7MqIgBPiQEGdAInlwgiAHzgRgIiAH
87=AAbac0IgBxiQECbAWoQ4gBqEOECKlDCmAEqUMOaAGoQ4wFqUMHdAKpQwxoAalDEWgBqUMW
88=awFeAHXhD1/ngSIAVZ1BAWAEqEOZHFeUAp8KbQAIrzwiAG6cQY0Fb4gBkx9cABvhBF2IAY
89=UTWfOCIgBa40YiAFv1RCIo5wciAGfzQCIAaCgpAGkoKQBR/IMCIgBNAAOzQCIAapg9mBGw
90=QIgXsECJF2OMPIAEuD2BBGWUAoAErDycFa08BXwgAWIAIAuXnCMAVPs9IwBNgDsCAQAAIw
91=C5PQRoAbk9B2gBJ7kHIyi7ByMAfeU/I8Q/hAilPwN7Bl4Ab7syIwBfiAGVAmCJAQZgBKhD
92=lAKoQ5QNqUMLYASpQw9oAahDjAWpQwh0AqlDDWgBqUMSaAGpQxdrAW8AdO8QVQB66wE9AI
93=m2WiMAqUMFbAWoQ5wKqEOBGm6URIAPsECJAVvwQAIjAFkA4LREAiMAXADp6AEBYQC6BJ3x
94=IygRCCMoEwgjAFHngSMAUCZPICMAbPPEIwBK8MQDIwBpACMK3DapQwJ8FahDiBewQIgBsE
95=CXGGYAdKaBIwCkP4EEY5BAAwkAACQAUPBAAiQATADspcMk3UECYAS9QQVoAScRCCQoEQgk
96=KBMIJAB+/kEkAKU/AXgGpT8EaAGlPwdoAbQ5lQJ3mPiYEbU5DmAEtTkTaAG1ORhpAXD3ey
97=QAcfrBJACgO5UNVow8nQo8jDyUArg9lQI+lAKNED+JAQp/Cm0AB782JABuiQEDdQJviQEG
98=aQFckYIAaQFdiAGXI3IAGfkGc4gBlwJ0ABr1AnWIAZUCWeiFAiQAWwDh4wRYAOTrAVoA5e
99=sBYQC4r0ckAGKYSI0QY4gBnBUnLBECJABrAPyuyyQAJ5sZJABk584kAEr/TCQAbCgpAEnr
100=TiQAT/1MJCjxGSTIToU/apRPhTRlhEqQKrBLkSpnlAIBBwAAJSiXKSUATYVKA3cCSwAOv2
101=0lAEyJAQZ0AifpGCUoGQklKBsJJQB/50olAHojlSkAeQZ7iQECawF4AGyreiUAeYgBlAK0
102=T4gBtU8FbAW1TwhpAXfzgiUAcOrHJQCsR48FVAB9/QpViAGVGEAjECmABKRKiAGkSpwKpU
103=oLaAylSgFoAaVKBGgBpEqDJXEAELo9JQCwS4wFsEuUDbBLlAKwS5QCpEqJAXaQS48QWQBL
104=8QlaiAGVDVuIAYcTWADf4QRX6E4DJQBjALEEIyksJShgEgIlAE8A/qdKJQBlKCsAZAD/9w
105=JRAAKj1SUAbCgpAEr41wIlAE4ABeMEUAAG6QFI/Uwl0EuQQLFLCncjawBLupUlALBLjBuw
106=S5QYAWEAHgvdFWKIAQMFAAAmAD4mYzMmAEEoKQBRKCkASolOAWwFoVEEaAGhUQdoAbBLgA
107=SxSwN0ArBLlAKwS5UCXyNhMwBhBGCJAQJrAXwAcaNGJgB9iAGFE36JAQphBH+JAQ9pAYCJ
108=ARRpAWHiUSYAvEyFE1aITocTUwB+/QpUiAGXDVIAgfUCP4xSkBS5UwZ8CgFwAPkBkM8CJg
109=BdAPokuzMmAHYjKCyJF3eIAYMaXgABqkMmALlTCGQIuFOcCgFcAEkCks8mALxMlAK8TJgc
110=vUwJewZXAN7xCVj3nCYAYpxMmAaoToAPAWQAsgQjhDICJgB1AA0kRzUmAEjnlyYAafdPJg
111=Bm908mAGgoKQBOJvMkJgBn41EmAEkmBy0mAGqESoAPsEudK2yUAgUHAAAnAEkA7rTeAycA
112=cgD1AI8mJwBziQEFYQR0iQEJaQF1iQENaAEDbQANAQAAhAixSwJ0ArBLmQaB5JcCJwBhAG
113=qzNScAYogBjQV6iQEAeQZ7iAGUArFLAXQCsUsDaAGwS5QCsUsGdAKxSwtoAbFLEGgBsUsV
114=aQF56JsCJwBQAHztEFGIAZwKvUwIbAWwS5UCVZxMlBi8TIEPU4lOBGwFqE6cFahOnSBBgV
115=EMYASwS40FeJxMgAS8TJMJVwA+t0QnAFiIAYEPWYgBjBuoTowQvEyUAr1MCmsMaQDG5whG
116=AM3pAUeIAZMJXQDo9QJjnEyAD6hOhRNllAKFE07vRycASPOYJwBqKCkATP+ZJwBN/pknAK
117=RKkBSkSgMIAAAoAD0iaEFvSigAPigpAE4moSUoyU4BbQVKlU8DaAGpTgZoAalOCmgBqU4O
118=aQF2lU8SaAEBbgD3AINyKABsgVEFdAKsUo0QcYCenQpyiAGcCidPCigAgvlTKNhTmBG4U5
119=gGuFOUArhTlAKhUQJ0DaFRB2gBoVEMaAGhURFoAaFRFmkBYyaqJigAtU8EdQJSgFGFCE+B
120=ngB1AlCIAZQNqE6NG1SUT4wbqE6IAalODXkGQpRPlCMBOQCFAZqKKAC0T40FeYFRC2wFoF
121=GVGF+Mn5UjYIgBlC64U5AfuFOcFbhTnBWgUZMJaQC4vEwCKABqAMHrAWgAwusBawDF6AGk
122=VZwKpFWdCkiQVp0KXeumKABVJv9BKABcKCkAViZ+MSgAqFmUI6hZmxxmALSvqigATCazJy
123=gASyaxJykoeQopKHsKKQA/51UpADvmVSkAtE8DDwAAKQBtiU4BaAG1TwVpAW+VAglrAUgA
124=CKeMKQBJiQEEdwJ2AAz1AneJAQN1AnCMUpAJpFWMBaVVB2AEJ6UKKSinCikAg/NWKQBiIw
125=koAG0FY4kBAmgBuFOIDLlTCHQCuVMNaAG5UxJoAblTF2kBZP+kKQBhJn8xKQB7KCsATwB5
126=9BiwVpwKpFWJF1GQVogXuFOIIrlTDmkMOIxShB64U5kGOpQCmQZCI1RCiBe4U4gBuFOABL
127=lTC3AJrFKAMKxSmxFUAD+/TCkAVYgBhQhWiQEGeQZXiAGFE2rzVikAaygrAGgAuucIaQC7
128=6QFs/lcpALBWgQ9T+KsDKQB5AJsEfJ0BACkAeogBgQ9lgFGEHqxShx54APrvBWcAD6j+AS
129=kATAAl40MpAEYmjSgqKE8KKgBA+VMqKLMnKgBKJocnKgBLKCgAuFMCBgAAKgC5UwppAXCF
130=VQ5oAaVVAWgBpVUFaAGkVZQCpVUEdQJ4kVYHaAGkVYwFJ3kKKih5CiooewoqAITlVSrEVZ
131=wKpVUDcAmkVYgMpVUJdAKkVZAUpVUTdAKlVRhpAWQmuigqAKxSnQpQmFOEE6FRCG0FO4Si
132=lAKoTogBqE6BBEGIToQItE+ZEUOUAoceYAATs0AqAGGIAYwFsEuMBbBLjAWwS4ktWJ1MDW
133=wQJ3MJKgBq8EsCKgBsAL3/CmgAwOkBUyZ/PCoAUiaHMioAVOGeKtxMjBC8TI0Qe4hOjxBn
134=ALCunyoAtU8CbBC0T5MfWwAkq04qAFyIAZEJRiYRKSsoywkrADzlSisonQkrKJ8JKwBMKI
135=EAROimAysAeQDkACOGMisAqE4CDwAAKwCpTgJoAalOBmgBvUwFaAG9TAhoASfvCCsAhftI
136=KwBkI3U7AGEEZYgBkQl+IwAylQJ/iAGVAoAjOGWVAoGJAQR5BoKIAYkMg4kBDHQCJ2seKw
137=B99vQrAKRKkRRRkUsKbQVBI2xFnwpPAHunoisAOp1MAWAEqE6YBqRKjBukSoMPYQD8+QZi
138=iAGcFbhIgAS5SAtzCVMAVatDKwBUiAGNBVWIAYAaJxETKygREysocwkrAG7w8AIrAGkAxP
139=EJb/+ZKwBSJuFOK8SXnBWkSpsRfACdp0orAGaQS5gcvEyNEGiVAgd9FUYmWzIrADb77SsA
140=NyY7TysAR+kBLCidCSwoaRMsKEYJLAAnuygsAHiESgEBAAAs2UgDaAG5SAdpAXkjCSgAaQ
141=F6iAGDBDUAFqstLAA2iAGUAidxCSwocwksAIb9TCzcTJQNvEyYBrxMlAK8TJQCvEyUAr1M
142=BWwQvUwJaAG9TA1pAWb26SwApUoLdAKkSoUIQpFLBHQCsEuVAlCcTJQCvUwCYAS8TJEfPJ
143=VPDHQCpEqFE2OQS5gRuEiQCbhIgAS4SIAEJ48SLABv7+EsAGzj4CwAbigrAGoAvLtILABt
144=JrMnLABZ80ssAFwmWDICLABaAMftBXAoKAABRQDPAiNzKiwARokBBmsXQwDT7QVEiAGfFV
145=IA4vUCe4BRlAKsUokifZQCnCCsUoAarVIIfwppALO/VywAN/tTLABH+O0CLAA4AAQkdUYs
146=KLdZLAA5JgE9LSinCi0AQ/ecLQBMKCkASCMUcQMAAAAtAEmJAQJoAa1SAWgBrVIEaQF7mV
147=MHaAG4U4AEuFOBBDeEVYAEJ6UKLSilCi0opwotAIfzVi0AZSOwaY0QZogBjBC4U4gBuVMG
148=YA+5UwpoAblTDmkBf+PrLQBnJjcoLQBBjJ+cCrlTBWwFrFKJAU4jqDyBBE+IAQABAgAALQ
149=BNAIABAAAAAAAtADsAhBEAAEIPACAAAgEAAAgAAC0APACEAQAADQAALQA9iQESaAECZAAB
150=AgBgAAItAGMAEugBBFIAQAIAAAZhBFOJAQxpAVSIAZkGVYkBGHcCXAC8+wZrAMDpAW0oKQ
151=BvKCsAVwDC4wRdAMPrAV4AxesBWADH6AEERADPAgAAAWkMRYkBBGkBRokBB2kBR4kBCmgB
152=BHwAnQQAAAVpAX2JAQhoAQR+AKEEAAADaAEBaACzBNEJaYgBkQlqiAGQCQFKAP0JeCAEAC
153=0AOAADCssBSwAKqAECLgA+AD6QAg8ALgB8AOkAAAACAAAuAEgA7gCcCgMuAEkA8QCUDQMu
154=ADcADAGTBS4AOIkBA2wFAXoADQGTFC4Ae4kBCHcCNgAW9wKIAFb4BgFlAG0B3QpmiAGHCG
155=cAbuEEaIgBjBABgABwAcEPgYkBB30KgokBC2kBg4kBD2kBhIkBAGkBhYkBBGkBhogBmRGH
156=iQEMdwJBAHntEEKJAQV3AksAfe0QTIgBhxNPAH7tEFCIAY8FTQCA5QhOiAGVDTuVTwlwCa
157=1SDmsBPQCe5AitUgF1AlGcTIgBrFKNG1OVAg1gBK1SE2gBrVIZawFXAL27SC4AXvRPAi4A
158=VgDE9QJaKCkAW/RPAi4AbgDG4QRwKCsAXQDJ9wJYAMroAbhTgDC4U4QeuVMIbBC4U4EwfY
159=BRlBisUp0gf5QCgxprALKmVS4AuFOQCbhTkAkBYwAaBcVKSvhTAi4AdwAE+VN4KCsANAAG
160=9QJ2KCsAMwAH9QI5KCkAdSgrADUACOEEOigpAHnrAS8AQ2hpcxAvAEQoKQB7kGEBAQAAL9
161=1iA2sBRwAHt0QvAEiJAQR1AkmJAQhoAahkmAaoZIEEOZVlB2AEJzMMLwCJ/mIvAKRgmAak
162=YJQNtFqUArVaBWQItVoJaAG1Wg1rAYMAdOcTggB16wFpAHfoAa1dBmwFoFyGE00AeF6FE0
163=qBXABhBEuJAQJoAaBcgQ9PjF2ZHDyUWoQToFyRCT6UApMJQACk4Q9BiAGAGqRgnQplgLSZ
164=EWaJAQp0DbxigAS8YpQNvWIOYAS9YhRoAb1iGmsBbgC7vFcCLwBXAL7pAVsoKwBwAL/3Am
165=8AwekBbfRlAi8AUADo9wKBAJ+yVi8AtFqQH7RamRGAgVwLYQ9qgFycIKxdnSBslAKcIKBc
166=gwR3APqosQIvADUA/+kBOigrAEUABadVLwB2KCkAeiilCjb7ti8AOygpAEYoKwB4AFrlCH
167=mIAQEDAAAwKIELMCiDCzAANuC/AjAAPwA/fF9sBQE6APQAkrkwAK1dAXQCrV0FaAGtXQlo
168=AaBclAKhXAh0AieBCzAogwswAIrsXQIwAGgAb6tDMABpiAGRFGqJAQZkCLleAmgBuF6UAr
169=leCnQCuV4OaQFn+14wAIPvXTAASp26AGAEoFyEE7RalQ1MgFyIF7xXiAG8V40FO5BWhQg8
170=iAGYBrRaiCK1WgRpDEKBBAdoAaBcjAWgXJQCoVwLYASgXIAEoFyEKaFcD2AEoVwVaAGhXB
171=tpAVcmMyIwAFvuwDAAJwciMABaJgciMABf9lowACfYIQEwAGAAJQQiAjAAUADir10wAICM
172=XYAauF6BGoKUAosXbQCvsmEwAKBcgCWgXIAlAU8A9wSTRzAAduJcMAAnrAsCMABFAAGvUj
173=AAdfO5MAB7KCkAdO9dMAB97F0CMAA3AAn4BgN8AEoKAACEE6BcnBWgXJUCeoxdAwcAADEA
174=OZ1XAWgBqVkGaQE7lQILaAG1WgJoAbRagAS1Wgp0Aif9CjEo/QoxKP8KMQCL6VkxyFmUDa
175=lZBGQIqFmYEalZA3QCqFmUAqhZmBGpWQ9hBGv5tjHcV50KS4lZBWEEQyOAIYgBATMAowGK
176=IjEAuFOBDz3iUTEAuFOMBblTCGcIZgDbq28xAGeIAYQTrFKECKxSnSBTIzEiEHgGrVIWaQ
177=Fa41ExAFvvqjEAViZXITEAXigrAGEAyLxMAjEAZADm6wFlAOfpAU/yrjEAtE+cFbRPnxWD
178=AKC3TzEAbIBRiCKsUp0VbpQCkSpviAGLF1AA861SMShNCjEoTwoxAHjkVQMxAHUA/AmfVz
179=EARSasLAIxADcA/vUCdOC0AjEAfQAAr1IxAH/zVjEANiavITEAOP9XMQBGKCkAgOK0MQCo
180=WZgcvFeIAbxXhB4BewBbCp2vMiiuFjIAJ68WMgA3+rYyAKBcAgcAADIAoVwMaAGhXANoAa
181=BcgAShXAt0Ar2vAmgBsVYFaAGxVghpAYaJsQBpAYeIAZEJiIkBBnUCiSMwLYEEiokBBHUC
182=i4gBhQiMiAGbEWwAdqtOMgCFKCkAa+61MgCgXJ0KTI1dCnEJMSOsIYsMSgCC5QhChWABYA
183=SwYZsGPgCKJIstMgAynGKABKhkjRs0lQIJeAa0ZZQCtGWcFbximAa8YoAasGGMJrFhEWQI
184=sWEXawFeALqrWTIAVv9iMgBXJoMhMgBfJg0uMigoFgIyAE8A3fsGZQDg6wFQAOXpAU70ZQ
185=IyAFEA6fUCgpBhkBS8YpEUhJQCjDy8YowbvGKMG7xilxhwALC5aTIoXQwyKF0MMihfDDIA
186=f/9iMgB1/2IyADjzYTIARSgpAEb/YjIAfv+6MgA552AyAIAoKQBy/LoCMgB5AAy4aQIyAH
187=wAE+kBfYgBmVN6kGGEHrxiBQYAADMARQADgHYBADMAY/FhM9FhCGAEsWENaQE8gb8SawFH
188=AAm7SDMASIkBAnUCSYkBBGkBjfy6AjMAbABr7QVtiAGPBWoAbPUCa4gBlAK1ZQFkCLRlkA
189=m1ZQd0ArRlgAS1ZQV0ArVlCWgBtGWdFWkmOyMzAG4oKQBo4mczAKlkC3kGLyPpLgBpATCJ
190=AQNrAS4Af/AUrGiBDzKYaYQTuGmVAkuEa5gGpGuAGqRriRdEnW0MfQo9kGyYBrxtkQk/lA
191=KMBbxthDS9bQp5BjWJbw5oAbBsiAywbJ8gTgBLo1wzAE+IAZ0KUIgBlzlRAFDhBFKIAZ0V
192=U4gBlQ1e628zAF/r0jMAVyZ/PDMAZSa8IwIzAIUAnCRCRTMArGiMEKxolQ1viGSYHLRlmR
193=FxlAKZHDgmvSMzKA0NMygPDTMAee/LMwB/KCkAcvdlMwBGJkAkAjMAgAACu14zADkm+jsz
194=ACdDJDMAc+BnAjMAfQA67QV+iAGcIKhkkCqoZJEUfIBnnDYBdQBtCiMURQMzAHgAuwyHZz
195=QAOeNnNAA3JvEvNNTIAg4AADQAoWcTaAGhZwFoAaFnA2gBoWcFaAEn4ww0AI7saAI0AG4A
196=aqNRNABviQECbAWka5AJpGuQCaRrlAKka5QCpGuYBqRrlA2lawhwCaRrgASlawZ0AqVrCm
197=gBpGuAGqlkBHUCMZVlB2gBtGWBDy+AZ4EELJRllQItiAGUAqxojRAzlAKMELRliAG1ZQ19
198=CkWBZxJoAahkgwRgAJHrImEAlOkBYogBlxg2AJem2TQArWgLZAitaA9rAWMAqfkGZIgBmQ
199=ZliAGTFGgA++EEaYgBgQRnJgpUNAC8bYwbvG2AGr1tCWgMvG2ABLxtnAq8bY0mVSaoMQE0
200=AFYAJVAxAjQAZgDqu3Q0AISQbIQIvG2ZMnCMaJQNuGmJInIjqFKbPU0A+CTVJjQoOQ00KE
201=kaNChnDTQAc+vSNABG42c0AD0mUSY0KMcZNAA65840AIEoKQA+JlMmNAB6/dA00GyIF7Bs
202=kR9/nG2QH7BsiBewbJk9dJBsmAa8bZkGdpQCAwcAADUAMu/WNQAzKCkASigpAF7jcjUANO
203=NyNQBGKCsAOwDmjHcBADUAPIkBAn8KRwAIuz01AEiJAQR0AidBDjUoQw41AI/tczXNcwFs
204=Ba1zA2kBhyNFVgBpAYiIAYgMsGyABLBsgBqxbAtsBbFsD2kBbSYLMzUAcO7WNQC9bQhgBL
205=FsBWkBMJxtlAKwbJUCLudrNQAsjGiUArFsCXgGsWwOawFmAIm0ZQI1AF8AkPwgsGyNG2Gc
206=bYgisGyVGGOcbZ0KNZxtjAWob40FN5QCmRw4iQEKdQ1FI3BLhAiob4gBqG+RCWicbZAJqG
207=+BBGqUAoMEawAaq2Q1AGyIAZ8rSwA/9QJMiAGZBk2JAQZhD06IAZAfpHaUAqR2hBOkdpAJ
208=pHaUDaR2nStV7+E1AFgmezY1AFooKwBZANDtEGf9eDXceJwKvHiJIoaVewxkEycZNTUobw
209=41AHr33jUAOiZjKDUAgevdNQA95nY1ACfLVjUASe9zNQB04nI1ALRwgBq0cIMagABLsto1
210=AKBylCOgcohDtHCYBrRwmwZ3AG77Bn0AfyRMQQM1AHEAGQsjT2I1AHKIAZFAc4gBAQcAAD
211=Yo8Q42KPIONgAn8w42AEv/eDYAZP94NgAt8nc2ACKITZd3NgBDKFQAqXoBaQyBI7VZAmsB
212=PAD3iAUBADYAPYkBBHQCoH2MBaF9BXQCJ7kdNih3DzYAkON9NgBvnXgAbQVwiAGIDKB9kA
213=mhfQNjBIkAcq9oNgCKiAGJDIuJAQphBIyJAQ9pAY2JARRpAXHvfjYAbiZXNzYAK5B3iAy9
214=eAZtBWWEdpQCsHeNG2eUAoktaIgBlw1bAI/5EVyIAZAUoH2FCGCMfpQCoH2fFV0Ak/kGXo
215=gBhB60e4AEtXsIeBG1ewtrATkAna+JNgBEgH2IDKx+kRRGlAKQFLB3gQ9tnHicCrB3jAWw
216=d4wFsHeBGk+deA10DbB3gQ9YJutaNgBaJvcqNgBZJg45NgAnb3E2AITkdgI2AGoA46d2Ng
217=BpJrc4NgBrJm1FNiWkK5gcpHaBD1ImZUQ2KJsONgBJJkcqNgA67HMiyEElZ2U2AD8mGyo2
218=AHvvczYAf5RwgCWgcpEfdpBslAK8bZUCeJQCiSJ5iAGJInyUcIwFoHKFKX6VAglgJQF0AB
219=ULI/UqNsxzgASsc48bdQC9JE0rNyiZDjcomQ43KOtENwBa7XM3KNMrNwCAiG8CAQAANwC1
220=cANoAbRwlAK1cAV1Aj6BcgloAaFyAmgBoXIGaAEnQQ43KEEONyhDDjcAke1zN8xziAysc4
221=EPcSMBdABxCXKIAYgMrHOMBaxzlA2tcwtsBa1zEGgBrXMVaQGIJg85NwBEI6w3nAqsc5wK
222=rXMHbQUthXYMawFpAIiyYTcAuHSQH7l0CGAEuHSAD61zBHUCXZh0kQlbhO+UDbRwjRtfgH
223=KRCTicbYAaqG+FCDqUAoQIqG+MBahvDQgAADcAUQCjAQAABAAANwARAAAeDwAgD20A/QEA
224=AAAAADcAbgD9AQAAA2gBBE0APwIAAAhpAU6JAQtoAQFKAFUCaAUBADcAS4kBAnUCTIkBBG
225=sBhAC94wRXAMDpAVkoKwCDAML3AmIAxukBZCgrAGsA3fcCagDe6wFsAOfoAQSFAJwEAAAJ
226=dQ2GiQEOaAEDhwC2BAAAjBABUwD4BNAUAXwA+gnLAT8A/+gBAX8AAArXAkkAA+sBQAAG6w
227=FDAAnrAUEACusBOwAL6wF7AAzoAQR3AG4KAAAFbRB4iAGNJnmIAYwmBH0AfwoAAAZhBH6J
228=AQpoAQF6AIIK3BUEcwAVCwAAAXUCdIgBlRh1iQEHdQJ2iAEDCgAAOAAydDNvFzgAMygrAD
229=cAPmwCYQRTKCkAXigrAEAA5+EEQYkBAmwFAT0A9wCHEzgAPogBiQw/iQEOYwRHAAi/QTgA
230=SIkBB3UCgIkBAGkBgYkBBGgBAZIAVgGMDAM4AHEAbgGDGjgAcokBA2MEjgBw4QSPiAGZBp
231=CJAQhhBJGJAQxoAQOJAHIBAACRFIqIAYEPi4gBgQSMiQERbQWNiQEWawFwAHTrDHMAdusB
232=RACC+RFFiAGYEQEsAIQBg1w4AC2JAQ1lCC6JARJrAWgAiPkGaYgBnRVqiAGbEVkAj+kMWo
233=gBnQpdiAGDGlsAkeUIXIgBhAgBOQCdAYNGOAA6iAGPBVAAo+0FUYkBBW0QUokBCWgBrHOF
234=CG+YdIwQoXIBYASgcowQoHKHCIQAuKBnAjgAgwC66wFkALzrAWIAv+kBYexzAjgAhQDF9w
235=JlAMfrATUAyesBbADg6QGGiG+MELRwgQ+IlAKLF2sA86NyOABD6m84ACcUDgI4AEIAB7tp
236=OAA86G8COAB8AFT1An2IAYwbrWgLZR55jGiAD7hpgQ97lAKAD7hplAK4aYgtuGmECAF3AB
237=gLgJ4DOAB4ALwMnVc5KJENOSiTDTkAVPtpOQBlKCkAaCgpAG0oKwAvAD+MCQEAOQBPKCgA
238=tHAFAQAAOQBHAPHhBEiJAQJ0AqlvD2gBpWsFawFBAA2/TDkAQokBA3QCJ78NOQCT6G8COQ
239=BzAG/tBXSIAY0FdYkBBngGtHCMELRwiAy1cAlgBLVwDWgBtHCECLVwCHQCtHCABLVwEnQC
240=tXAXawFyAHXvEHEAd+kBUIlvAGAEqG+UDalvDnQCsGyYEbBslw1rAImokAI5AFkAjfAJvW
241=0EeQZbnW0HaAGwbIcILgCe+Aa4aZAfuWkKbQVThGuAD7hplQ1whWsLYwRKAEKjXDkAS4gB
242=lQ1MiAGMBSdnDTkAg/tpOQCF+2k5AGH03gI5AF8AyPEJZygrADQAyvcCbADi6wFuAOjrAY
243=YAk6JnOQCka5QYpGuUGAE8AP4Jn0g5AEP/2zkAPefZOQA75GsCOQA+AAi7aTkARCgpAIAo
244=KQB/8to5ALxthh5+AHRwnCu8bYRVvG2YEbxtmRF8iG+RKnaEa5xMsGyRCXiUAgEHAAA6KJ
245=MNOgBj42c6ACz3ZToASJ1iA2wFsWEGaAGxYQFoAbFhBGkBQ5xinwpGAA6jqToAR4gBgAQn
246=tQw6KLcMOgCU4Wc6wGecCqBnmAagZ5wKoWcCdA2gZ5gRoWcKdAKhZw5oAaBnhAihZwl0Aq
247=BngAShZxN0AqFnGGkBcu/WOgB24mc6AKBnhRNRjGiJImqcYpQCqGSVDWyUAp0VbYgBhBOg
248=Z40FWoxojAWhZwhjD1QAnLdlOgAtgGeMBaxojQUvlAKfCmQAn7dwOgBliAGJImaIAYwFsW
249=wLfAqxbA9rAXAA/PkGcYgBmAawbJQNsWwFbAWwbI0mhOxoAjoAaADEv2I6AF0muyg6AGn3
250=0zoATvtpOgBuJucoOgBvJuYoOgC4aZUNh4RrnxWFAJmybDoApGuJFz77aToARCgrAIAAAq
251=9oOgA/82w6AEDvaDoARSa7KDoAevppOgAnuig6ACeSDToApGuAMKBngSV9jGiIQwF5ABcL
252=IxYkOgCsaJQjrGgDCAAAOwBY42c7AFsoKAAn3ic7ACd3GjsAMORrAjsARQDgkIYEADsARA
253=DqAIkMO83LBXwKuGmIDLlpAnQCuGmABCc5DTsoOQ07KDsNOwCV5GsCOwB2AGqnPzsAd4gB
254=kQmIiQEAfQqJiAGXAooAa+0Fi4gBlwKMAGz1Ao2IAZQCqN2IAaR2hBOkdogXpXYDaAyldg
255=doAaV2C2gBpXYPawEsAH3pDC2IAZsGbgCHv2I7AGeYaZUCa4gBlA28bZQNvG2cCrBsgwRf
256=AJD/CmAAkukBYYgBixdiAJP1AmOIAZUCU4ByAgEAADsArXMEaAGgcpwKoHKAD6ByjAWgcp
257=AUoHKMBQFZAKABI6oxOwCob4EEcpRwgAS0cIAPtXAGdA21cAppAV3z2jsAUSaPKDsAXCgp
258=AFL0cAI7AE8A0Lt0OwBv8NoDOwCAAHgDj047AIGIAYwQA4IAhQMAAIAwoHKbEYMAlKNyOw
259=CEiAGMBbh0mRyGhHaJIk4mrDcCOwBAAP2v4TsAf/h0AjsASAAFp3Y7AEH7dDsASfl0Oyhv
260=DjsAfeR2AjsAfgD9+wZ8AP7pAXiAcowQrHOEEwl6AB8LAAALAAA8AC8izDJ9HDwojSg83W
261=0BYQRGiW8EaQFHiQEHaQFDlHCABKFyA3QCJ1knPChlDTwoZw08AJbxbDzQbIQIsGyECLBs
262=lAKwbJQCsGyUArBslAKwbJQCsGyXAo4AcbtTPACPiQEFZROQiQEKaQGRiQEPaQGSiQEUaQ
263=F4JiM2PAB15NkCPAAsAHvwCbBsnSAunG2dIG2cbYwQqG+BBG+UAoEEZohvgASgcoEEaJQC
264=gQRpiAGEE6hvjQVglHCAGqhviQFilHCAGqhvlQJklHCUArVwAmAatHCVAlUj0DaNBViEa4
265=gMsGyBBFqVAgl5Bl6IAZMUcwD78R90iAGfCnIAEbZlPAC0cJwKtHCAGrRwkUtRJm9FPABc
266=+OICPABQAMPlCE/n5DwAJefkPAAxKCsAUgDL7QVxJpUpPMxzlBisc50VfoxzlQJ/iAGUAq
267=V2EGwbrHOVAoWYdJwVrHOdIIeZdAhvBYMAzah6AzwATQAKBWZkADwoxw48AEEmICsCPABI
268=AAG/bTwAQvp0PAC0cJkRfYBygQ95iG+AD7VwDHUNe5QCAREAAD0oQw49ADDvcz0AYPPlPQ
269=BrKCkAKufkPQBjKCkAbSgoAL3mAnwKvXgFaAG9eAhpAZfjcj0AhiMxQwB1AoeJAQRpAYiI
270=AY0FiYkBDHUCiogBjQWLiAGNBYyIAY0FjYgBjQWTiAGNBZSIAY0FlYgBjQWWiAGMBbF3AW
271=gMsXcGaAGxdwtoAbF3EGgBsXcVaQF5JhsqPQB48HcCPQBBAHi/Vz0AQogBnSBDiAGMELR7
272=lQ0tgH2UArR7hxMrAIDnCHAAhaLrPQCgfYQpoH2MBSQFOAN4EaB9gASgfYAEoH2VGFSAco
273=APrHOBD1aVAgdkCLh0nBW4dJwguXQKYQRdmHSECKR2lQ1flQIJYQRzhHaABLB3hRN1lAKP
274=BXcAAaRrAj0AdgAa6wFKAEPpAUuIAYEPTIgBhTRNiQESaQwlJndGPQAxJjs5PQBRKCsAUg
275=DB8QkyJndGPQAm5+89AFMoKgBxACXkVAI9AHIA6fgGsPCcIKB9iBe0e4gBtHuBZ4ONfhRk
276=E7R7lS6EnHiTH08A9qt6PQBIJoMsPQBA5+89AD8m6zk9AEnn7z0ARCZ+Rz0AvHiBD36Ieo
277=gMvXgNYA+8eJUjfIh6ARcAAD4oSw8+AFzzdz4AbigpAHIoKQAu8HcCPgBGAAm3Tz4AR4kB
278=AnEJSIkBBGgBJ/MOPgCY/3g+AH0jwSkAYQR+iAGZBngjQEWVAnmJAQNhBHqJAQZpAYOIAY
279=EEhIgBgQSFiAGABL2DAWwFvYMFaAG9gwloAb2DDWkBioh6jAW8g4wFvIOMBbyDjAW8g4wF
280=vIOMBbyDjAW8g4wFvIOAGr2DB3QNvYMMaAG9gxFoAb2DFmgBuH+AGrh/iwxBAHn8K7h/lw
281=IpAHz1AiqIAZgGpIGRFCyQgoEwb5CClAK8g5UCcZQChBMkhEiABLyDggRrACKcVoAEuH+A
282=D7l/CHwVrH6ABK1+C3QCrH6QH6x+mDKtfgpjBFsAoiTYLAI+AHYA5PUYd4gBlBi0e5gRtH
283=uIDLR7nCu1exNxCTL3ez4AJfj4Aj4AUgC+r3M+ACTv9z4AO+P2PgAz6HoCPgB0AOTtBXUm
284=SDsCPgB/AH4kXy0+AICIAZkRgYgBjRuCiAGDJXMA9KR2Aj4AZQAds/A+AGaIAYwFJ6M7Pg
285=BJ8fA+KEo7PgCgcoAaoHIDGAAAPwAu4es/KG8OPwBDJntiPwBZ9XA/1XABeAa1cANoAbVw
286=BWgBJxUOPygXDj8AmeFyP8ByhAigcocIewBtpzQ/AHyJAQJwCbh0jAW5dAR0Arl0B2gBuH
287=SABLh0gAS4dIAEuHSQCbl0BngGuXQKaAG5dA5oAbh0jAW4dIwFuHSMBbh0jAW4dIwFuHSM
288=Bbh0jAW4dIwFuHSYHLl0CHQNuXQNaAG5dBJoAbl0F2gBoHKNG0KMc5wrtHCZHCuAcpgctH
289=CBBC2AcokMKSO5SQBxCR0jXGSBBGwoKQByKCgApHaABKR2hAi4dJQCuHSVAmAjdDuAGqhv
290=jBCpbwt1DVqIb4gXtHCFCFyVAglgBKBygASgcoAaoHKQKqBylA2gcoQpoXIUZAgnux0/AD
291=vhcj8oQw4/ADImiy0/ADrvcz8AI+1zPyjnHT8AdPjtAj8AdQDfuXQ/KG0OPyhuDj8AJ24O
292=PwAnbA4CPwBzAPetcz/Mc4wbrHOAJSdBDkAovQ1AKL8NQABZ93BAAETqb0AAJy9IQABh++
293=JAAGooKQBtKCkAcCgpAHMoKQBGI4hvAgAAAEAAJDlwBGgBJ5kOQCiZDkAomw5AAJrmdkAA
294=rXMBeAatcwNoAa1zAmgBrXMFaAGtcwhoAaxzgASsc4AErHOABKxzkAmtcwd4Bq1zC2gBrX
295=MPaAGsc4wFrHOMBaxzjAWsc4wFrHOMBaxzjAWsc4wFrHOMBaxziCKtcwl0Da1zDmgBrXMT
296=aAGtcxhpAX0mfzxAAH4mii1AALl0BmEEQ4V2CmgBuHSEHqByhSkqjHORFByUcJQCuHSFCG
297=soVACkdpQCAAFxAIQBAAABAABAAHIAhAEAAAYAEQAAwQ4AIAUAQABaAI4BAGAAC0AAXwCc
298=AQAAAQAAQABgiQEEaAEEWwCiAQAABmkBXIkBCmkBXYkBDmsBQACk5QhBiQEDdAIEdgDkAQ
299=AAAmkBd4kBBWgBA0oAQwIAAIEES4kBCXUCTIkBD2kBTYkBFWgBASMAuwJgEwEAQABSKCsA
300=OwC89wIlAL/rAVEAwesBJADD6wEiAMTpAVAoKwA8AMf1AlMoKwAnAMj3AnUA4OgBAX8Afg
301=PNEICIAZUjgYgBjRuCiAGAJQF0APUEzAUBSQACCssBSAAF6wFFAAnpAVTrAUEAWXAkcAUC
302=QQBdAD5gAQIAAEEAdCgrAGkAP/cCRgAIpzRBAEeJAQVvBZYAVqMwQQCXKCkAmCgpAJkoKQ
303=CaKCkAmygrAIgAa+UIiYkBAn8KigBs9QKLiAGXAowAcfUCjYgBjRCOiQEKeQaPiQEPaQGQ
304=iQEUawGRAHL5BpKIAZkGk4gBmQaUiAGZBpWIAZsGeQB1+waHAHboAQRDAHkBAAALfwocAI
305=S/TEEAHYkBB3UCHokBDGkBa4gBiRdsiAGBBG2IAYEEcYgBgQRyiAGBBHOIAYIEWgBpZAFx
306=CVuJAQRoAQFhAJoBiVlBwGeECKBnjBu0ZZAUqGSECKhkhQhClGWXDYMA+e0bhIgBjwV8AP
307=r1An2IAZUCfogBlw12AAenVUEAd4kBA2UTeIkBBmsBegAZ4QR7iAGbBoUAGvUChogBlAKg
308=cowxoXIQZAihchZpAU6NcxxrAVEAwOcISQDPq3pBAEqIAYMPdQDi4wR/AIKvaEEAgIgBlR
309=iBiAGBD4KIAYsiVAAAqGQCQQBFAAHrAUgAA+sBUwAE6QFS52tBAFD5aUIoOw1CAGvvaEIA
310=bygrACEAQLppQgC4aQECAABC2WkGaAEnOQ1CKDoNQgAnOg1CACc6DUIAJzoNQgAnOg1CAL
311=lpAXAJuWkDaAG4aZQCuGmUArhplAK4aYwQuWkLeAa5aRBoAblpFWgBuGmYBrhpmAa4aZgG
312=uGmYBrhpmwYlAHinSkIAJogBkR8niQEEfAqtaAhoAa1oDWkBH5FhEmgBrGiABKxogQRuKI
313=AArGiABKxogQR0KIMAQwCGpnZCALlpBX8KWgCVu2lCAGCEa4wbsGyFE2KVAgdsBaxomAas
314=aJQNsGGYBrBhmAawYZsGeQAQrlJCALxijAW8YowxsGGJAYecYogMsWERYA+xYRdoAbFhHW
315=gBA2YAzgIAAIkMZ4kBDnUCSJBhiAyoZJgRqGSNBUuBBApvBYMA5OcThADl6wGFAOfrAXwA
316=6OkBfigrAH8AcadrQgCAiAGVOYGIAZQNA4IAcgMAAIsBfQD3tNMDQgBQAP4Ji2BCAFIoKQ
317=BTKCkAVCgpAEXgcgJCAFEABqtvQgBVKCsARAAH9QJPKCsAVgAI9QJY7XNDKH8bQwBg43JD
318=AHUoKwBSAAO7U0MAU4gBAwMAAEMAVIkBBmkBVYkBCWsBUAAG7QVRiAGMBah6iAGl5AdtBZ
319=bp3UMoSQ9DKEkPQyhJD0MoSA8CQwCKAG3pDIuJAQJwCaR2iAGkdogMpXYMYASldhFoAaV2
320=FmgBpHaYBqR2mAakdpgGpHaYBqR2mQaJ4eBDxHaMG6V2BXwKpHaIIqV2DnUCRJxtgASkdo
321=AEpHaABLh0lAK4dJUCQo1zAWQIuHSXDW4Ah6xzAkMAHwCI6QF0KCkAWZB3mAa9eARlCFuU
322=ApgcvHiYEb14CGEEYyMQKY0FJI3hAHUCJYgBgw+HAP3hMIiIAZQCqHqECKh6gQ9liG+IAa
323=BygAShcg98CqBygDCgcpgRoHKMBaFyC28FfADavG0CQwCFANzpAYMmYCgCQwB+AOH3An0A
324=4+kBdv94QwB7KCkAd/x4AkMAhgDp7wVMAGezd0MATYgBnSBOiAGZEU+IAYhDoH2MG6B9nC
325=CgfZQYJ6APAkMAegD2oH0CQwBWAP+jfUMAWP14QyhjHUMAV/94RABf93BEAHIoKQAnJu8p
326=RABCKCsARgDinIcBAEQAR4gBAwMAAEQASIkBBmsBVgDn4QRXiQECdwJJAPr1AkqIAZkGS4
327=gBmAa5fwFsBbl/BGgBuX8HaAG5fwpoAbh/jAW4f4wFJ6EPRCihD0QooQ9EKKEPRNR7hAi0
328=e5gRtHuIAbV7CHQNtXsNaAG1exJoAbV7F2gBtHuYBrR7mAa0e5gGtHuYBrR7mQZDmHSMEK
329=R2nSBtnG2UAqhvjRtvlAKdIB6Ib4AEoHKBBCCUAoEEc4gBgAS4dIEEdZQCgAS5dAVoF7h0
330=nBUDGACYAQAAiwEZAJujfUQAYph0kAmkdpkGZJUCCWQIsHeABLB3lQ0mnHiUDbB3lQKJnH
331=iUAqR2iEOkdpAJpXYQfwo0ANK3ZUQANYgBlSM2iQEMYQQ3iAGRKjiJARh3AncA3fkGeygp
332=AHwoKwB2AN7hBIMoKwB9AN/1AoUoKQB493tEAHooKQB59vREACfDHkQAh+rzRAC0e4gitH
333=uMJrR7mBy0e4lDf5X0AGkXgIgBmQaBiAGUIyd3D0QAhiaTOUQAWPd7RABFJoMsRABZ5+9F
334=AHf/eEUAgygpAIQoKAC8eAEBAABF3XgEaAG9eAdoAbx4gASwd4gBsHeMBbB3jAWxdwJ4Br
335=F3BWgBsXcIaAGxdwtoAbB3jAWwd48FVwANt71FAFiJAQNsBSdJD0UoSQ9FKEoPRQCkdpgR
336=pXYJeAaldg5oAaV2E2gBpXYYaAGkdpgGpHaYBqR2mAakdpgGpHabBosAdPEUJ5B3iBe8eI
337=AavHiJIkWBBAx3DSEAhbppRQCoepgGqHqUI7x4lAK8eJQCsHeUArB3lwJ2AInxCRiYdJgy
338=pHaBGhqUAo8QcACe7AUCYgCgAQAiNihFAL14BmQTvXgKaQFliHqQH7x4gA+8eIAPsHeJAY
339=qceJU5PSZsRQJFAD4Axa5oRQCoepwKqXoRaQxolPSEKbR7iBe0e5wVtXsNbAW0e4AwtXsZ
340=dQKH6/NFAIXzd0UAeuvzRQB4Jus5RQB9KCkAhud2RQCI/fFF2HScNrh0iCK4dIgXuHSIIi
341=eaDkUAJ5oORQAnmg5FACeYDgJFAHwA87DwAkUAeQD46QFZ53ZFAFomHztFAFsoxQ5dJq8s
342=RgBu+3RGAH4oKQCGKCkAI//xRgAlKCgAvPEBBQAARt3xCGgBsXcCaAGwd4AEsHeABKlvAW
343=AEqW8EaQFZlXAHaQGSJgctRgCTKCkAlCgpAJUoKAAnxQ5GKMQOAkYAjABuo2dGAI2IAZsR
344=jgBw9QKPiAGBD5CIAYUTkYkBDG0QJphpkBSpbwZ0ArxtjAW9bQ11AkaNBRJpASCIb5gGtH
345=CJDCKUAo0bdZhpgASka4EEd5QCgQR4iQEKcwkbAJe6aUYAvG2EKbxtjRBvnG2QCahvkQlx
346=lAKTCYMAn+UehIgBnSCFiAGNBWGYdIQIpHaJDGOVAglsEKV2C2sBigAbv21GAIuIAZMJPg
347=C69QI/JodTRgAxiG+NEDKJAQ5kCLh0kAm4dIwmuXQZYQRpjQUgaQFTI8U6A2kBVIgBgDC8
348=eIAPvHicILx4iAy9eBR4Br14GmkBiP/xRgB6/3hGAIcoKQB7Jq8sRgCJKCgAoOuMEKR2gB
349=qkdpQYpXYPaAwnxQ5GKMUORijFDkYoxw5GAFsmzztGAF0oKQBa53ZGAFHndkYAXCbbLEYA
350=UCbPO0YAVSgoACf7O0YAXvR7AkYAUgAKJFM8RwBkIgxcIjEsRyi3LUcAevd7RwB7KCkAfC
351=gpAIcoKQAg735HAGwoKQB1KCsAWwDgYAwCAABHAFyJAQNpAV2JAQZoAQFaAOoAI4VeR9nt
352=BXQCrX4IawFJABOnVUcASokBAnQCJyUQRygmEEcAJyYQRwAnJhBHACclEEfZfwFkCLh/mB
353=G4f5QCuH+MELl/CWwFuX8NaAG4f4wQuX8HdQIogX0MaAGkgZgGpYEOdAKsfpwKrH6NG0Yj
354=oDuQCax+gASsfoAErX4LZQiGmH+fFX0AkOkiGoSBiBexggRtBRyUAoUTHYkBCnUCI5h/hA
355=iwgpQNsIKUDbCCkAmwgowFsIKMBbCCnBWwgog4sIKJDG4jtS0AdQ1viAGHCHkApbmVR9yD
356=lAIBTABAAiNLZ0cATYgBmSdOiQESZQhPiQEYaQE+JpBlAkcAPQDCu4pHADCQgpwVuIqUGL
357=mKD3gGuIqcCrmKE3QCuYoaaAG5iiFpAVKMiZAJpIyEKaSMhSlVgASYHLCNlRg1I8QvmD2w
358=jYAPsY0VfAqxjRtpAYomZC4CRwB+AHAk3z1HAH+IAZEqgYgBkSqCiAGUDQGAAHoDy2SIAP
359=S7+EcAUCYoTQNHAEsAEAWVbEcosz1HAF4m61pHAFEmZy5HAEf/g0cASPOCRwBX6wFIAGbz
360=gkgAQON9SABBKCkAZSgpAHEoKAAnQy9IAIkoVQAh5oFIAKSBAQEAAEjFgQRoAaWBB2kBWY
361=SBgASxggN0Arh/lAK4f5QCJ/kPSCj5D0go+Q9IKPoPSAC1ewJwCbV7BmgBtXsKaAG1ew5o
362=Aal6CGgBqXoNaQEplXsSaQFFhHaYEbB3mRFH73NIAIWIAYAEpHaZHIeUApkciIgBgA+8eI
363=0Ffoh6kwl7AJO3e0gAfIgBiBe1ewVsELR7kBS1ewt1AmSAfYUIHiOQWokBIox+iAy4f5kR
364=JJQCmBG8eIgBvHiQCbx4mAa8eJkGcIh6jQV4iHqABLR7gQR6lAKBBIsj+WcAZROMiAGZEY
365=2IAYEwS5R7hAikgZgGpIGULqWBE2QIpYEZaQE9Js1nSNh/lCO5fwlgBLl/EGgBrX4UaAGt
366=fhtoAaB9mAagfZAqoH2QKqB9nCCgfYwboH2cNqB9iAyhfRZ8CqF9HGkBiibGL0gAvHiRCY
367=OIeo0bf4h6kB+0e5UjgZQCmRFX6f5IKB4PSAAnC2pIAFj5+Ekomw5JAELrb0kAeCgpAIoo
368=KAAnwR5JKL8uSQAq+3RJAH4oKQCDKCgAsHcBAgAASdF3BWgBsXcIawF/AAmzVkkAgIgBjQ
369=WBiQEEYATkdgABAEkAkwBWAQAAAAAASQCUAFYBABEAAAoPACAPAAAAAEkAjgBwAQAAAwAA
370=SQCPiQEHaQGQiQELaQGRiQEPaAEEJwCEAQAACWkBKIkBDmkBcYkBBWsBKQCF8wmJAIjoAQ
371=RGAIkBAAABYQRHiQEEaQFIiAGVDUmJAQp1AoaIAZEJh4kBCHUCiIgBmBEBWACLAWQXAQBJ
372=AFmIAYsXfACT9Q19iAGHCGMAl+EPZIgBgQ9liAGBD2aIAYMPHQCa7QUeiAGNBR+IAYwFAy
373=MAngEAAJ0KJIgBhBMDQQCjAQAAjwUhAKTlEyKIAYUTb4gBmQZwiAGbBnkApfEJeogBlQJ7
374=iAGYHAGLAAcCzSaMiAGJDI2IAZgRBEsAQAIAAAJ1I0yIAYUITYgBmTJOiQEUYQRPiQEaaA
375=EBGgDGAtgnAzEAzgIAAJEfMokBEWEEM4kBGGgBATQA0gLFHjWIAYUTNogBjQU3iQEXbQU4
376=iQEdaAEBXgD/CcgMAV8ACArLAVoACagBAkoAagA+kAIBAEoAbCgpAG0oKQBuKCkAcigpAH
377=0oKQCHKCsAJAA/8QlTKCkAeygrAFwAB7sySgBdiAEDBAAASgBeiQEIawF/AAmnP0oAgIkB
378=A3UCgYkBBWkBcIFcAWgBrV0GaQEojF2UArhenQoqlQIHYQSIhGCABLBhgQSKlAKABLBhiA
379=ywYZgRsWELZQhYgFyECKxdhwhXAI7gGrRahAi0WoQItFqHCCAAmL5iSgC0WowFtFqPBWcA
380=m+EESpRakR9AlFqAD6BcmQZClQIJZBOsXYAErF2FEyOAXI8bjgD68RSPiAGNBZCJAQJlCJ
381=GJAQBpAZKIAYEEk4gBgASsXZAUrF2EE6xdjBCtXQ9kCK1dFWgBrV0bawEaALysXQJKABsA
382=x+sBGADI6wFFAM3pAUaIAYgMvGKYJ71iEnAJvWIZaQE0iWQgaAEBXwD9CZtPSgBa+15KAF
383=v4XgJKAGAACrteSwBI8VZLKAcMSwBrKFQAJ9sLSwAc/1dLAFEoKQB0KCsAfwDxnA4BAEsA
384=gIgBAgIAAEsArV0BaAGtXQVoAa1dCWsBPwB+uzJLAECIAZgGoFyIAaFcB20FcpleDGgBoF
385=yQCaFcCHUCK4lZA2gBoFyABKBcgQQkmLaABLxXgAS8V5EUWIlZBGUIH4RVlAKwVpUCIZQC
386=mRFmhFWABLBWgQRolAKBBEmcV4AEqFmBBEuUAoMEUgCf8R9TiAGFHlSIAYwFrV0GeBGtXQ
387=ppAUOZXg5oAaxdlBisXZgcrFKMBa1SEGwFrVIWawEWAMK8TAJLABcAxegBtE+cFbRPjRBH
388=gFGcFaBRgDChURNwCaFRGmgBoVEhaAEBbAD2BIBCAksAWwAB6U5f6wFMAB//TEwAJygoAC
389=fTFUwAeihVAFn8TAJMABsA4ZgKAQBMAByIAQEDAABMyE6IAalOAnQCqU4GaAGpTgprAX4A
390=DqeMTAB/iAGDBD8AeqwxAkwASQB76AGsUp0KQZlTBWQIrVIIaAGtUg1pAXOZUxJpASqBUQ
391=FoAa1SBGkBLJUCB2kBI4BRgASsUoEEJZQCgQQmiAGcFaxSgw9WAI/lE1eIAYcTTwCR9wJQ
392=AJTpAVGIAZ0gECNUIYkMEYgBiQwSiAGJDCKIAZEJRCgoALhegA+4XoQeAWkAmQGe/EwAuF
393=6ABLhegASsXZQCrF2UAqxdhB6sXZQNrF2MBaFcC3QjoVwPaQFVIwQijAW0WoAEtVoRYAS1
394=WhdrARYAu6hZAkwAFwC96wEVAMToAbRalQ1HlFqEE6lZFGQIqVkbawFvAPO8VwNMAHcAJw
395=WPTkwAeIgBkCopKwtbAAOjXE0AQSLkKnMFTQBCKCkAUygpABT3Wk0AKCgoACcrFk0AcChV
396=AHQoKQA+5GADTQAbAPUAIycmTQAciAEDBQAATQAdiQEJaQEeiQENaAGxYQNoAbFhB2gBsW
397=ELaAGkYJcCfQAPv2JNAH6JAQZgBL1iAWkBQIlkBGgBqGSVAkqUZZQCvGKMEL1iDmwFpGCQ
398=FKVgCHQCrF2IAaxdmREtmF6dFXkjrSEAbQV6iAGWAk4AJa4hTQCkYIEPWJBhlBiwYYUTUJ
399=xigASwYYUIUpximBG8YogBvGKYEbximREhkGGQCahkkQkjlAKVDSSJAQpxFEOIAYwFrGiN
400=BUWUAo0FRogBjQUTlMiZEWiYaZgGpGuXAmoAnO0xVIRggASwYZ0KVpQCnQpziAGYBgEnAK
401=gBI/AvAk0ASwBBu15NAEyIAZkGTYgBmxwXALrhBBgmMSJNzF2UDaxdnAonVSFNKP0gTiit
402=C04orwtOAFTvXU4AKv9XTgArKCkAUSgpABb3Wk4AGSgpACEoKQAyKCgAoL8CAgAATgC5Xg
403=ZoAbleCmgBuV4OaQEfhWASaQF8iVkBaAGhXARoAaFcB2sBXAATq6ZOAF2IAYgMrV0FYASg
404=XIsBPgB87QU/iQEDYQRIiQEAaQFJiAGVAiyIWYAPtFqBDy6UAoEPL4gBiBesXYwFrF2MBa
405=xdlQJPmF6UAq1dCHQNoFyFE3UjkDmNEHaIAZUYd4xdlQJ4iAGUAqhZmAaoWZAJqVkLfAq8
406=V4AEvFeABLxXgQQSnFeEE6hZhRMUlAKNG2mcV4AEqFmDBEcAobZaTgCoWYgMqFmJDFeIWY
407=kMcogBhAigXIUIdJQCiQwmjF2ABLhekQkolQIJdxglAKuxYU7QYYwFsGGMBbBhjwUXAL6z
408=YU4AOSZAOgJOAF8AAry6Ak4AWgAH6QFeKCgAJ18tTwAj91pPACkoKAAn2wtPADHrWU8AUC
409=grAHsA7HTFAQAATwC9Vw9rARoACL9MTwAbiQEEdwIfAAz1AiCJAQN0AqFcAmgBoVwFaAG1
410=WgFoAbRajAWwVpEJQIVVB2AEsFaVAkooVwA+AIL1DQ3mVU8AqFmIDKlZCGQIqVkLaQEyjb
411=UAaQEziAGAD7RamAaoWYgBpFWBBHeQVpQCpFWVAnmQVpQCvEyIAbxMgQ8VnEyMBahOnCCo
412=To8FawCdq05PAEaUT4gioFGFHkiUAp0gMJBLkAmoToQIqE6VDXWABJgcqE4CBgAATwCpTg
413=prAU4Aqu0mJJRPlA2gUZEJJpUCCWwFoLScFaxSkAmsUpEJOSY4IwJPABcAwLtTTwA4Jjsj
414=TwA6JusuTwBTIwQ4lRhUiQEOaQxeIwxEjTFfiAGJDGCJAQxhBGGJARJpAWKJARhrAWQA1P
415=UNZYgBiSJmiAGECCe/I1AAE+9dUAAWKCgAJ9sLUAAsKFUALSgoACebL1AAfIRgAgMAAFAA
416=uV4BaAG5XgVoAbhelAK5XgR1AiGFYAdpAXojFC+FCHuJAQZ0AqFcCGgBtFqIAbRakQk/gF
417=yaBg4AJZtQUAAMjF2MBbleC2QItFqYBrRajRAUlE+UAqBRlQJqiE6VAmuIAZUCbIgBnBWh
418=UQJ8CqBRmBygUYEPSYxSgQ8viE6QCbhTkQkxlAKQCbRPjAW0T40FT4BRnAqgUZQNoFGUI6
419=FRCm0QJ41SDmgBrFKIIqxSiAysUokMOuBRAlAARQDKt0RQAFKIToAPoFGUGKFRD3wKAUMA
420=zwIjT1dQAESIAYwQuFOYBrhTlA25Uw14BrlTE2gBuVMZaAG4U5gGuFOIIrhThQhc47RQAE
421=Emk09QAF0m4EMCUAA8AAuzuVEAEO9SUQAeKCkAJigoACcNI1EoDiNRACcrC1EAF/O5UQAp
422=KCkANCgoAAEiAOQAI8E0UcBcAQIAAFHdugZoAbVaBWgBtVoIaQF5iVkBaAGhXARoAaFcB2
423=kBDZBWgAS8V4EED5QCgASkVZwKpFWAD6RVlAK4U4gBuFOBDx8jeEGQCahOgASoToEEMpVP
424=C2wQvEyVGFCJTgp1AhaESoQIsUsPdQIolQITawFLAEOvR1EATIgBhQhNiQEMYQROiQESaw
425=FGAMnsBbxMlBi9TAlgBL1MEGkBQpBLiCKoTowQqE6JIkWABJAUtE+QCbRPjBu1Tw5wCbVP
426=FGgBtU8aaAG0T5gGtE+UI7RPhQhBJtAgIp1MBP5MQAAnKwBHAAX3Aj4ABukBPfNWUQBI51
427=VSABLiUVIAJ+M4UgAYKFUALigpAC8oKAAn405SAH4oVQAl71JSACGMUgUBAABSAHgA7yQE
428=IgJSACIA9+kBI4kBBGMEcAADs9pSAHGJAQN1AnKJAQZpAXOJAQlrAXQABe0FdYgBjwV2AA
429=b1AneIAZQCoVwCeAahXAVrAUgAEe0FSYgBgwQ9ABb1Aj6IAYQIuF6YBrleCGcIEACHq/5S
430=AFEjcDWFCB6UWoQeoFyZBiCUAogXqVkHZAipWQtpARWQVpgGtFqZBheUApgGqFmABKhZhA
431=ipWQ1kCKlZE2gBsVYKaAGxVhFpAVWVpxhoAbxXnBW8V5UNRJBWjBu8V4QTvFecILxXmBG9
432=Vw9wCb1XFWgBvVcbaAEBGQBvA5M8UgAaiAGFCB2IAZsGGwB34QQciAGBBD8mM1lSAEAjjW
433=YAcQlHJjtPUgA7/1dSADwmt1lTADP3T1MAQSgpAHsoKAC0TwMBAABTAHmBUQNrAW4A8owU
434=AQBTAG+JAQJ1AiKMUowFuVMFdQIklQIJaAGkVYAEpVUEdAKlVQdoAaVVCmgBpFWMBaRVjQ
435=UlmVMAYQQmiAGYEbxXjAW8V4wFpFWUAqRVjwUyABW2T1MAsFaABLBWmQY/nFebEXwAeLda
436=UwB9iAGZHH6IAY0FD4hZhAi0WpUCEZQChQhQgFyABKxdjRBSI1wiiQEfI7RZgCWsXZEfIZ
437=leDngcoFyAD6FcBnQCoFyNBRiMXYwFrF2MBa1dCGwFrF2ABK1dFHQCrV0LaAGtXRJoAa1d
438=GWkBVpleIGsBQwDQqrxTALRamBy0WowQtVoQbAW1WhZoAbVaHGgBtFqcILRahAi0WpgGtF
439=qABLRagwQeAM0kkE8CUwAUAAskkE8CUwAsABnpAS2IAYUePO9dUwBH67xTAEAm609TAEXr
440=vFMAROu8UwBG67xTAEomMSJUKNssVAAX8WFUKIsMVAB5KFUAD/i2AlQARgDjv2JUAEeIAQ
441=MDAABUAEiJAQZrAScA5+EEKIkBAnUCbYVrAGgBuGmYBqxomAataApgBKxomAataAV0Aq1o
442=CGgBrWgLaAGsaIwFrGiMBa1oAWAErWgEaAGsaIwFrGgPBQAAVAA/AA0BAAAAAABUAEAAEQ
443=AANg8AIA0NAQAAAwAAVABuAA4BAAAGaAEEMQAVAQAAAWkBMokBBGkBM4kBB2gBAhQAFgEA
444=YwBUABWJAQN1Aj6JAQVrATkAeOEEOokBAnUCO4gBkQl9iAGZBn6IAZsGewB9+QZ8iAGDBD
445=gAf/cCegCB6AEDEACHAQAAmQYRiQEIaAwDEgCIAQAAmwYiAJvrAVEAnOEaUogBjBAEIACj
446=AQAAC3kGIYkBD2gBAxgAqwEAAIkBGYkBE3QCAUsAQwLdCkyJAQl1Ak2IAY0FTokBFXQCBF
447=MAzgIAAAxpAVSIAYUIVYkBGnUCVokBIWgBAV4A0gLVGF+IAZkRYIkBEWEEYYkBF2kBYokB
448=HWgBARoAbwPZBh2IAY0FHokBFGEEHygoAAMbAHcDAACBMByIAYwmASwAGQXNPC2IAYwmAU
449=QA/gl8OgMAVAA8AP/oAQFFAAIK1QJKKCsAQgAF9QJJKCsAQwAG9wI9AAirAVUAV3RJawhV
450=AFgoKwAQAD5sAgIAAFUAGSgpAB8oKQAgKCkAJCgpAHIoKQB0KCgAAUYA4wCDGlUAR4kBBH
451=0KSIkBB2sBJwDn4wRtAO/pAW6JAQNjBEMA+vkRRIgBlQJFiQEGYAQBJQAGAYcpVQAmiQEF
452=dgIoAG1oAGkBKYgBmQY/iQEBdQJAiAGZEUGIAZkRMJxtjQUxiAGLDGsAEqNcVQBsiAGECA
453=QVABQBAAAIcAmgcoAPoHKUAqByjAW8bZwKvG2PBXgAfP0KeYgBgQQ2kGyJFzeIAZQCqG+d
454=FX2UApwVtHCJDDmAcoEEd4gBhAisc4EEe5h0gQQRgHKUAqxzlQITlAKfClMAl7t0VQAhhH
455=aMBbB3jQUjlAKMBb14AnwgvHiMG6FyCnQCoXIQaAGhchZpAU+NcxxoAaFyFGgBoXIbaAEB
456=XQDVAos/VQBeiAGdIF+IAZgyARoAcgPBBBuIAZEUHIgBmREdiAGcFQFKAPMEzwVLAPTrAX
457=MA9+sBGAD56wE9AAHrZEIAA+kBSekBVijhDFYo4wxWABX7XlYAHigpAHEoKwARAD+LEABW
458=ALxiAQIAAFbdYgVoAQFCAOoAi1lWAC+FYAB0AqVgAWgBpWAEaAGlYAdoAaxdgASsXYEEKv
459=ZaVgCsXYgMrV0IeAasXYwFrF2QCaBRlQJ6jFKUAqBRlQI49k9WAKBRkwk1AH6rWVYANogB
460=jBusUoEPOoxSjAW4U50VeJQCnAq4U40FfIRVjwV2AIL8CqRVgASkVYMEFACJpFUCVgBvAJ
461=bpAVKcV4gMqFmJDFSUAoEaVYkBCnwgtFqcCrRanQokidIDYwQXAAmgUQJWABgADOgBtVoR
462=YAS1WhdoAbVaHWsBSABKt9NWAEmJAQZ3AkoATeUIS4gBiAysXZwVrF2cFaxdnBUnrgtWAC
463=evC1YAHIBciC0nrwtWAFDgXAJWABYA9rdaVgA968dWAD77wVYAP/vBVwBxZPRjVFcAcygp
464=AHQoKQAi61lXACUoKQB79FoBVwArAN9XVwBBiAECAQAAVwC1WgNoAbRalQIwgFyUAqFcAm
465=AEoVwFaAGhXAhrASwABLNAVwAtiAGNBS6JAQRgBLleBWgBuF6bBiAAF/sGNQB56AG0WoAE
466=qFmIAbBWmRE3nFeQCbhTiQF5hFWMBaxSlRh3mFOZBhOAUZQCrFKFExWVAgdlExaJAQppAW
467=6EVYwFsFaNBXCUAowFsFaAD7BWgA+xVgtlCCOYU4QIpFWECANWAKIBAACLARgAD7xMAlcA
468=FwAS6QFHgFGYBrhTjAW4U4APuFOABLhTgQRMhFWDBE4AT/EJT4gBkR9QiQEGZxNRANHhBF
469=KIAZQCoFycNqBcjBugXIwbJ4ELVyiBC1coggtXACeACwJXAB8A+LRaA1cAGQAOBWxWAQBX
470=AD/gXAJXAEYACbi2AlcAQAAKqwFYAHLpWVgoggtYACeDC1gAE/daWAAYKCgAJ+sjWAAo71
471=1YAFQoKQB4KCkAKvleWNBhAgMAAFgAvVcBaAG8V5QCvVcFdAKkVYAEpFWJATaQVoEEN4mx
472=CGwFsEuUArBLlAKxSwtgBKRKgASkSoMEJQCYsqNYAK1HAmwFrEeNBVWMR4APuEiVAleVAg
473=ltBXGJAQRrARcApfEJQIVKAHUCQYgBjRtCiQEGdAKoTpQNqE6cCqhOhBOoToAEqE6ABKhO
474=gASoToQTqE6MEKlOB2gMqE6ABKhOlQJTlU8NYwRDAGkkpyBYAESIAYUIRYgBiAwn9QlYKP
475=UJWCj1CVgo9wlYAE0m0CACWAAiAAa3T1gARiZ7IFkAVCJcL3FSWSidCVkonwlZACHzS1kA
476=NCgpADooKQA8KCkAFfNLWQAxKCgAqEMDBgAAWQA3lUQKawE1AHu0nAJZAFUAjukBJIU/AW
477=AEsUAEaQEmlQIHaAG4PZAJuD2RCViZPQ5hBHCIAYQIsUAFdQJylQIJaQEWnEGABKhDiQwY
478=lAKLDB4AqfkRH4kBAnkGIIgBjAW4SIQIuEiUArhIhAikP4APpT8IZwhHAFCzjVkASIkBA3
479=UCSYgBgxpNAFHhBE6IAYMESgBT9QJLiAGVAkyIAZsGOwDG4wQRAMroAbxMiBe8TIwQvEyA
480=JbxMlBi8TJwVvEyBJUaJTg1zFBkAcK9SWQAaiAGdChyIAY0QHYgBjzEbAHoktThaKHEJWi
481=hHCVoAFuJGWgAnTzZaACgoVQAzKCkADfhIAloAeABAf1QAAFrZSAtoAblIAWkBNoVKBGsB
482=NACAqDgCWgAhAIQklT9a3EyNBVaITo0FcIkBAHkGJyOhJQNoAbVPBWgBtU8IaAGoToAPsU
483=sGdAKxSwppAXOdTA5oAbBLhAiwS4UIGZxMhAiwS5QNsEuMBbFLAmQIsEuUArBLhAi4SJQY
484=uEiUGLlIB3gGuEiABLhIgAS4SJQCuEiUArhImwY7AL2sRwJaADoAxOkBZCgrAGUAxfQCsE
485=uIF7FLCWAPsUsPaAGwS5QYsEuAJbBLgCWwS4AlrEeJIh6ZSA1lCBqYSJwVpEqVDRyUAoki
486=T+HrWyieCVsAJwEcWyhzCVsAMOdKWwA3KCgAJxMTWwBZKFUAGetOWwAtKCsAGwALp0pbAB
487=yIAQMEAABbAB2JAQhoAbVPBWkBMiPVMQBpATOJAQNoAa1SAWkBNZhThQgxI/gwjQUghFWA
488=BLFWBmwFpFWcCqRVgQRxkFaGCCYAIvg7lAK8V5UCKJUCB2UIKYkBCmsBVQCgJM4lWwCxVg
489=t0AgE/AEACI+NOWwBAiQEMdQJBiQESaQFCiQEYaAG1TwJoAbRPhBO0T5wgtE+ABLRPgASo
490=TogBqE6PBTsAuqRKAlsAZQC+6wE4AMLpATnoTgJbADwAx/QCtE+YHLRPjBu1TxBkE7RPlC
491=60T5wgtE+EHrVPD20FIyYDMlwAI/NAXAAmKCkAKygpAC0oKQBRKCkAWCgrAEMA4q+UXABE
492=iAEDAwAAXABFiQEGawFGAAW7SFwAR4gBgASxSwFgBLFLBWgBsUsJaQEvI0klAGkBMIgBmA
493=axSwR1AjSdTAdpASwj8C+NBS6cTIgBqE6dCjaVAghsBbRPgQ8ygFGQCaFRAmAEoFGdCiKZ
494=Uwx0ArRPkwlvAI/hGnCIAYQToFGABKBRlA2hUQtlCFSAUYAPrFKNBVaUAoceKgChJNcmXA
495=A+lE+MBaRVmBGlVQ1wCaVVE2gBpVUZawE4ALyjRlwAZSgpADn0nAJcADsAwOMEZgDB6QFn
496=/EwCXAALAND0ArxMiBe9TBFrDCUA9SRsLwJcAEgAByTrLlwASyZDL1wASSZBL10ofxtdAE
497=3jRl0ATigpAE8oKAAncwldAFIoVQBTKCgAJ7sSXQBgKFQAtE8BAQAAXdVPBGgBtU8HaQFI
498=IwFTAGkBSYkBAmgBrFKYBqxSmAasUoAErVIGbAWtUgppASUjsF6RCSaJAQN1AjGYU5QNrV
499=IIdAKsUokMLZhTiAy4U5UCL4xSlAKhUQV5BjOMUoQIoFGIAaFRDWEEI41SEmgBtE+FCHGA
500=UY8QbwCRuFMCXQAwAJ4kIiBdALRPjBu0T4wbtE+NGymUT4QToFGdCiuUApwKrFKECKxShB
501=OtUg54Ea1SFGgBrVIaaQE5605dAGYoKQBcIzRfnQpdiAGHCEsAAKdKXQBK80teADL6PV4A
502=J5cIXgAW49VeAB8mmSRe0EABBQAAXsmQCGgBsUABaAGlPwJoAaQ/jAWlPwN0AqU/B2gBpT
503=8LawFJAAyzKl4ASogBjQUmJopZXgCoQ4gMvEGAD6Q/iQwukECUAqQ/lQIwkECUArk9CXQN
504=uT0OawEjAIWzgl4Aa408AHUCbIgBjBCkP4QIpD+NEHCRQARvBW0AkukXbogBkB+wQJgcsE
505=CYHLBAgASwQJAUsECJDCycQYwFJGAoiAyoQ5gRqEOUGKlDD2wQqUMVaAGpQxtpATgmFy9e
506=ADooKwAQAMurkF4AW4hDgBqgRowQoEadCksmT0FeAE4owQhMJtNMXgBPKCkAQ+2UXyh7TF
507=8AJ/NLXwApKCgAJ9cbXwAh/0xfAFUoKwAcAPG33l8AHYgBAwIAAF8ATSOBYwBpAU6JAQNo
508=Aa1HAWgBrUcEaQFLmUgHawEsABAki2RfACKYPYwFpD+NBSSUAowFpD+VAm2QQJQCuT0FcQ
509=lqjDyNEGuIAYQTpD+ZEW+UAo8FaQCVsktfACSQOYAPoDuABCSROQl8Cqw8gA+tPAp0Aq08
510=EGgBrTwWaQE6889fADjzz18AN+fOXwA2JostXwA7Jr0jX9g9nBW4PYAPuD2JDDz3018APS
511=bDYF8AQiYTVV8AKyaALAJfACYAByTsPwJfADEACukBQ+NGXwBPKCkATCZzQF8ARiZXbl8A
512=RyYbVl8ARPtIXwBIKCkAUihFCVD33mAAL/hIAmAATwDgt0RgAFCIAQMDAABgAFGJAQZrAU
513=wA6yRFYWDYSIAEuUgBYAS5SARoAa1HBWgBrUcIawEbAA+rOGAAHIgBnAqkSpEJKyNFbABs
514=BaRKhAikSocIJQCGtk9gAKRKlQJVlESZBlaJAQJkCKRKnQpslAKRCVT7SGAAaIgBiBewS4
515=kXapUCB2QIsEuQFLFLCnUCWSYOOWAAsUsLdAKxSxFoAbFLF2oBNwAlBi1gACcwLQJgADgA
516=v7eGYAAyJjAtAmAAMwDD9QI0JpEjYChfLWAANib2QGAAqE6YEahOgA8AA14AzgIAABgAAG
517=AAUgD9CQAAAAAAYBEAACoPACADAEQA/wkAYAADYABIAP8JZAEEAGAARgAACssBRQAG6wFJ
518=AArpAVPoAQJhAEEAA4gFAQBhAEMoKQBEKCsAEQA/4QQfKCgACU8A4AAAAAEAAGEAUIkBBG
519=kBUYkBB2sBSwDr4QRMiQEDdAIETQAGAQAAAmkBTokBBWgBARoADwHRCRuIAZEJHIgBkAkD
520=JgCEAQAAjwUkAIbtBSWIAZwKAS0AjAGUFARhAFYAkgEAexdhAFeIAZsGUwCV+QZUiAGJDF
521=WIAYkMaYgBjQVqiQEIZBMEWACiAQAAC2sBLgCp6QwviAGVGDCIAZAJAT4AQQLNED+IAZUC
522=QIgBkwk7AL/jBDIAwOkBNygrADoAxPcCNQDG6wEVAMnoAQFcAM4C2RFdiQESZRNeiQEZaQ
523=FfiQEgawEoANP5BimIAZM1SADV9QJJiAGZJ0qJAQZ4BgEqAPME1BgBIAAdBckBIYgBhR5G
524=/EwCYQBSAAGnSmEAR+dKYgBCcC99BmIoRAkCYgAkAD5sAgIAAGIAJygpADIoKAClSgJgBK
525=VKBWgBpUoIawEZAA6qOGIAoEaMBaBGjwVLABOnNGIATIgBgQQljEeECLlIDXMJZACL7QVl
526=iQEDdAK5SAFpAS6FSgRoAaBGiAygRpAJAzEAqAEAAIAEvEGECLxBjAW8QZAJvEGUAr1BCX
527=0KNfxBAmIANADBuzJiADPyQGIAuT0MbAW5PRNoAbk9GmgBuT0haAGgO5QNoDuEE6E7B2ME
528=LAAQtjliAKA7jAWgO4sXUgD9oIgCYgBNAAWgOwJiAE4ACOgBJ9UQYyiNB2MojwdjACr3OW
529=MAIeuFYwAXiHsDBAAAYwAYiQEIawFQAAqjMGMAUYkBAnQCrDyJARqZPQV0AqE7AWgBoTsD
530=aAGhOwloAaE7DmgBoDuMBaA7gA+0OZMJYgCP4Q9jiAGTCSsAkPUCLJWGAHEJLYgBmxEnAK
531=W7imMAMIQ/iAywQJ0KMpQCmBGkP5gGpT8GcAmlPwppATTvfmMAU/g9AmMAVADFsEACYwA2
532=AMjrAS8AzOgBsUAUZAixQBtoAaQ/lA2kP5gRpD+JLU3gOwNjAE4A/gmYcAJjAFIAA6M7Yw
533=BP7TxkKGEHZChjB2QAMOM7ZAAv4ztkAEcoKQAWgDsBAQAAZNk9BWgBuT0JaQEZgQQNaAGk
534=P4wFpT8DdAKwNZsGYgCOrjFkAKU0BGEEZJE1B2gBsDWFCCycNoQIsDWJAS6cNpMJKQCU8Q
535=kqiQECZQgmlDmECKA7iQwolAKIDKE7BmwFoTsKaAGgO4gMoDuMBaE7C2MEVAC8szVkADjk
536=uAJkAFUAx/cCXQDN6QFeiAGTCToA/7CuAmQATQACuzJkAE/kNAJkAEsABPUCHu9zZAAgKC
537=kAIigpAEzo/gJkAEoAB/kGHyiNByMoKwBTAAnhBCHnuGUAJuM7ZQBFKCkATSgrAFAA4pRI
538=AQBlAFGIAQMDAABlAFKJAQZoAQEZAOkAnvxlAKlDAnQCpIGABKlDCnUCTp2vAGkBT4gBkA
539=mxQAF1AmOdQQRoAag4gQQrlTkFdwIsAJ+vPGUALYgBlQ0uiAGZBkaIAYkMR4gBgQRIiAGD
540=BDAApOUIMYgBiAyoQ4gMqUMIdQ0plUQLaAGoQ4sBPgBCoztlAD+IAZ0KQIgBmQY460NlAD
541=n0vQJlADoAw/kGO/p/ZQC0RJAftESRCV+BRgdjD2QA0fkGZYgBkypBAOj3Ah8A+qN9ZQAg
542=KCkAIigpAB7zgmUAU+f6ZQAjJucoZQBL909lACH3T2UAJP9MZQBU/0xlACXnSmUAVSgpAB
543=3zS2YAM+OIZgBK+khmALhIAQEAAGbZSARoAblIB2sBUwDnv0xmAFSJAQJ0ArFLA2gBpEqM
544=BaVKC3UCFSPkKIEEFokBBncCLwCHprhmAKhOgA+oToAPvUwFbQVEkY0AaQFFiAGRCWKQjZ
545=cCKQCRo0ZmAE0oKQAqnI6BBCuIAZwVuFOUDaxSiAysUpQCrFKIDKxSgASsUoAErFKRFDKY
546=U4UeSYBRmAa0T4wFtE+ECLVPCXcYOQC+q0NmADvzz2YANO+UZgA4JpYpZgCoToQIqU4IZA
547=ioTogMqE6NEGaVTw1jBEEA4OkMQ+NRZgAd605mACMoKQAkKCkAVf9MZgAm/0xmABz/TGYA
548=J+dKZgAoKEUJWCgpAFooKwAeAAy/mWYAIigpACUoKwAfAHbhBCCIAYU0IYgBnSstiAEDAw
549=AAZwBHJiMrZwA2/1dnADcoKACtnwVsBbFWCGgBsVYBawFUAPe/V2cAVYkBBHcCGAAIo1Fn
550=ABmJAQd1AhSEVZgGvFeMBbxXgQQzI7kzAm0FLohZjAW0Wo0FMJQCjAW0WoUTRJWnAHgGqF
551=mNBUaUWo0FYIgBgQRhiAGQH6xdiQxjmF6UAqxdlQJOmF6RCUuIsYUITIgBkBSwVowQsFaV
552=I0iQVoQIvFeFCEqUApgRqFmECKlZBmgXqVkKaAEn8yRnADnqWWcAuFOYBrhTlA25Uw57Bk
553=EA3LhTAmcAQwDh6wFCAOPoASenCmcAWCabJGcAWigpABz8pAFnAC0AJYc9ZwBd51VnAFfn
554=omcAWSgpAFbz8GcAW+tZZwBQ81ZnAF7k7wJnAB4AY7hTAmcAIwBm6QEkiAGAMAEpAGgKIy
555=slZwAqiAGYJwIrAGkKAHdVZwAsiAGXLicAauUIKIgBlyMlAGv1AiaIAZQCvGKYMrxilA28
556=YpMJIgB8qwxoAEhkDX9aaAA18GECaAATAO1sAgQAAGgAVwD1JO8/aABYiQEFdQJZiQEJaQ
557=FaiQENaAGpZAFoAahkjQVWlGWMBb1iAmAEvGKBBDKQYZgGvWIDYASwYYAEsWEIdwIxAIi+
558=bWgAsGGZBkWdYgRgBLBhjAWkYJQCJKEwB2AErF2dCl+dugB1AmCIAYQTuF6NEE2EYI0FNi
559=OAIY0FN4gBjQU4iAGJDDSYXpgGsGGYBrBhmRFLgQQLdw1eAKqmzmgAqGSYBqhkkBSoZI8F
560=OwDCt1poADwm7SloyGSYBqhknCupZA9pDEHoZAJoAEIA3+QIJ18MaAAs+7ZoAC0oKQBQ/2
561=JoAFsoKgBdAMtkaABR/7poAFwoKQBS62RoABzrZGgALutkaABTKCkAIOe4aAArKCsAGABK
562=q1loABmIAY0bGokBBmAauGmZPR+Ea5QuuGmJASWEa5gnuGmAMLRlkQkpgGeUArRllQIngG
563=eVAiGcYogMqGSdCiOUAgMHAABpAEn3ZWkASigpAEsoKQBMKCkAL/tpaQA5KCkARibHJGkA
564=FJFsA3wKAVsA9AAjTUxp0WwGdAKxbApoAbFsDmgBpGuABKRrgQRXkGyBBBIjsD2dChOIAY
565=wFBGsAfQEAAAhlCDCNaAFoAblpBGkBMpQCmBy5aQV0AqBnmQZEkcQAdAK0ZYkMYYBnjAWo
566=ZJwKqGSABKhkgQQzhGCABLRlgQ81lAKAD7xigQRfiGSbBj4AT79XaQA/iAGdCkCIAYwbJx
567=UkadxinAq8YpQjvWIQaxdCAN3zCUEA3usBQwDp6AEniy1pACb/YmkAJygpACgoKQApKCkA
568=KigpACsoKAAnkQ1pKGcuaQBc5mtpACdnDWkALia3OGkAUSYfJWkAGPNsaQAX9dNpKEslaQ
569=Aa52tpAFQoKQAd52tpACEoKQAtKCgAsGyAJbhpiC2saJg9AR4AdwojTkxpALBhgASwYYEE
570=JJxiAQsAAGooXQxqKF0MaiLUMbbIagAnXwxqAE/zYWoAWpleAWQIpWAGaQFclAKcCrVaD3
571=UCEYhZjAWhXAR0AqFcB2kBNyNtUAJpATiIAZUCOYkBDHQCrV0FaAGtXQhrATMAiaPKagBB
572=I20kAHQCrF2VDUWYXpUNQoxdgQRDiAGUDahZnAqoWZ0KNpRalBioWY0bYJVaCmgMtFqIDL
573=RaiAy0WogXAVgAzwIjIyBqAFmIAYQItFqcCrVaEXEJGOtOagAaKCkAHCgoACdXC2oAIShU
574=ACcNOWooQy9qACUogAAnBQxqKAYMagAnBgxqACfaC2oAJ9kLaihtGWoobxlqABcmmzpqAF
575=QoKQBd82FqABvvXWoAVePKagBW91pqAF4oKQAuJqMlagAk91pqACkoKACgXJkyHYhZiC20
576=WpUCH5QCAQkAAGsoHzBrAE75U2sopwprADH6tmsApVUHeQZchVUMaAG5UwJoAblTBWgBoV
577=EIaAGhUQ1pATqNUhJpATKVTwFoAaFRBGkBNJQCiQw1iQEKdQJAJkEva8RVmQZCkVYDYASk
578=VYAPuFOVAkSEVZcCYQCcrl1rAKxSiAytUgtnCDwAPrugawA9iAGFCD6JAQZgBKRVkQlXjF
579=KMEKRViBekVZ0KWoAEixddAPQkTEwCawBGACok61prAEeIAY0mF+pOawAnKwtrABsoVAAn
580=KQtrKA1EaygqC2sAJykLaygqC2sAJ206ayhVC2soXRdrKFULayhWC2sAJ10XayiBC2sogQ
581=trKIELayiDC2sAViYPZWsAXigpAFT/umsALuNcawAW87lrAFMmxyRrAC/gXAJrABkAEyRD
582=JGsAGogBgCWoWYgBqFmYMqhZAwoAAGwAO/9XbABCKCkASygpAEPoWQJsADAAQKG0bNVaCG
583=QItVoNaQFdgVwSaAGpWQloAalZDmgBuVMLawE/AI0kTitsAKVVBHUCQZFWB2kBYJVPAWgB
584=oFGDBDYAnq9SbABRIzEtAGEEUokBAmkBU4gBjAW4U4QIuFOUArhTiAwBOgCiAo/WbABGJj
585=pEbACkVZAJpVUFfAqkVYQepFWUGK1SA2AEJyIKbAAn9QlsKJ0JbCidCWwonQlsKJ0JbCid
586=CWwonQlsKJ0JbCidCWwonQlsKJ0JbCidCWwonAkCbAAXAPwkQ1BsABb3p2wAViaRLmwo9Q
587=lsKFchbAAvJlchbAAz41FsADLjUWwAVeJRbAAn/SBsKP0gbMxSgzAaACS7U2wAG4gBjDEB
588=NABgCiOUKQJsACAAbiSSOWwApFWENKRVAgsAAG0AJ4MsbQA47lJtALVPDmAEtU8TawFaAB
589=ezS20AW4kBA3cCVACKrkdtALVPAXUCQIFRBGgBtU8IaQFNgVEAaQFOiAGFCE+Qo5UCUIkB
590=AmMEYgCZJGZ7bQCwVpQCsVYFYASwVokMN51XB3QCvFeMELxXiAy8V5gGsFaIAQ8+AD4CAA
591=AIAABtADkAogIAAAERAAB4DgAgCAAAbQA6AKICAAAFaQE7iQEJaQE8iQENaAECRgC4AgBg
592=AAJtAEcAwekBSCgrAEUAw/cCRADE6wFCAMbrAUkAx+gBASQA+glsCQEAbQAlKCkAJigpAC
593=coKQAoKCkAKSgpACooKQArKCkALCgpAC0oKQAzKCkANCgrABgA/e0QMigrABkA/vcCVgD/
594=6QFeKCgAARcAAwrLF1gABOsBVwAG6wEuAAjpAV8oKwBZAAr3AiMADOgBBBoAJAoAAAF9Kx
595=uIAYEwHIgBgzAdAD3tBR6JAQJvBR8AbvkGIIkBBHUCIYkBB2kBIokBCmsBNQB1rAUCbgA5
596=AD6EFwEAbgBBKCkASigrAFIAP+AECVoADgEAAAMAAG4AW4kBBmgBBFwAFwEAAAdoAQFTAI
597=oBixduAFSJAQR1AlWIAYMEPwCM4AQBQACNAZBLBW4ATgCPAQAAjQVPiAGMBQFLAJEBhA8C
598=bgBMAJLpAU2JAQJ9ClCIAZkRUYkBBXcCXQCV8xRjAJfrAWEAmeEPYogBmwY2AJ7tEDeJAQ
599=hlCDqAXIwbuV4KdAK5Xg5rAUIAurBWAm4ARwC76wFGALzrAUgAv+kBQ+BcAm4APQDm9wI+
600=AOfoAQQ4AGkDAAAMfAoBXgD4BMUeGu5SbgAnXQxuKF4MbgAnXgxuACdeDG4AJ14MbgAnXg
601=xuACdeDG4AJ14MbgAnXgxuACdfDG4ALijhATIoKAAntAwCbgAYAAG3T24AWCgpAF8oKQAv
602=5GACbgAZAAXtBTEoKQAw52BuAB/7Xm4ANCgoALhegDC4XoAwuV4BYCW4Xos4NQBR6Ay4Xp
603=BAuF6UObleC3gGASMAcQqfV28AXnhYby1vAEbvXW8AUSgpAEn7Xm8AWYxdAgEAAG8ApWAE
604=aAGlYAdrATYAerpIbwCtXQh1AkCNXQVoAbRalwJKAJCrWW8AP+JcbwCsXYkMTJQCiAytXQ
605=NlCE7jXG8AYpRajAWgXI0FZJQCmRFliQEKewY9AKWkYAJvADkAUatObwA6iAGcCqFcC2wF
606=oVwPawFCAL7tBUXstQJvAD4A4vUCN5FWCWwFvVcNaQFD/1dvABnuR28AJysLbwAbKFUAHC
607=gpAB4oKQAgKCgAJw0YbyitC28orQtvKK0LbyitC28orQtvKK0LbyitC28orQtvKK8LbwAv
608=KOEBMCgpADEoKAAnMgxvACczDG8AGO7AbwAnBAwCbwBYAAKvUm8AVvpebwAnOBgCbwBSAA
609=fhBFwoKQBT/2JvAF0oKwBhAAnsBSe3DG8AIfdlbwAdhMOdNiKAXIhDrF2JQySUAotDNAB7
610=8Qk1iAEDAwAAcABb82FwAFwoKQBQ82FwAFIoKQBUKCkATetkcABXlb4EcQlYiQEIaAGhZw
611=JoAaFnBWkBSIm8AGkBSYgBjBC9YgF2AksAaGSUAqhklQJA/mJwAKhkkAmkYIgBpGCAD6Vg
612=C3MJNgCkt9NwADyQYZEJPYgBnRU+iQEHbAWoZIAEqGSCBEUA171wAEL0vQJwAEEAwrNhcA
613=BGJpIjcAAntxdwAEfgvwJwADsA6OwFoWcKdA2hZw5oASeJDHAoigxwACeJDHAo2QtwKNkL
614=cCjZC3Ao2QtwKNkLcCjZC3Ao2QtwKNkLcCjaC3AAJ9oLcAAn2QtwKK8LcAAZJkMkcABfJk
615=MkcABhKCkAXfNhcABT+8FwAFbzYXAAVfNhcABeJm8kcABgKCkAUe9dcABiJm0kcCivC3AA
616=IvtecAAmKCkAMigrAB0AY6NccAAlI7wjmEiwYZREsGGURLBhmD2wYZs9HgCA5QgfiAGdVy
617=CIAQEEAABxKIsMcQBWjV0BdAKlYAVoAaVgCWkBWYEEDWsBYQADo79xAGKJAQN1AmOJAQZp
618=AWSIAZsGXwAF7QVgiAGPBV0ABvUCXogBlAIDNgCEAQAAhQhIhc4AcAmka50VSpFsB3QCrG
619=iQFKRgiAGlYAhhBD+RYQtoAbFhAmgBsGGPBUUAvatZcQBB88RxAETwYQJxADsA3uMEPADp
620=6AG4XpwKuV4PfwpaAPMkvCMCcQBCAPfoASczDHEAI/2vcSjZC3Eo2QtxKNkLcSjZC3Eo2Q
621=txKNkLcSjZC3Eo2QtxKNkLcSjaC3EAJ7UXcSgHDHEANCg5AhzzYXEAUedgcQBTKCkAGfNh
622=cQAb52BxAFUoKQBP82FxAFDnYHEAUigpAFQoKwBbAAutUnEoBAwCcQAhAF8kOiNxALhegV
623=EehGCFPySEYJQCsGGVAiaUAp1BJ4kBCmwxpGCMPLhekEu4XgMFAAByAD/gvwZyAFkA6gAA
624=AAJ3AlYA7yIUJWgBpWAGaAGlYAppAVKVWgBpAVOJAQNpAVSIAY0FVYkBCXQCqWQBaAGpZA
625=RoAalkB2gBqGSfCloABLNhcgBbiAGZEVyIAZgGrGiQCaxolQJQgGeZEVGIAZgRpGuMBaRr
626=jQU3hWsMYA+ka4EESZBsgASlawhhBDmU058KOgCT5RM7iAGHEzwAqfUCPYgBlQI+iAGRCU
627=Tvy3IARSgrAEEAwK9ocgBD82xyAEbty3IoiQxyKF0McihdDHIoXQxyKF0McihdDHIoXQxy
628=KF0McihdDHIoXQxyKF0McihdDHIoXwxyAE/jXHIAGiZTPHIAG+9dcgBOJr8jcgAc+bZyKB
629=8wcgAkKFUANSgoAAE2AFsKI5M5cgAgmF6MMaRgmScilAKURKRgk1YdAGehZ3LYwZQCpGCc
630=NqVgC2s4KAB0u2lzAEDvXXMARygpAEomvyNzAFiEYAEBAABz0WEDaAGwYZUCV5xilwJOAP
631=KrZHMAT4kBAmwFvGKMBb1iBHQCvWIHaAG9YgpoAbximAa9YgV0Ar1iCGgBvWILaAG8YpwK
632=vGKMELximAa8YpAJvGKUArximAa8YpgRvGKMBbxijwU/AIkkUjFzALBhlAKkYIUISPNhcw
633=A3gMqRCTiIAYwbuF6ZBkPjXHMAH/qrcwAnHTBzKM07cygpC3MoKQtzKCkLcygpC3MoKQtz
634=KCkLcygpC3MoKQtzKCkLcygrC3MANSg5Ahv1vXMoeQpzKAcicwAq5VVz1LKMG6xShzQjAG
635=DzSxwAZa5ScwC4U40mHoRVkDUBOgBoCiM4RAJzADsAavkGPIgBnQonhFWYBrBWnSsplAKf
636=KzYAfCR/R3MAPSPgIgEDAAB01E+IAbVPAnQCtU8FaAG1TwhoAbVPC2gBqEOMBahDjwVNAA
637=+zQHQATokBBm0FQIlDB2kBQYkBCmsBRQCOrp90AKlDAXUCSZVEBGoBRgAlf0d0AEeIAZQN
638=Jz0IdCg/CHQAIfkydChdOHQowRN0KJUIdCiVCHQolQh0KJUIdCiVCHQolQh0KJUIdCiVCH
639=QolQh0KJcIdAA2KDkCPCgpABv3/3QAWiY7RHQAXygpAGEoKAAnizh0AFn/pHQAXigpAFsm
640=IiB0ACevLHQAYihVAFcmtzh0AFwoKQBjJgctdAAe+1N0ACcoKAAnexV0ADsoVQA9KCkAIp
641=BWkDW8V5E1JJQCjTwliAGNPD6IAY0FP4gBjAWsXZUCHZhelAKgXJhIvFeIAbxXlU83nFeV
642=AjiIAZUCOYgBAwsAAHUARPeydQBD97J1AEyBUQFgBLlTBGgBuVMHaAGsUoQIrFKNBUaYU4
643=wFrVIFbAWhUQNpAUiMUpUCQpCYlAIn2UJ1KOUSdSilCnUopQp1KP02dSghK3UowR51KP0K
644=dSj9CnUo/Qp1KP0KdSj9CnUo/Qp1KP0KdSj9CnUo/Qp1KP0KdSj9CnUolRN1KCsLdQA361
645=l1ADkoKQA6KCkAOygpAD0oKQBWKCkAVyYrLHUAWSgpAF4oKQBc6GQCdQBaAACnonUAXygp
646=AGEm/yB1AFT3ZXUAUv9idQBT52B1AFUoKQBYKCkAXSgpABsm2yF1AE8oKQBQ9WV1KF8tdQ
647=A452B1ADwoKQA+KCgAsGGcQbFhCHREsGGQS6RggQRAkGGDBCYAYbC5AnUAHABk5B68YgMF
648=AAB2AEfoWQJ2AEsA7iTRIHbVWgJgBLRajAWwVokBRCOVKQBhBEWIAYwFpVUEdQJDkVYHaA
649=En0Qp2KNEKdijRCnYo0wp2ACL1OXYolSl2KKUKdiilCnYopQp2KKUKdiilCnYopQp2KKUK
650=diilCnYopQp2KKUKdiilCnYopQp2KKUKdiinCnYAOCi8AifSCnYAJ9IKdgAn0gp2ACevFn
651=YAUONRdgBaKCkAUuNRdgBU41F2AFYoKQBfKCkAUf9MdgBb8a52KKYgdgAnTBUCdgAoAEOn
652=P3YAKYkBA3kyJYlDAWgBtESdNieUApw2oEaBBB2MR4MEPgB28Qk/iAGFP0CIAYEEQYimAQ
653=EAAHfESokBTJFLA3QCJz0Idyg9CHcoPQh3KD0Idyg9CHcoPQh3KHlidyipJncoaR53KJUI
654=dyiVCHcolQh3KJUIdyiVCHcolQh3KJUIdyiVCHcolQh3KJUIdyiVCHcolQh3KJUIdyiVCH
655=coaRN3KJUIdyiVCHcolwh3AFL7PXcAR/eGdwBIJsFKd8A7nCuhOwR9KyqNPAdpAUGEgZQu
656=oTsIdQI9I7k+AGgBoTsFaQFFI7AnjQVGiAGUArg9iAy4PYAEuD2BBEKYPYkBQ4gBiQxEiA
657=EDCwAAeABQ5IwCeABKAAgkUyZ4AEuJAQRgBCc9CHgoPQh4KD0IeCg9CHgoPQh4KD0IeCg9
658=CHgoPQh4KAEceCgBHHgoPQh4KD0IeCg9CHgoPQh4KD0IeCg9CHgoPQh4KD0IeCg9CHgoPQ
659=h4KD0IeCg9CHgoPQh4KD0IeCg9CHgoEwh4AETnjHgARigpAEgms1N4AEcm+Tt4KHUweCh3
660=JXgAP/fIeABFKCsAKgA6v3h4ACuJAQNsMblIBWgBtcgBaAG4SJE1QoVKB3UCQ4kBCmgBpE
661=qNBT6QSwEEAAB52T0BaAG5PQVoAQFOABgFnMwOeQBPABgFAAACAAB5AB8A+gkRAACeDQAg
662=CAAAAAAAeQAgAPoJyQEhKCkAIigpACMoKQAkKCkAJSgpACYoKQAnKCkAKCgpACkoKQAtKC
663=kALigpAC8oKQAwKCkAMSgpADIoKQAzKCkANCgpADUoKQA2KCkANygpADgoKQA5KCkAOigp
664=ADsoKQA/KCkAQCgpAEUoKAABRgAACs8mSAAC6wFHAAXoAQkqADoKAAABAAB5ACuJAQRpAS
665=yJAQdoAQREAFsKAAAFawFBAGDpAUKJAQh1AkOJAQtrAT4AY+MEPABm6Qw9iAEJAwAAegBK
666=AAgBAAACaQFLiQEGaAEBTgAYBY8QegBPiAGMBSe6B3oAJ7oHegAnugd6ACe6B3oAJ7oHeg
667=Anugd6ACe6B3oAJ7oHegAnugd6ACe7B3oAKu4megAnugd6ACe6B3oAJ7oHegAnugd6ACe6
668=B3oAJ7oHegAnugd6ACe6B3oAJ7oHegAnugd6ACe6B3oAJ7oHegAnugd6ACdjB3oAQSiRAk
669=YoKQBHKCsASAAItC4CegA7AAzpAT8oKQBCKCkARSgoAAMtADkKAACULrFABXgysUAIaQFD
670=kUABaAG8QZw2oTsEdQI+jTwHaAELPAB3CgAABAAAewBNAD+QTwEAewBPKCsAUQBA9AK9QQ
671=NsBb1BB2gBJ7kHeyi5B3souQd7KLkHeyi5B3souQd7KLkHeyi5B3souQd7KLsHewAr+Sd7
672=KLkHeyi5B3souQd7KLkHeyi5B3souQd7KLkHeyi5B3souQd7KLkHeyi6B3sAJx0Peyi5B3
673=souwd7AEIokAIn5wd7AEfoegJ7AEgAA7s9ewA64zt7ACyBOwFwKqw8mTIulAKILaE7AmAE
674=oDuVAkWZPQx0AqE7CGkBO4A7kAmtPAV1Aj2UAgUJAAB8AEoA8aM7fABLiQECdAInxQ58KA
675=kHfCgJB3woCQd8KAkHfCgJB3woCQd8KAkHfCgJB3woCwd8ACzhJXwoCQd8KAkHfCgJB3wo
676=CQd8KAkHfCgJB3woCQd8KAkHfCgJB3womQ58KAkHfCgJB3woCwd8AEMoZwJHAASyNXwAJ8
677=cOfAA5/zZ8AD4oKAAnxg58AKk4BXAqqTgIaQEvlTkDaAGoOJQCqTgNdQJGlTkSaAGoOJgy
678=qTgGdAKoOAEKAAB93TYDaAEneRV9KLEGfSixBn0osQZ9KLEGfSixBn0osQZ9KLEGfSixBn
679=0osgZ9ACe5HX0osQZ9KAEGfSgBBn0oAQZ9KA0NfSgtBn0oLQZ9KC0GfSgtBn0oOQ19KFsG
680=fQBI8eV9KPcUfQBH7DECfQAyADC/Nn0AM4gBgSU0iQEGbSY1iQEJaAGlNAFoAaU0BGkBMJ
681=E1B2sBSQBOs659AEqIAYQIqDiECKk4DmwFAT4AcAqc5gJ9AEYAdfgGqDiQCag4AQsAAH4o
682=sQZ+KLEGfiixBn4osQZ+KLEGfiixBn4osQZ+KLEGfiixBn4osQZ+KLEcfihZBn4oWQZ+KF
683=oGfgAn4SJ+KC0GfigtBn4oLwZ+AEsmiyJ+AE4oKQBQKCsAUgAHrzF+AEz33n4AUSgpAFMo
684=KwBNAAnvBU8ACukBPOM7fgBAKCkARCgrADYAFO0FN4kBAn8rMQAXrDECfgBIABvgBKlDAW
685=AEqUMEaAGpQwdoAalDCmgBvUEFaAG9QQhoAbxBmAa8QZsGPwBuuz1+AD2QQIgMvUEDeQZF
686=nEGUAqhDhQhHlAIBBwAAfygRCH8oEQh/KBEIfygRCH8oEQh/KBEIfygRCH8oEQh/KBEIfy
687=gRCH8oCR1/KHkVfyh5FX8oeRV/KJUIfyiVCH8olwh/ADzrpn8APSgpAE4oKQBTKCkAUPN3
688=fwBR7+F/AErnrX8ATygpAFQoKQBS50p/AFcoKQBV70d/AFgoKAAnKxZ/AEP2RH8AtUQBaS
689=0wiEOIAbVEA3QCtESVAkmARpQCoUYCYQQ3kYIAaQE4iAGDBEQAVLNLfwBFiAGVAj6cQZAJ
690=qUMEeQZAlAKZPUGJAQp0Ar1BBWgBvUEIawFLAHb9CkyIAY0QTYgBAQQAAIAolQiAKJUIgC
691=iVCIAolQiAKJUIgCiVCIAolQiAKJUIgCiVCIAolQiAKJUegCjhF4AolR6AKBkJgCgZCYAo
692=GQmAKJEYgCgZCYAoGQmAKBkJgCgbCYAAUO9HgABSKCgAJ0cJgABUKFUAVSgpAFcoKQBY60
693=6AAFHnSoAAVigoACcbH4AASeNGgABPKCsARwA1t3uAAEiJAQdgML1BAWgBvEGZMjmIQ4AE
694=vEGVAkaIQ5cCQwBVozuAAESJAQJlCE4jeTYDawFKAGXgBK1HBXQCrUcIaAGtRwtoAbREjB
695=C0RIQItESbBkIAeKkXgSiVCIEolQiBKJUIgSiVCIEolQiBKJUIgSiVCIEolQiBKJUIgSiV
696=CIEolQiBKJUIgSiVCIEolQiBKGkIgSj9IIEoaQiBKGkIgShpCIEo/yCBAEn7PYEAUSgoAC
697=fCCIEAJ8EIgSjCCIEAJ8MIgQBWKNgAJ+8IgQBYKFUAWeeMgQA16UOBKAkogSh3GoEATCiD
698=ADoAErzQAoEARwAeozuBAEiIAQICAACBAK1HBWgBrUcIaAGgRogBtUQDdQJFgEaNBU2BRg
699=F0Aq1HBGkBT5UCB2kBUIkBCmgBpEqNBUuQS40FQYhDlAK0RJUCQ5QCAQcAAIIolQiCKJUI
700=giiVCIIolQiCKJUIgiiVCIIolQiCKJUIgiiVCIIolQiCKJUIgiiVCIIolQiCKC0RgijBCI
701=IowQiCKGUjgijBCIIowwiCAD71OYIo7QiCKO8pggBMKIEATSgoACftCIIo7QiCKO0Igiju
702=CIIAJ+0IgijvCIIAWSgxAVr/joIAW+ZKggAnlT+CKAsSggBS+0iCADmZSAF4Mq1HA2kBOi
703=MBSABpATuIAZcCRgA7r36CAEeJAQZgBLVEBWgBtUQIaAG1RAtoAahDgwRKAGimVYIAtUQC
704=YAS0RIAEtESFCESARocIUQB/JE1BgyjBCIMowQiDKMEIgyjBCIMowQiDKMEIgyjBCIMowQ
705=iDKMEIgyjBCIMowQiDKMEIgyjBCIMowQiDKMEIgyjBCIMokSODKMEIgyjBCIMowQiDKMII
706=gwAnlgiDACe9I4MosRGDKMEIgyjBCIMowQiDKMEIgyjBCIMowwiDAFrvR4MASP1BgyiFEY
707=MooxqDAEEjYDMDAAAAgwBCiQEDaQFDiQEGaQFEiQEJaAGtRwFoAa1HBGkBPJlIB2kBRYxH
708=gASkSoAEpEqDBEkAZ7ZEgwCgRo0FS4xHjQVQnEGUAqlDBX0KUpQCAQkAAIQoaQiEKGkIhC
709=hpCIQoaQiEKGkIhChpCIQoaQiEKGkIhChpCIQoaQiEKGkIhChpCIQoaQiEKGkIhChpCIQo
710=aQiEKOEihCipEIQoEQiEKBMIhABP/TaEKBEIhCgRCIQoEQiEKBEIhCgRCIQoEwiEAFDnP4
711=QAUygpAD0jISsCZCmlPwFoAaU/BGgBpT8HaAGlPwprAT4AMb82hAA/iAGFCECIAZgGvUEF
712=bAW9QQhoAbxBjAW8QYEERyNJUQBhBEiJAQNoAahDmRFKlESUAqhDmAa9QQZsBbxBAQoAAI
713=UoEQiFKBEIhSgRCIUoEQiFKBEIhSgRCIUoEQiFKBEIhSgRCIUoEQiFKBEIhSgRCIUoEQiF
714=KBEIhSgRCIUoEQiFKIkihSh/PIUAROc/hQBLKCgAJ20ZhSjBCIUowQiFKMEIhSjRK4UoLR
715=GFKBkJhSgZCYUoGQmFKBkJhSgZCYUoEzSFAErvR4UAPI1HAXQuuUgDaAG5SAJoAbREgAS0
716=RIAEtUQFYwRRAFC6SIUApT8EdQJJkUAHawFGAGnhBEeIAZwKuT0LYwRFAIGhBIYouQeGKL
717=kHhii5B4YouQeGKLkHhii5B4YouQeGKLkHhii5B4YouQeGKLkHhii5B4YouQeGKLkHhii5
718=B4YouQeGKIEhhii9GIYovRiGKL0Yhii9GIYoQUWGKMEIhihBRYYo7wiGAErtR4YoGQmGKN
719=0RhigZCYYoGQmGKBkJhijBCIYowQiGKMEIhijBCIYohRGGKIYRhgCsPAMBAACGAFKZPQVo
720=Aa08CGgBoTsDaQFIjDyABKA7mQZGjDwBBQAAhyhhB4coYQeHKGEHhyhhB4coYQeHKGEHhy
721=hhB4coYQeHKGEHhyhhB4coYQeHKGEHhyhhB4coYQeHKGEHhyhhB4coYQeHKGEHhyhhB4co
722=YQeHKGEHhyhhB4coYQeHKGEHhyixMocojQeHKI0HhyiNB4cojQeHKDUHhyg1B4coNQeHKB
723=EphyinIIcATu1+h8k4Bm0xU5U5CmkBUCNtOgBpAVGJAQNrAU8AWKxzAocARwBzJD4phwC0
724=OQEGAACIKAkHiCgJB4goCQeIKAkHiCgJB4goCQeIKAkHiCgJB4goCQeIKAkHiCgJB4goCQ
725=eIKAkHiCjdBogo3QaIKN0GiCjdBogo3QaIKN0GiCjdBogo3gaIACeXdogASOFyiCgJB4go
726=CQeIKAkHiCixBogosQaIKL5aiAAnAVOIKC4niAC5Mgt/K00AU6MwiABOiQEDdAKlNARpAV
727=KRNQdoAbE1AWkBUJw2gQRGnDaUAqg4AQQAAIkosQaJKLEGiSixBokosQaJKLEGiSixBonw
728=NQ0AAIkANgD6CQAAAAAAiQA3EQAAbgb9DwgA+gkAAAAAAIkAOCgpADkoKQA6KCkAOygpAD
729=woKQA9KCkAPigpAD8oKQBAKCkAQSgpAEIoKQBDKCkARCgpAEUoKQBJKCkASigpAEsoKQBM
730=KCkAUygpAFQoKAACTQBSCgBgAAaJAE4AUwoAAARlHk+JAQdoAQRSAFQKAAAIaAEEUABYCg
731=AABWkBUYgBlAIESABvCgAAA3QCBEYAcwoAAAJpAUeIAQMFAACKADD3DYoAMSgpADIoKQAz
732=KCkANCgpADUoKQA2KCkANygoACdaBooAJ1oGigAnWgaKACdaBooAJ1oGigAnWgaKACdaBo
733=oAJ1oGigAnWgaKACdaBooAJ1oGigAnWgaKACdaBooAJ1oGigAnAgaKACcDBooAUSjpAlIo
734=KAAnWAYCigBGAAyvMYoASigpAFAoKACxNQFxKk6dNgRoAbE1CGkBR4wxgAS4MoEESZQCAQ
735=cAAIsoAgaLACcCBosAJwIGiwAnAgaLACcCBosAJwIGiwAnAQaLKF0MiygBBosoAQaLKAEG
736=iygBBosoAQaLKAEGiygBBosoAQaLKAEGiygBBosoAQaLKAEGiygDBosARv8riwBHKCgAJ1
737=sGiwBQKFQAJ1oGiwAnWwaLAEz3LosATygrAE0AUaY0iwChMAVwKqgtiAGpLQh3AkoAgrlp
738=jCipBYwoqQWMKKkFjCipBYwoqQWMKKkFjCipBYwoqQWMKKkFjCipBYwoqQWMKKkFjCipBY
739=woqQWMKH0FjCh9BYwofQWMKH0FjCh9BYwofwWMAE/lKYwoUQWMKK8LjABA+yeMAEcoKQBI
740=KCkATpAqBQQAAIwATABVvyuMAE2JAQJ1AkmFKQFoAbEqBWkBS5QCAQkAAI0oUQWNKFEFjS
741=hRBY0oUQWNKFEFjShRBY0oUQWNKFEFjShRBY0oUQWNKFEFjShRBY0oUQWNKP0KjSh9BY0o
742=fQWNKH0FjSh9BY0ofQWNKH0FjSj/Co0ASOktjSjVBY0o1QWNzSYDaSJOmScFaAG5JwJoAb
743=knBmgBuScKaQFMhCkBDgAAjij5BI4o+QSOKPkEjij5BI4o+QSOKPkEjij5BI4o+QSOKPkE
744=jij5BI4o+QSOKPkEjij5BI4o+QSOKPkEjij5BI4o+QSOKPkEjij5BI4o+QSOKPoEjgAn3h
745=yOACffHI4ATv0rjih/BY4AS+ZVjgChJQ9hJU2MJgETAACPKKEEjyihBI8ooQSPKKEEjyih
746=BI8ooQSPKKEEjyihBI8ooQSPKKEEjyihBI8ooQSPKKEEjyihBI8ooQSPKKEEjyihBI8ooQ
747=SPKKEEjyihBI8ooQSPKKEEjyh/G48ATe0mjyj5BI8o9RSQKEkEkChJBJAoSQSQKEkEkChJ
748=BJAoSQSQKEkEkChJBJAoSQSQKEkEkChJBJAoSQSQKEkEkChJBJAoSQSQKEkEkChJBJAoSQ
749=SQKEkEkChJBJAoSQSQKEkEkCjJH5AodQSRKPEDkSjxA5Eo8QORKPEDkSjxA5Eo8QORKPED
750=kSjxA5Eo8QORKPEDkSjxA5Eo8QORKPEDkSjxA5Eo8QORKPEDkSjxA5Eo8QORKPEDkSjxA5
751=Eo8QORKPEDkiiZA5IomQOSKJkDkiiZA5IomQOSKJkDkiiZA5IomQOSKJkDkiiZA5IomQOS
752=KJkDkiiZA5IomQOSKJkDkiiZA5IomQOSKJkDkiiZA5IomQOTKEEDkyhBA5MoQQOTKEEDky
753=hBA5MoQQOTKEEDkyhBA5MoQQOTKEEDkyhBA5MoQQOTKEEDkyhBA5MoQQOTKEEDkyhBA5Mo
754=QQOUKOkClCjpApQo6QKUKOkClCjpApQo6QKUKOkClCjpApQo6QKUKOkClCjpApQo6QKUKO
755=kClCjpApQo6QKUKOkClSiRApUokQKVKJEClSiRApUokQKVKJEClSiRApUokQKVKJEClSiR
756=ApUokQKVKJEClSiRApUokQKWKDkClig5ApYoOQKWKDkClig5ApYoOQKWKDkClig5ApYoOQ
757=KWKDkClig5ApYoOQKXKOEBlyjhAZco4QGXKOEBlyjhAZco4QGXKOEBlyjhAZco4QGXKOEB
758=mCiJAZgoiQGYKIkBmCiJAZgoiQGYKIkBmCiJAZgoiQGZKDEBmSgxAZkoMQGZKDEBmSgxAZ
759=koMQGaKNkAmijZAJoo2QCaKNkAm+AEDgAAmwBCAPoJAAAAAAAAAAAAEQAA
[Lighting]
Red=1.100000
Blue=1.000000
Green=1.100000
Level=0.032000
Ground=0.000000
Ambient=0.95000
IonRed=1.500000
IonBlue=0.700000
IonGreen=1.000000
IonLevel=0.032000
IonGround=0.000000
IonAmbient=0.500000
[Map]
Size=0,0,91,65
Theater=DESERT
LocalSize=27,6,37,53
[OverlayDataPack]
0=SgAAIP5YGACBBP4GAACCBAT+9gEAgwcIB/4EAACEBggABv70AQCNBwgKCAYAAAAGCAgHBv
1=7yAQCGBAgKAAoI/gQAAIUICgAIB/6cAQCAlwAAIP5WAACJBwgICAcEAAEA/gUACIEE/vIB
2=AI0GBwAGAAAACAoIAAcI/vUBAIwDAAAECAgKBwAABAP+9wEAhgYKCgAIB/77AQCGBgcICA
3=gE/vwBAIQICAAE/voBAIYBAAgIAAT++wEA/gQACIEH/voBAIcECAoACgoG/voBAIEH/gQA
4=CIEG/vsBAIQGBwAG/v4BAIED/p4JAIBVAAAg/kYSAIIGBP79AQCDBwoI/vwBAIYGCgsKCA
5=b++gEAgggL/gQACoEH/vgBAIoGCgsKAAoKCAYD/vYBAIkGCgsIBwcIAAb++AEAhwgKBwAA
6=Bgb+tQEAgH4BACD+RAAAhgQGAAAAA/4WAgCBA/7/AQCCBgf+IQAAgST+3AEAgwYIBv4cAA
7=CFJigAKin+3AEAhAYABwT+GwAAhCEDBgP+3AEAhAQABgf+HQAAgwYAB/7bAQCHBgYABwAE
8=A/4bAACFBggHBwb+2AEAiQQACAoHBwAABP4aAACGBwoACgoG/tUBAIsEBgAGBwgIAAYHB/
9=4UAACMFigqIigABAcICAgE/tIBAJABAAMABgcAAAgABgAICAgE/hIAAIohAAAAIykAAAcH
10=/tQBAJADAAYABgAGCAgHAAMACAsI/hIAAIEl/ggAAIED/gUAAIYEBwYABgT+ygEAkQQGBw
11=YABggKBwAAAAcICAYD/hAAAIIjKP4NAACGCAsKCAgH/swBAI4HAAQAAAYEAAABAAYAB/4f
12=AACIBwgKCAgABwb+ywEAggME/goAAIIEA/4eAACLBgoKAAgACAgABwT+9QEAiwYKCgoICA
13=cGBwgI/vYBAIsGCAgIBgAAAAcIBv5tAQCAUQAAIP6KAACBB/4GAACCBwb+9gEAgwQABv4F
14=AACBA/72AQCGBAAHBwcE/voBAIYGCggACgj++gEAhwQHBwcIBwT+/AEAgwYAB/7+AQCCBA
15=P+chMAgJ0AACD+MgoAhAQEAAP++AEAjQQAAAcIAAQABAAEBAP+8gEAjQQHBwcIBwcAAAYH
16=AAb+8wEAjAYACAgABwAEBwcABP7zAQCMBgAHAAcHBgAHAAcG/vMBAIwDBAcHCAAIAAYEBg
17=T+9wEAhQcHBwYG/vsBAIQEAAAG/voBAIYBAAAEAAT++wEAhwcIBwAHCAT++AEAgQT+BAAH
18=gwgIBv7MAQCAvgAAIP4sAACHBAAAAAYAB/76AQCGAQAAAAQD/uoDAIIEBv7+AQCEBAcHBv
19=7+AQCDBgcG/v8BAIIGBv40AACBA/4EAACBA/7FAQCCBwf+MwAAhgQGAAAHB/7FAQCEBgcE
20=Af4yAACHBwgICggHA/7DAQCBA/4yAACKAwAACAsLCwgAA/72AQCDBAcI/gQACoEI/vkBAI
21=gHCgoKAAoIBP74AQCDAwAH/gQACP78AQCFBwcABgT++wEAhQMAAAAD/qIDAIBCAAAg/jEI
22=AIMEAAH+/AEAgwYICP79AQCECAsKB/77AQCGAwcKCggG/vwBAIUGBwAIBv79AQCDBAcH/v
23=8BAIIEA/7JCwCABQAAIP4AIACABQAAIP4AIACABQAAIP4AIACABQAAIP4AIACABQAAIP4A
24=IACABQAAIP4AIACABQAAIP4AIACABQAAIP4AIACABQAAIP4AIACABQAAIP4AIACABQAAIP
25=4AIACABQAAIP4AIACABQAAIP4AIACABQAAIP4AIACABQAAIP4AIACABQAAIP4AIACABQAA
26=IP4AIACABQAAIP4AIACABQAAIP4AIACABQAAIP4AIACABQAAIP4AIACABQAAIP4AIACABQ
27=AAIP4AIACABQAAIP4AIACA
[OverlayPack]
0=SQAAIP5YGP+BZv4GAP+Cbmz+9gH/g3BpcP4EAP+EZmr/bf70Af+NZm1uamj///9naGpoaf
1=7yAf+PZmtr/2do/7T//2du/2lr/pwB/4CrAAAg/lYA/49nbGltZm3/if9rZ21vaGf+8gH/
2=jWZv/2r///+IgIX/Zmv+9QH/jGf//3+HgYKE//9rbP73Af+Hg4iE/4aFtP76Af+GgoCGf4
3=eH/vwB/4SBhf9//voB/4Zt/2pm/4n++wH/hWtsbmlw/voB/4doaXD/cGxr/voB/4Zrbmhq
4=cG7+8AH/hbT///+0/gYA/4Ruaf9s/v4B/4Fs/vID/4W0////tP6nBf+AVAAAIP5GEv+CbW
5=7+/QH/g25vav78Af+Gb25wZmlq/voB/4dnanBwb2Zw/vgB/4ppamxp/2xnbGZs/vYB/4lv
6=bWlwZ2tp/27++AH/h29ma///a2r+tQH/gK4BACD+RAD/hmtm////cP4WAv+BaP7/Af+CZ2
7=n+IQD/gQL+3AH/g2qBa/4cAP+FAgL/AgL+3AH/hGb/bW/+GwD/hAJmaHD+3AH/hGr/Z2z+
8=HQD/g2n/av7bAf+HaXD/aP9tav4bAP+FaW1maGf+0wH/jrS0////b/9sanBv//9s/hoA/4
9=Zqaf9waG3+0gH/jrS0/2lq/2xtZn+0aGpq/hQA//4FAAKK/21qaGdnbP//tP6tAf+BtP4h
10=AP+Qbv9o/29v//9t/2n/f2loZ/4SAP+KAv///wIC//9rZ/6pAf+BtP4JAP+BtP4gAP+Qaf
11=9q/3D/bmx/bv9w/2yGZv4SAP+BAv4IAP+Bav4FAP+GgYOG/29q/p8B/4G0/ioA/5FqaWhv
12=/2luaGv///9mbGlpZv4QAP+CAgL+DQD/hoKEhHBvcP7MAf+Oav9w//9vaP//af9n/2b+Hw
13=D/iICAhIZo/21o/ssB/4Jwb/4KAP+Cbmn+EwD/gbT+CgD/i4F/hf+H/2hr/2pr/ukB/4O0
14=tLT+CQD/i4aEgoWIaGttamps/vYB/4uAiIaChv///2Zmav5tAf+AhgAAIP4pAP+BtP5gAP
15=+Bav4GAP+CbGb+9gH/iWb/a///tP//bf72Af+GaP9tb2ps/rIB/4K0tP5GAP+GbWlu/29r
16=/voB/4drbmxsa21m/vwB/4Nu/2v+vwH/gbT+PgD/gmht/sAB/4G0/gcA/4O0tLT+3AX/gr
17=S0/v4B/4K0tP4KAP+BtP6+Cf+AxQAAIP4/AP+BtP7yCf+Hamz/bf+0tP4hAP+FtLT//7T+
18=zwH/jW///21o/2f/ZrRvbGv+JAD/gbT+zQH/jW5vbGuFaW///25o/2n+8wH/jHD/gW7/cP
19=9ra3D/bf7eAf+EtP//tP4RAP+MbP9p/2tpZv9v/2dn/vMB/4xrb2toh/9m/29mZm3+CgD/
20=grS0/usB/4VwcGZtcP77Af+Ebv+0Zv76Af+Gaf//av9p/vsB/4dwcGj/bWhp/vgB/4hoaI
21=lrb4dqa/7MAf+AygAAIP4sAP+Hb////3D/af76Af+GZv///2tw/uoD/4KCh/7+Af+EiYiE
22=if7+Af+DhYmD/v8B/4KHgv4kAP+BtP4PAP+Bbv4EAP+Bav7FAf+Ch4H+IwD/grS0/g4A/4
23=Zrbf//bmb+xQH/hISIhX/+MgD/h2tvZ2xsb3D+wwH/gYP+MgD/inD//25rZmdm/2r+9gH/
24=iGhobmlvaGhn/vkB/4hqbGhp/2lsZv74Af+HZv9mbW5qZv78Af+Famn/cGb++wH/hWv///
25=9p/qID/4BSAAAg/lgC/4G0/tgF/4OC/4n+/AH/g4iHgP79Af+Eg4KFh/77Af+GhoSHh4KG
26=/vwB/4WHf/+Dhf79Af+DhYiJ/v8B/4KGg/4GCv+FtP///7T+vgH/gA8AACD+PQT/hbT///
27=+0/r4b/4AFAAAg/gAg/4AFAAAg/gAg/4AFAAAg/gAg/4AFAAAg/gAg/4AFAAAg/gAg/4AF
28=AAAg/gAg/4AFAAAg/gAg/4AFAAAg/gAg/4AFAAAg/gAg/4AFAAAg/gAg/4AFAAAg/gAg/4
29=AFAAAg/gAg/4AFAAAg/gAg/4AFAAAg/gAg/4AFAAAg/gAg/4AFAAAg/gAg/4AFAAAg/gAg
30=/4AFAAAg/gAg/4AFAAAg/gAg/4AFAAAg/gAg/4AFAAAg/gAg/4AFAAAg/gAg/4AFAAAg/g
31=Ag/4A=
[SpecialFlags]
Inert=no
FogOfWar=no
IonStorms=no
MCVDeploy=no
Meteorites=no
Visceroids=yes
FixedAlliance=no
TiberiumGrows=yes
InitialVeteran=no
HarvesterImmune=no
TiberiumSpreads=yes
TiberiumExplosive=no
DestroyableBridges=yes
[Structures]
0=Neutral,V21,256,94,77,64,None,1,0,1,0,0,None,None,None,0,0
1=Neutral,WOODCRATE,256,71,73,64,None,1,0,1,0,0,None,None,None,0,0
2=Neutral,V26,256,68,72,64,None,1,0,1,0,0,None,None,None,0,0
3=Neutral,V27,256,70,71,64,None,1,0,1,0,0,None,None,None,0,0
4=Neutral,V27,256,95,75,64,None,1,0,1,0,0,None,None,None,0,0
5=Neutral,V28,256,95,73,64,None,1,0,1,0,0,None,None,None,0,0
6=Neutral,V33,256,83,72,64,None,1,0,1,0,0,None,None,None,0,0
7=Neutral,V19,256,59,82,64,None,1,0,1,0,0,None,None,None,0,0
8=Neutral,TIBSPRDRL,256,71,45,64,None,1,0,1,0,0,None,None,None,0,0
9=Neutral,TIBSPRDRL,256,90,107,64,None,1,0,1,0,0,None,None,None,0,0
10=Neutral,GSYRD,256,36,111,64,None,1,0,1,0,0,None,None,None,0,1
11=Neutral,PROC,256,41,105,64,None,1,0,1,0,0,None,None,None,0,1
12=Neutral,NUK2,256,43,110,64,None,1,0,1,0,0,None,None,None,0,1
13=Neutral,TWR,256,23,94,64,None,1,0,1,0,0,None,None,None,0,1
14=Neutral,GUN,256,26,94,0,None,1,0,1,0,0,None,None,None,0,1
15=Neutral,ATWR,256,29,98,64,None,1,0,1,0,0,None,None,None,0,1
16=Neutral,HQ,256,19,97,64,None,1,0,1,0,0,None,None,None,0,1
17=Neutral,DMSA,256,20,96,64,None,1,0,1,0,0,None,None,None,0,1
18=Neutral,TWR,256,59,130,64,None,1,0,1,0,0,None,None,None,0,1
19=Neutral,GUN,256,59,127,64,None,1,0,1,0,0,None,None,None,0,1
20=Neutral,ATWR,256,55,124,64,None,1,0,1,0,0,None,None,None,0,1
21=Neutral,HQ,256,55,132,64,None,1,0,1,0,0,None,None,None,0,1
22=Neutral,DMSA,256,57,132,64,None,1,0,1,0,0,None,None,None,0,1
23=Neutral,V20,256,37,115,64,None,1,0,1,0,0,None,None,None,0,0
24=Neutral,V21,256,41,116,64,None,1,0,1,0,0,None,None,None,0,0
25=Neutral,V22,256,40,112,64,None,1,0,1,0,0,None,None,None,0,0
26=Neutral,V24,256,44,113,64,None,1,0,1,0,0,None,None,None,0,0
27=Neutral,V26,256,39,113,64,None,1,0,1,0,0,None,None,None,0,0
28=Neutral,V27,256,42,115,64,None,1,0,1,0,0,None,None,None,0,0
29=Neutral,V28,256,38,114,64,None,1,0,1,0,0,None,None,None,0,0
30=Neutral,V29,256,42,114,64,None,1,0,1,0,0,None,None,None,0,0
31=Neutral,HOSP,256,36,107,64,None,1,0,1,0,0,None,None,None,0,1
32=Neutral,ARCO,256,33,110,64,None,1,0,1,0,0,None,None,None,0,0
33=Neutral,V19,256,47,109,64,None,1,0,1,0,0,None,None,None,0,0
34=Neutral,V19,256,48,111,64,None,1,0,1,0,0,None,None,None,0,0
35=Neutral,V19,256,46,110,64,None,1,0,1,0,0,None,None,None,0,0
36=Neutral,V19,256,47,112,64,None,1,0,1,0,0,None,None,None,0,0
37=Neutral,MTREED1,256,48,92,64,None,1,0,1,0,0,None,None,None,0,0
38=Neutral,MTREED1,256,98,56,64,None,1,0,1,0,0,None,None,None,0,0
39=Neutral,WOODCRATE,256,98,74,64,None,1,0,1,0,0,None,None,None,0,0
40=Neutral,V25,256,98,74,64,None,1,0,1,0,0,None,None,None,0,0
41=Neutral,V25,256,71,73,64,None,1,0,1,0,0,None,None,None,0,0
42=Neutral,NEGLAMP,256,96,40,64,None,1,0,1,0,0,None,None,None,0,0
43=Neutral,NEGLAMP,256,88,33,64,None,1,0,1,0,0,None,None,None,0,0
44=Neutral,NEGLAMP,256,86,23,64,None,1,0,1,0,0,None,None,None,0,0
45=Neutral,NEGLAMP,256,79,16,64,None,1,0,1,0,0,None,None,None,0,0
46=Neutral,MTREED1,256,92,15,64,None,1,0,1,0,0,None,None,None,0,0
47=Neutral,MTREEDC1,256,98,19,64,None,1,0,1,0,0,None,None,None,0,0
48=Neutral,TIBSPRDRL,256,88,15,64,None,1,0,1,0,0,None,None,None,0,0
49=Neutral,TIBSPRDRL,256,97,15,64,None,1,0,1,0,0,None,None,None,0,0
50=Neutral,TIBSPRDRH,256,96,24,64,None,1,0,1,0,0,None,None,None,0,0
51=Neutral,MTREED1,256,142,65,64,None,1,0,1,0,0,None,None,None,0,0
52=Neutral,TIBSPRDRL,256,143,61,64,None,1,0,1,0,0,None,None,None,0,0
53=Neutral,TIBSPRDRL,256,139,67,64,None,1,0,1,0,0,None,None,None,0,0
54=Neutral,TIBSPRDRH,256,130,55,64,None,1,0,1,0,0,None,None,None,0,0
55=Neutral,MTREEDC1,256,136,56,64,None,1,0,1,0,0,None,None,None,0,0
56=Neutral,TIBSPRDV,256,138,61,64,None,1,0,1,0,0,None,None,None,0,0
57=Neutral,TIBSPRDV,256,95,19,64,None,1,0,1,0,0,None,None,None,0,0
58=Neutral,PROC,103,116,44,64,None,1,0,1,0,0,None,None,None,0,1
59=Neutral,TWR,103,111,30,64,None,1,0,1,0,0,None,None,None,0,1
60=Neutral,TWR,103,130,65,64,None,1,0,1,0,0,None,None,None,0,1
61=Neutral,NUK2,103,119,36,64,None,1,0,1,0,0,None,None,None,0,1
62=Neutral,NUK2,103,108,39,64,None,1,0,1,0,0,None,None,None,0,1
63=Neutral,HQ,52,123,42,64,None,1,0,1,0,0,None,None,None,0,1
64=Neutral,NHPAD,103,111,43,64,None,1,0,1,0,0,None,None,None,0,1
65=Neutral,GHPAD,103,112,45,64,None,1,0,1,0,0,None,None,None,0,1
66=Neutral,TWR,52,131,72,64,None,1,0,1,0,0,None,None,None,0,1
67=Neutral,TWR,52,114,37,64,None,1,0,1,0,0,None,None,None,0,1
68=Neutral,ASTRP,52,116,49,64,None,1,0,1,0,0,None,None,None,0,1
69=Neutral,ASTRP,52,118,49,64,None,1,0,1,0,0,None,None,None,0,1
70=Neutral,SAM,103,118,58,128,None,1,0,1,0,0,None,None,None,0,1
71=Neutral,SAM,52,107,34,192,None,1,0,0,0,0,None,None,None,0,1
[Terrain]
15088=TIBTREE2
15097=TIBTREE3
19095=VINTREE2
24096=TIBTREE2
36109=BR4
40121=BR4
42059=T04
43108=BR5
44129=BR5
45071=TIBTREE
46063=BR9
47060=BR8
47129=BR3
48111=BR3
50053=BR9
50055=BR6
50057=SROCK06
51122=BR4
55059=BR5
55088=BR6
55130=TIBTREE2
57054=BR7
57120=BR5
58045=BR7
58087=T08
61040=BR6
61045=T09
61138=VINTREE3
61143=TIBTREE2
62096=BR2
62124=SROCK02
63041=BR9
63043=BR8
63050=T08
63089=T12
64088=T10
64090=T11
65050=T08
65053=T18
65077=BR9
65097=BR7
65098=BR1
65100=BR2
66088=T15
66092=BR2
66096=T03
66099=BR6
66102=T13
66105=T14
67047=BR9
67063=BR8
67094=T14
67095=T12
67097=SROCK07
67104=T15
67139=TIBTREE3
68042=T08
68050=BR7
69035=BR5
69088=T12
70077=BR7
70084=T14
71086=BR8
71103=BR7
73062=T12
73068=T17
73083=T13
73085=T03
73089=BR2
73105=BR9
74053=BR9
74056=T13
74057=T03
74060=T11
74064=BR7
74068=T14
74073=T12
74081=T17
74082=T10
74091=T10
75066=T10
75075=BR2
75080=BR2
75084=BR1
75105=BR6
76030=BR4
76050=T14
76052=T12
76057=BR2
76070=T03
77057=T10
77059=T12
77061=T17
77077=BR2
77087=T11
77088=T15
77092=T13
78051=T10
78056=T13
78062=BR1
78063=T03
78064=T13
78076=T17
78080=T03
79058=T15
79062=T14
79065=BR2
79075=T10
79083=T14
79084=T12
79091=T12
80021=BR3
80048=T15
80050=T03
80051=T13
80055=BR1
80063=SROCK02
80070=T12
80073=T11
80084=T17
80087=BR7
80090=T10
80091=T13
81049=BR2
81054=T03
81073=T13
81081=T18
82044=T17
83077=BR7
84089=BR8
85017=T12
85021=T10
85040=T03
85055=SROCK06
85094=BR7
86029=T17
87020=T11
87022=T03
88028=T15
88030=T13
88038=T17
89032=T14
89036=T03
89064=BR8
89110=BR2
91033=T12
91036=T13
91037=T10
91112=BR7
92035=T11
92112=SROCK04
93039=T12
94111=SROCK02
97098=BR5
99075=T08
100065=BR5
100071=BR2
101108=T04
102051=T03
102071=BR9
102076=T18
107055=T10
107090=TIBTREE
110056=T13
110057=T03
112059=T14
112060=T11
113087=BR7
114060=T12
115087=BR9
115089=BR6
117064=T15
117074=BR3
118067=T17
120068=T10
122068=T12
124067=T11
124068=T13
125067=T14
129079=BR4
132067=T15
133069=T17
134067=T03
135070=T10
137071=T11
[Tubes]
0=26,84,6,23,84,6,6,6,-1
1=23,84,2,26,84,2,2,2,-1
2=26,85,6,23,85,6,6,6,-1
3=23,85,2,26,85,2,2,2,-1
4=26,86,6,23,86,6,6,6,-1
5=23,86,2,26,86,2,2,2,-1
6=26,90,6,23,90,6,6,6,-1
7=23,90,2,26,90,2,2,2,-1
8=26,91,6,23,91,6,6,6,-1
9=23,91,2,26,91,2,2,2,-1
10=26,92,6,23,92,6,6,6,-1
11=23,92,2,26,92,2,2,2,-1
12=70,130,0,70,127,0,0,0,-1
13=70,127,4,70,130,4,4,4,-1
14=69,130,0,69,127,0,0,0,-1
15=69,127,4,69,130,4,4,4,-1
16=68,130,0,68,127,0,0,0,-1
17=68,127,4,68,130,4,4,4,-1
18=64,130,0,64,127,0,0,0,-1
19=64,127,4,64,130,4,4,4,-1
20=63,130,0,63,127,0,0,0,-1
21=63,127,4,63,130,4,4,4,-1
22=62,130,0,62,127,0,0,0,-1
23=62,127,4,62,130,4,4,4,-1
24=87,29,0,87,26,0,0,0,-1
25=87,26,4,87,29,4,4,4,-1
26=86,29,0,86,26,0,0,0,-1
27=86,26,4,86,29,4,4,4,-1
28=85,29,0,85,26,0,0,0,-1
29=85,26,4,85,29,4,4,4,-1
[Waypoints]
0=55067
1=94087
[X]
[Digest]
1=caJeUQ2ob61gZSe4ZlfWHF4lHbo=
