; Map created with FinalSun Mission Editor
; www.wagnerma.de (german+english homepage of author), finalsun.wagnerma.de (finalsun homepage, german+english), www.theonliner.de (german homepage of FRG)
; note that all comments were truncated

[Preview]
Size=0,0,90,75

[PreviewPack]
1=kBMAIAptVz1tVz1vWT5vWT5tIAUsAANxXURHPzMgCbwAWApQBUgAQAFIAEABSABAAUgAQA
2=FIAEABSABAAUgAQAFIAEABSABAAUgAQAFIAEABSABAAUgAQAFIAEABSABAAUgAQAFIAEAB
3=SABAAUgAQAFIAEABSABAAUgAQAFIAEABSABAAUgAQAFIAEABSABAAagAJywAQAFIAFACKr
4=wDJywAQAEJZVZBZVdFb11ES0Q5SwBEPzS8BUgGQAFIAEABA0xCK1lMMawBWAFAAUgAQAED
5=dl5BdV1ATAFAAQOGakdsVz1MAVwCA2ZTO01FKEgGTAFIAFACSABAAQNQRy1FQSW8AjOMAA
6=ZyWz+TcUqRcEpAClwFSABAB0gAQAFIAEABSABAAUgAQAFIAEABSABAAUgAQAFIAEABSABA
7=AUgAQAFIAEABSABAAUgbLbwDJ+wDQAGsBFgEQAEnvANAIgNDPTNbTTu8ArwXBiszDDY1GC
8=swDEABrBlIBkAEA4NoRYttSEgAA4ptSHlgQlACSABcAksAWUw0vwVaTDRQCKwBWAdAAUgJ
9=UAJMBEwBagAzDFgBQAdIAFACA4dpRndfQawBWAFAAUgAQAFIAEABSABAAUgAQAFIAEABSA
10=BAAUgAQAFIAEABSABAAUgAQAGoACcsAEABSwB0YEZcAkABXyNfTzhLFURCIFwaKpwCCEhE
11=JmNTP0I8MlhNfGtIA1w4SABgFpwgrBkGPTohTUMqYlE8QAoDgGZEfGNDSyGIa0esIkhFXA
12=IDdF1Ba1U8WEMt7AB5ATNoKmABMkwBCXJcQZFvSI1tR2xYQFwISABMFkgAQAFIAEABSABA
13=Nyc8BUBMrBlcKSpcAFAFSABQBUgAQAFIAEABSABcILwaTB8nvABMIlAISABMIqwceBOMNC
14=dsCDAtA76AAEghUAtIAFMLc1w/QAEDdV5Bf2VETCJAIkgAQAFIACecAip8AawBXCmFCb5w
15=DuwiXAhIAEwKA4JmRIFkQ6wBWAEnHAFcHVACSABQAlgWQCJIAFACWAEqHAFQArALXAJQBa
16=gATAEGaVdAYFI/XU46vBpMEEAZSwBQRilUP0gAWGEqHAFABFACqABQCKwovBd4BIw6TA1I
17=AKwQTARIAEANXGVIAK8BiGxIJywASANAByrMBScsAFAFKnwBSA9AE1xNAAN5YEOPcEx+Y0
18=NzWz5kUz1MRjteTzy8CCfcAUAHvAWsEyosAFgNcAI1XA9fCHVhR6wlXClAYUg/Q0NbTj1M
19=CgNNRSlWSTF6BzAMWGRQEVhkTDEnTAFgAew3KiwAQBBYGVALBndfQG1YPnthQlAgSKhQAl
20=SfUGVIA0wBSABAAUgAQA2vARQUFCocAScsAEghQgR9ZFhtAUmWdU5MAQZjVEBVSTlbTDlI
21=BlgBUAhAAVApVACoAFACSABcAkgYQAFIAKwBTARIAFAdXBq8FKgDVABYQwNsWUJwXEMn7A
22=NIHlCkWCJAHwNfUDxdTzy8R0wKVEJYBECFSAC8CFwLegowDC18AVwCA2RTP3JbQFuFeF9B
23=WAFAAUhCQKlIZkABSA9QAkgAQAEGUEguT0coYFA7LZwFSAxQIEgATFW8NQN+ZUeScUpIBk
24=AHSABUHglvWj9kWEpdTz1iVUe8AlACQAFIAKMEZ1M7rAe8AlQASABIAyecBVhYUAVIAFMC
25=V0oxUx1lVkNQQUwfXB0DZFM7UUcuTIhQRFgiUGVMBEAEvAWsamgJjIhQIyd8CnACnERcC1
26=+PSEQmQCtAH0gArAdYQ0ABSABcDkgAQAG8IEw0TAFIIVALXCwnHAFcAqAZVABcBQlzXECO
27=bUiRcUtwWT5EGkgGUwJhUj9UA6oAZ1V8qqwBVABcIFNHSUM4X0dpXElEAkgAoAesDVwLTA
28=1MLqgJUAJYAVACXxdUSjBIIUgATCJUA0ABqABcHUQISABMBEwBvAVIBkABW1tWSTFMN0BD
29=SABwREiHQCJKADMMXAJPZHdeQECpbGQsvAxIDEwZWC5AAUgATAFIAFQMJxwBRBdIAFACVA
30=BABA97YUOScUuObUeNbkpdTjZbTTeoA1QDSgBwWmyIQAEgAwgAUAVMB1wXaABCFjMMXAtY
31=hUBkWDEncARoYwVPOFdJLlRJL0hFTARYH3A1SAZAHEgAjBxQIEgDQApIAEABWEBASUwBUA
32=tIA1wjTCVARqxDXAJMBLAUTAEGe2FBdl9DfWNETAEIfGNEnnhNonxPfWJgxAKJakd6XyKc
33=JkAiSBJQKUhLQB8JgWVDlXJJiWtIj25IJ68BbFlDJ0wBA1RJOVZLO1BETAoqrAFPAVtNOl
34=BoXAKwBVcAaVhEXAJYQEAfXBRADVgBSABMBFQAvAJcPkwBsEFIY1waaABSIDMMvAVQBUg/
35=QBxYBEwBSDMnTCJ4JeysSANABCr8C1gBUAJIAEMBgWVERBoGiGpGm3ZLimtGQAEABpFvSI
36=VmQ3ZdQXpfP512SpNwSIxqRH5hQK9GfmVIUCBKQoprzIJpGDAimCdAFqwKWApAAUgAQwEA
37=yABIAKwBaiRJN6wBSANAAUgAVCFIAEABSABANydcAEABSABQApjr3OlUIVBBSDNAH0gzQA
38=FIBkw9TDRQBbyJrAFYAUwHSAAnrARYBFACSABQAqwBKrwAvyCNbkkhUC2sBFgEQAFIKlCS
39=rAFYAUABBZRwRotrRo5ucEFIQkABvAJYBEwTJ4wGQAFIM1ARSAZEIKwEQAFIAKwBAkpEOE
40=pEKMwIUCACZVZEZFZsUkAESABAB0gAQAGoAEwBUBFIWlwsXGJMDawBXAJADUwEQAFIAEAB
41=SABAAUgAQAFIAEABSABAAUgAQAFYakABSABMAUgAQAFIAEABSABAAQF6YUOPcH18ICecC1
42=wCSIRIAEwEXBpYLlwvWBBMl0gDUAIDjW1InHdNS0J9YkJYAUwTrARMW1wFSDBQNUgAUAVY
43=H6gAQO6gAUhmXAI5bAhcDkgATARIAFALSABAAUgAQAGsT6xATA1ADbwCPIwDrARYB0ABSA
44=BAAUgAQAFIAEABSAABemBDkFw7AmpGj29KWGG8cUxqJ3wBTwSGakdUEkgATAFMHGgAnNRQ
45=JlgxXD4JjGxGiGlFjWxGgmVDTARAIqwEXBRADUgAUAJMQFAgTMdUP0gAUCBYAUgASMlUAF
46=tDWEo4WARIA6gAWA1AB1vNWEs6XAJMAagATAFQWUwBQAFIAEABWAFAdkw0TAFbNGBQO7wC
47=WAFAAUgAQAFIAEABSABAAUgAQAFIAEABSABAAUgACXxjRZd0S4BlRX9lRVACWE9QXFwCYB
48=mcsFgcSBJb7nlgQkABTAQnnBEnjAC8HVgiX7OUcEdHjHddPiHwKaw3rCVMCkwHSABAAUAf
49=SAADRkA2R0E3QAFIACosAKwEvKesAUsGTEY7JywAQAFIAFACSABQ4ETXQLtMAVACSABAAU
50=hXQAFIAEwBSABAAUgAQAFIAEMB/wAAqABMAUgAUAJIAEABBnJbP4VoRopsSUwBSABQAkgA
51=J4wDTFtA1qwZXCBIACTsNkgwUAVYYVBHXCAnvABMAVMFcVo+WI5QiSqMAEwBJ7wYTB+oAE
52=ghUEG8y6QCv0FWSTdcBUgAUBFIAEABSEhQAqwBWAFIAEwBA45uSp13S0RZWNwDnHdMnHZK
53=Qrt6XyIMI6AETARAAUgAQAFIAEABSAC8ICoUAFACSABABEoAi2wiSiBwWyL8KUBkaBuM01
54=CSrwFPRyhQBUghJwsAdFw/IQAvvD6sBFwgQAFIJ0B2TApDiIdqRyFIL6wESGZQNUxMqB60
55=AEwKvCNYAU8BVkk5sGVQRFgBUwhXSjpQIFoBV0poAzNsCFNQdV1AvFlY3ETgBYZoRpJwSH
56=5jf/J/ZEYh2CNICUAKAoVoRYNmfHdMAScoBEwBSABABEgARDhLxn1jQ0QXUAJIAFACXD5Q
57=F0gbYRwzIrAzvAJIA0ABSABAAVgiQAGsQ1xHXAVIJ0B2SwNQRikh5yl9Y0QheEdMBEgAUA
58=JIAExGJywAWB+oAFwCQwFaTj0h8ClIHlCJWAFIAEiHVAC/BVhKOUMBZFM9QI5cAkwBqABM
59=B0ABrHNMAUAQrBZYhQAGiWpGhGlJlnRNnnlPnHhOhWZEgGRDn3hMQEkFimtGl3NJhWUisE
60=UDh2tLkHBJTweDZ0VUwAKCZ0d9ZGwoWApQAkgAUCysCmhgUIZIAJykQB+8Alw7J4wATEZM
61=H6wHTEAqvAMDfGJDfmRFU+9+YUBQm6wEXAtPHFhMPEAcQAFIALwCQAEtCAAnnAhABFhVUA
62=tMHEAHWAFQCEgAQAFIAEABSANAE0i9UDJIAFBTWAFcOFwFCIprSIZoRZVzTIdpIiBIvAVL
63=BoRmRFhJTEADo3xPoHpOSEIBfmNCfyPAQSeMAEABSABQBbwLrApYCkANvwJWSTFMDazZTC
64=VMMUshZFM/SAZABEgAQAFIAEABSABAAUgAA4BkRHxhQJxWIuwqJ1wAQAFIAEAESABAASco
65=BLCGWAGoZkgDQARIAEwNvBFMHFACqABcAkAlvAJcFCdQAFwXKlwGAoNmRI5tIkQkSLpcOE
66=gYrHknvABcCDMvAFtNNyp8AVwgABhIPTA9ODBCOCxKRTssNkInMTpORzxHQzxIR0REQDhN
67=QjNIPS8sMzo8OC+sCkRoSACsAUgMQAFLAHxhQUSbTe5/jHlaAXdeIkwiQAQn3BBAYVAgqA
68=BcAqABSNtMUlhwTI5cHUwiWBxQU0wKTASsB0wfXBRYAVACSDNAAUgGUDVYdlDsWAFcAlQ/
69=SACsAVgBXAhIAEAETAFAbSpMB3klSiKsWEABvCxICUABvA4AA0U+MjA1PA0fMw4gNRMmQA
70=8iNxQoQkABAAkQJDsTJ0EWK0QlM0goMToyNjkhLDkqKytKPy9QDkgAQA0CWEs6V0wiaFFM
71=AUgARKq8AgiEZ0WTcUmMbEd9YXy2UAJIAEAERyBVSThMpkDNTAFQAkgAXAJIAFwRaACMu1
72=ACqABcAioMDi38ArwFSCcJcVxDkG1GhmhEbllATD0nbAVABKwcXAgnQAFMAVBHSANQL7wg
73=Sy1NQypIAAAVUUIxKTE6JSw0CxsuEyY/FCdCFChDESM5DyE3DyE2ECM8EiQ+LDdISwMRIz
74=hQAgkgNE4rMzsnJSFQQzMnfAEknClYAUANSABAAUgAQAFb4oVnRSIiRVpArECsE0ilSCGo
75=AEwHLfwCvBRYOlAISABcCEgAJxwEXJhQHawEWBlAQKwKUqR6YHimUAVIAEAEJ4wDUAhIAF
76=ACSABcRFgHXFC8IFgEUAhcIAADRz8zODg3NzYyJykqEiU9ECM6EiU+TCIqbAgGDyE4JSoN
77=KS0QSwANIDVuBCQ+QAQDIjVTODs+XztOQTBf40pEOUDBTA1QDkgbQFusGVhYUIBMeVwCSA
78=BABFgQJ6wuWAFQApgTfFZgE5y5WBNMAUwcVANMBCccBFwXTB9IA0AETAFQHaAETJ1MQwWH
79=aEWUcUpuWig8F0wNQARIAFAISABAAUgAQAFIAHAI7A1ADQZQRDQkIh80NDFcHWgAAiI3Di
80=E2XB1bIhUpRExkAw4fNBEjO1NEChstQCJIAEAiVCFIAAMwNz4pM0BcAgYmMT9AOi1MQjRY
81=xyosGCesAUwuBnJbQHheQX1iQ1BoQCW8MkxbJywASBsnvACsAVgcQAdIAFAXSABQF1grLY
82=wAeAGc4EAurARb/ZBvSiEIJCQMNVACSABMB0gAQAFIAEABSABAAUgAQAFMJWANDkI0Qj01
83=SkM4PD5AJDVLHi9GXF9AZEghQBxbhRsvUKwiSEViJSE4UEFIIUwBrCIDEiQ6HzNSWCJABA
84=AGRT8zR0I5UEpDXU8/U01CKygkNTAoRz80TA1cOFguQR9/Us5jRkg8UGVYEFACvBFMAXAa
85=7DQqLABABKgATAQq3ARUt3gEjItgAYwHSwxdTjZcBVAFLQ01WCNIZV8CXU46KiwATApqIU
86=MqTFgAA0M8Mj84LkM8M0FHURsvTB8xSRYqRlQbSAC8IKwiWCJQRFiIUCACJywOLDF8ZUwB
87=SABQI0xJTKxEKVQGDy84RFNPSWJUQmtXPkpANEM9NKwTT1hzXD8iiDcCbUhyXEFAQ0gAQC
88=VMEFDCeBn8GrwCTENQFKwHSBhAASTsS0wBUAVIA0BGTARMAWgAjAcqbAVcBUgAUAUBlHBH
89=gCPRRn4j/EonDFlJA3QmfGoPUUcuYFZIZVtLXVRHQDoyQjksrHYGU0xFJjVLLDtQTB+8IE
90=8cDyM4TAFEHSR4IFgfCSUrDCovDiouDygyHUAirARMIgkWKUNXUkxnVT9ST0tcywZoWUVK
91=QTQ3MisnvAYiUjBtR1LLc1si3CJAHycsA0ABWLskbCBcAkgArCVQGqgAXBcGTkQ3T0Y5UU
92=k9TCsnUABYBEwHaACcZUAZJwwdJw8IknBIQP0CiGpGemBv/WBSP0gAUERIAEwEqAAJV05C
93=TkU3TEM3X1JAXHEnPAsGSUpKGy9NHDBRTCJI7VRjrO5YAUwfSABDIiktDkABSEJUJFgBQA
94=RYBFAmCDE9S0lLTkxLSmJSIs1QSExnI9x2S6h4YEIhGFkCg2ZEhWciPCxY5VAyTKBAGUgP
95=UERcHUABSACsAVwCrEBcXyfsAwtdTz1hVENaTTxORz1NQmzZSEtRCE1a4kUpWARQCEgAQB
96=wwLwCNbEYhoD0nrGEFYFI/ZVZDW04RAAA4FAAgACU9WE0+WE0+Y1M/QjwyYVI/UEctKzAM
97=KzMMTUMqVk1DIjVPEyc9GS1KDSA1ECM6EiQ+CxsuDyE3bAEAAiU+DyM4DiE2ESM7ESM5Dy
98=I3DyE2VAAADxMmQBUpRB0wRkpLSWFVRlRPSl9RPi0sKDcyK01FKDY1GLwLAANgUDuBZEOT
99=ckyObkhvWkBtVz1mUztABEgPQwQ9OiFAECosAFgBTASrAG9ZPlAFWARABAlaTDRbUD9JRj
100=9JQzhYB1wLSABQAkwEJ7MARD80TAGkHQ9bTTtwWT58YkOUcUqAZENDPTNIA1MFXU46QAEn
101=jwBLRDlIA1MFREIgQAoPUEYpZFM/TEtJGy9NHDBRECQ7SCFMIgMlKg0pLRBLABMnQUgAWC
102=IDFChDDR8zSCRQI1gBAAkfMEdKR0NiUj5dUUFUSjBbTTpdTz1KQTRJRDtLLUVBJUsYSEQm
103=SA9PEIFlREgAA19POFdKMVsBTUUpvwJWSTFAAUgAUAIqLABYAVACSABAAUwfQSK+gAAJV0
104=0/KygkNTAoRz80XBcnfAFYBKAcJxQArAdMHwlnVkF/Y0KObkl8YUNQAgZdTzxfUDxbTj1M
105=ASewAEwuSAkMYlE8FBQUYFRFIDBGFig/rEMDEyY/ESM4XCBAIogQAb4KGy0nHAR2ISE3WC
106=VQAgkiMEVJS05MS0piUkBLKj87NFgKUBdqITAMvD5YNwxyWz+TcUqRcEp2XkFXSS5IIUMf
107=WUwxTCi8EVgTUxRlVkNQFEwBXBSoAEwcQApIIUArSABMN0gAQAoDSkA0Uk1DSFFEDgxIPj
108=JsWEFORTdNRjpYTj+gClQAvAhYCkABXAgJhWlHaFZBclxBa1hCQA28MlsNTEIrvBQPT0co
109=V05EHC5JGC1KFig9FChCSB4DDiA1ESQ7UB1UP1BETGFcYrwjXCBTZRIlPVACVAMGKjlMR0
110=lLXFJITGQMXU42Z1M7SD4wQTw1WUw0J/wCJ1ADCX1jRJBvSo9uSH5jREwTUBRIElARWBYn
111=jABcAicsAEw6JywAWCtgCpx6TCInLABIOQAGLSwoRD83Uks/QTovZlhGbFtFYlI9YlVEJ+
112=wASwxgUj8nrAEJg2ZEjm1Gi2tGc1s+XBRIAEBMTAoJcFo+Uk9LR0lJFSlBJ4wDrIVUHkxh
113=SCEnrBACEiU+FCfMJViFCR8xSktKSV1SRFlQREwrehMzDEw9J18PUUcuQA1IAEwNSDlME1
114=gfTDQDknBIgGVETCJQVqwfVCFIAEgDTARIAFACSABAAagATAFMQ7wITBZADScsAFBErAFc
115=kkE9UJx9XAUn4ACsAVhPQASsAUgDQAFAdkgArAFYAUwKJ+wABmNVRSM0SRksR0MfGy9QSG
116=NAZFQhJ2wIWKZcAlgBXGJMJQkkMkZUTkdfVUdVUkxQg0gJqGlAAVgTQB9ceglORTlRRjZX
117=TD1gUD1QYlAdqABANKwQSniGaVR4cFZIA1ACSCpQKSo8CFwUXAJIAEABSABfC0hEJlBBSJ
118=NAW7AOXAJDGQDIAEgATAFIfie8AEAKSAZAKFxfUAJIAEAESQByKc8OZFM7J1wACV1OOyI1
119=URotSh8vRlgfW2EQIzxIIVgiSEVQIFgBXCAnXAxPBBcrRUCFWKZQCEg2QFhcv0A0SABMQE
120=gPQBYJbFlBaFdBYVI+VUk4SFRAHExVXAVUHkgArEBAAUgASHgGj21HiGpGemBCSAlQKVgH
121=fB2MvkgGSABcF4ENKVyMTA1EAkgAUAJIAEABUCAnCABYAVACSAAnjANIEkAKJ1wAQwF3Xk
122=FUdQOObUeNbkpYAVAFSAAJYlJBHzJNHTBPFipBTh8PIXTnTGFAQ0wBSOcq7BhcYkwivIlM
123=AQkXKkMYKD0eMU5cT0BcMidMAWAxnHpbGWlUPLwgSCFBAWWMo1gfUAVIAEAQvCOsAQKNbE
124=Z3XXjoQCJfKWlXQEgGQAdYBEAESABAAUoAY1Ro80ABA1dKOlZJObAgWAGgAVQATAFQBQNU
125=STlWSTdMAbxWQApcEUyaSANQAgN4X0OQcU2sAVgBJ1whWMdAQFg9UKFIYHAg7CJQYlACUI
126=ZUA1AgVABMiExkQAFYJVBHQAEJGi1HHC9KLDlKXVBATDcnbAhcO1hYUDhLdXVhR1h5XOlI
127=G0ghSFcnLAysiFwRXFYGi2xHjGxIblg9XFxqKjMMWG1AIkwWSABMBCesB0wBXCADTEY7Xk
128=88TwFGQDZQIKhmXAJMAUgAAldKOVZL3F9MQ10RSJxrXAVcpwOAZUZxWj5MAVARvAIGTEtJ
129=IDFIFipGV0IQJDtAZFQbWB+sIlACQB9YykQCJIwhVANQIAYqMBYuNR8pLw5MqawEXEQDKD
130=ZJTkxKQMpY62AZjENYMVQYSABQDlwgJzwdTO4nbAJMQ1wdA3VcP4xsRlxWpBpMQ0wEJxwB
131=TDpQCEgAXAgMW003ZFM9WEw8WEo5R0E3UwJXTDxQklgfLQgArARIAydsCEgzCXxjRZd0S4
132=BlRXhgQkwHSABMCkhvA0xPVCc7W1DpWKZMQ86CJDtA6FhDWBxfZQ8iOEQgVCFcI0zuSCFc
133=QQMrNSMvOy2sAUwEBhYpQ1dSTGdVP1ipJ9wBXCAnLANcO1wvWB9AAUwiUEFYH0ABTBBQEQ
134=l+ZUiJa0iScUuMa0RLSHBcQ1gTJ+wAXAhAN1gESABcAlQArEysAUpmVUlsIlwgrAFAAScI
135=AKwESBJiKzMMXAhYTwOFaEaKbEknjAkGZFM/UU5JKDhNU+kYLUpEHUgAUBpcO26CIDVAH1
136=iFQCJUAFMCFSlEbEaYIltkKS4OvCBYImwEjGoGMT1LPUFISElIUGVMUiosAycsAFwyTEMn
137=7AxAIgZ6YUSUckqVcklYylgcUxdsWUJMbWkGMyKYMGABjEwqbAhYBCqMEkAHJNwrXAInHw
138=RhUj9QAkgDUAK8EbwOXAhTcXhfQSGAIVh2QO6sBAZHSUkkNUsbL0xEPlhAQGFUALhAUyMQ
139=IzmkVlQDWGFAqVjKrB9IJEAEUAJIJEDNiYo4RAJcKUiHJywqrBAqDBFY61BBWDRAEAl/ZE
140=SOb0qVcUh9YkNYIlxEWBYnzBQkfCJoIYwiTDpIBkgATARAQ7wCWI4nLANcAlQDSABAAUgA
141=QAG8QU8EUEguWAFQAlwRQEMGj3BLlnVOfmNDQAS8CFhVXFZIDEMlPERRJ98QESM4XGWsHF
142=scESQ7bhwkPlgfYCXsQ0BqSEhQjFQDTCVIA26LITYn7CFIh1w7vGJYEFAOrA1MAUATCYFm
143=RZBvSIptSZBxTEgbQDRcAkBkSAZMhVwXUCNIAFwjWAFMBydMB0wHSABQBbwCSANQaCosA0
144=gDQARIAEABKjwFTARwAghaQH5lR4ttSX9mR6wNWAdQCLwLXFYoPjIsR0gbWENUAEymQGF6
145=QCI3TCJQHUgkgUM3JywAWGcJFitELDdILDdEECQ8REon7CFAHLxBTEBMDawBTA1fEXtiRU
146=TaA5FwSZJwSlgEvCBAJUhCQGRYhVzIWARPGVRJL0AisFNYSVACqABIA0AZrAqsGUgMQAG8
147=C0wEQARIAEABSABAAbwmrFJLP4ZpSCHaKXBZfMhAByccAQNuWD5KSUlDyhMnPUwZvCBMQF
148=wgSABAgkgAXAK8RFhkTEBUA1AgTwEOHzRIAERHXIkABiYyQVtQQ1JOSx4xTSUxP1hSSFJP
149=S2tXPkwNWBxAEEgSQAEJcltAcFtBfWRFg2hJvBRcAkwEagAzDFgEKmwITFi8NU86ZVZDWF
150=hARkhFQAdIAEAHSABgB5yJSCFQUHoBMwywKSeMAEABSABQBUgAQAFYZAOBZEOKa0dMAScs
151=BmAHnAhMDQldUUJVUEo1QlQUKEFUQiccBExAqMlMpn6DIjdcIEwfUCBYzUBqQCUn/D5cyA
152=lVT0dfVEdmVUFtWD5MDUgAQBCsOgZ/ZUaIakiEZkREMrwCSANcHXgQIyxFXKEnbAhQAie8
153=BlAFWARgTIzBWAFIAEwHVABIAEABXAtQBbwmTENAQLwCSANAAUgAQAFIAEABSABAAUsAk3
154=FKIdgpXDJMAUwHWA1QKUgAUAgJVk1DVk5DQkZNJDZPJxwEQAFqISE3TEBARkwBboIgNUxD
155=KC4AJ0K9RCIp/D5cC0ghBYNoRXlgQmxXIqxAJ5wUTBC/EXZeQUABSABQBUyaJ0wHSD9cYl
156=tAW049IawuXBRYE2IcQypMAVgcQB9cR0AHSABMBwmDZkN9YkKXc0mFZUFcg1ACSABcAgAC
157=W003eWFDjGxHj29Je2BBiWpHk3BIY3z1QGRYEAN9Y0OHakcnLCq8aKwiXwsiNU9LqBUpQ0
158=xAXCBIAEBkSABAhbwdXEEGGC1JKDZIGCtEfIkCM0YwOkVQYkwBJ9w6TKZQEaohf2Ui7DwF
159=b1g9gWZGknB8pEcgdV1ASBVuBFc9QAFYhVA+rBBcMkABWCJAVUgDUERYIlBiThxYTXhMUA
160=JYAUwHJzgAqF1cAlQhCKB5TaF7T6N8T4hoZNQGgmRCe2FCemBBQFJIBk4Ek3Bs9wWcd02Q
161=cEt9ZGwTvAKsEKwuTBALSEQmQ0hQWlRNQ0dJFiojmDYjPEdgZPxiJ7wDBkVGSB0wSk1PUk
162=geSIQJIjRNSU1TZVRAVVJMUAtPgn1jQkoPd14l7DBPAYtsSKxSAoBlQ3thaEJQAkw3XAVI
163=IVxfSD9cPkgAUERcEUwiaACOiGVWIkhKXAVMFlGGSCMsLVhGTAdIAFwCSABAAUgAQAF6PW
164=hFrAFAQ0ABSAZQTUgDTAFIAEABApp2TIhqIvozc1t8p1ywrA1cDkiNCVFOSVNOSlBPTig8
165=We3HOlyGSGNUAFjHJ2xTvB28C1iCQAG+OF1RYBZKTltNIk40hmpok1wOSwB9ZUdP+oNnRU
166=xSUBFIAFACSABAAUgAQAFfPldJLrwIWAFgE5yYTBNQAngBI2xEUCYnrARAB6gAXAUnjCFM
167=JVACSBIn7ANIBlwsSABMHKgAXF9PBHNdQVMRi2tGTAFIAFAITBBQC0iWD2RTP1tQQSg4TS
168=Y1SyAxRRIkPkBkSKVAhVwgJ28UXVFBUAusE1wUYAHsFkBMrApYCkABSABAAUyFQ4WPb0hG
169=RHlhKEwKSANABEgAQAFIAFAXagkzDEwWJxwBWIJME7wCrEZYIqxncAKcDrwaJxwBLWwCSA
170=lAB1wUUCC88lQATAEnvwCIakchniNuWSvMDlwRQARIAEABAz1FTiw7UKwiAxAkOyw2Qr3F
171=IilsFHhYJjxTTA1ME1gWUAItbwJzXUIhlzGCZkUhpC1QC0gAXAtIAEABSABAAUgAJ1wwrB
172=8nbBRQ3awBXCNQIEgMQw1PRyhMGawBWAFQZVwISABcCC0cBCeMAFgfMwgAVAZYEwJ8Y0SS
173=cSIQQ1gBUAhIAEABSABAASqMCa4iHzF0h0ymKmxTUAVIbECvWC5MAUgATAdIAEBMJywAQA
174=EFgmdHkHBKm3cioEBYAUAESABAAUgAQAFIAEABSABAAUgAQAEnfA1MASfMEUwBSABABEgt
175=TB8DdFw/d19ASA9QHUgkvERABEgArARcAmgAjPRcJrwgSANABKwBVABMAUgAUAJLAJBvSk
176=oAgGR8y1ACSABQAkgAQAFYK0AxJ8wFUwJTTEUnnxRZUERcNawQQA0t7ANYB1wFSABTGnxh
177=QiEDPpFwSSEEOidcAEABSABABEgAQAFIAEABSABAAUgAQAFIAEABSABAAUgABn5jQ4ttSI
178=ptSEjPUAJIAFACSABAMbxQJ5wCqANcArwgXAJYE1ACQB8nCABAB0wBR8uIa0chaDZYAUAE
179=SABCAZRxQCICSIRoR3Ps3EgJQC5oIfxfWC5QBVh5TJG8pKwNTARAIr5xYFAiwERYH6ymXA
180=Vb949uSFNxmnZNIdAxWCJYDVwCSABAAUsA/wAAJwgAUAJIAFACSABAAUgAQAFIAEABSABD
181=AYNoRUgArBBaAXRdzNBMAVARWBBQFEwBUAUq/AJISEB2QCJYH6gAvil1XkXsREz9UCwwTg
182=SWciIwLEgJQApIAFB0rAFMUkABJ5wIXA5oACPMOGABjJdcL0wEJ5wCTwF8Y0UhIyGNbkkh
183=MCNYAUMKimlEQC6sAVgBQAEnHAQnIAC8AkgDQAFIAEABSABAAUgAUBesFlg0QBy/AnxiQi
184=dMBFwUvAKoA0BGeBOcFEQCWAdAH0hLTB9IAEABSABMK1hbQ4JzXD9c+yf/AnNdQ0BGVv9+
185=Yy6cFzwcBEyFKtwBUERID1MXgWZGIeBIrAFYAUABSwx7YUMhzCNMAUgAUAJIAEABqCGsAV
186=gBQAFIAEABSABAAUgAQAEDgGZEfGNDXBdAIlj0QNO8AkgDQAFYGVAUSCFMQFgBUAJIAEAB
187=XCZcEU+LgGVDSCFMH78CiGxIQCInHAFQJlgEQBlMOkwBJxwBBolqRn9mSJBwS0RcQAdIAE
188=wKTExMBCq8AFgfQDFMB1BTrAFcZUwEaAAjXCQGc1xAjm1IkXFLJNAxJ8wFQC5ECwKJakV+
189=YihsTUgMQA1IAEABSABAAUgAQAFIAEABSABAAUw3QAFIAC0sAFgBUGK8DlwRQASoAFwCQA
190=En3AFPAW1YPlQhQBBQRHuFbEh5I3xPS9hRRy5IIUwErAG8CCfcFgmDaEeGaEWVc0x9YkNA
191=BFgEUAtc3UABSABMAUgAQBBbpmRTP6wBrCJMClACQEBY6FmmjSa8XUw0XCZIA7wFCHlhQ3
192=ZfQ4VpR4VoKJwjXAhQC0gAQAFIAEABSABAAUgAQAFIAEABSABAAUgSXBdYl0wBSEJAMUgA
193=XBEnTAdcAkgAUAVcDlACrAFZAXcpDCxMTK8ia1U8sIm0AFAFSABQBUgAUEcoLAACaEaEZ0
194=RMfwuEZ0WFaEWdd0uZdEl6YTdMB1MdgWVDIbBOQMdEpyccAUAWSCEnfBMKbVc9b1k+b1k+
195=eF5BehEAAMYIGg8AIF9AgmVDf2NEbVc9fGFBd15Cb1k+TEIrWUw0REIgYFA7ZlM7KzAMKz
196=MMWkw0UEctNjUYQAFMBFwFSwNNRShIA2AEjARMAVwCqABMBFwFaAPsBwY9OiFNQypiUTxB
197=BL6AAEwEnAAuEABcAgYUFBSDaEV5YEJAAUgASAZQAkoAemJoFUABAA2GZ0SKa0aEZkSNbU
198=eWckqHaUeUcUiJZ0FyWz+BZEOPcAIESI5tR4prRyfsAEABSxJFQSVcFGATjBa8EUgDTApL
199=AHZeQawBCYRnRZNxSYxqRH5hQFwCQB9qBjMMeAdAB0kAM3giXwJIRCZQCEwEQBysB0gnUA
200=VYASe8AypcAFgZqAAq2AOkAlQAXwh7YUGqA31j2B9cAqgAvAhMBEABSABAAUgAQAEDV0w8
201=YFA9TwF1XUBYAUMBhmhGQDqsAQJ5Xj+BZdwmSANQAjAcBEwiTBkDUEYpZFM/rARYBEABSA
202=BAAUgAQAEMlHBGi2tGknBJfmNDVkkxUERIAHAdSCFAIkgAQgEzDFAFiUgxSAaRRClQBUgh
203=XAKoAFwCQBBIJFAOSACoG1QAXAJUACpcAFwFUAJIAEABA3VdQXphRKwBWAFAAVAFQAGsJQ
204=xhUj9nUztGQDZXSjlJQzhcAidMBEwBSABcBUgAQBMnvAZMEyf8AlA1rAR4GQUwDFdJLlRJ
205=L1wFUAJIAEABA1hLOmRTO6wBSCRAAUgAXwKScEhMIl5NfGFsZyccAUgeUAsnLANQDrwFSA
206=ZAAUgAQAFIAEABSABAAVwOoBlAIkgAXAhUG0gAXAJQCFgBQChYTKwEXAUDemFDhmpLrAdY
207=BEABA1RJOVZJN0gDTAEGZFM9SkQ4AMgATAEDWk49W0w5rAFYAUAESABAAUgAQAFcFEABJ1
208=gBJ8wCWHxMNFgWUA5YBEBDWARAAUgAQgFWSXAsA15PPFtNOlgBUAJcI0ABSABMAUAiAAmZ
209=dUugek2eeE2DZkN9YkKXc0mFZUFRRy5NRSmsBFgEC3lhQ4xsR49vSXtgQYdrXQVOqANcDk
210=geUCBoAFBKSAAsDBFIIUQFJ88Cclo+WAFACkgAJ38HVUk5iAABOFdKOkwfLQsAY1RAVANc
211=F0AHSABDB11PPUwHSGBAH1gBUAJYEFB9SABQL1gBUAJMMUABvwJZTDEn7ANILQNKRDlMRj
212=tAClgEUCNbAVhKOEwBXAVIAEMBiGpGJywSVCEACaB5TaF7T6N8T4hoRI5vSoJkQnthQnpg
213=QX9lRrwFTChAAUgATAdcDmAinCBMIio8ArAgVABYBFAFSBhAE6wBA1BILk9HKEwlBnFdRE
214=tEOUQ/NFwCKhwEVAZIAEQCXAJMB0ABSABcICpcDCrcAUwBSA9ACkhCTARYAVARagAwDCec
215=CFwISABDClhKOUABSABMAVxxQCJPc0dBN1iUUgJfT10yMUgDTAFIAEABA31jQ4doRawBQE
216=NABLwLWBlQAqgAWAQt3AGsBFwRQBlIAEAETCVQOLwUTDdMAUhaUAJMAQZpV0BgUj9dTjpb
217=BEM9M6xASB5IAFwLUAJAAUgAWIhQWVgBQIhaEFdKfBRgDfwvTAGsCkghQAdIElzgXAtcAr
218=wOXAIqzAUqLABMQ1wgTJRIISdMBFh2QApIAFwUWE9MCiccB0ABWApQLLwLrAFcHUwESABQ
219=FEgPUAJEgEgAWARcHVwgSABIA0BVMzwCQA1IAEwNXwhlVkO8CFwFQAG8hkhXUIlYE0ABXA
220=JDFlZLO0CsTAFMDWgAnLxBAUjs31wOSABQFyqMAF8gdGBGvCNfOGVWQUioUIBMAUBSSABM
221=UrxEWCJQRFgiVHIn3AFQFEgAXBRoG1AvSAD8DkgPUB1IAEAQWBZIAFwOQA0nXABgAfwFUC
222=CgBEydLTwCvAJYECd8E1g9XCYnLANfEVhMPFAUXDVcILwFTA1AAVgEcDJIEkANSABAAYzf
223=M1wAQApIFUAuWE9MoFgQA29dREc/MypsCExSvC9btVVJOFgNUA5YIkCLWA1QDkxzKlwDMy
224=wASAxQBUgAXAWsQ3gEjBNgAZwUWDRcSkgeQNm8EVgQUBFL3mNTP1s0ZVdFWAFQNbwCXCZI
225=MLwXWApQC6xnWJ0nDBQ2rAFMNCfcAVAITAFYH0AKrEO/a2xZQkABrz1gUDtcIFgQA0I8Ml
226=tNO0BPrBBMrEAiWDFAIlhSXFNYIkAQWENMCkQLSAAqrAFMAUAWSBVIAEwWLWwISEJAEEwE
227=QAEnLAZAAUgAXDJIAFBTSABAQ0wiTCUkPCBYIlACWBNAE1wdRAusE1wLTAFYBEBbTAFcJl
228=gBQAGsE1gTQA1oAFAvSACMMVwOrARYBEABvw5wXENMFliUQCJMASfMCFgQXA68MqwTrBBM
229=B0AiWCJcRExnQE8qrAG8KVwOLawBWA1AB1wXcAWcEUghUAKsEFwLQBmsQ1gQXCa8CExGJw
230=wCTENQAqwiWDRcHawWTAdMBKwTXAtcF0gATJFIAC1sAmgPnCBAAVgTQBBcVkAQSA9MKFws
231=UNdYAUAKTA1QtkgAQFVYRl8UWE0+SABIMFAFWCVAB0wQXAKsZ1hDQENYFkAQrB8nPBdMDU
232=QRSABYH1wFqACsASe8AEAKvA5ID1warAFMEEABWA1MB0gAXAhoACNMIlACTBxQI0w0QCK8
233=JkwBQBYDZVZDW049SBVADSd8AUAHvB1ME0wBaAD8ICcsAFMpdWFHQEBoGOzrTDFcCFQJSA
234=BMH1wLRBFIAFgBTCtYMXBNnI8n7AxMQ6yXWGRwC4w9SBVMakgGJ+wSvBFYKFwLA09JQl5S
235=Q0wiUHRYAUABvA5IEkABTCJcdEgDQDF6BzAMJ9wBUAi8BVsQSEQmVBJIAFwUUBG8QUgJQA
236=RIAEABSABcEUgGXD5cIFACSABQAlgKQAq8C0gDQAEn3AFABFgxTMdcAkwBA11PPF9QPFgr
237=TAG8AlwaUBq8L0gJUAtIA0ABSAAnTApMAYAxJTwyXAusBEwWJ7wABlZJMW1XPWBVSREAAA
238===

[AITriggerTypesEnable]
041CFAE0-G=yes
074AC080-G=yes
074ADF20-G=yes
074B3330-G=yes
075A52F0-G=yes
075A53F0-G=yes
075A5EC0-G=yes
07CC6030-G=yes
07CC6140-G=yes
07CC6250-G=yes
07CC6360-G=yes
07CC6470-G=yes
07CC6580-G=yes
07CC66F0-G=yes
07CC6800-G=yes
07CC6AD0-G=yes
07CC6BE0-G=yes
07CC6CF0-G=yes
07CC6E00-G=yes
07CC6F10-G=yes
07CC7690-G=yes
07CC77A0-G=yes
07CC78B0-G=yes
07CC79C0-G=yes
07CC7AD0-G=yes
07CC7BE0-G=yes
07CC7CF0-G=yes
07CC7E00-G=yes
07CC7F10-G=yes
07CDB770-G=yes
07D5E8A0-G=yes
07D70470-G=yes
07D70D20-G=yes
07E30560-G=yes
07E30660-G=yes
07E57AE0-G=yes
07E8B210-G=yes
07E8B310-G=yes
07E8B410-G=yes
07E8BB50-G=yes
07E8BC50-G=yes
07E8BD50-G=yes
07E8BE50-G=yes
07E8C9B0-G=yes
07E8CAB0-G=yes
07E8CBB0-G=yes
07E8CCB0-G=yes
07EA53C0-G=yes
07EA54C0-G=yes
07ECC040-G=yes
07ECC2E0-G=yes
07ECC580-G=yes
07ECC820-G=yes
07EF8A30-G=yes
07EF8B30-G=yes
07F232E0-G=yes
07F26720-G=yes
07F3D830-G=yes
07F3EC20-G=yes
07F3EE20-G=yes
07F3EF20-G=yes
07FC4E50-G=yes
07FC5110-G=yes
07FC53B0-G=yes
07FC5650-G=yes
080AB180-G=yes
080C70E0-G=yes
080C71E0-G=yes
080CF120-G=yes
080CF220-G=yes
080D0120-G=yes
080D0220-G=yes
080D0320-G=yes
080D0420-G=yes
080D0520-G=yes
080D0620-G=yes
080D0720-G=yes
080D0820-G=yes
080D0920-G=yes
080D0A20-G=yes
080D0B20-G=yes
080D0C20-G=yes
080D1120-G=yes
080D1220-G=yes
080D1320-G=yes
080D1420-G=yes
080D1520-G=yes
080D1620-G=yes
080D1720-G=yes
080D1820-G=yes
080D1920-G=yes
080D1A20-G=yes
080D1C20-G=yes
080D1D20-G=yes
080D1E20-G=yes
080D1F20-G=yes
080D2120-G=yes
080D2220-G=yes
080D2320-G=yes
080D2420-G=yes
080D2520-G=yes
080D2620-G=yes
080D2720-G=yes
080D2820-G=yes
080D2920-G=yes
080D2C20-G=yes
080D2D20-G=yes
080D2E20-G=yes
080D2F20-G=yes
080D3520-G=yes
080D3620-G=yes
080D3720-G=yes
080D3920-G=yes
080D3A20-G=yes
080D3B20-G=yes
080D3C20-G=yes
080D3D20-G=yes
080D3E20-G=yes
080D3F20-G=yes
080D4120-G=yes
080D4220-G=yes
080D4320-G=yes
080D4420-G=yes
080D4520-G=yes
080D4620-G=yes
080D4720-G=yes
080D4820-G=yes
080D4D20-G=yes
080D4E20-G=yes
080D4F20-G=yes
080D5120-G=yes
080D5220-G=yes
080D5320-G=yes
080D5420-G=yes
080D5520-G=yes
080D5620-G=yes
080D5720-G=yes
080D5820-G=yes
080D5920-G=yes
080D5A20-G=yes
080D5B20-G=yes
080D5C20-G=yes
080D5D20-G=yes
080D5E20-G=yes
080D5F20-G=yes
080D6120-G=yes
080D6220-G=yes
080D6320-G=yes
080D6420-G=yes
080D6520-G=yes
080D6620-G=yes
080D6720-G=yes
080D6820-G=yes
080D6920-G=yes
080D6A20-G=yes
080D6B20-G=yes
080D6C20-G=yes
080D6D20-G=yes
080D6E20-G=yes
080D6F20-G=yes
080D7620-G=yes
080D7720-G=yes
080D7820-G=yes
080D7D20-G=yes
080D7E20-G=yes
080D7F20-G=yes
080D8620-G=yes
080D8920-G=yes
080D9320-G=yes
080D9420-G=yes
080D9520-G=yes
080DA220-G=yes
080DA320-G=yes
080DA820-G=yes
080DA920-G=yes
080DAE20-G=yes
080DAF20-G=yes
080DBB20-G=yes
080DBC20-G=yes
080DDBE0-G=yes
080DF140-G=yes
080E2360-G=yes
080E8920-G=yes
080E8A20-G=yes
080E8B20-G=yes
080E8C20-G=yes
080E8D20-G=yes
080E8E20-G=yes
080E8F20-G=yes
080F9470-G=yes
080FB470-G=yes
08440550-G=yes
08440650-G=yes
08440750-G=yes
08440850-G=yes
08440950-G=yes
08440AE0-G=yes
084712B0-G=yes
08471C20-G=yes
08472A20-G=yes
08472B20-G=yes
08472C20-G=yes
08472D20-G=yes
08472E20-G=yes
08472F20-G=yes
084756C0-G=yes
084EF620-G=yes
084EF720-G=yes
084EF820-G=yes
084EF920-G=yes
084EFA20-G=yes
084EFB20-G=yes
084EFC20-G=yes
084EFF20-G=yes
084F0A20-G=yes
084F0B20-G=yes
084F4130-G=yes
084F4230-G=yes
084F7D20-G=yes
08500120-G=yes
08507720-G=yes
085696F0-G=yes
0856AD20-G=yes
0856AF20-G=yes
085940B0-G=yes
085944D0-G=yes
085945B0-G=yes
085945D0-G=yes
085946B0-G=yes
085947B0-G=yes
085948B0-G=yes
085949B0-G=yes
08594AB0-G=yes
08595620-G=yes
08595720-G=yes
08595E20-G=yes
08595F20-G=yes
08596050-G=yes
08596350-G=yes
08596450-G=yes
08596550-G=yes
08596650-G=yes
08596750-G=yes
08596850-G=yes
08596B20-G=yes
08596C20-G=yes
08596D20-G=yes
08597420-G=yes
08597520-G=yes
08597720-G=yes
08597820-G=yes
08597920-G=yes
08597A20-G=yes
08597B20-G=yes
08597C20-G=yes
08597D20-G=yes
08597E20-G=yes
085980D0-G=yes
085981D0-G=yes
085982D0-G=yes
085983D0-G=yes
085984D0-G=yes
085985D0-G=yes
085986D0-G=yes
085987D0-G=yes
085988D0-G=yes
08598A20-G=yes
08598B20-G=yes
08598C20-G=yes
08598D20-G=yes
08598E20-G=yes
08598F20-G=yes
08599F20-G=yes
0859A060-G=yes
0859A160-G=yes
0859A820-G=yes
0859AB20-G=yes
0859B030-G=yes
0859B130-G=yes
0859B330-G=yes
0859B430-G=yes
0859B630-G=yes
0859B930-G=yes
0859BA30-G=yes
0859BB30-G=yes
0859BD20-G=yes
0859BE20-G=yes
0859BF20-G=yes
0859C0E0-G=yes
0859C1E0-G=yes
0859C2E0-G=yes
0859C3E0-G=yes
0859C720-G=yes
0859C820-G=yes
0859C920-G=yes
0859CA20-G=yes
0859CB20-G=yes
0859CC20-G=yes
0859CD20-G=yes
0859CE20-G=yes
0859CF20-G=yes
0859D2C0-G=yes
0859DE20-G=yes
0859DF20-G=yes
0859E070-G=yes
0859E170-G=yes
0859E270-G=yes
0859ED20-G=yes
0859F140-G=yes
0859F240-G=yes
0859F340-G=yes
0859F440-G=yes
0859F540-G=yes
0859F640-G=yes
0859F740-G=yes
0859F840-G=yes
0859F940-G=yes
0859FD20-G=yes
0859FE20-G=yes
0859FF20-G=yes
085A0320-G=yes
085A0420-G=yes
085A0D20-G=yes
085A0E20-G=yes
085A0F20-G=yes
085A10A0-G=yes
085A11A0-G=yes
085A12A0-G=yes
085A13A0-G=yes
085A17F0-G=yes
085A18F0-G=yes
085A1BF0-G=yes
085A1D20-G=yes
085A1E20-G=yes
085A1F20-G=yes
085A20A0-G=yes
085A21A0-G=yes
085A22A0-G=yes
085A23A0-G=yes
085A24A0-G=yes
085A25A0-G=yes
085A26A0-G=yes
085A2A20-G=yes
085A2B20-G=yes
085A2C20-G=yes
085A30B0-G=yes
085A31B0-G=yes
085A32B0-G=yes
085A3480-G=yes
085A3580-G=yes
085A3680-G=yes
085A3780-G=yes
085A3880-G=yes
085A3B80-G=yes
085A3D20-G=yes
085A3E20-G=yes
085A3F20-G=yes
085A4230-G=yes
085A4430-G=yes
085A4530-G=yes
085A4630-G=yes
085A4730-G=yes
085A4C20-G=yes
085A4D20-G=yes
085A4E20-G=yes
085A4F20-G=yes
085A5320-G=yes
085A5420-G=yes
085A5520-G=yes
085A5A20-G=yes
085A5B20-G=yes
085A5C20-G=yes
085A5D20-G=yes
08821CF0-G=yes
08821E00-G=yes
08821F10-G=yes
08823520-G=yes
08823630-G=yes
08823740-G=yes
08823F10-G=yes
08850F10-G=yes
08860AF0-G=yes
08860C00-G=yes
08860D10-G=yes
08B80660-G=yes
08B80760-G=yes
08BBC3E0-G=yes
08BBC4E0-G=yes
08BBCA80-G=yes
08BBCB80-G=yes
08BBCE20-G=yes
08BBCF20-G=yes
08BBE8C0-G=yes
08BBE9C0-G=yes
090EFB90-G=yes
090EFC90-G=yes
090F8D20-G=yes
090F8E20-G=yes
090F8F20-G=yes
090F9350-G=yes
090FA500-G=yes
090FA600-G=yes
090FA700-G=yes
090FC820-G=yes
090FD760-G=yes
090FD860-G=yes
090FD960-G=yes
090FDA60-G=yes
090FDB60-G=yes
090FDE20-G=yes
090FDF20-G=yes
091001C0-G=yes
091002C0-G=yes
09100F20-G=yes
09101470-G=yes
09101920-G=yes
09101A20-G=yes
09101B20-G=yes
09101D20-G=yes
09101F20-G=yes
09102140-G=yes
09102240-G=yes
09102C20-G=yes
09103A20-G=yes
09103B20-G=yes
09103C20-G=yes
09103F20-G=yes
0914DE20-G=yes
091F4720-G=yes
0930A240-G=yes
0930BDC0-G=yes
096E8480-G=yes
096E8580-G=yes
096E8880-G=yes
09798200-G=yes
097985A0-G=yes
09799C80-G=yes
09799F20-G=yes
09A92A20-G=yes
09EEBCD0-G=yes
09EF4430-G=yes
09EF4530-G=yes
09F2E320-G=yes
09F2E520-G=yes
09F2E920-G=yes
09F2EA20-G=yes
09F2EB20-G=yes
09F30210-G=yes
09F30310-G=yes
09F30410-G=yes
09F30510-G=yes
0A70E220-G=yes
0A70E330-G=yes
0A70E440-G=yes
0A70F040-G=yes
0A70F310-G=yes
0A70F420-G=yes
0A70F530-G=yes
0A70F800-G=yes
0A70F910-G=yes
0A70FA20-G=yes
0A70FCF0-G=yes
0A70FE00-G=yes
0A70FF10-G=yes
0AA34260-G=yes
0AA34360-G=yes
0AA34800-G=yes
0AA34900-G=yes
0AA34BA0-G=yes
0AA34CA0-G=yes
0AA35070-G=yes
0AA35980-G=yes
0AA35E20-G=yes
0AA35F20-G=yes
0AA36C80-G=yes
0AA36D80-G=yes
0AA4F100-G=yes
0AA50F20-G=yes
0AAC5B20-G=yes
0AF3EF10-G=yes

[Basic]
Name=lone lagoon
Percent=0
GameMode=Custom Map
HomeCell=98
InitTime=10000
Official=yes
EndOfGame=no
FreeRadar=no
MaxPlayer=2
MinPlayer=2
SkipScore=no
TrainCrate=no
TruckCrate=no
AltHomeCell=99
OneTimeOnly=no
CarryOverCap=0
NewINIFormat=4
NextScenario=
SkipMapSelect=no
CarryOverMoney=0.000000
AltNextScenario=
MultiplayerOnly=1
IceGrowthEnabled=yes
VeinGrowthEnabled=yes
TiberiumGrowthEnabled=yes
IgnoreGlobalAITriggers=no
TiberiumDeathToVisceroid=no

[Infantry]
0=Neutral,CIV1,256,52,17,1,Guard,64,None,0,-1,0,1,0
1=Neutral,CIV2,256,48,15,1,Guard,64,None,0,-1,0,1,0
2=Neutral,CIV5,256,37,26,1,Guard,64,None,0,-1,0,1,0
3=Neutral,CIV6,256,70,100,1,Guard,64,None,0,-1,0,1,0
4=Neutral,CIV7,256,61,94,1,Guard,64,None,0,-1,0,1,0

[IsoMapPack5]
1=hw4AIAEtAAEAgAACBAAsAAKEAQEABAAtKCkALigrACsAA+EELCgpAC0oKQAuKCkALygpAC
2=pACp8GBAArKCkALCgpAC0oKQAuKCkALygpADAoKwApAAWMCUUCKigpACsoKQAsKCkALSgp
3=AC4oKQAvKCkAMCgpADEoKwAoAAbpDCkoKQAqKCkAKygpACwoKQAtKCkALigpAC8oKQAwKC
4=kAMUkBfHctBAAySQF2qwEnAAfhDygoKQApKCkAKigpACsoKQAsSAHRCS1JAXSxCS4oKQAv
5=KCkAMCgpADFJAXKtBTJJAXWpATNIAZAQAgQAJgAIhAFJLScoKQAoKCkAKSgpACpIAc0QK0
6=gBzRAsSAHJDC0oKQAuKCkALygpADAoKQAxKCkAMigpADNIAd0KNCgrACUACfEUJigpACco
7=KQAoKCkAKSgpACpJAX+lHitJAXepASxIASe+AgkAyQEuKFUALygpADBIAdkGMSgpADJIAd
8=kGMygpADQoKQA1SAHLLSQACukXJSgpACYoKQAnKCkAKCgpACkoKQAqKCkAKygpACxJAXuh
9=Gi1IAdkRLkgB3RUvSQF5oQQwSAGTEAQAMSgpADJIAdUjM0gBxQg0KCkANSgpADZIAd9XIw
10=ALjAlBRiQoKQAlKCkAJigpACcoKQAoSAHNRylIAc08KigpACsoKQAsSAHZES1IAcUpLkgB
11=hw8EAC8oKQAwKCkAMSgpADIoKQAzSAHZHDRIAd0KNSgpADZIAckMN0gBywwiAAyEAVkcIy
12=gpACQoKQAlKCkAJigpACcoKQAoSAHBDylIAdkyKkgBzRArKCkALEgBwQQtSAHdNi5IAZAQ
13=ZB4nOQIwKFUAMSgpADIoKQAzKCkANEgBzRA1SAHBDzZIASfEAyddAThUAtcNIQANhAFRHy
14=IoKQAjKCkAJCgpACUoKQAmKCkAJygpACgoKQApKCkAKkgB3VcrSAHZESxIAYQPdNMnDQIu
15=VQKkeAJ/IA0AmqkBMFUCXaFcMUkBVakBMigpADNJAVe1AjRIAXQGQRo1SAHJIjZIAcktN0
16=gBwQQ4KCkAOSgoAAIgAA4AC1ToAQQEACHIAQEFBAAiSAHZBiMoKQAkKCkAJSgpACZIAcVg
17=J0gBxWAoSAHFaylIAdEJKkgBJ3YEDgAndQQOnANVGC1BBKZzAQQALkgBZAFVAi9JAaFvAQ
18=QAMEkBYLEfMUkBn6kBMigpADNJAVq1AjRIAXQGRQg1KCkANigpADcoKQA4KCkAOSgpADoo
19=KwAfAA+MCVEJIEgBbSYHbSYPmScIbyYPAAdEKQEBBAAjQASTBQQAJCgpACUoKQAmSAHRNS
20=dIAclkKEgByVkpSAHFKSpIAcEEK0gBwTssSAHJDC0oKQAuSAEnRwkPAJtkBG0mD/FLMUAE
21=2ScySAHBJTNIAWgFTRs0KCkANSgpADYoKQA3KCkAOCgpADkoKQA6KCkAOygrAB4AEIQMSQ
22=wfKCkAICgpACFIAXgnQVEiyAFBUSPJAQZkKScFASVUApQJf/wQAKJvAQQAJyhVAChIAd0r
23=KUgBzSYqSAFoBU0QKygpACwoKQAtKCkALigpAC8oKQAwSQGlaAhkzic5AjJUAnACXQozKC
24=kANEkBX6FRNUgBwQQ2SAHVezdIAd14OEgBwQQ5KCkAOigpADsoKQA8KCsAHQARlAZBDx4o
25=KQAfKCkAICgpACEoKQAiSAFpLQlmVREAaQEKfCuoAQELBAAlQASAC38rEQCjbAF9KxH5SC
26=gogQApKCkAKkgBxR4rSAF0BkUTLCgpAC0oKQAuKCkALygpADAoKQAxSAHFgTJIAdEJMygp
27=ADRIAclZNUkBWaktNkgB0YI3SQFWtQI4SAHFCDlIAclkOkgB0a47SAHBBDwoKQA9KCsAHA
28=ASnANBGh1IAcGeHkgB2XQfKCkAICgpACFIAdmgIkgBiAh1LhKVLg50LqkBD3cuEgAVoYgm
29=KK0AJ0gBzZ8oSAHFCClIAdUjKkkBXLkcK0kBW6kBLEkBoHAFZc4S/TYuVAJwAlUYLygpAD
30=AoKQAxKCkAMigpADMoKQA0KCkANSgpADZIAc0xN0gBJ9QFJ80EOVQCwQ86SAHNaDtIAdUC
31=PCgpAD0oKQA+KCsAGwATiAVJFxwoKQAdSAHBfR5IAdWnHygpACAoKQAhSQF1tSMiSAGUCW
32=wxJ10BJFUCFUEwA20xE4wxVZEmVALNBSdIAckXKEgB1QIpSQFhvQoqSAHRHytIAcEELEgB
33=zWgtSQGdeAJ82yfhAS9UAnACTRswKCkAMUgByTgySQGYZwQEADNJAZ6pATRIAWQBWQY1KC
34=kANigpADdJAV6lEzhIAc0FOSgpADooKQA7SAHVDTxIAd1iPUgB2QY+KCkAPygrABoAFJwD
35=TRAbSAHdYhxIAdleHUgBhwQEAB5IAdX/H0gB0TUgKCkAISgpACJIAcVrI0gB0QkkSAFkNF
36=nBJcgBUfAmyAFR8CdIAdUNKEgBwX0pSAHNJipIASe2DBQA3a8sVALZBi0oKQAuKCkALygp
37=ADAoKQAxSAHBOzJIAcE7M0gB0Qk0SAHV0zVIAdUCNkgBwUY3SAHR8DhIAcEEOSgpADooKQ
38=A7SQGfZwQEADxIAdH7PUgByUM+SAHdNj9IAWgFWTJAKCgAAxkAFQD//18CBAAaSAFBAQBB
39=BBtIAdkyHEgB2TIdSAHBMB5IAdUCHygpACAoKQAhKCkAIigpACNJAXW1TyRIAdUNJUkBFV
40=BsRc4myAFFzidIAcEEKCgpACkoKQAqSAEn3gYVAM0mLFQC0VYtSAHNPC5IAdEJL0gB3aQw
41=SAHVAjEoKQAyKCkAM0gB0Qk0SQGWcwUEADVIAd0rNkgByQw3SAF8A1knOCgpADkoKQA6SA
42=HRCTtJAZlwBX02FWABdS49VALNRz5IAc1HP0gBhwQEAEAoKQBBKCsAGAAWnANBDxkoKQAa
43=SAHJbxtIAdE1HCgpAB0oKQAeKCkAHygpACBIASWVKSFIAcUIIigpACNJAXX0OScNAiVVAh
44=VVOQ0ipiAWAGgBUdonVQIMVAIBAQQAKEgBgxYEACkoKQAqSAHBkytIAcEELEgB2astSAHV
45=Ai4oKQAvKCkAMEgB3SsxSAHZMjJIAdkGM0gB1WU0SAEnNgcWAMktNlQCzQU3SAHRCThIAd
46=k9OUkBnGcEBAA6SAHdbTtIAcUIPEgBfANNMT1JAX61Iz5IAdUCP0gB1QJASAHVAkEoKQBC
47=KCsAFwAXnANRCRgoKQAZKCkAGkgB2XQbSAHFNBwoKQAdKCkAHigpAB9JAXWlEyBIAY8MBA
48=AhSAHRCSJIAdEJIygpACRJAXq5BiVIAdkGJkgBYTsCIjYoFwBoAVHlKFUC2EQEWT0pSQGC
49=uQYqSQFiqQErSAHVAixIAUgFZWAtKCkALkgB2XQvSAHBBDBIAd1BMUgB1QIySAHRNTNIAc
50=E7NEgB2TI1SAHNBTZIAc3AN0gBzQU4SAHBcjlIAc0FOigpADsoKQA8KCkAPUgBJa0hPkgB
51=0aM/SAHZJ0BIAdUCQUgBzdZCSAHJDEMoKwAWABiQAlk9F0gB0XcYSAHFCBkoKQAaSAHJDB
52=soKQAcKCkAHSgpAB4oKQAfKCkAIEgB3QohSAHRCSIoKQAjSAHVRCRIAYsTBAAlKCkAJigp
53=ACdIAXg9UUAoyAFRQClIAdkGKkgB2V4rSAHVAixIAdUCLUgB1QIuKCkALygpADAoKQAxSA
54=HZPTJIAck4M0gByTg0SAHRCTUoKQA2KCkAN0gBxYE4SAHFCDlIAcF9OkgBwX07SAHJ6DxI
55=Ad0KPSgpAD5IAcFnP0gBxSlAKCkAQSgpAEJIAdUuQygpAERIActDFQAZhAxRQBYoKQAXSA
56=HdTBhIAdWyGUgB1Q0aKCkAGygpABwoKQAdKCkAHigpAB9IAdEJIEgB0QkhKCkAIigpACNI
57=ASc8CCeRAiVUAoMWBAAmKCkAJ0kBG1S9VRgoyAGGgRkA1VoqVALVDStIAckiLEgB1QItSA
58=HJIi5IAckML0gBxT8wSAHRNTFIAcmxMkgB1TkzKCkANEgBzQU1SAHFwzZIAd0KN0gBJz0I
59=GSaRRDlUAsGIOkgBzQU7SAHNBTxIAclDPUgBwQQ+SQF7tZw/SAHdK0BIAc0bQSgpAEIoKQ
60=BDKCkARCgpAEVIAd8gFAAahAxRKhUoKQAWKCkAFygpABgoKQAZSAHNRxpIAc0QGygpABwo
61=KQAdKCkAHkgB2T0fSAGHDwQAIEgBzRshSAHRCSIoKQAjKCkAJEgBwTslSAHJxyZIAdEJJ0
62=kBG1REloYaAGgBloYaAN0VKkAEyQwrKCkALCgpAC1IAdEULkgB3QovSAElHSUwSAHJODFI
63=AcEEMkgByTgzSAHBRjRIAc0FNUgBzQU2SAEnvhgaAMWMOFQCwQQ5KCkAOigpADtIAckMPE
64=gB3Qo9SQGAqUM+SAElEUo/SAHRCUBJAXuhBEFIAdEfQigpAEMoKQBEKCkARUgB3SBGSAHT
65=CRMAG4QBQUYUSQEhvQoVSQEbqQEWSAGFBARU0CetABgoVQAZSQEjrAVcM/kyG1QC1VocSA
66=HRFB1IAdUCHkgBzRsfSAHJDCBIAcE7IUgB2QYiKCkAIygpACRIAcEaJUgBxQgmSAEl0SAn
67=SQEbTEcBBAQAKMgBAQUEAClIAc0FKkkBe6kXK0gB1Q0sKCkALUgByQwuSAHZBi8oKQAwKC
68=kAMSgpADJIAdFLM0gBwTs0SAHFCDVIASXhIjZIAdUCN0gBJc1GOEgB1QI5SAHdmTpIAc2U
69=O0gB3Uw8SAHNBT0oKQA+KCkAPygpAEBIAd0rQUgBzTFCSAHRH0MoKQBEKCkARUgB3SBGSA
70=HVDUcoKwASAByQAllIEygpABRJASC9KxVJARqpARZIAZAFZkocAMlOGFUCGaEEGUkBF6kB
71=GkgBwVEbSAHZBhxJAYGhBB1IAdUCHigpAB9IASXRICBIAcAEBSEAHAB7AgAAEQAADA8AIA
72=gABAAiABwAcgIAAEgBASMAHADJASQoKQAlSQF2oQQmSAFEBW0FJ0oBGwFTAQQAKMgBAQEE
73=AClJAYCtBSpIAdEJKygpACwoKQAtKCkALkgByQwvSAFUCmkMMEkBpm8BBAAxSAFkAVEUMi
74=gpADMoKQA0SQGiZwQEADVIAWQBTQU2KCkAN0kBo3sCBAA4SQGcqQE5SQGbqQE6SQGWqQE7
75=SQGZqQE8SAFkAVEJPUkBoG8BBAA+SQGYqQE/SQGeqQFASAFkAU0FQSgpAEJJAXupIkNIAc
76=kiRCgpAEUoKQBGSAHdIEdIAdEJSCgrABEAHZACSQwSKCkAE0kBIakMFEkBF6kBFSgpABZJ
77=ARm1AhdIAcEEGCgpABkoKQAaSQEarQUbSAGZDQREECfhAR0oVQAeKCkAH0kBfbkGIEgB2Q
78=YhSQF/tQIiSAHRHyNJAXe1AiQoKQAlSQF1tQImSAHFCCdJARtdTAJ+TB0AaQEDfEwnOQIq
79=QQR7uQYrSAHdCiwoKQAtSAHBDy4oKQAvSAHJLTBIAdUNMUgByU4ySAHVAjNJAaRvAQQANE
80=gBwUY1SAHRQDZJAZqhBDdIAWQBRTQ4KCkAOSgpADpIAcFRO0gB0Qk8SAHNUj1IAcFRPkgB
81=wVE/SAHdCkAoKQBBSQF8sR9CSAHZHEMoKQBEKCkARSgpAEZIAcktR0gB3QpIKCkASSgrAB
82=AAHpwDQRoRKCkAEigpABNJASStEBRJARypARVIAd1MFkgB1QIXSAHVAhgoKQAZSAHBBBpJ
83=AR6lCBtIAYQPd08eACO1Ah0oVQAeSAHRjR9IAdEfIEkBeq0FIUgBxQgiSQGBtQIjSAHVAi
84=QoKQAlSAHBBCZIAcEEJ0kBG1VPBHVPHpVPBXRPJ0kEKkAE2QYrSAHZBiwoKQAtSAHFYC5I
85=AdlTL0gB3RUwSQF0pRMxSAHNUjJIAdEJMygpADQoKQA1SQGfZwQEADZJAZ2pATdIAWQBUT
86=U4SAHJWTlIAdUCOigpADsoKQA8SQF+rRA9SAHZUz5IASf0CSfFA0BUAslOQUgB1RhCKCkA
87=QygpAEQoKQBFKCkARigpAEdIAdEfSCgpAElIAd0gSkgByxcPAB+EAU0bECgpABEoKQASKC
88=kAEygpABQoKQAVSQEiuRwWSAGXCQQAF0kBILUCGEgBzZ8ZSAHBBBooKQAbSAHFrRxIAc0F
89=HUgBzQUeKCkAH0gBJ0QUJ+kCIVQCzQUiKCkAI0kB0XsCBAAkyAFV6SVJAfm1AibIAVUCJ0
90=kB3rUCKMgBVQIpSQH6tQIqyAFVAivIAVWnLEkB1aEELcgBQQQuSAFwAlEqL0kBe70gMEgB
91=wTsxSAHRVjJIAdkyM0gB2QY0SAHRozVIAcFRNkgBwQQ3KCkAOCgpADlIAdlTOkgBzQU7KC
92=kAPEgB2RE9SAHBDz5JAaVzBQQAP0gBZAFJF0BIAdFsQUgB3RVCSAHVGEMoKQBEKCkARUgB
93=zQVGKCkARygpAEhIAcUISUgByaZKSAHBD0soKwAOACCQAlkRDygpABAoKQARSAHBZxJIAd
94=leE0gBzRsUSQEloTAVSAHZoBZIAYALZlUgAMWtGFQCwakZSQEbuQYaSAHNBRtIAdVaHEgB
95=0QkdSAHBBB4oKQAfSAHRmCBJAelnBAQAIcgBVUQiyAFZSCPIAVHwJEgBcFZJASVIAWRVXa
96=QmyAFdpCdIAWRVWQYoyAFNBSlIAWRVSQEqyAFZBivIAVkGLEgBZFVZBi3IAU0FLkkBC0ix
97=WREvSAHZPTBJAXmxHzFIAWQXQTAySAHJbzNIAdUCNCgpADUoKQA2KCkANygpADgoKQA5KC
98=kAOigpADtIAdHPPEgB2Ug9KCkAPkgBzTw/SAHNPEBIAdkRQSgpAEJIAc1dQ0gByU5ESAHJ
99=TkVIAdkGRigpAEcoKQBISAHFCElIAdkGSkgB2QZLKCkATCgpAA1UPMEEDigpAA9IAcVVEE
100=gB1RgRSAHFExIoKQATSAHVDRRIAdEJFSgpABYoKQAXKCkAGEgByVkZSAEn9h8hACWdKhtU
101=AtmrHEgB3QodKCkAHigpAB8oKQAgSAF8V0VKIcgBRUoiyAEBBgQAI8kBB2WtIZgKQUYlVA
102=KPAQQAJkgBzeEnSAHVAihIAckiKUgB1TkqSAHBBCtIAcEELEgBwQQtSAFwVp5XIQBoAUUT
103=L9QCRRMwSAHFCDEoKQAySAHBcjNIAcEENCgpADUoKQA2KCkAN0kBBUhkQWc4yAFBDzlJAf
104=5rCAQAOsgBTWg7yAFNBTxIAXwDXSA9KCkAPkgB0Ww/SAHBXEBIAc0bQUgB2QZCSAHVT0NI
105=AdVERCgpAEVJAXi5dEZIAcVKRygpAEhIAdkGSUgBxUpKSAHJDEsoKQBMKCkATSgrAAwAIo
106=gFVRgNKCkADkgB2XQPSAHJDBAoKQARKCkAEigpABNIAc0QFEgBgwsEABUoKQAWSAHVRBdJ
107=ASetGxhIAc0FGSgpABpIAcmxG0gBzV0cSAHNXR1IAcW4HkgBxQgfKCkAIEgBdVoIdrIiAG
108=kBCSLkPqkBCnRaJ/EDJEwFwVElSAHJLSZIAdEfJ0gB1QIoSAHVAikoKQAqSAHBBCtIAcEE
109=LEgBySItSAHRFC5IAXRaWWkvyAFRFDBJAdJEBF1MMUgBZMNZMjLIAVUCM8gBVU80yAFFVT
110=VIAXxXSWQ2yAFJZDfIAVF3OMgBVQ05SAF0WlkGOsgBWQY7yAFZBjxIAUgQIiFBPUkBEVxi
111=QQ8+SAHVAj8oKQBASAHdV0FIAdEfQkgB0R9DKCkAREgB3SBFSAHRCUZIAcUIR0gB2QZISA
112=HBZ0lIAcHVSkgB2QZLSQEybwEDAExJASupAU0oKQBOSAFwAgEAAwALTJeLAQQADCgpAA0o
113=KQAOKCkAD0gB2REQSQFyuVMRKCkAEigpABMoKQAUSAHRHxUoKQAWSAHFHhdIAc0QGEgBJb
114=UiGUgByVkaSAHZthtIAc0FHEgB1b0dSAHFYB5JAR+lEx9JActxBQRO0yMAaAFRNSFUAm1d
115=DW1dI3gDdTkjVALJeiRIAc0bJUgByS0mSAHVAicoKQAoKCkAKSgpACooKQArKCkALCgpAC
116=1IAcWXLkgBJWU5L0gBYFxdVzDIAUFRMUgBbF1BUTLIAUFRM8gBXVc0yAFdVzVIAWxdVWU2
117=yAFJejdIAZwcIpRKJ8UDOShVADooKQA7SAHJkDxIAWBcQQ89yAFBDz7IAUEPP0gBzSZASA
118=HBJUEoKQBCKCkAQ0gB2SdEKCkARUgByUNGSAHBBEdIAclDSEgByRdJKCkASkkBMnsCAwBL
119=SQEuqQFMSAFkAVVaTSgpAE4oKQBPKCsACgAkiAVBiAsoKQAMKCkADSgpAA4oKQAPSAEnBw
120=wkAHK9TBFUAskBEigpABMoKQAUKCkAFSgpABYoKQAXSAHRQBhIAYsTBAAZSAHBXBpIASVl
121=LhtIAd26HEgBzQUdKCkAHigpAB9IAXheRUogyAFFSiFIAdkGIigpACMoKQAkSAElpSAlSA
122=HNBSZIAc33J0gBxR4oSAHFPylIAdUCKigpACsoKQAsSAHBOy1IAd0KLigpAC8oKQAwKCkA
123=MSgpADIoKQAzKCkANCgpADUoKQA2KCkANygpADhIAdFWOUgB1U86KCkAO0gB0RQ8SAHRFD
124=1IAXBhWWk+yAFF5D/IAQELBABASAHNBUEoKQBCKCkAQ0gBzUdESAHNJkVIAc0mRigpAEdI
125=Ad26SEgB3QpJSQEybwEDAEpIAdleS0gBcAJZXkwoKQBNKCkATigpAE8oKQBQKCgAAgkAJQ
126=AsawgEAApJASmpAQsoKQAMKCkADUkBLaEEDkgBZAFNaA9IAc0bEEkBcv1iJelkEihVABMo
127=KQAUKCkAFSgpABZIAcEwF0gByQwYSAElBSIZSAEluSgaSAHJZBtIASVBOhxIAdkGHSgpAB
128=4oKQAfSQEcTPdJFyDIAYXDJZQGVQIiVAKMASIWJCUAydIkVALIb0wCnANNBSZUAo8BBAAn
129=SAEliTgoSAHVAilIAdUjKkgB1SMrKCkALEgB3UEtSAHNUi5IAdkcL0gB0QkwKCkAMSgpAD
130=IoKQAzKCkANEgBJ/xiJ20DNlQC0Qk3KCkAOCgpADlIAcF9OkgB3RU7KCkAPEgB0RQ9SAHR
131=FD5IAWlkDiIWRSUAaQEPf2IlABRILV0rQUAEaAFVkUJIAc0QQ0gB0Y1ESAHVAkVIAc0QRk
132=gB0WFHSAHBBEhIAcHVSUkBKngCfGLYHGTDJykATEAEfANJZE0oKQBOKCkATygpAFAoKQBR
133=KCsACAAmgAhZPQlJAShwAXRl1wIFAAtUAnACAQAFAAwoKQANSAGHEwQADkgBgwQEAA9IAc
134=0bEEgBxT8RSAHJLRIoKQATKCkAFCgpABUoKQAWKCkAF0kBdKlvGEgB0QkZSAHZaRpIAc0Q
135=GygpABxJAYK5Bh1IAcEEHigpAB9IAXRlXTYgyAGUyNAfIh4lJgDNMSNABMUIJEkBIL0KJU
136=gBJS0nJkgBJX0mJ0gBxT8oSAHZBilIAdUjKkgB1SMrSAHVGCxIAc0FLUgBzQUuSAHVRC9I
137=AcEEMCgpADEoKQAyKCkAM0gBJaFRNEgBJeFkNUgBJf1tNkgB0Qk3KCkAOEgBxWs5SAHBBD
138=pIAdkRO0gByRc8KCkAPUgB0RQ+SAHZBj9JARRJZAV1ZSaUZQEGBABB1AIBBwQAQsgBAQgE
139=AEPIAV3QREgBxQhFKCkARigpAEdJAXyhMEhIAcEPSUgBjFJ0Zcg4d2UmADJ3CQIATEAEI8
140=8wAgBNKCkATigpAE8oKQBQSQEzuQZRSAFkAQEAAwBSKCkAB0yilwIEAAhIAdnMCUkBMHgC
141=bWgnYQEAQWcLVAKcFW5oJwCbigUADVUCMWgEbmgnANXTD1QC3dAQSAF8A01zEUgBxa0SSQ
142=FysR8TKCkAFCgpABVIAcU0FkgBzQUXKCkAGCgpABkoKQAaSQF0vQobSAGQFCIsadcYBAAd
143=VALZER4oKQAfSQEcTDxRFCDIAUWiIUkBfLEJIkgBwVwjSAHFCCRIAd3bJUgBJRE0JkgBwQ
144=QnSAElEWsoSAHVAilIASX1QCpIAdUCK0gB1SMsSAElwSktSAHBBC4oKQAvKCkAMCgpADEo
145=KQAyKCkAMygoAAI0ACcAABEAAC4RACAGAAAAAAQANQAnXABIAAQEADYAJwCgRAEBAAQAN0
146=kBmKkBOEkBnakBOUgBZAFBBDpJAUFvAQQAO8gBAQEEADxJAT61Aj1KAf//TwEEAD5KAYIC
147=iQE/SAFAAWEPQEgBBRQBAAALBABByAEBDAQAQsgBAQ0EAEPIAQEOBABESQELTAVJDEVJAY
148=CxCUZJAXipAUdJAXmpAUhJATJvDAMASUkBLqkBSkgBZAEBAAMAS0kBKm8BAgBMSAFkAQEA
149=AgBNSQF8ZwgCAE5JAXSpAU9JAXapAVBJAS9zBQIAUUkBK6kBUigpAFNIAXACUwkGACiEAU
150=ElBygpAAhIAZ8CBAAJSAGHBAUACkgBgw8FAAtJAXJ3DQUADCgpAA1IAZsRBQAOSAGbEQUA
151=D0gBlxgEABBIAYcIBAARSAGHCAQAEigpABNJAXd/CgQAFEkBdakBFUgBjxAEABZJAXu1Ah
152=dIAcUIGCgpABkoKQAaSAHRCRtIAc0FHEgBzTEdSAGTFAQAHkgByQwfSQEcSDgBAgQAIMgB
153=AQMEACFIAcEPIkgB0QkjSAHFCCRIAcUIJUkBJLEUJkkBHakBJ0kBHKkBKEkBH6kBKUgB2Q
154=YqKCkAK0kBfaEELEgBwQQtKCkALigpAC9IAd1XMEkBz7kGMcgBQVEySQHQtQIzyAFVAjRJ
155=AdK1AjXIAVUCNkkBo3kNBEZrKADZaThVAjJ3AgMAOUkBR2sBAAA6SAFka1EIO8oBAwBFay
156=hdaABOSwA9VAJwbFknPkkBYHsGBAA/SQF+TAZJTkBIAXACSQFBSAHVAkJIAdUCQ0kBC0wx
157=RQhEyAEBBAQARcgBAQUEAEZIAc0FRygpAEhIAYhOZGuAWQIAAAMASlQCjAVmaygAgARka8
158=AEZ2soAH9kE2ZrKACPRwIAT1kGcrUCUEgBgFxmaygAyQFSKFUAU0gBn0ECAFRIAZQNAgIA
159=BQAphAFZHAYoKQAHSQEsfwIEAAhJATCpAQlIAWQBUQYKSAGITn5tKQCMEHxtJykADUAE1Q
160=IOSAGUZX1tKa0bBF1tKaAafG3YBn5tKQCPBQQAE1gGlA1+bSkAlw0EABVUAowbfW0pvyAE
161=ABdVAnd/IAQAGEgBgw8EABlIAd2ZGkgB0QkbSAHdVxxIAdUCHUkBgaUIHkgB1QIfSQElTD
162=xVTyDIAUlvIUgBjzEEACJIAdUNIygpACRIAd14JUgBly4EACZIAd0KJygpACgoKQApKCkA
163=KkgBwbQrSAHJDCxIAdEfLUkBer0VLkkBsWMLBAAvyAFJFjBIAXxtTQQxyAFFYDJIAXxtVQ
164=IzyAFVAjRIAXxtVQI1yAFVAjZJAapcClUCN8gBTV04SQG+VAJJADlJAW9cAEkAOkkBklwA
165=SQA7yAFNEDxJAaJIAkkAPUkBPl4ABQBHcCkAYEgBUSo/VALBO0BIAc0bQUgBxR5CSAHZJ0
166=NIAVQGdd5ESAFpbwd+bSkAaQEIf20pANJEBF0KR0EE/EgBVVpISQGHTREAf20pAPt0Anxt
167=qQEBf20pAIhgBH9tKQD9YAR/bSkA1akBTkQIaQEBfG3TVgIAUFQCiE58bd9XAgBSVAKLFw
168=IAUygpAFRIAZcYAgBVSAF4Ck2QBKhhYRoFKCkABigpAAdIAYCAdHCJggBJbwlVAnxMMkkB
169=CkgBlA11cCooFA4nKQANKIEADkgBhGt3cCoAMXEQBFdwKgAtqQERQATNMRJIAZwKdXAqrI
170=l0cNwKdXAq+XQWTAVgCEktFygpABhIAdFsGUgBwQQaSAHVWhtIAc1zHEgBwQQdKCkAHigp
171=AB9JASVENFmrIMgBWashSAHZBiJIAckXI0gBmxwEACRIAcEEJUgB2REmSAHVAicoKABorp
172=EqBF4zKgCQNXwz1y4EACtMBckMLEgByRctSQGudwkEAC5IAXRwRTMvSQFUXBVBAzDIAVUB
173=MUkBUFwAVQIySQFPSAFNBTPIAV1tNEgBYARVAjVJAVFABE0FNsgBVQE3SAFgcgEFAAA4SA
174=F0cFUCOUkBb0AFSQE6SAF0cEUIO8gBXQo8SQGlQARJAD1IAZzxdXAqRHFMAnXeKumxQEEE
175=d1gHVTlBSAHRQEIoKQBDSAHZdERIAcmQRUgBaG9Ro0bIAUmFR0gBdHBBckhIAXRwXW1JSA
176=F1cAJ1cCqBcgN1cCqUcFFsTEAEdHBJAU1IAWlvAnXeKoFyA3dwKgANWB1BBFBABEwYafpR
177=SAGENHRwxFV0cCcpAFRABIAadHDPPAIAVlQCxQgDVDyJAQRZHyuEAUEBBVQCzeEGSAGb5Q
178=QAB0gB2eIISAGXWgUACUgBmCciRSortNNscycpAAxABI8QBQANKCkADigpAA9IAZVPBUxz
179=cE5YEGXkK+HgEkAEhAhtcyusfmxzJykAFUAE2VMWSAFcB2WMF0gBwVwYSAHFCBlIAZcNBA
180=AaSAHNBRsoKQAcKCkAHSgpAB5JASVAMAEGBAAfyAFJsSBIAcUIIUgBiCJk5CdlAiNVAnKx
181=SyRIAdlIJUgB1QImSAHZESdIAYdVBAAoSAGAO2xzJzEBKlUCeLEJK0gBxR4sSQGykhAALU
182=gBbHNdFC5JAU9cAEkAL0gBbHNFBzDIAUlkMUgByW8ySAHJbzPIAVkGNEgBZAhJCzVJAVNI
183=AkkBNsgBVQE3SAHBBDjIAVUCOUgBcAlVDTpJAYtMBkkAO8gBQQQ8SQGTSAJJAD3IAVUCPk
184=gBcOVZBj/IAVlpQEkBX0AFTVJBSAHJIkJIAdknQ0gBzZ9ESAFoBU0FRSgpAEYoKQBHSQEy
185=ZwQDAEhJAS6pAUlIAWQBUeVKKCkAS0kBKngCZeQrYAF9bU1UAowBb3MrAA1dFgJsc6kBA2
186=fkKwDYRQQBZeQrpIxsc8g4bHMnKQBUUQlyWB1Z4lUoKQBWSAGfQQIAV0gBTAljDwIALIQB
187=TRsDKCkABCgpAAVJAShrBAQABkgBlQUFRHYi+CRbAgUACFUCKUQBSegJKCkACigpAAtJAS
188=2hBAxIAYgtZXYsvG0iDTks9XsPQASVTwVEdmzDXAZldiykHiJMK9gGZHYnKQAUWAbRNRVI
189=AVAGeXQWKCkAF0gBgA8iTCsn2QAZVAKUDWR2hBt5BhtUAsUIHCgpAB1IAc1oHkgBZXYJZn
190=YsAGkBCiIMOScFASFABMUIIkgBwQ8jSAGYMnTpJw0CJShVACYoKQAnSAHJeihIAdkGKUgB
191=3RUqSQGvbAx26SwAaAFNRixVAk1cAEEDLcgBVQEuSAFgZ1UCL8gBVQIwSAFwbEkBMUkB0U
192=R3QQQyKCkAM0gBwQQ0yAFBBDVIAWR2XUs2yAFFBzdIAWwFVQI4yAFVAjnIAVUCOkgBZHZJ
193=ATvIAUEEPEgBZHZVAj3IAVUCPkgBiy0AAD9IAXB3AQUAAEBIAWR2QeBBSAHRKkJIAdUjQy
194=gpAERIAdknRSgpAEZIAYdgBABHSAGUcGR23DYiTyssADJMHEFnSkAEl3MCAEtIAYh6ZHbM
195=BSJMKycpAE5ABHQGWQZPSAF4dFF3UMgBUXdRSAHBBFJIAYgXZHbQQCIMOScpAFVBBHJcIV
196=EJVigpAFdIAYsXAgBYSAHSCQEAnGpxVgIoKQADKCkABEgBmxQEAAVJATB8Bnx4JYBBfHjF
197=CAZeeC0AkdoGRe8tJJ8qBgAKWAYjXyIGAAtIAYwmIm06LajofngtAIxSfXgtuycEAA9MBZ
198=knBF54LQCYJ3x41A18eMQIfngtAIQeZO/QCSJULCetABZRCYBoIiJtOi2ohX14LSbZLBlA
199=BGgbUZgaKCkAGygpABwoKQAdSAGQSyIvSC0AxXwGfHioAVFLIEAEcAJRCSEoKQAiSAElmT
200=ojSAHdFSRJAXelEyVIAdUCJigpACcoKQAoSAHNlClIAcgMIsQwcHdRCCtVAlpUcUUDLEgB
201=fHhVAi3IAV1iLkgBfHhVAi/IAVUCMEgBaG9JATFIASceDy0AyQEzKFUANEgBbAVFCDVIAc
202=EENigpADcoKQA4KCkAOUkBTkQTSQA6yAFRFDtIAdEUPEkBhUgCSQA9yAFNBT5JAX5IDVUC
203=P0kBplwASQBASQE8XABdK0FIAdEqQkgBxSlDSAHFKURIAdUCRSgpAEZIAYhOfHgi1DBUCX
204=x4wEZ8eNcCAgBKTAVZAwBZaUsoKQBMKCkATUkBMmcEAQBOSAGTVgEAT0kBikgYAQABAFDI
205=AQEBAQBRSQEzrQVSSAGIF3x43Fd8eNhTIlQsJ1UAVk0FcnwgZO/QVnx43xUCAFlABHgKUR
206=QCrGVpegNIAYDrIgYtLgDRdwVUAo8FBQAGSAGI8314LvF3CFQClA19eC6oZH94LgAyfAYi
207=BS0uSARMAX54LgAjoEZ8eMMEBAAOWAPFdg9JAYBpFwRdeC6wgnx4JykAEkEEcqEEE0gBwV
208=wUSAFADHUYFUgBJaldFkgB1QIXKCkAGEgBhCkij0kuAHixCRpUAp+OBAAbSAHZBhwoKQAd
209=SAEnHQ8unXgCfHipAQN/8S4ADUg4SXohTAXFCCIoKQAjSAGQH37xLgDRCSVUAoC0Io5JLg
210=DNGydUAskBKEgB2RwpSQG1YAsidjsuAGgBQQ4rVALdYixIASIoLEwEcKBoAUAEeC9gBFUC
211=L0AEaAFVAjBIAXR7SQExyAFBBDJIAdl0MygpADQoKQA1KCkANkkB2FiAWQY3SQHWqQE4SQ
212=HVqQE5SAHRCTpIAdUNO0gBbBBZBjxIAXx4TTA9yAFFBz5IAYQ0fvEuAJgyfvEuAHx4TQVB
213=QARoAVUuQkkBP0QJVXtDSAHdK0RIAXACVQJFSQGTTBwBAQMARsoBAgNc8XAiSAR8eI5PAA
214=B8eCIgQFQCfHjZUwFd8S4k/yoBAExECMV2TUgBgAd8eIEBAFF3T1UCG1QNSQFQyAGfeC4A
215=L1gKVQJSVALJelNIAZwVfHjECH94LgB/TBxNc1ZBBHepAVdIAYiQfHgnZQJZVALZEVpIAY
216=0IAVwYjA0iuEkiUFF8DlXxBaQQdQIGSAEnHQ8voOt98S+0T314LygdDy8kuEl8eCKEUlgJ
217=fHhgwokBDVEJMUQBSS0OSAHBiA9JAS21AhBJAXt0GHx4yAx88ScpABNABM1dFEgBI9ghfP
218=HUGCKsWCcpABdABHgKVQ0YKCkAGSgpABooKQAbKCkAHCgpAB1IAclvHigpAB9JAQ1cNkl6
219=IMgBUUshSAEidCVJeiJIAcEPIygpACRIAdmVJUgB1RgmKCkAJygpAChIAScdDy+Qd1UNKl
220=UCtUALWV4rSAF03lUBLEgBcHdZJi3IAUAEcEhgZ1UCL1QCaAFVAjBJAVVIF1kGMUgBeAZV
221=ATJIAcXvM8gBTQU0SAHBcjVJAddIAlkGNkkB1KkBN8gBRQg4SAHNBTlIAXAJVQI6SAF8eF
222=kFO0gBbBBZETxJAYpECUkAPcgBTQU+SAEitC1VAj/IAVUCQEgBg7QAAEFIAXx4AQUAAEJJ
223=AT9ABVEJQ8gBQTBESAFwd0kBRckBBH54LwB2AgUCXXgvr3MCAEhABJNhAgBJSAGQYXx4Ik
224=BPQAt/eC8AfFwLVXBMQAQjvy4BAE1IAYhOfHjcTH/xLwAbURUCfPGpAQN88SeBAFJYBpMB
225=AQBTSAGDDwEAVCgpAFUoKQBWKCkAVygpAFhIAZEUAVzxJ2UCWlQC2RFbSAGFVQFUXZTxcX
226=cFoPNpAQZIAScdDzC0hn14MCTIKnx4JykACkwFhB4iXS0wJI9UBgAMVAIliS0NSAGUIyJd
227=LTCwriK0WSIQVFknBFzxyAx9eDCohXx4JykAE0UId3wrIlwtwA98eNQNfHjUGCJcLScpAB
228=hYBkAMbfcZKCkAGigpABsoKQAcKCkAHSgpAB4oKQAfKCkAIEgBcHdRbCHIAVhICiIAMAAA
229=AAAAAAQAIwARAAB0EAAgATAAAABAAAEEACQAJykAJUoBfwKVAiZJAXKpAScoKQAoSQF1tQ
230=IpSQG6SAUBAAQAKsgBAQEAACtJAU5cAE0ELMgBAQMAAC3IAVUCLsgBVQIvSQFNTAVJADBJ
231=AVVcAF0JMUkBT6kBMsgBVQEzSQFQXABZBjRIAXgGTQU1SQHRSAJJATZJAdRIAUkMN8gBVQ
232=E4SAHBBDlIAXwKVQI6yAFZBjvIAUkLPEkBikgCRQg9yAFNBT5JAZO1Aj/IAVUCQEoB//9b
233=AgAAQUkBfEwGUQFCSQF2qQFDSQE/SAIBBQAAREkBk1wLAQYAAEXIAQEHAABGyAEBCAEAR0
234=kBK0wFAQABAEgoKQBJKCkASkkBLqEES0kBe2sMAQBMSQF3qQFNSQF5qQFOSAFoBVEJT0kB
235=G0APAQQBAFDIAQEFAQBRSAGLFwEAUkgBzQVTSAGXGAEAVEkBdLEJVUkBeKkBVkgB1QJXKC
236=kAWEgBwQRZSAGDRgEAWigpAFtIAYsiAQBcSAHDDwUAMZwOAQAFAAZJAS9zAQUAB0gBnyAF
237=AAhJATO1AglIAWQBRQUKSQF7exEGAAtIAYceBgAMSQEqZwQFAA1JAYFjBAUADkgBcAJJDA
238=9IAYMEBAAQSAGXAgQAEUgBkwkEABJIAdVaE0gBwQQUKCkAFUgBnwoEABZIAcEEFygpABgo
239=KQAZKCkAGigpABsoKQAcKCkAHSgpAB4oKQAfKCkAIEkBHEg4UWwhyAEBAQQAIkgBzRAjKC
240=kAJCgpACUoKQAmSQF/ayIEACdIAYc0BAAoKCkAKUgBhDR+eDEAanoEBFx4qAFdVyxABN1t
241=LUgBbGhRDy5JAVFnEwAAL0gBwQQwyAFBAzHIAU0FMsgBVQIzKCkANEgB0Qk1SQFaVANNBT
242=ZIAcV2NygpADhIAXh/QQQ5yAFZBTpIAXCNVQI7yAFVAjxIAWQTUR49yAFBBD5JAYZcAEkA
243=P8gBTQVASQF8QAVVAkFIAZcjAABCKCkAQ0gBmF5+eDEAgCV+eDEAaXoKfHiqAQsAXXgxXC
244=ZJCQBeeDEAn1cAAElFCIBrDAEASkgB1WVLSAGcV394MQAylgYATVQCh2AAAE4oKQBPSQGJ
245=UBVNBFDIAVUBUUgBzQVSSAHVDVNIAZg9fngxAMkMVVQCVQcAUYJWSAGbXgEAV0gBm14BAF
246=hIAc1zWUgBwQRaSQF3qRdbSAHRCVxIAc0FXUgBh2sAAAbsGHx42Bl9eDJYQ0sPBQAJQAST
247=FAUACkgBmGl9eDJQAYEEDEABlJx8eNUCBF14MrMqBAAP4QQEXngyAJw2f3gyAHJwFHx4Jy
248=sAEwAyszUEABRIAUEMAE1oFSgpABYoKQAXKCkAGCgpABkoKQAaKCkAGygpABwoKQAdKCkA
249=HigpAB8oKQAgSQEcUDYBAgQAIckBA314MoATRRMjVAKMAXzxJ1UAJVUCgq0bJkgBwQQnSA
250=GENHx4J8UDKVQClDl/eDIAtnAFfHioAU0PLEAEeHRdCS1IAWhvSQEuSAHVZS9IAcEEMMgB
251=SN1wU9QCcDJoAVUCMyiBADTIAUEONcgBVQ02SAHNczfIAVUCOEgBfHhBDznIAVEJOkgBbA
252=VVAjvIAVUCPEgBZBNdCj3IAUEEPkgBfHhJAT/IAU0FQEgBiCJ88cgifHgnKQBDQQRyTAZR
253=CUQoKQBFSAHJekZIAZRaf3gyAH6tBUhUApTTfHjBUQBceCcpAEtABNVwTEgBnVcAXHgnBQ
254=FOVALdCk9JARlQIE0QUMgBVQFRSAFEAmkAUkgB1Q1TSAGVZQBe8TIAhwgBAFVVAnxnEwEA
255=VkgBgBp8eNgcfngyAJuVAQBZQAScQXzxZDdmDABbVALdFVwoKQBdSAHJF15IAZUNAFzxxB
256=B8eCcpAAlAm5AUfXgzrXMFXvEzAIUIBV3xM7gnfngzAJyDf3gzAIBoF354MwCYoH54MwCU
257=GHx4JykAEkkMd60FE0kBeakBFEgBjxgEABUoKQAWKCkAFygpABgoKQAZKCkAGigpABsoKQ
258=AcKCkAHSgpAB4oKQAfKCkAIEkBHlA2RXYhyAGc8dcjBAAjVALRFCQoKQAlKCkAJkgB3SAn
259=SAHRHygoKQApSAGcNn14M5x4VYYrVAJoek1dLEgB0XctyAFVAi5IAWRrSQEvSAHBZzDIAU
260=gWYNJwd1UTMlQCaAFVAjNIAWhvSQE0SAF0AlUtNUgBdAJNBTbIAUEEN0gBYA9VAjjIAVUC
261=OSgpADpIAdkGO8gBQQQ8SAFkE0kBPUgBaAxFCD5JAYRcAEkAP8gBQQRASAEnHA/cQX54Mw
262=CfQQAAQ0AEyQFESAGYJ3zxJ60ARlQChGB+eDMAhCl98TOsaHx4JykASkwFm2kAAEtIAdkG
263=TEgBmFN8eCcFAU5UAt1iT0kBGVAVQSVQyAFVLlFIAYM7AABSSAHZilNIAZRlfHhwLV0dAF
264=54MwDV9FZABJQYfHjYHHx4JykAWUAElBh8eNlpAFx4JxUDXEAE1RhdSAHBD15IAd0VXygr
265=AAgANIEQAH3xNKByf3g0AHRUGVYCCwAnKQAMSAGAD3x4IrAmRAd/eDQAKUQBRWAPQQQtqQ
266=EQSAGcNn14NLQuffE0eANl7xNABIwBfPEnVQAVKFUAFigpABcoKQAYKCkAGSgpABooKQAb
267=KCkAHCgpAB0oKQAeKCkAHygpACBJAcZ8EX7xNABoAZx4J2UCI0AEfANZHCQoKQAlKCkAJi
268=gpACdIAdEfKEgBlTkEUCQnHQQqVQK7dAl+8TQAaAFZRyxUAnRlQS8tyAFZSC7IAVUCL0gB
269=fHhJATDIAUEEMUgBbGhVAjLIAVUCM0gBcAlVDDRIAdl0NUgBdAJNBTbIAU0FN0gBJYktOE
270=gBbAVVAjlIAXQNRQg6yAFRFDtIAXB3VQI8yAFVAj1IAc0QPkgBfHhJDD/IAVEJQEgBgFx8
271=8dwgfXg09XBDQATZU0RIAZgnfXg0uMEiXC0nKQBHQASQKnx42FN8eCcpAEoogQBLSAGTVg
272=AATEgByQxNSAHJDE5JAXpQFUEaT0gBfHgBBAAAUMgBAQUAAFFIAdkGUkgB2QZTSAHFa1RI
273=Acl6VUgByb9WSAEjTCt8eCJIJEMMAABYVALBBFlIAcEEWkgBmOJ8eNdwAABcVALZHF0oKQ
274=BeSQF0vRVfSAHNEGBIAdMUCQA1iA1RdwpIAZQuffE1pCl/8TUAdWQIfXg17gUOACcpAA9I
275=AZsRBAAQSAGEHn14NbCufXg1JjEtE0AEiAh8eMQIfPEnKQAWKIEAFygpABgoKQAZKCkAGi
276=gpABsoKQAcKCkAHSgpAB4oKQAfSQHrcxAEACDIAVF3IUgBfHgjXC0nOQIjVAJoBZx4J1UA
277=JVQCj7UEACZIAZS9Inw8zCYiXC0nKQApQASYMnzxJx0EK1QCfHgBBAQALMgBTUctSQF+mg
278=0ALsgBVWUvSQF/tQIwSQF8qQExyAFBBDJJAXu1AjPIAVUCNEgBwXI1yAFVAjbIAVkFN0gB
279=Jx4PNQDJATlUAmR2TQU6SAFkCEFyO0gBdAJdQDzIAVUCPUgBfINRCT5JAYdcAEkAP8gBRQ
280=hASAHdTEFIAZBLfng1AM1oQ1QCwQRESAHBBEVJAXdIDVEJRkgBmCd88dAqfHgnKQBJKIEA
281=SigpAEsoKQBMSAHFYE1JAXm9Ck5IAcEPT0kBGVEVBn54NQBpAQd9eDW823zxJ7UBU0wF2R
282=FUSAHVGFVIAcl6VkgBJYEsV0gBI0wrfXg1JB87AABZVALBBFpIAcEEW0gB2RFcSAGPaAAA
283=XUgB3SBeSAHBD18oKQBgSAHJemFIAccICgA2RCdIAH14NiSkIH14NqByfng2AIgiIp9LNg
284=B2aCICBQAPADYmtS0QSQF9dAJ9eDZECUgAfng2AIcTBAATQATZXhRIAZwgfHgnrQAWVAJQ
285=Bm33FygpABgoKQAZKCkAGigpABsoKQAcSQHzSAhNcx3IAQECBAAeyAFZdB/IAU1oIEgBaH
286=pVAiFIAVQGYQ8iKCkAIygpACQoKQAlKCkAJigpACdIAdkcKEgBlC598Takon94NgB1tSMr
287=QQRNeA1+eDYAaAFFSS1UAnx4TQQuyAFVZS9IAXx4QQQwSAF8eEEEMcgBQQQySAF8eFUCM8
288=gBVQI0SAF0cFUMNcgBRQg2yAFNBTdIAdF3OCgpADlIAWzsWQY6yAFZBjtIAWD2VQI8yAFV
289=Aj1IAXx4UQk+SAEiFFtBBD/IAUEEQEkBbkgCSQBByAFVAkJJAWxIAkkAQ8gBVQJESAEixF
290=tVAkXIAVUCRkgBkCp8eMQpfHgnKQBJQASILSJ8PCdVAEsoVQBMSAGULiJdLTYmISBOVALZ
291=Xk9IASNwNX54NgBoAUEPUVQCwQRSSAHNEFNIAdEJVEgBwQRVSAElKSxWSQF2XCFVGFdIAV
292=gAaQBYSAHBBFlIAcEEWkgBxQhbSAHBBFxIAckMXUgBwQReSAHNEF9IAcUeYEgBzQVhSAHN
293=BWIoKgALACL0NEsQBAAMSAFBAQBB9g1IAYimf3g3AHl8FX14NygdDzfldhFMBYx+fXg3/V
294=cTVAKQCX3xN4QBSd0VVQJ+cAkivFonVQAXVAKHBAQAGCgpABkoKQAaKCkAG0gBcHcBBQQA
295=HMgBAQYEAB3JAQd+eDcAYAQBCAQAH9UCCXzxJ7UBIVQC1Q0iSAGQKiJ9PDeoxyKcSyetAC
296=VABM0FJkgBzQUnSQF3tRgoSAGILX14NygcDycdBCtBBFRoCH54NwBoAV2OLVUCUbUCLsgB
297=RUovSAGLDAAAMEgBkyoAADFIAd1BMkkBjnsGAAAzyAFZBjRIAXR7QQM1yAFVAjZIAdV7N0
298=gBzew4SAHVAjnIAU0FOkgBYARFCDvIAVUCPEgBYH1JAT1IAdkGPkgBfHhdHz/IAU2JQEgB
299=fHhVAkHIAVUCQkgBfHhVAkPIAVUCREgBfHhVAkXIAVUCRkgB3VdHSAGQKnx40CoiXC0nKQ
300=BKKIEAS0gBjDEiXC0ngQBNVALNJk5IAdleT0kBJFQZWRxQyAFVAVFIAcEEUkgBzRBTSAHN
301=EFRIAc0xVUgB1QJWKCkAV0gBwQRYSAHBBFkoKQBaSAHBBFtIAcEEXEgByRddSAHBBF5IAd
302=UCX0gBzQVgKCkAYUgBzQViSAHZHGNIAdcYDAA4JPdLBAANKCkADigpAA9IASN7IAQAEEgB
303=hB598Tj9VxJVAndYM0V2E0gBlA1+eDgAyPMBFQA4AMEEFkgB1fQXSAFMK2XkGCgpABkoKQ
304=AaSQHlRARZ7RvIAUHrHEgBZXYLfXg4WANIAHx4JykAH0AETAJ9CiAoKQAhKCkAIkgBJVUh
305=I0gBzQUkKCkAJSgpACZIASO4MyJcLSeJAShUAoCefHgnbQMqVAKAMCJ9PDgkZCN9eDjphS
306=1BBJZMSEl6LsgBWSYvSAGQCXx40Cp9eDizowAAMkAEfHhNBTPIAUVgNEgBfHhVAjXIAVUC
307=NkgB1XA3SAElMXo4SAHBcjnIAVkQOkgBJx4POABoAVUCPFQCZAhRCT1IAXgGSQw+yAFVAj
308=9IAWAEVQJAyAFVAkFIAWQIVSlCyAFRCUNIAc0FREkBh1QDSQBFyAFBBEZIAdEfR0gBlER8
309=eNAqfHgnKQBKQATU0wdLADgA//8AAAAAEQAAzRAAIAYATAA4AHsCAABBAE1KAXUCQwEAAE
310=5KAf//iQFPSAEBJAEAAEEDUMgBAQMAAFFIAcEEUkkBf1QDVQVTSQF3qQFUSQFyqQFVKCkA
311=VigpAFcoKQBYKCkAWSgpAFooKQBbSAHFE1xIAUQNaQBdSQF9qQxeSAFoAk0AX0gB2RFgSA
312=HNEGEoKQBiSAHRCWNIAdUYZCgrAA0AOVwISwAEAA5JAYBrDAQAD0kBdKkBEEgBnwoEABFJ
313=AXm1AhJIAVAGAgAABAATSQGBtQIUSAHVAhUoKQAWKCkAFygpABgoKQAZSQHlXAYBBQQAGs
314=gBAQYEABvIAQEHBAAcSAFcA3UNHSgpAB5IAd0VH0kBeK0QIEgByRchKCkAIkgB1RgjSQF2
315=rQUkSAHdCiUoKQAmKCkAJygpACgoKQApKCkAKkgBgzAEACtIAYstBAAsSQGWWEgBBAMALc
316=gBAQUDAC7IAQEGAAAvyAEBBwAAMEkBe3sRAAAxSAGTFAAAMkgBlxgAADNJAXqhBDRJAXeC
317=FgA1yAFVDDZJAU1cAEVVN0kBTkgBTQQ4yAFVATkoKQA6SQFRSAJBBDvIAVUBPEgBZAhJAT
318=3IAUEEPsgBVQI/SAHdCkDIAVUCQUkB0VQOTQVCSQFQSAJVAUNIAWwFSRZESQGLVANJAEXI
319=AU0ERkkBbEgCSQBHyAFVAkhJAZNIAkkAScgBVQJKSAGfKwAAS0gBySJMSAHBJU1IAdVwTk
320=gBgzsAAE9JASBYBwEAAABQyAFVAVFIAUQCaQBSSAHRYVMoKQBUSAHNMVVIAckMVkgByQxX
321=KCkAWEgBwQRZKCkAWkgBzQVbSAHBBFxIAckXXUgB1QJeSAHdFV9JASdAJkkTYEgBxR5hSA
322=HRCWJIAdkGY0gB0QlkSAHFCGVIAcMaDgA6XAhIAH54OgCTCQQAEFQC2VMRSAFYA3lpEigp
323=ABMoKQAUKCkAFUkB0XMFBAAWyAEBAQQAF0kB/LUCGEgBcHcBCAQAGckBCX54OgB1Agp8eK
324=kBC394OgDVuQYdTAVoAVEJHkgBcAJNiR8oKQAgSAGPMQQAIUgBkx8EACIoKQAjSAHBGiRI
325=AcUIJSgpACYoKQAnKCkAKEkBMnMFAwApSQErqQEqSQEzqQErSAHdmSxIAX14CH54OgBqAQ
326=kCXHiqAQoBXHipAQt8eMgtf3g6AHe1OTJECJAUfHjbMgAANHQCdQ0AX3g6AHVIAVlTNlQC
327=dHBNaDdIAc1oOMgBVQI5KCkAOkgBfHhVDDvIAUEEPEgBxQg9yAFBBD7IAUEEP0gB3QpASA
328=HRd0FJAdlUA1kQQkgB1QJDSQFPWBJVAkRJAYtcAFEJRcgBWQVGSAF8eFUCR8gBVQJISAF8
329=eFUCScgBVQJKSAHZU0tIAYE7AFzxUB9ABUkLTVQCwQROSAGAMH94OgAgTBBFCFBUAmkBBH
330=zxtAIBBQAAUlUCAKEAU0gBm8EAAFRIAcEwVUgBwTBWSAGqBQBXKCkAWEgB2RFZSAGf2wAA
331=WkgB2RFbSAHBBFxIAd0KXSgpAF5IAdkGX0gB2QZgKCkAYSgpAGJIAYNyAABjSAHRCWRIAd
332=EUZUgBxQhmKCsADwA7pRcEXng7AJQjfPEnVQASQQTpaAR+8TsAaAFFaxTUAgECBAAVyQED
333=fng7AGh6SQEXVAJ8eE0FGEgBZXYMfXg7kXcNfHipAQ58eKkBD314O5x4XQodWAZ8eFEJHk
334=kBC1A1UQkfSAF0EUl6IEgBhB59eDu8Yn94OwByZz8EACNABJMfBAAkSAHZBiUoKQAmKCkA
335=JygpAChJASpwBXx43yADACpVAii1AitIAWQBTRAsSAHNBS3oAX14O1wFSAR9eDtU70gBfX
336=g7QIOJATFNBS2GAQAySAGUGH54OwDRrjRUAnB3QRk1yAFFVTZJAVB/IAAAN0kBTUgBUQg4
337=yAFVATlIAdFsOkgBbAVBBDvIAUEEPEkBTlwAVQI9yAFVAT7IAVUCP8gBVQJASAHRCUFJAd
338=NAEEEEQsgBQQRDSAHBBERIAWh6TQRFyAFJF0bIAVUCR8gBRQhISQGHXABJAEnIAVEJSkgB
339=0WxLSQF3WAdBBExIAZc5AABNSAHVI05IAclZT0kBIFkHBn/xOwAgSQEHfHjcNnx4JykAU0
340=0FAKEAVEgBxQhVSQF7tQ1WSAEjsScAXng7AM3hWFQCm0gAAFlIAaAIXng7AN0VW1QC2XRc
341=SAHBBF0oKQBeSAHVDV8oKQBgSQEjoQ9hSAHZBmJIAdUCY0gB2QZkSAHRFGVIAd0gZkgBwQ
342=RnKCsAEAA8rAl8eCcpABJUAnF3BH14PJx4AQUEABTVAgZ8eLUCB3x4J9kAF0EEfnMUBAAY
343=SAGAC354PADVAhooVQAbKCkAHCgpAB1IAXB3nng8AGgBTRAfVQIIUDVJeiBIAd0KISgpAC
344=JIAYQefng8AJxBf3g8AHq5ESVABNkGJkkBMm8BAwAnSQErqQEoSQEuqQEpSAFlAQB9eDxQ
345=61MBAwArVALNBSxIAc0FLUgBiHp9eDywd354PACHdgEAMEAElS4BUQM8oH0iXi08AJQCfn
346=g8ACVFNTRNBY9QDUkANcgBUR42SQF6SAJJADfIAVUCOEgBaHpVZTlIAcVrOigpADtIAWh6
347=QQQ8SAF8eEkhPcgBVQI+yAFVAj/IAVUCQEgB0QlBSAF8eEEEQsgBQQRDSAHBBERIAWgMWR
348=FFSQFRXABJAEZIAWQTSQFHSAFgfUUISEkBikgYSQBJyAFBBEpJAZJIAkkAS8gBVQJMSAHV
349=nE1IAdVlTkgBzSZPSQEZQAVZBlDIAVUBUUgBRAJpAFJIAc0FU0kBgkAQWQJUSAHVAlVIAZ
350=vXAABWSAFQA2kAV0gBm0gAAFhJAXK5BllIAc1oWkgBYAVNAFsoKQBcSAHdCl1JASG5Bl5J
351=ARupAV9IAcEEYEkBJLUCYUkBHakBYkkBHqkBY0gByYVkSAHNEGUoKQBmSAHZEWdIAd0KaC
352=grABEAPVwTSwAEABJIAX14CH14PZ14CXx4qQEKfXg9oJN9eD2wmCJeLT0AgA9+eD0AlJx8
353=eCdVABpcCowQfPEntQEcVALBfR1IAUQQIm0vHkgBcHeeeD0AaAFNiSDUAk2JIUgBzQUiSA
354=GYMnx4J10BJFQCwQQlKCkAJkgBiG98eM8FAwAoVQIycQUCWec9VHZNAQJYbicpACtABJ94
355=AgAsKCkALUgBiHp8eNEJAkl/PUgHRAh8eNQCfHjUAn94PQB8vTYzRAjBvzRIAXx4QQM1yA
356=FBZzZIAXx4VQI3yAFVAjhIAWBnVQI5yAFVAjpIAdFsO0gBbGhVAjxIAWwFQRI9yAFZXj5I
357=AWAEVQI/yAFVAkBIAXRwWQZBSAHRCUJJAdhIAk0FQ0gB1QJESAF8eEEDRUgBaAxJAUZIAc
358=UIR0gBwYhISQGKWAddFUnIAU0FSkgBfHhVAkvIAVUCTEgB2VNNKCkATigpAE9IAXx4WQZQ
359=yAFZBlFIAc1oUkkBH1QDQQ5TSAHRCVQoKQBVKCkAVkgBzTFXSQFyuQZYSAGYwX/xPQB5tQ
360=JaVAJMCmkAW0kBJbUCXEgBwXJdSQEXtQJeSQEaqQFfSAHJDGBIAYdgAABhSAHFE2IoKQBj
361=KCkAZEgB3ZllSAHFE2YoKQBnSAHRCWhIAdEJaSgrABIAPmwVeWkTSAFpeg18eCdVABVUAo
362=QEfng+AJCYfng+AIxSfHgnrQAZTAWYESJdLT7x5RtUAiMMIyJdLT75fx1UAocTBAAeSAHJ
363=DB9IAXx4TYkgyQEKIl4tPgB1AgsiXC0ntQEjQATZBiQoKQAlKCkAJkgBJxwP2AZ9eD6ob3
364=x41AJ8eCcpACtZBjJhCwFdeD6hfQFU7icpAC5ABIB9fvE+AJR7fng+AJgGInw81AJ8eMwm
365=fPHQHyJ9PD4miS01UAlwDU0ANkkBdFwASQA3yAFdbThIAWhkVQI5SAHBcjrIAUEEO8gBQQ
366=Q8KCkAPUgB2QY+yAFNBT9IAXRwTQVAyAFVAkFIAWwFSQFCSAHRd0NIAXQNVQJEyAFZBkXI
367=AVUCRkkBVFwAVQJHyAFVAUhJAYNIAkkAScgBVQJKSQGQSAJJAEvIAVUCTEgBwXJNSAHR2k
368=5IAcVVT0kBxUwGSQBQyAFZBlFJASahZ1JIAVADaQBTKCkAVEgBxQhVSAF0A00AVkgBnFci
369=XS0+5XZYVAJQA2kAWSgpAFpIASXBSltIAXQDTQBcKCkAXUgB2e1eSAEnHQ8+JD9KAABgVA
370=LRgmFIAdkRYigpAGMoKQBkKCkAZUgB0RRmSQFyuRxnKCkAaEgBm2kAAGlIAY9oAABqSAHL
371=DBMAP0gVSAB8eCcpABVUAoSMfng/AJwKfXg/KBwPJ60AGUwFXAdxghooKQAbSAGEE3x4Jw
372=UBHVQC0QkeSAGHEwQAH0gBhxMEACBIAXF3Dn14P514D394PwDSTQwBf/E/APpJAQAiXC2o
373=AVUCJVgGdAIBAgQAJkkBh1k+AH7xPwAiPD9JAShVAoh0An14PyO5PgB8eKoBAQJDdz8AMX
374=wKfXg/QHhMAXx42RwBQHcnKQAvUQkyXANJADBIAYh6fXg/JAwjfXg/vJl8eCcpADRNBXKl
375=NDVIASNLMAAANkkBdEQJQQM3yAFRzzhIAXBsVQI5SAFka0kBOsgBQQQ7yAFVAjwoKQA9SA
376=HZBj7IAU0FP0gBfHhNBUDIAVUCQUgBbAVJAUJIAckMQ8gBVQJESAFk71ETRcgBRShGSQFU
377=XABRCUfIAU0FSEgBfHhVAknIAVUCSkgBfHhVAkvIAVUCTEgB0WFNSAHRYU5IAc1ST0gBfH
378=hZBlDIAVkGUUkB2EwRTQ9SSAFEAWkAUygpAFQoKQBVKCkAVkgBIywnfHjIOCJcLScpAFlA
379=BCVlLlpIAXAKTQBbKCkAXCgpAF1IAdEUXkkBIEQUTQVfSQEZqQFgKCkAYUgBzZRiSAHZBm
380=MoKQBkKCkAZUgBl2UAAGZIAdVEZygpAGgoKQBpSAGV6QBdeD8m/TZrVALLDBQAQFASSAAi
381=Xy1AAH9kE314QCgcDycpABhMBdVwGUgBjFJ88ScFARtUAoQTfHgn2QAdVAKQFHzxJ1UAH1
382=QCkJh8eCcFASFUAnB3TXMiyQEDfXhAnHhJASRUAnB3AQQEACXJAQV+eEAAfXgBfXhAnHhJ
383=AShABHx4RXYpSAEirU0CfXhAiXoDfXhAqIUiXC2lCAB/eEAA+0QiSQEuWAZpAQF+8UAAcA
384=lBAzBUAnAJSQExyAFdTDJIAdEqM0gBUANpADRJAX1wKiK8Wtgcf3hAAHZ4AyKcS6gBRQg4
385=TAVsaFkFOUgBdHBNBDrIAUEEO8gBVQI8SAEi/CtJAT1IAWBySQE+yAFNBT9IAXAJVQJAyA
386=FVAkFIAXgGSQFCSAFoekEEQ8gBVQJESAF4Bk0QRcgBWWlGSAHZBkdIAWAEWQZISQGHXABJ
387=AEnIAUUISkgB3SBLKCkATCgpAE1IAdFhTkgB2V5PSAHZBlBIAXB3TRBRyAFNEFJIAUQNaQ
388=BTKCkAVCgpAFUoKQBWSAHRCVdIAWwGTQBYKCkAWSgpAFooKQBbKCkAXCgpAF1IAdEJXkgB
389=1ZFfSAEltS1gSQEcUBVJDGFIASVRPGJIAdkGY0gBh+QAAGRIASNvOgAAZUgBnGJ8eN9iAA
390=BnVAIl8S9oSAHBBGlIAScdD0AoHA8nKQBsQATXDRUAQUQRSAB9eEHpehdUApAJIl0tQenz
391=GVQCRAW98UGo0iJ9PEH4fwQcAEEAdwIAEQAAHxAAIAgAAAQAHQBBAHICAGgBAh4AQQB1qQ
392=EfSAFMAnUCIEkBfrUCIUgB1QIiSQGCtQIjSAHVAiQoKQAlKCkAJkkBKmcEAwAnSAFkAQEA
393=AwAoSAGXAgIAKUgBlwICACpJAdJMAQECAgAryAEBAwIALEgBBYcBAAABAQAtSQH7YwQBAC
394=7IAQEDAQAvSQGIYwQAADBJAdVjBAAAMcgBAQMAADJJAQuhBDNIAVwDaQA0SQGBdxgAADVI
395=AWgCTQA2SQF2XABBAzfIAUUIOEkBUKUIOUkBUUgBQQQ6yAFBBDvIAVUCPEgBbAVJAT1JAU
396=+tBT7IAU0FP0kBTbUCQMgBVQJBSAF4BkkBQkkBTqEEQ8gBVQJESAFgBFETRcgBTQRGSQFV
397=XABVAkcoKQBISQGKSAJJAEnIAU0ESkkBk0gCSQBLyAFVAkxKAf//TwIAAE1JASRcFlEBTk
398=kBHqkBT0gBwQRQSQEXTAZBA1HIAUUTUkgBSAZpAFMoKQBUKCkAVSgpAFYoKQBXKCkAWCgp
399=AFkoKQBaKCkAWygpAFwoKQBdSAHFE15IAWAQTQBfSQEiRBRJAWBIAcEEYSgpAGIoKQBjSA
400=HRQGRIAc0FZUkBf6UIZkgBn2IAAGdIAcEEaEgBwQRpSQF5rQVqSAHBBGsoKQBsSQHrTBFJ
401=AG3IAUcoFgBCQAJLAAQAF0gBkwkEABhIAZcNBAAZSAFYA3VwGigpABtJAX13DQQAHEgBwQ
402=QdSQF7tQIeSAHJeh9JAXS1AiBIAdUCIUkBdrUCIkgBxQgjKCkAJCgpACUoKQAmSAGEdnx4
403=yBd9eEJAbUwIfXhCXHOJASpNBTJGAQABXXhCTABNAQFdeEJUdokBLUAEQAFMekQC0Al9eE
404=JIgJ0CMEAExSkxSAFwd11MMsgBAQQAADPIAQEFAAA0SAGQBnx40wkAADZVAne5AjfIAVUu
405=OEgBaG9BAznIAVUCOsgBVQI7yAFVAjxIAdF3PcgBTRA+SAF0cEUoP0kBU0AFWQZAyAFVAU
406=FIAXgGTQVCSAEnHg9CAGgBVQJEVALFCEXIAVUCRkgBJx4PQgBgBF0KSFQCfHhVDUnIAU0F
407=SkgBfHhVAkvIAVUCTEgBzSZNKCkATigpAE8oKQBQSAF8eEUpUcgBRSlSSAHFCFNIAVwPaQ
408=BUKCkAVSgpAFYoKQBXKCkAWCgpAFkoKQBaKCkAWygpAFwoKQBdSAHBD15JASVAG0UPX0gB
409=yZBgSAHBBGEoKQBiSAGX0wAAY0gBwQRkKCkAZSgpAGZIAcF9Z0gBzQVoKCkAaSgpAGooKQ
410=BrSQH0TBFBO2zIAVETbUgBaHpVLm5IAdAJAhcAQwCmTAVB6xhIAZQNfXhDbAK/eEMAgFgH
411=QQQbQQRyqQEcSAHZdB1IAdUCHigpAB8oKQAgKCkAISgpACJIAcl6I0gBmw0EACRJAXypDC
412=VJAXqpASZIASccD8QTfHgnKQAp4AR98UOgcnx4wAR+eEMAhB598UNQ650NLlkGK4QBXfFD
413=WHqNATBUAowFfPHYBn/xQwALRSoHfHipAQh/eEMA2FQGQQM1WAZEAWkANkkBjmMBAAA3yA
414=FBBDhJAXq1AjnIAVUCOkgBYGdJATtIAcF9PMgBVQI9SAFs90UHPsgBVQI/SAF8eEEkQMgB
415=QTtBSAFsBUEEQkgBfApZBkPIAVUCREgBaAxNBUXIAUUIRkgBJx0PQ5x4VQJIVAJkCE0FSU
416=gBeAZVAkpJAYRQCkkAS8gBXQpMSAHNJk1IAdFhTkkBG0wGTQVPSAHBBFBIAXx4AQYAAFHI
417=AVEqUkgBXARpAFMoKQBUKCkAVSgpAFYoKQBXKCkAWCgpAFkoKQBaKCkAWygpAFwoKQBdSA
418=HFE14oKQBfKCkAYCgpAGEoKQBiSAGY1354QwCTYQAAZFQCyQFlSAGDXAAAZkgByQxnSAGD
419=XAAAaEgBwQRpSAHBBGpIAXB3VS5ryAFBnmzIAUGebUgBzQVuKCkAbygrABgARHQocXcZKC
420=kAGigpABtIAYgXfvFEANF3HVQCyQEeKCkAHygpACAoKQAhKCkAIigpACNIAZAffnhEACVN
421=ICVUAp8RBAAmSQExbAF/8UQAKakBKFUCLakBKUgBgH19eEQoHw9EADJhBABf8UQAK6kBLU
422=0FLqkBLkgBySIvKCkAMCgpADEoKQAyKCkAM0gBcHdFVDTIAVUuNUgBuApe8UQAfHhBBDdU
423=AmgBQQQ4SAF8eFUCOcgBVQI6SAHVZTtIAdVlPMgBQQQ9SAFsc1kGPsgBVQI/KCkAQMgBQQ
424=RByAFBBEJIAXwKVQJDyAFVAkTIAUlvRUgBdA1NFkZIAScdD0SM91UCSFQCePhNBUnIAVUC
425=SkgBfHhdCkvIAV0KTEgBxSlNKCkATkgBJYktT0kBH0wGRQhQSQEmUApJAVHIAVUBUkgBRA
426=JpAFMoKQBUKCkAVSgpAFYoKQBXKCkAWCgpAFkoKQBaKCkAWygpAFwoKQBdKCkAXkgB1Rhf
427=KCkAYEgByW9hSAGHVQAAYkkBcqEaYygpAGQoKQBlKCkAZkgB2QZnSAHZBmhIAY9dAABpSA
428=HBD2pIAXx4AQYAAGvIAVWcbEgBwQRtSAHZEW5IAd0Kb0gB0YJwSAHPBRkARWAqaXoaSAEn
429=Ph5FAIwQfHgnKQAdQATVAh4oKQAfKCkAICgpACEoKQAiKCkAIygpACRIASOjMAQAJUgBkB
430=B8eCc5AicoVQAoSAGRdwNFe0Wwd3x4yAF88cgBfXhFv/EAAC1YBtkcLigpAC9IASWZJDBI
431=AcEEMSgpADIoKQAzSQEmSE9VEzTIAVUBNUgBRAJpADZIAcktN0gB3Ss4SQF1ewMAADnIAV
432=kGOkgBeHRJATtIASJULE0EPMgBVQI9SAFgclUCPsgBVQI/SAF4Bk1oQEkB0VwAQQRBSAFk
433=CFUBQkgBYARJTUPIAVUCREgBcAlJAUVIAXx4QQRGyAFVAkdIAXB3VQJISQGDUApJAEnIAU
434=EPSkkBkUgCSQBLyAFVAkxIAc0mTUgBI+NDAABOSAHVAk8oKQBQSAF4J1UNUcgBRc5SSAFM
435=CmkAUygpAFQoKQBVKCkAVigpAFcoKQBYKCkAWSgpAFooKQBbSAHZEVxIAWgNTQBdKCkAXi
436=gpAF9IAc0FYEgBI+s5AABhSAGMXXx4xGB88ScpAGQogQBlKCkAZkkBd0QqVQ1nSAHFCGhI
437=AYxdfHgneQpqVAJ9eAl+eEUAaAEBCgAAbFQCl3AAAG1IAcUIbigpAG8oKQBwSAHJTnFIAd
438=cYGgBGWA9LAAQAG0gBgBp9eEbpeh1UAp8KBAAeKCkAHygpACBIAZcYBAAhKCkAIigpACNI
439=AYCTfPEntQElVAJYDm2JJigpACcoKQAoSQGVTUgAfnhGAGkBAXx4qQECfHioAUFGLEwFwR
440=otKCkALigpAC9IASPsPyKdS0btfjFUAtkGMigpADNIAcFRNMgBQVE1SAHNBTZIAYAlIl4t
441=RgDRNThUAnx4QTo5yAFFEzpIAXhpQRk7SAF0cEEEPMgBQQQ9SAFob1UCPsgBVQI/SAF8bU
442=UkQEgBZAhJAUFIAcl6QkgBwQRDyAFJDERIAXR7SQFFSAHBBEbIAVUCR8gBUQlISAF8eEEP
443=ScgBQQ9KSAF8eFUCS8gBVQJMSAHZoE1IAd0gTkgBQAlpAE8oKQBQSAHBBFFIAWQpRc5SyA
444=EBCAAAU0gBbAZNAFQoKQBVKCkAVigpAFcoKQBYKCkAWUgByQxaSAFACWkAWygpAFwoKQBd
445=KCkAXigpAF9IAcEaYEgB0QlhSAEjRCp8eMRgfHgnKQBkQASTYQAAZUgBxT9mSAHFCGdIAS
446=PwOiJcLSedCWlVAuxrFAAAasgBTTFrSAF9eA18eCetAG1UAs0QbkgB1Q1vKCkAcCgpAHFI
447=Acl6ckgBzxAbAEesDX54RwCEVSK+WkcA2XQeQASfCgQAH0gBzXMgSAGcBnx4JwUBIihVAC
448=NIAYQTfXhHJKgxfPEnKQAmQASbEQQAJ0gB0QkoSAFxdwR9eEeeeAUDWPKoAQEGAAArwARV
449=RCxIAdUYLSgpAC5IAd3mL0gBiBd+eEcAlA0ifTxH6XoyQATZzDNIAdEJNEkBJkguSQw1yA
450=FBUTZIAcEENygpADhJAY+OFwA5yAFFBzpJAX61AjvIAVUCPEgBIgwuQQM9yAFVAj5IAWB9
451=VQI/yAFVAkBIAdF3QSgpAEJIAXh0XW1DyAFdbURIAWQIWQZFSAHBBEZJAYJQCkkAR8gBQQ
452=RISQGQSAJJAEnIAVUCSkgBzSZLSAElWSdMSAGYPSK8WifNBE5UAlQHaQBPKCkAUEgB1SNR
453=SAF4J0XOUskBC3x410QAAFRUAngHTQBVKCkAVigpAFcoKQBYKCkAWSgpAFooKQBbKCkAXC
454=gpAF1IAdkRXkgBzRtfSAGXWgAAYEgB2RxhSAHVRGJIAcEEYygpAGRIAd0gZUgB3QpmSQHz
455=SBhZJ2fIAVkyaMgBWTJpyAFZwWpIAWh6VQJrSAHFCGxIAcUTbUgBzRBuKCkAbygpAHAoKQ
456=BxKCkAckgB1VpzSAHfChwASFwSSAB8eCcpAB5UAtV7H0gBl5EEACBIASMoV3x4IhBUAwAA
457=AQQAIlUCP0AIAQAEACNJAX9AG0kBJEgBlCN9eEj9gyZUAtEJJ0kBPrkGKEgBmxEEAClIAW
458=p6CQRdeEiIeklDK1QCgAQiXS1I4XItKFUALkgBg4gAAC9IAYAPfXhIJKwhfXhI6XoyQATR
459=CTMoKQA0SAHBUTXIAUFRNkgB1S43SAEjt04AADhIAXx4RR05yAFRNTpIAXx4VQI7yAFVAj
460=xIAXx4VQI9yAFVAj5IAXRwVQI/yAFVAkBIASceD0gAyQFCVALZ+EPIAU0FREgBZAhJAUVI
461=Adn4RkgBfHhdCkfIAUEESEgBfHhVAknIAVUCSkgBzSZLSAHFSkwoKQBNSAHBRk5IAc0mTy
462=gpAFAoKQBRSQEeVFtBOlLIAVUBU0gB2QZUSAFQA2kAVSgpAFYoKQBXKCkAWCgpAFkoKQBa
463=SAHRCVtIAWQJTQBcKCkAXUgBwQReSAHR5V9IAdUCYEgBmFMiXi1IAIBRfPEnRQljQATNBW
464=RIAcUIZUgBcXcFIp5LSABpAQYi3GmoAUG/aMAEQb9pyQEJfPEnXQFrVALdCmxIAdUubUgB
465=1S5uKCkAbygpAHAoKQBxKCkAckgBxYxzSAHdCnQoKwAdAEkhJGZPIwMAHkgBIyQ7fPEiTD
466=VHdgAAIFQCfHhdQSHIAV1BIkkBP1QGVQIjyQEDfPEiqHJYAnx4qAFNfiZABMm0J0kBPlwD
467=WQYoyAFZBilIAdWJKkgBJSUxK0gBzWgsSAHJFy0oKQAuSAHVLi9IAcEEMEgBzSYxSAHNJj
468=JIAdWyM0gBxVU0SQHFWBFJADXIAUFRNkgB3Qo3SAHdCjhJAX5cFk0FOUgB1QI6SAHNfjtI
469=Ad0KPEgBJeVqPcgBXQo+SAFo6EkBP0gBYHJJAUDIAV0KQUgBJx0PSel6Q1QCaHpBBETIAQ
470=QBAABFAEkAEQAAgA8AIApNAQAAAgAARgBJAIQAgQBHyAFBA0hKAf//lQJJSgF8AokBSkkB
471=cqkBSygpAEwoKQBNSQF3oQROSQF6qQFPSAHRCVBJAYK1AlFJAduaCgBSyAFBD1NJAQRcAE
472=EDVMgBVQFVSAFEAmkAVigpAFcoKQBYKCkAWUgB1Q1aKCkAWygpAFwoKQBdSQEFXAtFEl7I
473=AQEDAABfSQH5bw0AAGDIAU0EYcgBTQViyAFNBWNJAf2tBWRJAcypAWXIAVkGZkkB81QCAQ
474=sAAGdIAcUTaCgpAGkoKQBqKCkAa0gB1S5sSAHVLm0oKQBuKCkAbygpAHAoKQBxKCkAckkB
475=dVwWWRBzSAHNEHQoKQB1KCgAAh4ASgBFQAVZBR9JAaZIAUkAIEgB2REhSQF0VANVAiJJAX
476=apASNJAT9IAgEFAAAkSQFBSAFBAyXIAUElJkgBxQgnSAHZBihJAT5MBVkGKUkBfkwGVQEq
477=SAHRFCsoKQAsKCkALSgpAC4oKQAvKCkAMEkBf7EJMUgBzVIySAHFKTNIAckiNEkBxVQOWQ
478=U1yAFdFTZJAQ1cN0kAN0kBgFQDTQQ4SAHFCDlIAd0gOkgB1QI7SAHdCjxJAY5MBkkAPcgB
479=UQk+SQF/SAJJAD9JAXtcAEkAQMgBQQRBSQHRQBBVAkIoKQBDKCkAREkBUEAFTQRFSAF8eE
480=0FRkgBfHhdFEfIAUEESEgB1S5JSAHRFEooKQBLKCkATEkBeVgHUQlNSAHBME4oKQBPKCkA
481=UCgpAFFIAXx4RQdSyAFBD1NIAXx4AQQAAFTIAU08VcgBAQYAAFbIAQEHAABXSQH3VA5JAF
482=jIAVkbWcgBXQpayAFdCltIAWR2XQpcyAFdCl3IAV0KXsgBXQpfSAF8eE0FYMgBTQVhyAFN
483=BWLIAU0FY0gBfHhBD2RIAXx4QQ9lyAFBD2ZIAckiZygpAGhIAd0raUgB3UFqKCkAa0gB1S
484=5sKCkAbSgpAG4oKQBvKCkAcCgpAHEoKQBySAHRS3NIAdkRdEgBzRB1SAHFa3ZIAcAEAR8A
485=SwDJASBIAd1iIUgBxRMiKCkAI0gB1RgkKCkAJSgpACZIAdkGJygpAChIAdkGKUgB3W0qSA
486=HNwCtJAaJAPEkALEgB2REtKCkALigpAC9JAaBABUkAMEkBnlwASQAxSAHZBjJJAXtYM1UC
487=M0gB2RE0SAHRHzVIAXB3TQQ2yAFJODdJARVAPEkAOEgBxQg5SAHFCDooKQA7SQF1WAdJDD
488=xIAXx4VQE9yAFRCT5IAXx4UQk/SAF8eEEEQMgBQQRBSAEnHg9LAMkBQyhVAERJAU5YB00F
489=RUgBfHhFCEZJAYVUDkkAR8gBTQRISAHdFUlIAd0VSigpAEtIAd0VTEgBwSVNKCkATkgBTA
490=ppAE8oKQBQSAHNBVFJARxIDUUEUsgBVQFTSAHBBFQoKQBVSAF1ewp+eEsAaAFd21dUAnx4
491=XW1YyAFdbVnIAV1tWsgBXW1bSAF8eAEIAABcyAEBCQAAXUgB1Q1eKCkAXygpAGAoKQBhKC
492=kAYigpAGMoKQBkKCkAZSgpAGYoKQBnSQGASC5FHmhIAdFWaSgpAGooKQBrKCkAbEgBwTBt
493=KCkAbigpAG8oKQBwKCkAcUgByQxySAHFCHNIAcFndEgB1QJ1SAHVOXZIAckid0kBeFAVSw
494=AgAEzpeiFIAcl6IkgBxQgjKCkAJCgpACUoKQAmKCkAJygpAChIAcEPKUgBwQ8qKCkAK0kB
495=n0AQSQAsSQGaXABJAC1IAc0FLkgB0XcvSQGZVANJADBIAcEEMUgBxYEySAHJFzNIAckXNC
496=gpADVIAcl6NkkBFUBSVWU3yAFdTDhIAcUIOUgBxQg6KCkAOygpADxIAcktPSgpAD5IAckM
497=P0kBd1AVSQBAyAFBDkFIAXh0SQFCSAFk70EEQ0gByXpESAHVAkXIAU0FRkgBfHhdS0fIAU
498=kXSEgB3RVJSAHdQUooKQBLSQF1TAZJDExIAc0mTUgBRAJpAE4oKQBPKCkAUEgBzQVRSAF8
499=eFEIUsgBQQ9TSAHBBFRIASUNLlVIAXAKTQBWSAHBBFcoKQBYKCkAWSgpAFooKQBbKCkAXC
500=gpAF0oKQBeSQF8TBFJDF9IAdnBYEgB1Q1hSQGkVANJAGJIAcVKY0gBwQRkKCkAZUgBzUdm
501=SAHBBGdIAclOaEgBxQhpSAHBBGooKQBrSAElTStsSAHNMW1IAc0xbkgB2UhvKCkAcEgB2T
502=JxSAHdCnJIAcUIc0gB2QZ0KCkAdUgBJUkldkgB2QZ3SAF8eFdEIQBN/XgiSAHRCSNIAdEJ
503=JCgpACUoKQAmKCkAJ0gByRcoSAHRFClIAdUNKigpACtJAaNcLEkALEgBzXMtSAHNBS5IAd
504=V7L0kBm0AFSQAwSQGYXABJADFJAZ1cAEkAMkgB2QYzSAHV0zRIAckXNUgB2RE2SQEVWB1N
505=wDfIAU3AOMgBTcA5SAHRHzpIAcUIO0gBzRs8SAHVAj0oKQA+SQF1sUs/SAF09EUTQMgBQQ
506=5BSQF6SAJJAELIAVUCQ0gByXpESQFPSAJBBEXIAVUBRkkBikgCSQBHyAFVAkhJAZNIAkkA
507=ScgBVQJKSAHdIEtIAdUYTEgBzV1NSAFIBmkATigpAE9IAdVwUEgBxQhRSAEiLDJRBVLIAU
508=kMU0gBwQRUSAFQA2kAVUgBxWtWSAHJm1dIAcEPWEgBYAVNAFlIAcUIWigpAFsoKQBcKCkA
509=XSgpAF5JAYG9K19IAcUIYEgBzWhhSAHVAmJIAc1HY0gBwUZkKCkAZUkBlkwRSQBmSAHBBG
510=dIAdUCaEgByU5pSAHBBGpIAcl6a0gB1Q1sSAHNfm1IAcEEbkgBwVFvSAHBRnBIAdVEcUgB
511=0Y1ySAElaSlzSAHZBnRIAc0FdUgB1Q12KCsAIgBO5XYjSAHZPSRIAdUNJSgpACZIAdEJJ0
512=gBzSYoSAHRKilIAckMKkgByZsrSAHVAixIAdEqLUgBySIuSAHRdy9IAc0FMEkBoVArSQAx
513=SAHVAjJIASWRIzNIAdlpNEgB3RU1SAHVAjZIAc1HN0kBFUhPAQoAADjIAQELAAA5SAHdCj
514=pIAdUYO0gB1QI8SAHFKT1IAckMPigpAD9IAdntQEgBZHZV00FIAXh0SU1CyAFVAkNIAWxz
515=WRBESAHZ7UVIAXjtVQJGSAF4dFkGR8gBWQZISAF4dFUCScgBVQJKSAHRFEsoKQBMKCkATU
516=gBJf1BTkgBzQVPKCkAUEgBwQRRSAF4dEkMUsgBSQxTSQEMWBJJAFRIAcUIVUgB1URWSQF1
517=TAZFNFdIAVgAaQBYSAHdeFlIAdUjWkgBxQhbKCkAXCgpAF1IAclZXkkBnGgJIu5KTgDRYW
518=BUAsUIYSgpAGJIAc3AY0gB3W1kSAHVcGUoKQBmSAHBBGdIAclOaEgB3QppSAHZU2pIAcUI
519=a0gBxVVsSAHVAm1IAcUIbkgBySJvSAHVRHAoKQBxSAHdmXIoKQBzSAHFVXRIAcHrdUgB2x
520=EjAE/tcyRIAckMJUgB2QYmSAHVDSdIAcktKEgBxQgpKCkAKkgBzRsrSAHdKyxIAcEaLUgB
521=1SMuSAHNGy9IAdEJMEgBJ0AOJ2UCMlQCxYEzSAHNBTRJAX2pQzVIAdUCNigpADdJARVFSw
522=1ick8AaQEOY3JPAAtUAkkAOkAE2QY7SAHNfjxIAdEfPUgB0R8+KCkAPygpAEBIAckiQWgB
523=pUpCyAFJDENIAWByTV1ESAEnQg5PAGByVQJGVQJaQAVFB0dIAXQCTRpISQGGSAJJAEnIAU
524=0ESkgB0RRLSAHZPUwoKQBNSQF1WAdZBk5IAc0bT0gB1WVQSAHBBFFIAcEEUkgBdHBFB1PI
525=AUUTVEkB2EQJQQ9VSAHNBVZIAdmVV0gBzRBYSAHBJVkoKQBaSAHBBFtIAd2kXEgB0QldKC
526=kAXigpAF9IAdlIYEgB3WJhSAHZdGJIAcUIYygpAGRIAdkGZUgB0UtmSAHNBWdIAcEEaEgB
527=2VNpSAHZU2ooKQBrSAHFVWwoKQBtSAHNBW5IAdkRb0gBwWdwSAHdIHEoKQBySAHJb3NIAd
528=kRdCgrACQAUPVwJSgpACZIAcktJ0gB3TYoSAHZ+ClIAdUYKkgBxR4rSAHJDCxJAaVIOEkA
529=LUgB1QIuSAHdmS9IAd0rMEgBxR4xSAHd/DJIAdkGM0gB2Ug0SAHZHDVIAc08NigpADdIAd
530=1iOEgBfG1FSjnIAQEEAAA6yAEBBQAAO0gByQw8KCkAPUgB0So+SAHVDT8oKQBASAHRKkFJ
531=AXZMHF1XQsgBVQ1DSQFRUFdJAERIASKwSE0ERcgBVQJGKCkAR8gBQQRISAFob1EJScgBUQ
532=lKSAHRFEtIAdkyTEgBxRNNKCkATkgByCJZfADBBFBUAskBUUgB1SNSSAHdClNIAXxtQQ9U
533=yAFBD1VIAcEEVkgBySJXSAHRCVgoKQBZKCkAWkgBwUZbSAHFCFwoKQBdKCkAXigpAF9IAc
534=lDYEgB3UFhSAElCTNiSAHRCWMoKQBkSAHZBmVIAc0FZkgBzQVnSAHdumhIAdUCaUgB2QZq
535=SAHZBmtIAVwwaQBsKCkAbUgB0XduSAHVcG9IAdVwcEgB2TJxSAHRH3JIASWNKHNIAcMPJQ
536=BR/W0mSAHRKidIAcVKKEgBwWcpSAHZBipIAc0QK0gBwQ8sSAHBBC1IAdUNLkgB1QIvSAHR
537=CTBIAdUCMSgpADIoKQAzSAHVGDRIAd3QNUgB2T02KCkAN0gB3RU4SAHdCjlIAX1tB3FsUY
538=ndCHJsUQBwS1lePEAEJRk1PUgB2QY+SAHBDz9IAdknQEgBwQRBSQGPczIAAELIAVEJQ0kB
539=fLUCRMgBVQJFyAFBA0bIAVUCR0gBIvxXVQJISQGQXABJAEnIAUEESkgBxYxLSAHFHkwoKQ
540=BNKCkATkgB1SNPSAHNBVAoKQBRKCkAUkgB0c9TSQEbSA1BD1TIAVUBVUgB2RxWKCkAV0kB
541=e1RxTQVYSAHJDFkoKQBaKCkAW0kBeK0FXEgB1Q1dSAHdCl5IASUNI19IAdUCYEgBWAtpAG
542=EoKQBiSQEsbwIAAGNJASmpAWQoKQBlKCkAZkkBLaEEZ0gB2WloSAHFuGlIAdEJakgB0Qlr
543=SAHZBmxIAaIIAG1IAcUIbkgB2X9vSAHNc3BIAdVlcUgB1U9ySAHDXCYAUuVrJygpAChIAS
544=UdMClIAdEfKkgBJzoNUgDJeixUAtHaLUgB1QIuSAHBGi9IAcUIMEgB0SoxSAHVAjIoKQAz
545=SAElyTU0SAHBBDVIAdUYNkgB1Rg3SAHBBDgoKAAJOQBSAP//AAAAAAA6EQAAhQ8AIAgAUg
546=DYAAAAAgAAO8gBAQMAADxLAf//AGEAPUkBgFQDTQE+SQFyqQE/KCkAQEkBdrUCQUkBj0AF
547=VQFCyAFRCUNJAXy1AkTIAVUCRcgBTQVGyAFVAkdJAX9MBQEBAABISQGQSAFBBEnIAUEESk
548=kBe0gCQQNLSAHZEUwoKQBNSQF1oQROSAHVGE9IAdkGUEgB2QZRSAHNBVJIAc0FU0kBG0AQ
549=UQhUyAFBD1VIAcEEVkgBySJXSAHRCVgoKQBZSQF3WAdRFFpIAckMW0gBxQhcKCkAXUkBfK
550=0FXkgBxSlfSAHNBWBIAUAJaQBhKCkAYkkBKG8CAABjSAGHCAEAZEkBenMJAQBlSAGfAwEA
551=ZkkBMY4BAGdJAS2pAWhIAaYBAGlIAdEJakgBgw8BAGtIAdkGbEkBKbEFbUgBxQhuSAGyAg
552=BvKCkAcEgBhwgAAHFIAcAEAScAUwDVAihJAYFzFAAAKUgB1QIqSQGjsQUrSQGdqQEsSAHB
553=BC1JAaW1Ai5IAdUCL0kBprUCMEgB1QIxKCkAMigpADMoKQA0KCkANSgpADYoKQA3KCkAOC
554=gpADkoKQA6SQEcVERNDzvIAVUBPEgBzRA9KCkAPkkBf6UeP0gBwUZASAHVREFIAZ82AABC
555=SAHFCEMoKQBEKCkARUkBfLEJRkgBwUZHSAHZBkgoKQBJSAHNBUpIAcEPSygpAEwoKQBNKC
556=kATkkBdKkMT0gB0RRQSAHFCFFIAdUCUkgByRdTSAFgZwEEAABUyAEBBQAAVUgBxRNWKCkA
557=V0kBe6kMWEgByWRZSAHNBVpIAcEEW0gB2RxcSAHBBF1IAcEEXkgBxRNfSAHNBWBJASxYM0
558=kAYUgB3VdiSQEwSAJJAGNIAYBRYmdTAIwFYWdTXFJYA2JnUwCNXQFCZ1MA0WFoWAbRCWlI
559=AdEJakgBiC1iZ1MAjxABAGxUAkgJAgAAAQBtSAHFCG5IAcUIb0gBiwwAAHBIAY8FAAAoQC
560=jZHClJAYKhJSpIAdUCKygpACxIAcVgLUgBwQQuKCkALygpADAoKQAxKCkAMigpADMoKQA0
561=KCkANSgpADYoKQA3KCkAOCgpADkoKQA6SQEcUGJVFzvIAUGpPEgB0RQ9KCkAPigpAD9IAZ
562=syAABASAHNBUEoKQBCKCkAQ0gBybFESQF4SA1JKEVIAd1BRigpAEdIAdVaSEgBzQVJSAHN
563=BUooKQBLKCkATCgpAE0oKQBOSAHRVk9IAdEUUEgByRdRSAHVAlIoKQBTSQHGRBRJAFTIAU
564=EkVUgBzQVWSQF8tRhXSAHFE1goKQBZSAHVGFpIAcEEW0gBwXJcSAHBBF1IAcEEXigpAF9I
565=AckXYEgBwb9hSAGDDwEAYkgB3VdjSAHdYmRIAYxda2RUAH5xFAJNy1S8YmlkVOFnaEwFgV
566=wBTctU7WhqVAKEdmpkVACEE2lkVPVlbUAERCN1ZW4oKQBvSQEqmAJZC1X1yCpAi80mK0gB
567=0UAsSAHVkS1IAcEELkgBnxUAAC9IAdUCMEgBhR4ARRhVrxAAADJUAsEEMygpADQoKQA1KC
568=kANigpADcoKQA4SQHRvRU5yAFNPDpJAd61AjvIAVUCPEkB1bUCPcgBVQI+SAHNED8oKQBA
569=KCkAQSgpAEIoKQBDKCkARCgpAEVIAZcuAABGSAGXLgAAR0gB0UBISAHVDUlIAc0FSkgBzQ
570=VLKCkATCgpAE1IAclOTkgBzQVPSAHBMFBIAd0KUSgpAFJJAehEHllHU8gBUYJUSAF8YkkB
571=VUgB2QZWSAHd5ldIAdUNWCgpAFlIAcEPWkgBwRpbSAHFCFxIAcUIXUgBzQVeKCkAX0gB2Q
572=ZgSAEnMgxVAJgGc2FVAHlQFUW4Y+MEAQBkSAGLTgIAZUgBhBNyYVUAiW8CXMXHSgIAaEAE
573=Qx4AAAJSYVUAi1kBAGpUAogtcmFVAIQIcmFVAJgRfcVVlAZBD25MBYEaAVUHVuZgKwAnKQ
574=AsKCkALUgB1VouSAHFHi9IAYcTAAAwSAHVAjFIAZQNeF4nMQEzVALFCDRIAYeBAAA1SAGP
575=EAAANigpADdJAfRYFFFWOMgBTSU5SAFkYFU5OkgBeF5VAjvIAVUCPEgBeF5VAj3IAVUCPk
576=kBCkQJSQA/SAHVDUAoKQBBKCkAQigpAEMoKQBEKCkARUgBnCt6XlYAxR5HVAKILSJ+MVYA
577=JwwYJ4EASkAEzQVLKCkATEgBk0AAAE1IAcUTTkgB1b1PSAHVAlAoKQBRSAFsXQEFAABSyg
578=EGAFb8VgB1AgcimCQn1QVVQATFCFYoKQBXSAFYK2kAWCgpAFlIAc0bWkgB3RVbSAHRNVxI
579=AWwGTQBdSAHNBV5IAc0FX0gBxT9gSQEvQAVJAGFJAStcAEkAYkkBM1wASQBjSAGABHpeVg
580=CBBAFaXlYAgQQBTcBWtGV5Xla0ZXleVlAHSAB5XlZAV0gBe15WAH1YPlVaa1wKTAJ1vWxI
581=AYQpe15WADKYAkUNV+xdASwAVwCdbQBTyVcAcmcIAAAuVALJAS8oKQAwKCkAMSgpADJIAc
582=VgM0gB2QY0SAHBOzVIAcEwNkgBdFpNUjfIAQEEAAA4yAFVOTlIAc0FOigpADsoKQA8KCkA
583=PUgBdFpFCD7IAUUIP8gBXUFASAHRCUEoKQBCKCkAQygpAEQoKQBFSAGMlGFcV7QufLonzQ
584=RIQATdCklIAdFASkgB0R9LSAHRQExIAc0FTUgBvi8ATkgB1QJPKCkAUEgBfFcBCAAAUckB
585=CWFcV5VaCmBcJw0CVEAEzYlVSAHZU1ZIAckMVygpAFgoKQBZSAHdFVpIAd0VW0gB3RVcSA
586=HFCF1IAd0gXkgBzQVfKCkAYEgBxT9hSAHNEGJIAdW9Y0gBkEtiXFcAgARiXFcA2V5mQATZ
587=XmcoKQBoKCkAaUkBLnwRYlxXAIgXfrpXAIzhfLrIIgIBACwAWPVaLUgByRcuSAHJFy8oKQ
588=AwKCkAMSgpADIoKQAzSAHJIjRIAdE1NUgBJc0wNkgBaFldTDfIAV2OOEgBzQU5KCkAOkgB
589=0TU7SAGcICIsSCe9Aj1UAtkGPkgBdFpFPz/IAUU/QMgBAQsAAEFIAc0FQigpAEMoKQBEKC
590=kARSgpAEYoKQBHKCkASCgpAElIAc0mSkgBzSZLSAHdeExIAcEPTUkB81gyQcpOyAFBh0/I
591=AVV7UMgBTXNRSAF1Wg1oWSfFA1NUAtEJVEgBwQ9VSAHVDVZIAUQMaQBXKCkAWEgBxSlZSA
592=HRFFooKQBbSAHdNlxIAXgHTQBdKCkAXkgBm0gAAF9IAcUIYCgpAGFIAcUIYkgBhFUiLUhY
593=t7IAAGRUAsWtZUgBJRUvZkgBJWUuZ0gBI+s5AQBoSAHFYGlIAZRlaVlYuIprWVgAMkQUSw
594=AtAFn9Vy5IAckiL0gBweswSQFyXCxNBTEoKQAySAHBBDNIAckXNEgB3Ss1KCkANkgBcFZR
595=SzfIAVFLOEgBzQU5SAHdKzpIAdUNOygpADxIAd1XPUgB2QY+KCkAP0gBfVcOIpI5WQBpAQ
596=9zVlkA0lwWQUZCQQQEXABVAUPIAVUBREgB0QlFKCkARigpAEcoKQBIKCkASSgpAEpIAYvd
597=AABLSAHRCUxIAWRVRcNNyAFFdk7IAUV2T8gBUa5QyAFVI1FIAcUIUigpAFMoKQBUKCkAVS
598=gpAFZIAdknV0gBmT0AXj5ZAMUpWVQCyQFaKCkAW0gByThcSAHZBl0oKQBeSAHZBl8oKQBg
599=KCkAYUgBwWdiSAFMK2kAY0gBybFkSAEn0gpZAJQCIoAhy04CAGdBBCpwBnFWWWABIv0gaV
600=QCkCpwVswFAgEALgBa5VUvKCkAMEgB0VYxSAHZETJIAcUpM0gBkwkAADRIAdUCNUkB7L0N
601=NsgBXUE3SAFkVVWGOEgBzQU5SAHRdzpIAckiOygpADxIAcEPPUgB2QY+KCkAPygpAEBIAW
602=xSRWpByAFFl0JIAXhTRZdDyAFNR0TIAU1HRcgBTUdGSQH4qRdHyAFJF0jIAV0KScgBXQpK
603=SQH8rQVLSQHMqQFMyAFZBk1IAWRVSbxOSAHJF08oKQBQKCkAUSgpAFIoKQBTKCkAVCgpAF
604=VIASUZS1ZIAdknV0gB2SdYKCkAWSgpAFpIAc2JW0gBuhUAXEgBzTxdSAHFCF4oKQBfKCkA
605=YEgBxQhhSAHFCGJIAYimbqpaACPgQ22qWib1KmVABJCuelNaACd5IFpYTkwIe1NaADJEAU
606=kAaUwFgAQi/UFb7lIwACcpADEoKQAySAF8K0ktM8gBRTQ0yAFFNDXIAUU/NkgBbFJVAjdI
607=Ac0xOCgpADlIAcUpOkkBckQJWRE7SAHFHjxIAdkGPSgpAD4oKQA/KCkAQCgpAEEoKQBCKC
608=kAQygpAERIAXhTWbZFyAFBRkZIAWBRSRdHyAFRVkjIAVFWScgBUVZKSAFgUV0gS0gBYFFV
609=F0zIAUUeTUgByRdOKCkAT0kBokwcSQBQSAHBBFFIAdUCUkgB1QJTKCkAVCgpAFUoKQBWSA
610=HZSFdIAc2fWEgBxSlZKCkAWigpAFtIAdHPXEgBSBFpAF1IAc0xXkgBxQhfKCkAYEgB2TJh
611=SAFsBk0AYkgBmKBiUVsAmLYinipbAIQIIp4qWwCUDWFRW0QGSQABX6RbADJEAUkAaEQII3
612=AqIu0/XPVPMVBkfExBMDLIAUEwM8gBQTA0yAFFzjXIAUXONkgB2Sc3KCkAOEgBhxMAADlJ
613=AXJENUEPOkgBzSY7SAHBnjxIAcUIPUkBIa0FPkkBG6kBP0gBwQRASQEjtQJBSAHVAkJIAS
614=V5K0NIAdUCREgBJZFPRUgB1QJGKCkARygpAEgoKQBJKCkASigpAEsoKQBMSAFQGWkATSgp
615=AE5IAckMT0kBn3sDAABQSQGcqQFRSQGWqQFSSAHVAlNJAZq1AlRIAcUIVUgBJ+wTJ4UGV1
616=QCwQRYSAHNR1lIAd0rWigpAFsoKQBcSAEnah5cAM0FXlQCyQFfKCkAYCgpAGFIAZtIAABi
617=SAEnyQlcJGg/aU5cJpVKZUAEhFVrTlwAMqEaZ1QC30wxAF39TDJIAXxMWX8zSAHBGjQoKQ
618=A1KCkANigpADdIAcVKOEkBcrFAOUgBgw8AADpIAdEJOygpADwoKQA9SQEkuQY+SQEcqQE/
619=SQEZqQFASQEXqQFBSAHVAkJJAR+1AkNIAc0QREgBzRBFSAHBJUZIAc0QR0kBJbkGSEgByV
620=lJSAHBBEpIAclZS0gB1QJMKCkATSgpAE5JAaSxKk9JAZmpAVBIAdkGUUkBobUCUkgB1QJT
621=SAElhXRUSAHVAlUoKQBWSAHYoAZXAF0AgAIAAAARAAA2DtEeBgAAWABdAHICAGAAA1kAXQ
622=ByAmYBAFooKQBbKCkAXCgpAF0oKQBeKCkAXygpAGAoKQBhSQF1vQpiSQEvhgwAY0kBM6kB
623=ZEgBhwEBAGVJAYFvBQEAZkkBKpgCBAAyAF4A//+NATMoKQA0KCkANUkBgHsGAAA2SQF0qQ
624=E3SAHBGjgoKQA5KCkAOkkBdq0FO0gByQw8KCkAPSgpAD4oKQA/SQEguQZASQEXqQFBSQEe
625=qQFCSQF8qQFDSAHNEERJAXe1AkVIAdUCRkkBerUCR0gBzRBISAHJDElJARmhBEpIAckMS0
626=gBzQVMSQGkkiMATUkBnqkBTkgBwQRPSQGftQJQSQGYqQFRSQGdqQFSSAHNBVMoKQBUSQGm
627=oQRVSAHBBFZJAaG1AldIAdUCWEkBf7EUWUgBzRtaKCkAWygpAFwoKQBdKCkAXigpAF8oKQ
628=BgKCkAYSgpAGJIAd02Y0kBKLkRZEgBmBF5SF5QRpsCMwBf7Uc0SQF+sRQ1SAGMBWNGXwB7
629=tQI3VALJFzgoKQA5KCkAOkkBea0FO0gBxQg8KCkAPSgpAD4oKQA/SAHVOUBJARqlCEFIAd
630=FWQkgBwQ9DSAHVZURIAckMRUgBn2IAAEZIAdUCRygpAEhIAckMSUgByQxKSAHNBUsoKQBM
631=KCkATSgpAE4oKQBPSQGjlicAUEkBmakBUUgB0QlSSQGgtQJTSQGaqQFUSAHBBFVIAc1SVk
632=kBlqEEV0gB2VNYSAHNBVlIAcEwWkgB3SBbKCkAXCgpAF0oKQBeKCkAXygpAGAoKQBhKCkA
633=YkgB3TZjSAHJkGRJASukEwE0AGAA3Ss1SAHFEzZIAcUTN0gBxRM4KCkAOUgB0TU6SAHZBj
634=soKQA8KCkAPUkBIaU/PkgByXo/SAHBiEBIAd02QUgB0QlCSAHFa0NIAdUNREgBwQRFKCkA
635=RigpAEcoKQBISQEkoQ9JSAHVDUpJAR+1AktIAdEJTCgpAE0oKQBOSQGioSVPSAHNBVBIAd
636=mKUUgB2YpSSAHZPVNIAcWMVEgB2QZVKCkAVkgBJy0RYPl0WFQCzQVZSAHRH1pIAcEwW0gB
637=walcSAHVAl0oKQBeKCkAXygpAGAoKQBhSAHFKWJIAdUNY0gBtBwBADUAYfkRNkgBJxIIYQ
638=DVDThUAskBOSgpADpIAcGTO0gB3Qo8KCkAPUgB2XQ+SAHNMT8oKQBAKCkAQUkBG6U0QkgB
639=0QlDSAHFVURIAdUCRSgpAEYoKQBHKCkASCgpAElJASa9CkpIAcUISygpAEwoKQBNSAHBfU
640=5JAZu5I09JAZypAVBIAdUCUUgBxT9SSAHVhlNIAckMVEgB0QlVSAHBRlZIAc0FV0gBzQVY
641=SAHRz1lIAdUCWkgB0R9bSAHVAlxIAcU0XUgB2TJeKCkAXygpAGBIAc1HYUgB0YJiSAG8GQ
642=IANgBiAMlON0gBzQU4SAHdCjkoKQA6SAHZSDtJASWxKjxJAR2pAT1IAc08PigpAD9JARyh
643=BEBIAcEEQUgB2X9CSAHNG0NJASOtBURIAdUCRSgpAEYoKQBHSAHNEEhIAdV7SUgB2QZKKC
644=kASygpAEwoKQBNSQGloSFOSAHZBk8oKQBQKCkAUUgB2X9SSAHRQFNIAcE7VEgB3UFVKCkA
645=VkgBzQVXSAHJx1hIAdUNWSgpAFooKQBbKCkAXEgBJ7kHYuFyXlQC0TVfSAHBO2BIAd0KYS
646=grADcAY/V7OEgB2T05SAHNPDooKQA7SAHJejxIAdEJPUgBJx4PYwDdNj9UAsEEQEgBwQRB
647=SAHZPUJIAcG/Q0gB1QJESAHBRkUoKQBGSAHJOEdIAd0KSCgpAElKAScBlTVKyAFVAUtIAc
648=0FTEgBJRkqTUgB1RhOSQEslgYAT0kBKakBUEkBLakBUUgB0UBSSAHRCVNIASVNIFRIAck4
649=VUgBybxWSAHNBVdIAcUIWEgB1QJZSAHZEVpIASWRLlsoKQBcSAHBMF1IAcVrXkgBxQhfKC
650=kAYCgrADgAZPU5OUgByUM6SAHRCTsoKQA8SAHdID1IAcU0PkgBzTE/SAHFNEBIAcE7QUgB
651=zRBCSAHVp0NIAdUCRCgpAEUoKQBGKCkARygpAEgoKQBJSAFoOEF8SsgBAQMAAEtIAd0KTE
652=gB2VNNSAHJIk5IASXRK09IAY8FAQBQSAElwTRRSAGXAgAAUkgBJdErU0gBqjwAVCgpAFVI
653=Ac0FVkgBwQRXSAHVAlgoKQBZSAHZEVpIAd1tW0gByS1cKCkAXSgpAF5IASWNM19IAd8KOQ
654=Bl5a06SAHRCTtIAdEJPEgBxR49SAHVLj5IAcUIP0gBJWUjQEgBJWk0QUgBwQRCKCkAQ0gB
655=1U9ESAHVT0VIAd1BRkgB2QZHKCkASCgpAEkoKQBKSAF9NgVxNWX1T0xUAsUITUkBfVQ6VS
656=lOSAElwSlPSAElwSlQSQEuVANJAFFIAdkGUkgB3VdTSAHRFFRJAXixCVVIAd0VVkgB2QZX
657=SAHJelhIAcl6WUgByXpaSAHNBVtIAck4XEgByS1dSAHJLV5IAc8FOgBm7Rs7SAHZBjxIAd
658=mrPUgBzQU+SQEnsRQ/SAHVAkBIAdUuQUgByRdCSAHBBENIAd0KREgB2RFFKCkARkgB3SBH
659=SAHFCEhIAcUISSgpAEooKQBLKCkATCgpAE1IAd0rTkgB3QpPSAHdClBIAUgyaQBRSAEleT
660=ZSSAHFE1NIAdEfVEgBYAVNAFVIAdUYVkgB0QlXSAHZdFhIAZ8VAQBZSAHZdFpIAZcCAABb
661=KCkAXEgB0QldSAHXDTsAZ+0xPCgpAD1IAd0rPkgBwQ8/SAHdCkBIAcUeQUgBzTxCSAHBBE
662=MoKQBESAHNBUVIAcUeRigpAEdIAcUISEgBxQhJKCkASigpAEtIAcUTTEgByS1NSAHBfU4o
663=KQBPKCkAUEgByYVRSAFMK2kAUkgBJd0nU0gBzV1USAHNXVVIAc1dVkgBzQVXSAHJb1hIAc
664=lvWUgByW9aSAHVGFsoKQBcKCsAPABo9S49SAHZMj5IAdUjP0gBzRtASAHVAkFIAcElQkgB
665=yQxDKCkAREgBJ6oFaADJIkZUAsUIR0gBxQhISAFwIE0ASSgpAEpIAd0KS0gB0QlMSAHBRk
666=1IAcEETkgBzSZPSAHNJlBIAc0mUUgBwQRSSAHBBFNJATBUDkkAVEgBl8gBAFVJATFIAkkA
667=VkgBzQVXKCkAWEgB3QpZSAHNEFooKQBbKCgAAT0AaQDBBD5IAdUYP0gB3SBAKCkAQSgpAE
668=JIAdUuQygpAERIAc0mRUgB3QpGSAHdCkdIAcEESEgBRBhpAElIAcVVSkgB3QpLSAHNBUxI
669=AdUjTUgBxR5OSAHVI09IAWUJAHLwaQDVI1FUAsEEUkgBiwwBAFNIAZG5AVHwaaQ/cippAN
670=UCViiBAFdIAZNhAQBYSAHdCllIAd0rWkgB2xw+AGr16T9IAcVKQEgBxSlBKCkAQigpAEMo
671=KQBEKCkARUgB3SBGSAHFCEdIAd0KSEgBnxUAAElIAdUCSkgBzQVLSAEn+gRqANmgTVQC3S
672=BOSAGLDAEAT0gBkAl5J2r9IFEoVQBSSAGUWnonagCMMXonagCMMXgnJykAVkwF1QJXSAGA
673=JXknaoA0RTRZVALfrz8Aa/VPQEgB1URBSAHVGEIoKQBDKCkARCgpAEUoKQBGSAHFHkdIAd
674=kySEgBpA9BJWvGAQBKVALVDUtIAdkGTEgBJ6EEa7c5AQBOVALRH09IAdEfUEgB2RxRKCkA
675=UigpAFNIAZRPYiVrAJUuAlJ3awCXLgIAVkAEn8UCAFdIAYgiYyVrADK7FEAAbK8QAABBSA
676=HNPEJJAXK9/EMoKQBEKCkARSgpAEYoKQBHSAGXDQAASEgBpAxJImzEAUkibCYZVktABIce
677=AABMSAHFuE1IAcW4TkgBJe1gT0gBjCZtR2z5HFFUAtkcUigpAFMoKQBUSAGUGGoibACMG2
678=oibACAD2oibADLIkEAbfVEQkgB3TZDSAGHCAAARCgpAEUoKQBGKCkARygpAEhIAYQTYWdt
679=rTEAUh9tANFAS0AEzUdMSAGfNgAATUgBhYEAXUFt+WlPVAIn8QNtszUCAFFUAsEaUkgBkR
680=QCXo5tAMkBVFQClA1xH22gMHAfJysAQgBuswkAAENIAZAJeRxupwgAAEVUApAJIjhaJ1UA
681=RyhVAEgoKQBJKCkASigpAEtIAd0gTEgBmBF5HG60e3ocbgCdVwBeg24AkEBuPG4AhT8BWR
682=xu6RdSRAiYMngc2RECWatusCp7HG4AMnUFAUEab/c5RABv+RxFSQFytVpGKCkARygpAEgo
683=KQBJKCkASigpAEsoKQBMSAEnQQNv8TVOVAKUOWKebwCUOWAawARhGm/9V1JMBZgRYRpv+V
684=NUVALbU0QAcPUYRUgBJV0iRkgBmwYAAEcoKQBIKCkASSgpAEooKQBLKCkATEgBiAxtMXAo
685=6gJwACM0M2kXcKQ0aRdwpDRpF3CzdwIAUuQIaRdw9y5FAHH9FUZIAd0VR0gB3RVIKCkASS
686=gpAEooKQBLSAHRKkxIAclkTUgBhGBhRnEkCF9xFHGoF3IUcQAjFC99YnH1e1JZBjK/QUYA
687=cuUTR0gBxRNISQFyvUFJKCkASigpAEtIASc4AicFAU1UAic5AnJhDABFzk/0AngR1AJ5EX
688=L3I0cAc+0QSEgBzRBJSAHNEEooKQBLKCkATEgBzapNSAEn4AHQCX0gcyjiDHMAlacBXa90
689=9w1JAHTlYEpIAcF9S0gBwQ9MSAHZHE1IAZRwaS10sAlscycrAEkAdf0KSigpAEtIAcEaTE
690=gBJ3AJJ60ATlQC1zlKAHblCEsoKQBMKCkATSgrAEsAd0RNiCwITAB3AHAAAAABAAARAAA=

[Lighting]
Red=1.000000
Blue=0.940000
Green=0.970000
Level=0.032000
Ground=0.000000
IonRed=1.000000
Ambient=0.900000
IonBlue=1.000000
IonGreen=1.000000
IonLevel=0.032000
IonGround=0.000000
IonAmbient=1.000000

[Map]
Size=0,0,45,75
Theater=TEMPERATE
LocalSize=2,4,41,69

[OverlayDataPack]
1=GwAAIP4vGACEAgoKCP74AwCBBv//ATEYgQX+1AEAgL8AACD+KAAAhAYKCgn+CgAAggIM/v
2=ABAIEF2hoC//EDRgCBAf//ATgE/vEBAEPxggMDIAz/8QE3Bv4IAACBBAIDDA3/8wE1BjP/
3=EAOFBAYABgb/9wE2DBH5gQQSBAQJgQYWDP/wAUAOgQcWA0IKQAr/7gFCCoIHBjoFggcH//
4=UBOxIh+QYBBAmBBxoI//MBQBSBCCwIhAYIBgcYDv/yAT8SggYGKf4T/oEG//YBPBQB+ggE
5=DgH/9gE/Gsg6Dv/BAToOgDEAACD+IwoAgwEABP7+AQCCBgf//gElCoMEAAb//gEkCoUDAA
6=YGA/79AQD//gEpEP7bCwCABQAAIP4AIACANAAAIP4rFgCCAwP+/gEAgQb+/wEAhgQGAwAE
7=BP77AQCFBwAACAj/+wExFIIABv4DAAf/zwEsFoBkAAAg/iwAAIQEBgAH/v4BAIQDAAMB/g
8=gQAIMGCgj+/QEAgQX+/wEA/wACOhTTMQKCAQP/+gE2AMQmANU4GP7PAQAB6Mk/GoEHIBCE
9=AQAGBsw5HP/mAWIUgQTELgCFCAgACAb+qwEAgGgAACD+OgAAgQX+DgAAgwcGA/4DAACGBA
10=gKCAcE/uUBAMs6AIIDBkIHggoI/ucBAIEDzFICggMB/gUAAIEG/+YBVAD+DAQAgQb/6QFR
11=AuIkAP7xAQA5+f73AQD/AAJSBIED//8BRQr+vwsAgAUAACD+ACAAgAUAACD+ACAAgAUAAC
12=D+ACAAgAUAACD+ACAAgAUAACD+ACAAgAUAACD+ACAAgAUAACD+ACAAgAUAACD+ACAAgAUA
13=ACD+ACAAgAUAACD+ACAAgAUAACD+ACAAgAUAACD+ACAAgAUAACD+ACAAgAUAACD+ACAAgA
14=UAACD+ACAAgAUAACD+ACAAgAUAACD+ACAAgAUAACD+ACAAgAUAACD+ACAAgAUAACD+ACAA
15=gAUAACD+ACAAgAUAACD+ACAAgAUAACD+ACAAgAUAACD+ACAAgAUAACD+ACAAgA==

[OverlayPack]
1=HQAAIP4xFv+Brf79Af/+BAAA/vgD//8AAjAY/9UBLRyAiQAAIP4oAP/+BAAAyR4A/vAB/8
2=w3AP8ABjcA/vEB/0IAgnBwEAUAAv73Af8B+WAD//gBPAoEBBQH//UBOAwx+UIB//MBOg4T
3=/M0pEv7cAf+Brs8fEjP9/+cBOBLXHBAmBv/4AT4UIgH+BABw/uMB/4GvzyEUWgb/9QE6EE
4=4HMgD/+AFAGtAsHv62Af+AOAAAIP4jCv+BfwAC//4BJgiCf3//AQImCGICgbH/9gExDOMl
5=DIGv/9oBTQ7+JwD/ga3+wAv//+8BUBKAHQAAIP5MAP+BsP4HAv+Brv4JDP+Bsf7UBf+Brf
6=7MC/+ASwAAIP4aAP+Brv4DCv+Br/4NCP+Bsf4+Av+BsP6/Af+CcHD//gHcCf9DACwW/78B
7=bhSBcP9FACoW/7wBchbZLxr/4AEsEhP+FAT+zQH/gGkAACD+LAD/hHBw/3D+/gH/AgHMLw
8=CBr/7yCf+Brv4VBP//8QFAAv4DAAD+/QH/4jwSga3//wFgEv/xAV8SzTAC/uoB/4F/xicC
9=/+YBLgDLOhj+AwB/xioCUf//3gEzDMw6HEQAEf//rAFVGoBZAAAg/joA/4EA/g4A//4DAH
10=/+AwD//gYAcP7lAf/LOgAh/jIB/ucB/4IAAM07AEIB/vEF//4DAAD+DQD/ga//8AFVCP8A
11=AkUI//kDSAxH/YGt/gEM/4Gu/rgB/4AFAAAg/gAg/4AFAAAg/gAg/4AFAAAg/gAg/4AFAA
12=Ag/gAg/4AFAAAg/gAg/4AFAAAg/gAg/4AFAAAg/gAg/4AFAAAg/gAg/4AFAAAg/gAg/4AF
13=AAAg/gAg/4AFAAAg/gAg/4AFAAAg/gAg/4AFAAAg/gAg/4AFAAAg/gAg/4AFAAAg/gAg/4
14=AFAAAg/gAg/4AFAAAg/gAg/4AFAAAg/gAg/4AFAAAg/gAg/4AFAAAg/gAg/4AFAAAg/gAg
15=/4AFAAAg/gAg/4AFAAAg/gAg/4AFAAAg/gAg/4AFAAAg/gAg/4A=

[SpecialFlags]
Inert=no
FogOfWar=no
IonStorms=no
MCVDeploy=no
Meteorites=no
Visceroids=yes
FixedAlliance=no
TiberiumGrows=yes
InitialVeteran=no
HarvesterImmune=no
TiberiumSpreads=yes
TiberiumExplosive=no
DestroyableBridges=yes

[Structures]
0=Neutral,CA0002,256,59,90,64,None,1,0,1,0,0,None,None,None,0,0
1=Neutral,CA0003,256,66,102,64,None,1,0,1,0,0,None,None,None,0,0
2=Neutral,CA0004,256,59,95,64,None,1,0,1,0,0,None,None,None,0,0
3=Neutral,CA0001,256,68,96,64,None,1,0,1,0,0,None,None,None,0,0
4=Neutral,CA0005,111,54,17,64,None,1,0,1,0,0,None,None,None,0,0
5=Neutral,CA0006,256,36,24,64,None,1,0,1,0,0,None,None,None,0,0
6=Neutral,CA0009,256,49,13,64,None,1,0,1,0,0,None,None,None,0,0
7=Neutral,CA0008,96,45,16,64,None,1,0,1,0,0,None,None,None,0,0
8=Neutral,CA0012,256,72,107,64,None,1,0,1,0,0,None,None,None,0,0
9=Neutral,CA0012,256,72,104,64,None,1,0,1,0,0,None,None,None,0,0
10=Neutral,CA0012,256,72,101,64,None,1,0,1,0,0,None,None,None,0,0
11=Neutral,INGRNLMP,256,49,24,64,None,1,0,1,0,0,None,None,None,0,0
12=Neutral,INGRNLMP,256,58,27,64,None,1,0,1,0,0,None,None,None,0,0
13=Neutral,INGRNLMP,256,45,78,64,None,1,0,1,0,0,None,None,None,0,0
14=Neutral,TSTLAMP,256,47,16,64,None,1,0,1,0,0,None,None,None,0,0
15=Neutral,CA0020,256,42,18,64,None,1,0,1,0,0,None,None,None,0,0
16=Neutral,CA0017,256,42,20,64,None,1,0,1,0,0,None,None,None,0,0
17=Neutral,CA0018,99,42,21,64,None,1,0,1,0,0,None,None,None,0,0
18=Neutral,TSTLAMP,256,66,100,64,None,1,0,1,0,0,None,None,None,0,0
19=Neutral,CAFARM04,256,47,13,64,None,1,0,1,0,0,None,None,None,0,0
20=Neutral,MAILBOX,256,36,22,64,None,1,0,1,0,0,None,None,None,0,0
21=Neutral,LAMP2,256,58,93,64,None,1,0,1,0,0,None,None,None,0,0
22=Neutral,LAMP3,256,54,19,64,None,1,0,1,0,0,None,None,None,0,0
23=Neutral,LAMP2,256,36,27,64,None,1,0,1,0,0,None,None,None,0,0
24=Neutral,NEGLAMP,256,9,49,64,None,1,0,1,0,0,None,None,None,0,0
25=Neutral,NEGLAMP,256,19,35,64,None,1,0,1,0,0,None,None,None,0,0
26=Neutral,NEGLAMP,256,31,22,64,None,1,0,1,0,0,None,None,None,0,0
27=Neutral,NEGLAMP,256,47,7,64,None,1,0,1,0,0,None,None,None,0,0
28=Neutral,NEGLAMP,256,86,46,64,None,1,0,1,0,0,None,None,None,0,0
29=Neutral,NEGLAMP,256,114,74,64,None,1,0,1,0,0,None,None,None,0,0
30=Neutral,NEGLAMP,256,104,86,64,None,1,0,1,0,0,None,None,None,0,0
31=Neutral,NEGLAMP,256,91,98,64,None,1,0,1,0,0,None,None,None,0,0
32=Neutral,NEGLAMP,256,81,110,64,None,1,0,1,0,0,None,None,None,0,0
33=Neutral,NEGLAMP,256,34,74,64,None,1,0,1,0,0,None,None,None,0,0
34=Neutral,NEGLAMP,256,65,50,64,None,1,0,1,0,0,None,None,None,0,0
35=Neutral,INBLULMP,256,53,49,64,None,1,0,1,0,0,None,None,None,0,0
36=Neutral,NEGLAMP,256,66,107,64,None,1,0,1,0,0,None,None,None,0,0
37=Neutral,INBLULMP,256,63,66,64,None,1,0,1,0,0,None,None,None,0,0
38=Neutral,TSPIKE,256,29,37,64,None,1,0,1,0,0,None,None,None,0,0
39=Neutral,INGRNLMP,256,82,95,64,None,1,0,1,0,0,None,None,None,0,0
40=Neutral,TSPIKE,256,87,87,64,None,1,0,1,0,0,None,None,None,0,0

[TaskForces]

[Terrain]
7046=TREE07
8048=TREE04
9045=TREE10
9046=TREE03
9048=TREE01
9050=TREE07
10044=TREE04
11044=TREE05
12042=TREE06
12043=TREE07
12052=TREE03
14042=TREE04
15040=TREE05
15042=TREE03
15054=TREE11
20032=TREE17
20057=TREE22
21032=TREE06
21034=TREE11
21050=TREE24
22035=TREE08
23029=TREE05
23034=TREE05
23044=TREE25
23053=TIBTRE08
23063=TREE05
24028=TREE04
24031=TREE03
24034=TREE06
24066=TREE05
25025=TREE03
25026=TREE10
25029=TREE07
25033=TREE01
25034=TREE10
25043=TREE03
25045=TREE07
25065=TREE08
26028=TREE04
26042=TREE10
26065=TREE08
26067=TREE17
27028=TREE02
27034=TREE04
27035=TREE03
27049=TIBTRE04
27060=TIBTRE06
27064=TREE15
28031=TREE09
28043=TREE09
28044=TREE04
28045=TREE08
28046=TREE10
28065=TREE06
28067=TREE07
28068=TREE10
28069=TREE04
29046=TREE08
29048=TREE23
29067=TREE01
30028=TREE11
30047=TREE09
30049=TREE04
30068=TREE08
31067=TREE17
31069=TREE07
31071=TREE02
32067=TREE03
33072=TREE09
33073=TREE08
34020=TREE13
34042=TREE10
34043=TREE04
34067=TREE04
34071=TREE04
35016=TREE03
35040=TREE05
35041=TREE02
35070=TREE13
36015=TREE17
36018=TREE03
36042=TREE03
36045=TREE13
37018=TREE08
37019=TREE08
37058=TREE04
38015=TREE17
38017=TREE01
38019=TREE17
38058=TREE10
38060=TREE06
39017=TREE07
39054=TREE11
39056=TREE12
40017=TREE01
40018=TREE09
41064=TREE08
42017=TREE07
42020=TREE11
42065=TREE06
42083=TREE05
43012=TREE03
43013=TREE09
43014=TREE07
43020=TREE09
43035=TREE10
44019=TREE03
44037=TREE04
44040=TREE12
44066=TREE08
44067=TREE03
45039=TREE06
45062=TREE03
45066=TREE03
45083=TREE09
45084=TREE07
45085=TREE03
46037=TREE02
46039=TREE09
46040=TREE08
47038=TREE09
48009=TREE04
48011=TREE01
48065=TREE07
48087=TREE03
49013=TREE10
49038=TREE03
49040=TREE05
49041=TREE06
49075=TREE25
49089=TREE05
50066=TREE04
50068=TREE09
50086=TREE07
50088=TREE09
51039=TREE04
51065=TREE10
51067=TREE01
51070=TREE01
52066=TREE11
52069=TREE07
53039=TREE05
53041=TREE02
53042=TREE10
53065=TREE07
53069=TREE10
53072=TREE10
53092=TREE09
53093=TREE08
54041=TREE04
54071=TREE09
55048=TREE05
55070=TREE03
55092=TREE06
56017=TREE11
56019=TREE06
56073=TREE12
56088=TREE10
56090=TREE08
56096=TREE11
57016=TREE03
57017=TREE10
57048=TREE07
57050=TREE08
59050=TREE06
59075=TREE05
60101=TREE06
62051=TREE06
62102=TREE07
63023=TREE17
64023=TREE10
64028=TREE11
64101=TREE07
64103=TREE05
65030=TREE10
65077=TREE23
65105=TREE09
66023=TREE07
66028=TREE04
67027=TREE04
67031=TREE05
68027=TREE03
68028=TREE07
68029=TREE06
68034=TREE04
68100=TREE04
68101=TREE09
68104=TREE07
69027=TREE05
69028=TREE01
69032=TREE04
69098=TREE17
69110=TREE04
70028=TREE09
70030=TREE07
70032=TREE13
70035=TREE01
70100=TREE04
71037=TREE09
71096=TREE24
71111=TREE03
72036=TREE11
72048=TREE09
72110=TREE08
73058=TREE05
73109=TREE03
73111=TREE06
73112=TREE11
74047=TREE25
74073=TREE09
74109=TREE10
75040=TREE22
75050=TREE02
75057=TREE05
75059=TREE03
75113=TREE07
76037=TREE13
76044=TIBTRE06
76052=TREE07
76111=TREE01
77052=TREE10
77060=TREE07
77062=TREE02
78049=TIBTRE07
78062=TREE10
80075=TREE06
81041=TREE24
81044=TIBTRE04
81062=TREE01
81075=TREE10
81076=TREE08
82075=TREE04
84046=TREE23
84073=TREE07
84074=TREE10
84090=TREE17
85070=TREE06
85072=TREE11
85076=TREE04
86089=TREE08
86094=TREE05
86095=TREE03
87048=TREE05
88059=TREE23
88090=TREE08
89090=TREE11
89093=TREE04
89096=TREE01
90088=TREE06
91089=TREE07
91090=TREE06
92083=TREE22
92090=TREE05
92093=TREE02
93090=TREE11
93095=TREE05
93096=TREE01
94057=TREE15
94087=TREE25
94093=TREE09
94094=TREE08
95054=TREE04
95056=TREE02
95082=TIBTRE03
95091=TREE06
95097=TREE17
96095=TREE03
97056=TREE06
97093=TREE01
98077=TREE24
99063=TREE21
101085=TREE23
102078=TREE05
103071=TREE05
103077=TREE06
104070=TREE04
107067=TREE06
107069=TREE03
107071=TREE07
108069=TREE07
111076=TREE05
113075=TREE01
114074=TREE03
116076=TREE07

[Units]
0=Neutral,PICKBLACK,256,60,97,64,Guard,None,0,-1,0,-1,1,0
1=Neutral,PICKRED,256,52,15,64,Guard,None,0,-1,0,-1,1,0
2=Neutral,VISC_SML,256,77,95,64,Guard,None,0,-1,0,-1,1,0
3=Neutral,VISC_SML,256,41,77,64,Guard,None,0,-1,0,-1,1,0
4=Neutral,VISC_SML,256,54,22,64,Guard,None,0,-1,0,-1,1,0
5=Neutral,VISC_SML,256,80,43,64,Guard,None,0,-1,0,-1,1,0
6=Neutral,JFISH,256,56,52,64,Guard,None,0,-1,0,-1,1,0
7=Neutral,TRUCKB,256,68,99,128,Guard,None,0,-1,0,-1,1,0
8=Neutral,TRUCKB,256,44,18,128,Guard,None,0,-1,0,-1,1,0

[Waypoints]
0=51028
1=69087



[Digest]
1=Y4Xh514OV8X4Y9/0pFVIa12rfG0=

