; Written by the World-Altering Editor (WAE)
; all comments have been truncated
; github.com/Rampastring/TSMapEditor
; if you wish to support the editor, subscribe at patreon.com/rampastring

[Basic]
NextScenario=
AltNextScenario=
Name=GDI 08: Orcastration
Author=Chronoseth
GameMode=Co-Op Hard,Co-Op Medium,Co-Op Easy
NewINIFormat=4
CarryOverCap=0
EndOfGame=no
SkipScore=no
OneTimeOnly=yes
SkipMapSelect=yes
Official=yes
IgnoreGlobalAITriggers=yes
TruckCrate=no
TrainCrate=no
Percent=0
Brief=GDI10
CarryOverMoney=0
HomeCell=98
AltHomeCell=99
MultiplayerOnly=no
TiberiumGrowthEnabled=yes
VeinGrowthEnabled=no
IceGrowthEnabled=no
TiberiumDeathToVisceroid=yes
FreeRadar=no
InitTime=10000
MaxPlayer=3
MinPlayer=2
RequiredAddOn=0
ClientMaxPlayer=2
ClientMinPlayer=2
EnforceMaxPlayers=yes
IsCoopMission=yes
Briefing=U.N. funding has been re-established. You now have access to a new aircraft, the Orca. This unit is to be used to scout out the immediate area. Destroy all Nod presence in this region.
DisallowedPlayerSides=1,2,3
EnemyHouse0=1,1,2
DisallowedPlayerColors=1
Bases=no
UnitCount=0
Credits=5000
UseMPAIBaseNodes=yes
Action=BCANYON

[General]
TeamDelays=1200,1800,2400
MinimumAIDefensiveTeams=0,0,0
MaximumAIDefensiveTeams=0,0,0
TotalAITeamCap=28,24,20

[Powerups]
Armor=0,ARMOR,0.5
Cloak=0,CLOAK
Darkness=0,SHROUDX
Explosion=0,RAPID,50
Firepower=0,FIREPOWR,2.0
HealBase=0,HEALALL
ICBM=0,CHEMISLE
Money=100,MONEY,1000
Napalm=0,<none>,500
Reveal=0,REVEAL
Speed=0,SPEED,1.7
Squad=0,<none>
Unit=0,MTRINIT
Invulnerability=0,AREAHEAL,1.0
Veteran=0,VETERAN,1
IonStorm=0,<none>
Gas=0,<none>,100
Tiberium=0,<none>
Pod=0,MTRINIT

[ForcedOptions]
cmbCredits=-1
chkCrates=false
chkMultiEng=false
chkShortGame=false
chkImmuneHarvs=false
chkIngameAllying=false
chkExtremeAI=false
chkDestrBridges=true
chkRevealShroud=false
chkInfiniteTiberium=false
chkSuperWeapons=false
chkBuildOffAlly=true
chkTurtlingAI=false
chkInstantUnload=false
chkStorms=false
cmbClassicEnhanced=1
cmbTechLevel=0
chkHarmlessTiberium=false
chkVisceroids=true
chkStartingUnits=false
chkAutoDeployMCV=false
chkTurboVehicles=false
chkSilos=true
chkCrew=true
chkNaval=false
chkNoBaddyCrates=false
chkRedeplMCV=false

[Lighting]
Ambient=0.95
Red=1
Green=1
Blue=1
Ground=0
Level=0.032
IonAmbient=0.5
IonRed=1.5
IonGreen=1
IonBlue=0.7
IonGround=0
IonLevel=0.032

[SpecialFlags]
TiberiumGrows=yes
TiberiumSpreads=yes
TiberiumExplosive=no
DestroyableBridges=yes
MCVDeploy=no
InitialVeteran=no
FixedAlliance=no
HarvesterImmune=no
FogOfWar=no
Inert=no
IonStorms=no
Meteorites=no
Visceroids=yes

[Map]
Theater=TEMPERATE
Size=0,0,70,120
LocalSize=10,11,50,97

[INBLULMP]
LightVisibility=1200
LightIntensity=0.005
LightRedTint=0.005
LightGreenTint=0.005
LightBlueTint=0.25

[INGALITE]
LightVisibility=5000
LightIntensity=0.1
LightRedTint=0.025
LightGreenTint=0.025
LightBlueTint=0.005

[NEGLAMP]
LightVisibility=3000
LightIntensity=-0.15
LightRedTint=0.015
LightGreenTint=0.02
LightBlueTint=0.02

[MTREET1]
LightVisibility=2000
LightIntensity=0.01
LightRedTint=0.005
LightGreenTint=0.35
LightBlueTint=0.005

[MTREET2]
LightVisibility=2000
LightIntensity=0.01
LightRedTint=0.005
LightGreenTint=0.35
LightBlueTint=0.005

[CAR1F]
Passengers=0

[CAR1G]
Passengers=0

[BUS_GD]
Passengers=0

[CAR_L_BL]
Passengers=0

[CAR_L_GY]
Passengers=0

[MISS]
TechLevel=-1

[ATWR]
TechLevel=11
IsBaseDefense=no
AIBuildThis=no

[MSAM]
TechLevel=-1

[MSA]
TechLevel=-1

[DMSA]
TechLevel=-1

[MRV]
TechLevel=-1

[BIOE]
TechLevel=-1

[NHPAD]
TechLevel=-1

[SBAG]
Owner=Nod

[BRIK]
TechLevel=-1

[BARB]
TechLevel=-1

[GGATE_A]
TechLevel=-1

[GGATE_B]
TechLevel=-1

[LSRPOST]
TechLevel=-1

[NUK2]
TechLevel=-1

[ARTY]
TechLevel=1

[AIARTY]
TechLevel=1

[MLRS]
TechLevel=-1

[STNK]
TechLevel=-1

[TRAN]
TechLevel=-1

[GMCV]
TechLevel=-1

[NMCV]
TechLevel=-1

[A10]
Selectable=no

[GDI]
IQ=0
Edge=North
Color=Gold
Allies=GDI
Credits=0
ActsLike=0
TechLevel=7
PercentBuilt=0
PlayerControl=no
Side=GDI
NodeCount=0

[Nod]
IQ=0
Edge=North
Color=DarkRed
Allies=Nod
Credits=0
ActsLike=1
TechLevel=7
PercentBuilt=0
PlayerControl=no
Side=Nod
NodeCount=0

[Allies]
IQ=0
Edge=North
Color=DarkSky
Allies=Allies
Credits=0
ActsLike=2
TechLevel=7
PercentBuilt=0
PlayerControl=no
Side=Allies
NodeCount=0

[Soviet]
IQ=0
Edge=North
Color=DarkRed
Allies=Soviet
Credits=0
ActsLike=3
TechLevel=7
PercentBuilt=0
PlayerControl=no
Side=Soviet
NodeCount=0

[Neutral]
IQ=0
Edge=North
Color=LightGrey
Allies=Neutral
Credits=0
ActsLike=4
TechLevel=7
PercentBuilt=0
PlayerControl=no
Side=Neutral
NodeCount=0

[Special]
IQ=0
Edge=North
Color=White
Allies=Special
Credits=0
ActsLike=5
TechLevel=7
PercentBuilt=0
PlayerControl=no
Side=Special
NodeCount=0

[Fake6]
IQ=0
Edge=North
Color=White
Allies=Fake6
Credits=0
ActsLike=0
TechLevel=7
PercentBuilt=0
PlayerControl=no
Side=GDI
NodeCount=0

[Fake7]
IQ=0
Edge=North
Color=White
Allies=Fake7
Credits=0
ActsLike=0
TechLevel=7
PercentBuilt=0
PlayerControl=no
Side=GDI
NodeCount=0

[Fake8]
IQ=0
Edge=North
Color=White
Allies=Fake8
Credits=0
ActsLike=0
TechLevel=7
PercentBuilt=0
PlayerControl=no
Side=GDI
NodeCount=0

[Fake9]
IQ=0
Edge=North
Color=White
Allies=Fake9
Credits=0
ActsLike=0
TechLevel=7
PercentBuilt=0
PlayerControl=no
Side=GDI
NodeCount=0

[Fake10]
IQ=0
Edge=North
Color=White
Allies=Fake10
Credits=0
ActsLike=0
TechLevel=7
PercentBuilt=0
PlayerControl=no
Side=GDI
NodeCount=0

[Fake11]
IQ=0
Edge=North
Color=White
Allies=Fake11
Credits=0
ActsLike=0
TechLevel=7
PercentBuilt=0
PlayerControl=no
Side=GDI
NodeCount=0

[Fake12]
IQ=0
Edge=North
Color=White
Allies=Fake12
Credits=0
ActsLike=0
TechLevel=7
PercentBuilt=0
PlayerControl=no
Side=GDI
NodeCount=0

[Fake13]
IQ=0
Edge=North
Color=White
Allies=Fake13
Credits=0
ActsLike=0
TechLevel=7
PercentBuilt=0
PlayerControl=no
Side=GDI
NodeCount=0

[Fake14]
IQ=0
Edge=North
Color=White
Allies=Fake14
Credits=0
ActsLike=0
TechLevel=7
PercentBuilt=0
PlayerControl=no
Side=GDI
NodeCount=0

[Fake15]
IQ=0
Edge=North
Color=White
Allies=Fake15
Credits=0
ActsLike=0
TechLevel=7
PercentBuilt=0
PlayerControl=no
Side=GDI
NodeCount=0

[Fake16]
IQ=0
Edge=North
Color=White
Allies=Fake16
Credits=0
ActsLike=0
TechLevel=7
PercentBuilt=0
PlayerControl=no
Side=GDI
NodeCount=0

[Fake17]
IQ=0
Edge=North
Color=White
Allies=Fake17
Credits=0
ActsLike=0
TechLevel=7
PercentBuilt=0
PlayerControl=no
Side=GDI
NodeCount=0

[Fake18]
IQ=0
Edge=North
Color=White
Allies=Fake18
Credits=0
ActsLike=0
TechLevel=7
PercentBuilt=0
PlayerControl=no
Side=GDI
NodeCount=0

[Fake19]
IQ=0
Edge=North
Color=White
Allies=Fake19
Credits=0
ActsLike=0
TechLevel=7
PercentBuilt=0
PlayerControl=no
Side=GDI
NodeCount=0

[Fake20]
IQ=0
Edge=North
Color=White
Allies=Fake20
Credits=0
ActsLike=0
TechLevel=7
PercentBuilt=0
PlayerControl=no
Side=GDI
NodeCount=0

[Fake21]
IQ=0
Edge=North
Color=White
Allies=Fake21
Credits=0
ActsLike=0
TechLevel=7
PercentBuilt=0
PlayerControl=no
Side=GDI
NodeCount=0

[Fake22]
IQ=0
Edge=North
Color=White
Allies=Fake22
Credits=0
ActsLike=0
TechLevel=7
PercentBuilt=0
PlayerControl=no
Side=GDI
NodeCount=0

[Fake23]
IQ=0
Edge=North
Color=White
Allies=Fake23
Credits=0
ActsLike=0
TechLevel=7
PercentBuilt=0
PlayerControl=no
Side=GDI
NodeCount=0

[Fake24]
IQ=0
Edge=North
Color=White
Allies=Fake24
Credits=0
ActsLike=0
TechLevel=7
PercentBuilt=0
PlayerControl=no
Side=GDI
NodeCount=0

[Fake25]
IQ=0
Edge=North
Color=White
Allies=Fake25
Credits=0
ActsLike=0
TechLevel=7
PercentBuilt=0
PlayerControl=no
Side=GDI
NodeCount=0

[Fake26]
IQ=0
Edge=North
Color=White
Allies=Fake26
Credits=0
ActsLike=0
TechLevel=7
PercentBuilt=0
PlayerControl=no
Side=GDI
NodeCount=0

[Fake27]
IQ=0
Edge=North
Color=White
Allies=Fake27
Credits=0
ActsLike=0
TechLevel=7
PercentBuilt=0
PlayerControl=no
Side=GDI
NodeCount=0

[Fake28]
IQ=0
Edge=North
Color=White
Allies=Fake28
Credits=0
ActsLike=0
TechLevel=7
PercentBuilt=0
PlayerControl=no
Side=GDI
NodeCount=0

[Fake29]
IQ=0
Edge=North
Color=White
Allies=Fake29
Credits=0
ActsLike=0
TechLevel=7
PercentBuilt=0
PlayerControl=no
Side=GDI
NodeCount=0

[Fake30]
IQ=0
Edge=North
Color=White
Allies=Fake30
Credits=0
ActsLike=0
TechLevel=7
PercentBuilt=0
PlayerControl=no
Side=GDI
NodeCount=0

[Fake31]
IQ=0
Edge=North
Color=White
Allies=Fake31
Credits=0
ActsLike=0
TechLevel=7
PercentBuilt=0
PlayerControl=no
Side=GDI
NodeCount=0

[Fake32]
IQ=0
Edge=North
Color=White
Allies=Fake32
Credits=0
ActsLike=0
TechLevel=7
PercentBuilt=0
PlayerControl=no
Side=GDI
NodeCount=0

[Fake33]
IQ=0
Edge=North
Color=White
Allies=Fake33
Credits=0
ActsLike=0
TechLevel=7
PercentBuilt=0
PlayerControl=no
Side=GDI
NodeCount=0

[Fake34]
IQ=0
Edge=North
Color=White
Allies=Fake34
Credits=0
ActsLike=0
TechLevel=7
PercentBuilt=0
PlayerControl=no
Side=GDI
NodeCount=0

[Fake35]
IQ=0
Edge=North
Color=White
Allies=Fake35
Credits=0
ActsLike=0
TechLevel=7
PercentBuilt=0
PlayerControl=no
Side=GDI
NodeCount=0

[Fake36]
IQ=0
Edge=North
Color=White
Allies=Fake36
Credits=0
ActsLike=0
TechLevel=7
PercentBuilt=0
PlayerControl=no
Side=GDI
NodeCount=0

[Fake37]
IQ=0
Edge=North
Color=White
Allies=Fake37
Credits=0
ActsLike=0
TechLevel=7
PercentBuilt=0
PlayerControl=no
Side=GDI
NodeCount=0

[Fake38]
IQ=0
Edge=North
Color=White
Allies=Fake38
Credits=0
ActsLike=0
TechLevel=7
PercentBuilt=0
PlayerControl=no
Side=GDI
NodeCount=0

[Fake39]
IQ=0
Edge=North
Color=White
Allies=Fake39
Credits=0
ActsLike=0
TechLevel=7
PercentBuilt=0
PlayerControl=no
Side=GDI
NodeCount=0

[Fake40]
IQ=0
Edge=North
Color=White
Allies=Fake40
Credits=0
ActsLike=0
TechLevel=7
PercentBuilt=0
PlayerControl=no
Side=GDI
NodeCount=0

[Fake41]
IQ=0
Edge=North
Color=White
Allies=Fake41
Credits=0
ActsLike=0
TechLevel=7
PercentBuilt=0
PlayerControl=no
Side=GDI
NodeCount=0

[Spawn1]
IQ=0
Edge=North
Color=Gold
Allies=Spawn1
Credits=0
ActsLike=0
TechLevel=7
PercentBuilt=0
PlayerControl=no
Side=GDI
NodeCount=18
000=GFACT,43,70
001=NUKE,47,74
002=PYLE,50,75
003=TDPROC,53,72
004=NUKE,44,67
005=WEAP,53,78
006=NUKE,40,71
007=COMM,42,75
008=SILO,47,70
009=SILO,48,68
010=TDPROC,58,75
011=NUKE,52,82
012=GHPAD,49,79
013=GHPAD,49,82
014=GHPAD,46,81
015=GHPAD,46,78
016=TWR_AI,57,85
017=TWR_AI,53,87

[Spawn2]
IQ=0
Edge=North
Color=Orange
Allies=Spawn2
Credits=0
ActsLike=0
TechLevel=7
PercentBuilt=0
PlayerControl=no
Side=GDI
NodeCount=19
000=GFACT,49,64
001=NUKE,53,68
002=PYLE,56,68
003=TDPROC,54,62
004=NUKE,59,66
005=WEAP,62,65
006=NUKE,66,68
007=COMM,66,62
008=SILO,67,59
009=SILO,68,56
010=TDPROC,69,52
011=NUKE,61,70
012=GHPAD,69,64
013=GHPAD,71,61
014=GHPAD,73,58
015=GHPAD,75,55
016=TWR_AI,82,61
017=TWR_AI,80,56
018=TWR_AI,78,51

[Spawn3]
IQ=0
Edge=North
Color=DarkRed
Allies=Spawn3
Credits=0
ActsLike=0
TechLevel=7
PercentBuilt=0
PlayerControl=no
Side=GDI
NodeCount=36
000=NFACT,151,117
001=NUKE,142,116
002=TDPROC,138,125
003=NUKE,143,113
004=HAND,130,111
005=NUKE,148,118
006=AFLD,143,121
007=NUKE,146,114
008=TDPROC,127,114
009=NUKE,145,117
010=NUKE,149,115
011=OBLI,128,120
012=NUKE,149,122
013=NUKE,146,125
014=OBLI,137,129
015=NUKE,139,111
016=NUKE,139,108
017=OBLI,155,119
018=NUKE,136,110
019=SAM,125,115
020=SAM,136,104
021=NUKE,136,107
022=NUKE,133,106
023=GUN,122,112
024=GUN,133,101
025=NUKE,133,109
026=GUN,128,123
027=GUN,134,129
028=SILO,140,130
029=SILO,142,129
030=SILO,143,127
031=SILO,146,111
032=SILO,144,110
033=SILO,143,108
034=NHQ,140,105
035=OBLI,125,113

[Spawn4]
IQ=0
Edge=North
Color=DarkOrange
Allies=Spawn4
Credits=0
ActsLike=0
TechLevel=7
PercentBuilt=0
PlayerControl=no
Side=GDI
NodeCount=0

[Spawn5]
IQ=0
Edge=North
Color=LightMagenta
Allies=Spawn5
Credits=0
ActsLike=0
TechLevel=7
PercentBuilt=0
PlayerControl=no
Side=GDI
NodeCount=0

[Spawn6]
IQ=0
Edge=North
Color=DarkBlue
Allies=Spawn6
Credits=0
ActsLike=0
TechLevel=7
PercentBuilt=0
PlayerControl=no
Side=GDI
NodeCount=0

[Spawn7]
IQ=0
Edge=North
Color=Cyan
Allies=Spawn7
Credits=0
ActsLike=0
TechLevel=7
PercentBuilt=0
PlayerControl=no
Side=GDI
NodeCount=0

[Spawn8]
IQ=0
Edge=North
Color=DarkGreen
Allies=Spawn8
Credits=0
ActsLike=0
TechLevel=7
PercentBuilt=0
PlayerControl=no
Side=GDI
NodeCount=0

[AITriggerTypes]
02000001=Nod Auto 1,01000041,<all>,1,-1,<none>,0000000000000000000000000000000000000000000000000000000000000000,50.000000,50.000000,50.000000,1,0,2,0,<none>,1,1,1
02000002=Nod Auto 2,01000042,<all>,1,-1,<none>,0000000000000000000000000000000000000000000000000000000000000000,100.000000,100.000000,100.000000,1,0,2,0,<none>,1,1,1
02000003=Nod Auto 3,01000043,<all>,1,-1,<none>,0000000000000000000000000000000000000000000000000000000000000000,50.000000,50.000000,50.000000,1,0,2,0,<none>,1,1,1
02000004=Nod Auto 4,01000044,<all>,1,-1,<none>,0000000000000000000000000000000000000000000000000000000000000000,50.000000,50.000000,50.000000,1,0,2,0,<none>,1,1,1
02000005=Nod Auto 5,01000045,<all>,1,-1,<none>,0000000000000000000000000000000000000000000000000000000000000000,100.000000,100.000000,100.000000,1,0,2,0,<none>,1,1,1
02000006=Nod Auto 6,01000046,<all>,1,-1,<none>,0000000000000000000000000000000000000000000000000000000000000000,50.000000,50.000000,50.000000,1,0,2,0,<none>,1,1,1
02000010=Nod Auto Sneaky,01000047,<all>,1,-1,<none>,0000000000000000000000000000000000000000000000000000000000000000,100.000000,100.000000,100.000000,1,0,2,0,<none>,1,1,1
02000100=GDI Auto 1,01000037,<all>,1,-1,<none>,0000000000000000000000000000000000000000000000000000000000000000,100.000000,100.000000,100.000000,1,0,1,0,<none>,1,1,1
02000101=GDI Auto 2,01000038,<all>,1,-1,<none>,0000000000000000000000000000000000000000000000000000000000000000,100.000000,100.000000,100.000000,1,0,1,0,<none>,1,1,1
02000102=GDI Auto Orca 1,01000039,<all>,1,-1,<none>,0000000000000000000000000000000000000000000000000000000000000000,25.000000,25.000000,25.000000,1,0,1,0,<none>,1,1,1
02000103=GDI Auto Orca 2,01000040,<all>,1,-1,<none>,0000000000000000000000000000000000000000000000000000000000000000,25.000000,25.000000,25.000000,1,0,1,0,<none>,1,1,1

[AITriggerTypesEnable]
02000001=yes
02000002=yes
02000003=yes
02000004=yes
02000005=yes
02000006=yes
02000010=no
02000100=yes
02000101=yes
02000102=yes
02000103=yes

[IsoMapPack5]
1=Kw8AIAQTAEQAIgQAYAACEwBFACOoAQIUAEUAHOsBRwAg6QFI4AQCFQBHAAi0AgIVAEUAGO
2=sBSAAd6wFGAB/rAUEAJKsBFgBB+wYWAEUoKQBGKCkAR+cIFgBA4w8WAEQoKQBC7RAXKDAB
3=AhcARQAZqAwCFwBAABrpAUQoKwBCABv1AkYoKwBHACe3AhgAQfcYGABGKCgAJ9sAGABH4B
4=oCGABIACX5BknmCBkAJxcDGQBB+xEZAEf3DRkAQu8bGQA+8wkZAD3sGwIZAD8AIb8KGQBA
5=KCsARQAi9wJIADLpAUmIAQMCAAAaAD37HBoARigpAD7hDxooDAICGgBEACanCBoAReoXGg
6=C9CgFwCbwKAwMAABsAPvwgAhsARwAeuwYbAD/rFxsAQucTGwBKKCoASwDbSBsAQOMlGwBD
7=KCkAROIPGwAn+wQbAEz3AhwAPvsnHAA/9xgcAEvvEBwAT+8mHAA84yUcAD0oKQA7+xEcAF
8=D6ERwAJyMKHABJ71IcAEbrIhwAQCgNAkIoKQBDKCkATSgoAAlFAMoEAAAEAAAdAD/jJR0A
9=TygpAFD3GB0AQec/HQBJ9RgdKI8HHQA6+xEdAFHjJR0ASvYNHQAn4wEdAE4oVQBEjRABbB
10=C5EQVpAUaUAgMJAAAeADr/eB4APygpAE/vEB4AN+cpHgBLKCkAOO8mHgBMKCkAPeMPHgBB
11=KCgAJwkHHihkAgIeAEQAoKJGHgClEwZ4EaUTCmkBR5AUAw4AAB8AOPt/HwA3+ycfAEv7Jx
12=8AP/daHwA65ykfAEwoKQA571IfAEooKAAnDw0fAEn/QR8AQf4rHwAnQwMfAD7hGh/JFwFl
13=E0WVGAVoAQRIAMAEAAACaAG1GAtoAbQYAQ8AACAo6wIgADjrFyAAOfMUIABK9y4gAE/5PS
14=AoDwIgAEvuECAAoQ8GfQpGjRAKawFDAKOzKiAARIkBA3QCAygAvgQAAIkBR5EUAXQCvBWX
15=AkkAwaMEIQBP80AhADfnEyEATO8mIQA280AhAEvvJiEAPv8VIQBHKCkATecpIQA77GgCIQ
16=A8ADeyFCEAqBcBCwAAId0VBGkBRYkXB2sBQgCk7QVDiQEDdwJBAKb1AieNGwF0ArgchQgp
17=lAKFCCqJAQphBEiYHIwFpB6NBUqUAgEHAAAiKD8TIgBH50oiADbnjCIATOY0IgAniwwiAD
18=X3IyIAM/cjIgA0840iAFXrIiIAP+kiIiiTGCIAUfcjIgA57zwiADwoKAAndQ8iKAwNAiIA
19=OwApvCACIgBAAKLoAbknCGAarSYEaQFEmCeYHLknAXUCQoQpgAS5JwV0ArgnhAi5Jwt1Ai
20=uFKQNrAUsAv6JGIgCkKZgGpCkDCAAAIwBV53YjADbvXSMANfMqIwAz/0wjAD7yKiMAJ1cW
21=IwBU80sjADznjCMAN/snIwBWKCkASfsnIwBOKCgAJycFIwBI5ykjAFMoKwBPADCvJiMAUI
22=kBAmkXRvlTI9EqAXUCQZ0rBGgBpCmYHLknBXUCQ4QplAKsJpgGrCaZBiyZJwdtBS2JAQpp
23=AUqEKYwFsCqNBUyUAgEHAAAkKKMEJAA84yUkAFUoKAAnaxMkADjvJiQAQutOJABGKCkAOu
24=8mJABI4yUkAEooKQA/9SMkKPUfJCgTHiQAUiiAALknAXAUuScDawFEADizKiQAQIGTAHQC
25=uScFawEjAK6uRyQAtCOUArUjCGAEtSMLaQEugCWdCk0oKACgJZgGoCUDCAAAJQBC80slAD
26=PmdiUAJy8nJQA5604lADLndiUARed2JQAx+yclAFAoKQBD9U8lKOUdJSg/EyUAU/snJQBV
27=9yMlAFYoKACpIgFwFKgiiQFBlSMFdQIiiCKUArUjBHUCJJUCB2gBqCKABKgigQQviCKBBD
28=CJAQptBUyIAYwFrCaNBU6UAo0FT4gBAQoAACYoVywmADL7JyYAQygoACcnBSYARvvBJgA5
29=908mAETnKSYAVP9MJgA16yImADcoKQBSKCkAO/UjJihCDiYAqSIGZRNClCOTFD8ApadKJg
30=BAiQECYAShJQVoAaElCGkBJY0mA2gBoCWABKAlgAShJQtgBLQjgAS0I4AEtCODBFAAwqRV
31=BSYAMQDDBAAAjQU2I1wiAwQAACcAVOElJyibDicARPcjJwBV70cnAEz3IycALfEfJyi2Fy
32=cAJ0kEJyjiFycAvSALdQ0/iZAAaAG9IANpAUGJIgVoAb0gAWgBvCCRFCaJIgd1Ak+AGoAE
33=rBuBBFGUAoEEMJgcgASlHgZ5BjKUAo0QNZAfgAS8IIEPN5QCAwkAACgAVSZ/JigAM/UjKC
34=jfHCgANOsiKABO6SIoKDMXKAA99UQoKHcEKAA67SYoKNErKChAJAIoAFQAK7REAigAMAA1
35=6QE1mUgAZRM/mScBaAGx5QRoAaElBWgBoSUIaQEnjSYDaQFSlGWIAawmjAWsJowFoSUHbA
36=WhJQxoAbUjBmgBtSMKaQE4gCUDDgAAKQBO+2kpADThRikoXxcpAE3rkCkAV+kiKSg1KCko
37=PzQpAE/1IynRHwFoDLAfiQE2nSAFdQJAnCCJAT4joSUAdQI/iQEDaAG8IJgGvSAEdQIoiS
38=IHaQFRiCKABLQjgQRTlAKBBFSJAQpsBbUjCGgBtSMNaAGpIgtoAakiD2sBOQDSJMM0KgBB
39=8R8qKCsWKgBC+dcqKCkWKigrFioATOMlKgBWKCkAMfcjKgBGKCgAJ88EKgBbKFQAoCUDBg
40=AAKgA3jSYKaAG1IwRpAUCBJQdpATQjSSUAaQE1iQEDaQE9gHKVAj6JAQJ3AjwAqK5SKgCx
41=KgV0ArEqCGkBKZwrhAiwKoAEsCqABLEqC2wFpSkOawEzAMislAIqAFUAyfknOIUpAWAEsC
42=qRCTqUAgMJAAArAFvpbyso+xorAFntJiso9x8rAFj1IyvJIgtkCL0gCGgBsR8EaQE2nSAH
43=aAGxHwNoAaW4BWgBvSABaQE9iCKYBrwglAK8IJUCKogikQkymByABKQegQQ0lAKBBFSQH4
44=AEvCCVDVaUAoQevSAGYA+9IAppATuIIgMOAAAsAFvnlywAN/dPLABc+ZUsKAk+LCifQCwA
45=OO1SLChcFwYsAEwALgQAAAh9Ck2JAQxoAbQjlAKxHwV1Aj6cIJcCKwCstjksALwggAS8II
46=MEUwDHu0gsAFSJAQRkCLUjAmgBtCOYBrQjmQY1gSULYAS1IwZoAbUjCmkBV4AlnCCpIg91
47=AjyUIwMTAAAtAEHzuS0AWygpADomoyUtAFz/mS0AOSZJJS0oxw4tADzxSy0oPRMtKMoJLQ
48=Anmw4tADfpTi0owxMtAFgmuzMtAEuRKgVkE6ktCWgBqS0NaQEqhSkBaAGxKgRpASyVAgdo
49=AaQpgASkKZEJVZAqkAm0IwMLAAAuADnlHi4oeUEuKIlOLiiLTi4AKedrLgA3KCgAJ9s3Lg
50=BKiRcCfAq1GAZoAbUYCmsBNgA0rDwCLgAvADkkTEECLgAtAKskBiIuAKEaBWwFoRoIaAGg
51=GpwKoBqcCqAaAQoAAC8oF1AvACn9Ni8olz8vAD7rOC8AKCZbJy8AJ/U5LyjtPy8oah4vAC
52=cjTC8AX/42LwC5HANgD7kcB2kBPyZ1MC94KgEEAAABdAK4HI0FLJgclAKlHgZhBFYjBSIF
53=aAGsG5AJrBsDCwAAMAAn83cwACgmvzkwACnjGjAANu/sMAA6JmM+MAA5430wADv/eDAAK/
54=cYMAA4KCsAYQAxuzIwADwjaVUAYQ89iQECaAGtGwFoAbQYlAK1GAd1Ai6NGwxpAVWAGowF
55=rRsGdQJXlgILAGlhACV/XTEALPtIMQAyKCkAMOUTMdkRAXgGuREDaAGhDwhoAaEPDWkBL4
56=0QEmgBoQ8HaAGgDwEMAAAyKCUFMihLMDIALONGMgAr7yYyACjzozIAMygpACXxFDIo0Uwy
57=3VcJaAy5EQ5pAS+JvANoAbkRCGgBuBEDDQAAMwAs4zszADMoKQAn7zwzACXvczMAKPs9Mw
58=Am7TwzKMMpMwAt7TwzKPMkMwAujRABdA25EQRpATCVAgdpAVgjgSwDaAGxFAloAbAUAw4A
59=ADQANCa1QzQo0ys0ACzrODQANeEPNCiRGDQoxS80KCErNCjiODQAuREFaAy5EQhrATEAr7
60=PENABXhRMBdAKxFARpAVmUAgMHAAA1ACz5XjUolyk1AC7rODUANigpADfrODUAL/8VNQAh
61=/0w1ACUoKAAniQw1KEMDNQA1KIAAJ+BkAjUARQAtJF8iNQBGiQEIZxNOADP1Ak+IAZUCXv
62=+DNQAwmRwBbAWlHgRpATKUAo0bWiPhTgN0ArEfBWgBsB8DCAAANgA34zA2AC3vUjYAK//Q
63=NgA5KCkALOsXNgBEkRQBZAipFwVoAakXCWkBR4EEDWkBTYgXjAWgGowFoBqNBVCABI0FOP
64=66NgC4HJgGrBuYBqwbiRdZjBuABLkcBHUNW5UCB2sBMwDFs0A3AC3/YjcAN/NhNwAu57g3
65=AC/zYTcAMOE7NyjjIjcAGuDrAjcAZgAqtZw33CABAgAAN8k4BmgBvSAKaAG9IA5pAViZoA
66=BpAVmIAZgGqCKYBqgimAaoIpkGXyamNjcAuRwFZAi5HAhpAVyEopUCMoUeAXQCsR8EaQE0
67=lAIHBwAAOAA5AP8DAGMAOAAt/4M4AC7zgjgALO9dOAA65T84KG1QONgckAm5HAt8CifiFz
68=gAuRwBdAK5HANoAawbjAWgGoEEFetZOAAxIx0wAG0FMokBAmkBW4wbjAW5HAZ1Al2UApAJ
69=uRwFdAK4HAEIAAA5KBEeOSi5VDko2SE5KI9UOQA8+T05KNsLOQAv8R85KAUMOSh3DzkAUP
70=NhOQBeKCgAoRoBbRBRJl8iOQAwIz00AHUCMYkBA2gBuByJATOFHgV0ArkcB2gBuBwDDAAA
71=OgAp+3Q6ADYoKQAt8xQ6AC/tEDoohRE6KAcXOgBAJstWOgBQhRMBfAqxFANpATAjKTcAaA
72=GxFARpATKdFQdoAaUTCGgBpBMDDQAAOwA252s7ACnhqTso9xQ7AC/ppjso1QU7KKsFOwAq
73=6Rc7KJ8UOwAyKFQAJ4VpOyizHDsAVCiBAE/2hjsAtRgBZRMxgRoFaQFeI61YA2gBtRgJaA
74=G1GA5rAVUAxqt6OwBWiQECdQJXiAEDBAAAPAAv9C4AATwANgAcBAAAAAAAPAAUACcEAAAR
75=AAAoDwAgBwAAADwAKwAnBABjADwALigoAAkZAC4EAAAIAAA8ABqJAQxoAQRsAC8EAAAEaQ
76=FtiAGDBFMANecIGwA46AEEMQCgBAAABm0FMokBCmsBMACi4AQEWACwBAAAA3cCVAC09AIE
77=XQC/BAAAAXUCXogBlQ1fiQEHdwJVAMbhBFaIAYUIV4gBBQUAAD0ANgAasAkCPQAvAB7rAT
78=cAH+kBPCgrADgAIfUCPSgpAD4oKwA7ACLjBDkAJekBPygrACsAJvUCLPsnPQAtKCkASCgp
79=ABiEKZAUvSsJfBW9Kw1oAbwrgAS8K4EEbogtgASpLQFsBagtiQE09i49AKktC2AEqC2BBD
80=GVLgR1AleULpQCoDCVAlmVAgdhBFqJAQppAVWYMoMEYAC+sjU9ALgykBS4MgUIAAA+ADcA
81=HL8gPgA8KCkALPsnPgAt7yY+ADnrIj4AQygpAE4oKQBXKCkAF40mAmgMuScGaAG5JwpoAa
82=wmlAKsJpQCrSYOYAS1IwFoAb0gBWsBLwCj/RUwiQEDdAIDWwCrBAAAgAS0I4gBtCOYHLUj
83=C20FVZQjgwRTALjxCVSJAQNhBF+MJoAPuScEdQJhlQIHaQFiiAEDCgAAPwA38FYCPwA8AB
84=2zCT8AO+NRPwA65CkCPwA4ACPhBBrjJT8AISgoACcjCj8AZihXAD8AKfgGsSoDYA+xKgdo
85=AbknC2sBaQA37AW1IwR1AjGAJY8FLgCl4QQviQECYQRamScBaAGlKQZrAVIAtu0FU4gBgA
86=+gJZ0KVYwmnAqhJQV4BqElCGgBoCWHE2MAwqNRQAA493tAACD7HEAARSgpAEooKQBhKCkA
87=aigpAB3oIgJAAG0ANLMUQAAulGUCAAAAQAClHghoAbkcA2kBMIUeBWgBpR4CaAGlHgdpAV
88=ydIAxoAaUeBGkBVJAfgwRPALf1DVCIAZwKvCCXDVEAu+EEUogBiQxikR8BcAm8IJ0KZJQC
89=AwcAAEEAFe0bQSg/CEEAMChVADQoKQBL9YZBxR4BZQgvkR8EaAGhGghoAaEaDWkBXY0bEm
90=kBTIEaAGkBTYkBA2gBuByYBqwbkQlRmByRFE6AGpkGT4kBAngGuByFCFOVAgV0ArgciAG4
91=HJ8KZQDDu3RCACjjGkIAKSgoACfHA0IANShVAEkoKwAaACu/K0IAYu5dQgCoIgMBAABCAC
92=6N1gBoAakiBWgBqSIJaAGpIg5rAUwAs/AJvSAEdQJOiSIHaAGxHwhoAaUeA2kBUPscQgBk
93=gBqAD60bBmEEZpUCC2sBXQDFu15DABb3GEMAQCgoACcjFUMAUihVAFooKQBkKCkAPIDKAw
94=QAAEMAPYkBCGsBNgAytxhDADeJAQJ3AnEAM6v+QwByiAGNBRXr/kMAZ/gnBUMASwA5BAAA
95=mAa5JwFlCC+FKQVoAaAllQJNjSYGdAKgJZwKsR8HdAKxHwxpAVyQH5gGvCCJF16UAgMHAA
96=BEABvvG0QAMigoACe7B0QAWChVAFkoKQBpKCgAqSIFcAmpIglpAT6VIw1oAbUjAWgBtSMD
97=aQFwiCKUAqAlhAigJYUIc4AEhAisJo8FKQA2qy1EACqJAQJxCUqYJ4AEpCmIDLknBmEEMI
98=UpCmkBXJl0AGsBLQCk8QkuiAGYBrwrlSNOiS0MbAW9KwhoAbwrhBOwKogXsCoDCAAARQA4
99=9yNFAGIoKQBoKCkAbCgpAHAoKAClKQZkCKUpCmgBpSkOawEyADC/FUUAM4kBAnQCuCeYBr
100=gnmAa4J5gGrSYBbAWtJgNoAakiC2gBqCKBBF2VIwR0AqgiiQEvlSMHdQIshbgAaQEtiAGM
101=EKwmkB+tJg1hBEuU040FTIgBgQ9nkK6IAbEqCWwFsCoBDgAARihnI0YARvUjRt1tC2AEvS
102=ABaAG9IANoAbAfgQQr47RGAFyFPwBgBK0bBWgBoRoIaAG0GIQIqPODBCwAqaotRgCgGoQT
103=tRgEeQZNgRoHaQFKlJGJDEuJAQJ1AmaYHJAUpB6ZBmiUApsGSADH6QxJiAEDBAAARwA65h
104=5HACcvJ0cAXihVAFCEa40FUYkBCHkGUvLwRwCxHwF1Al/9IEfcIJUCXYkiBWAEuByVAi2F
105=HgN0AqwbnAqgGpUCTIwbmAagGogBoBqMBaAakAmgGoEESo0bCX8KaQDJpaJIKNshSAAl7x
106=tIADQoKAAnTytIAFQoVACwHwIFAABIALEfCWkBUp0gDWsBJAAxsipIALEfAXUCdv4gSACx
107=HwZ1Al6dIAppAVuJWQBpAVyJAQJoAaAaiAGgGpgGoBqZBmiAGogMrBuFE2qUAgIJAABJAC
108=eVKUkoJhBJALUYBmAEtRgKaAG1GA5pAR/2GEkAqRcBdQJtlZwCaAGpFwtpAVojaSkAaQFb
109=iQEDaAG0GIkBXYEaBXUCaCPgLY0FS4TklAKtGwdgBKwbnAqgGpAUoBqRFGuMGwQOAABKAF
110=MAJYM3SgBmKCkAVCaLLUoAZybfMkoAHOk4SiiXKUoATShUACdxFErBOwtpDE7z5UoAQfMf
111=SgBsiQEBYASpIgNoAbEfBGkBXJ0gB2kBWYWXAGkBWogBjQVpnCCNBUqcIJAJqSIGbQVMlA
112=KMELAfAwsAAEsAVCZ7NksAUibzOksAP/YYSwC9FQFtBUDxFEvJFwN0AqUTCGgBuREEaQFb
113=hRMHaQFYkTUAaQFZiQECaAG9FQVpAWUjNCiBBGaIAZ0KZ4xzlQJoiAGYBqAanAqgGgUMAA
114=BMAFQAGKhkAkwAagAk6QFV8TVMKEEOTCi9OUwoswZMAFImCyhMAB7nVUwAXfNsTABYhWsA
115=dA2tGwhoAaEaA2kBWo0bBWgBtRgEaQFngRoHaQFkmKuFCGWIAZgGrBuJAWmYHIQIuByIDL
116=gcBQ0AAE0AVAAbrxtNAGomuzNNACQmBEMCTQAjACDhBFMmtzhNACDrWU0AUigpACH3Wk0A
117=aO8mTQAl7yZNACLzQE0APSgpAFUoKQB04bRNwSUBcBSgJYkBWY0mBXUCZJlTAGgBqSIIaA
118=G9IARpAWaJIgdpAU0jfUcDaAG9IAloAbwgAw4AAE4AIfg9Ak4AIwAZpx5OACT3I04AVPcj
119=TgBoKCkAIusiTgAm7V1OKNkWTii7KE4AS/ocTgAnizhOAG8oVQA0JqYrTgC5HAZlE1qFHg
120=ppAVedQQBoAaVgAmsBVgCn/RVliSIEdAKxHwhpAUyRHwFoAbwggQROlAIDBwAATwAh53ZP
121=ACQoKQBn4RpPKEMDTwAj/RVPKAcMTwAmKFUAQSgpAGMoKQBdI8UvAHUNXokBAmkBRfs9Tw
122=BI/mJPAKUeC2AEuRwDaAG9YgVoAaUeAWkBV5EfBGkBZCMYKogMvCCMBaQeiAGlHghtBU+A
123=tJsGVADLuydPAFWIAQUDAABQACEACLcCUAAkJr9EUAAj/2JQACD/YlAAgigoACc/CFAAg/
124=FhUCgDEVAAfv9iUABm/ytQAFPjJVAAfygpABwjaUoIeREdiQEMaQFb74lQAIEoKAC9KwFg
125=BLwrlBiwKpUCJYWtAmAErSYFaQFYmCeIDLgnjQVlhSkGYQROgCWUAqwmmQZQlQIJYAS4J4
126=AEuScEdQJWhCkDBwAAUQAg5ylRAILna1EAgygpAH4ma0pRAGr3T1EAIfcuUQAj/21RAB/r
127=LVEAgSgpAGfzKlEAf/ONUQCEKCkAe+ktUSgLElEAMeotUQAnKzdRABuJLQVoF6EwCWgBoT
128=ANaQFG+3RRACSRKgF0Ar0rA2sBVwCtJJo6UQAkQToAdAKwKokiZp0rDHUCTYC0gQROiQEC
129=dQIsI7RZlQItiAGVAi6JAQRgBK0xBmgBrTEKaQFRmTIOaAGsMZQYrDEDCAAAUgAf6y1SAC
130=Drm1IAaustUgCBKCkAZ/cuUgBp6y1SAID3vVIAhfcuUgB8/ytSADPyKlIAJ2daUgBgKFQA
131=JDlaAngRqS0GaAGpLQprAS8ArCQrQlIAWCgpAFaRKgFgBL0rA2gBvCuUAiRwNZAJqC2EHq
132=ktDW0FKp3mAGkBK4gBhwhjALqjfVIAZIgBhBOsMYAEJEFFBXgGuDKUDbgygAS4MoEEYSMU
133=L4kMYokBBHgGpDQDCwAAUwCF+8xTACDvMVMAafcuUwBo/ytTAIbjiFMAIelZUyiPM1MAg/
134=MqUwCEKCgAvSsDdA29KwdpAXwjJTwAaQF9iQECaQEx/69TAEP3WlMALpUuAWAErTEEaQEw
135=lAKRCVeIAYAEpDSBBFmUAoEEI4BclA24MpQCJIk4DHAJuTIOaQEqjNaMBbgykQkshDSYBr
136=gygRplhTQFeAaoLYwQqC2VAmOVLgljBCQA0KM7UwAliAGFHiaIAYgMAokAZQUAYQBUKFsG
137=VACG7zFUAIDjXFQAfuNcVACCKCgAJxU6VCg6I1QAJ1ZYVAAnTUxUKKJcVAAnFy9UAIH+Nl
138=QApDQCAQAAVAClNANpATEjNVQFaAEkKFiIAbgyiAG5MghgBKwxlAKsMZQCrDGdCiSZMgZs
139=BbgygAS5Mg11AiuNMQRoAaAwgQRLjTEAdQJMiAGFE0CUkZUCQYkBAmEEQogBhAikNJQCpD
140=SAD6U0Cm8FJwDMJKE7VMQ0nAqkNJUYiCiEBrA1lRiKlAIDAwAAVQCA72hVAIX6lVUAJ1No
141=VQCB7mhVACeTGFUAa+M7VQB9KCkAgygoACcvaVUAbvo9VQAnO09VAHT/NlUAgigpAIYoKw
142=BsACq3T1UAOSMFTgB9FTqJAQJpATCBOwFoAa08BmkBWShUALg9lQJDjJ+YBqk4B20FJZU5
143=DGgBqTgOaAGpOAVpAT+UOYAPvTYEdQJNiDiFCCIjgCyBBCOIAZEqSogBlAIkaEqVAimU05
144=UCKogBmBEkXFmUDbxBgBq8QZgGvEGABLBAgA+xQAt5ESaQQJgGvEGNBSiVAglhBIeYPYAP
145=vEGMBbxBAwMAAFYAfSYrIVYAg/9BVgBrJishVgBn63pWAIH3RFYAZvPaVgA+865WAHwoKQ
146=Am/0FWAIooKAAna3ZWAH71slYoryFWAEHjRlYAVigpAC/pQ1Yo3VNWKN0nVihLMFYAYSMF
147=IghtG2KJAQxpAWiZtgBpAWmJAQJoAbFLAWgBsEuIIrBLgASxSwdhBDKQS5AJvEyABLxMgA
148=Qk9GGBBEKITpwKtE+fCncAsqd2VgAilE+ZEUCcTAABBAAAVgBJALYEAAAAAABWAEoAthEA
149=APcOACAACAQAAAMAAFYATQC3BAAACAAAVgAjALgEAAAEaQEkiQEHaQFLiAGVAkyIAZcCKg
150=C75QgriQEFbAUEYwDDBAAAAWkBZIkBBmkBZYkBC2gBAycAzAQAAJUCKIkBCnUCKYkBDmkB
151=RIgBlA0BhwBlBdEJiIkBA2AEA4UAZgUAAIkBhogBBwYAAFcAgQD7AwBgAAJXAIIA/ugBAW
152=sACARwAgMAVwCKABjrASYAHOsBZgAe6wFsAB/pAW0oKwAqACL1AlcoKQBqKCsAWAAj4QSL
153=KCsAKwAl9QJuKCsALQAm9wInACfpASkoKQAwKCkAUigoAARgAC4EAAAFeRxhiQEJaQFiiQ
154=ENawFoADC3LlcAaYkBA3cCMQCroztXADKIAY0FM4kBEmEEWokBCGkBW4gBgQRciAGDBHYA
155=sv0Kd4gBjRB4iAGPECIAs+EEI4gBjzFAALT/FUoAtqdKVwBLiQEHdA2wS4APpEqLAT4Aue
156=kiP4kBAm8FRgC69QJHiAGVAjyJTgBhBD2IAZUCSIgBlQJJiAGUAqBRgA+hUQx4BrVPC2kB
157=Q4lOAWgBtE+ZHEWUApscOwDR7RCEiE6MBaFRBHgGoFGJDIeABAMKAABYAFjoTgJYAGwAGa
158=cIWACKKCsAawAa9AInTAoCWABtAB31AosoKQCJ6E4CWABBACThBIcoKQBZ/kxYACdyCVgA
159=J3MJWAAt50pYAGcoKQBoKCkAX4VKAmgXqU4GaAGoToMaUQA24Q9SiAGPBSgAOPQCqU4JeA
160=apTg5oAbxMlAK8TJcCXACvoohYALBLlA2wS5QNpUoHZQgkkUsMaQF2iQEAaAGlSghoAaFG
161=A2kBQI1HBWgBoEaVAkiMR5QCoEaVAj6URJQCoEaVAkooVACsR4gMrUcNfwozAMXoF6BGiB
162=egRokXRoxHmRw8jEeIDKBGiAGgRpwKAYQAfQWPlFkAJv9BWQBY75RZAEHzQFkAh/uVWQAt
163=75RZAD8oKQBAKCsAKQAguzJZACwoKQBpKCsALgAh4QQ+80tZACfzmFkAKigpAGooKQCC60
164=5ZAC/rTlkAZ+ubWQCAKCkAOPNLWQBNKCkAUCgpAH8oKQCGKCgAoFECAwAAWQChUQdoAbVP
165=AWgBtE+ABLRPlQJbhEqIAbFLBG0FXZQChAixSwt0ArFLCGgBsUsNaAGwS4UId51MBncCZg
166=DBuj1ZAL1BCXQCvUEOaQEynEGYBqhDgQ80lAKAD6hDgA+8QZ0KPYlDCmQIAYQAZwWT8FkA
167=hYgBBQwAAFoAigD5pNkCWgCLAPzpAWrz2loAJ+eMWgBpKCkAKeeMWgBYKCkALPNLWgA/KC
168=kAKvNLWgAtKCkAQCgpAIIoKQAo8ktaACezHFoAa/tIWgBC+khaACezHFoAgShVAIbvR1oA
169=Q+5HWgAn5xJaAG0oVQBb+0haAH8oKQBI9kRaACfnEloAiShXACsANbRaAloAjQBp6QGOiQ
170=EDcSqPiQEGawExAKThBDKIAYMEMACn9AK5SAVsBblICGgBoUYOaAG1RAdpAXiARp02ZYFG
171=AXQCrUcEaQFnlAKNBT4jQCScCqBGiAGgRokMXoxHmBGgRpgGoUYLcQmDlESYBq1HCXQCrE
172=cFDQAAWwCKAPOgRgJbAIsA9ukBJ+c/WwBpKCkAbPONWwAo+z1bAGooKQCG/45bAIj3OVsA
173=Vvc5WwCJ/zZbAFzzNVsAbigpAELnNFsAWCgpAGMoKQBrKCgAJ1MQWwCAKFUAhygoAK08AX
174=scRgA3sTVb2D2UArk9BGAEuT0HaAGsPJUCM5g9lAK4PZkGMYQ/gAShOwh4BqA7kSp1I/0r
175=AHUCdokBA2sBaAC+voNbALk9BXQCuD2FCD2YPYgMpT8GYQQ/lQILaQFdmD2ABKQ/jRBflA
176=KTFC4Ay/kcL4gBgQ+CkUACZAi8QZwKvUEKdAK8QQMOAABcAIgmgyxcAInviVwAVvNAXABs
177=+z1cAGvvPFwAV+O/XACF+z1cAEHhO1wobw5cAEXnNFwAbigoACcKB1wAJ4gXAlwAjABGoR
178=pc3TYCcBS9NgVoAb02CGsBXQCi7AW8NpQCsDWNBTKcNpQCsDWFHnQjYTMAZQh1iQEDaAG9
179=NgRpAXeJOAdpAWeJOAFoAbQ5gQRplAKBBGqJAQpgBKg4lAKpOAx0Arw2mBG8NpgRvDacCr
180=w2nQowiDiECKg4hBOoOJQCqDgFCwAAXQCJAPezd10AV/M1XQCF53ZdAFj3sl0AkCgpAFv/
181=/F0Aj/c5XQBZ9zldAFwoKQCRKCkAge88XQBB6jhdACfzDl0AYihVAIQoKAAnYwddAI2BOw
182=NrF4oAaL82XQCLiAGVAoyJAQZjBGwAn+EEbYkBAnUCbokBBGgBpT8BaQFekECXAjEAsL5t
183=XQCgO5UCdo08B20Fd4E7CGgBtTkFaAG0OZQCtDmcK7Q5lAK1OQ1vBXMAx+UTdIgBiwxrAM
184=jgD7Q5nAq0OYcIggBrJC8nXQCDiAEDBQAAXgCQ6/NeAFjrOF4AWygrAFwAG7cNXgCRKCkA
185=ge88XgBZ73NeAIXrsV4AjeM7XgBD/TZeKFcWXgCO9bJeKJsOXgA6/zZeAE8oKAAnNgdeAL
186=02AWgXvTYEaAG9NgdoAbE1A2gBsDWbHF0AoPQYsDWVAjCQNZAJvDaRCTKUApEJM4kBCnAJ
187=qTgIawFAAL+qLV4ApTQJdAKlNA5oAaQ0nAqkNJUNdZA1jQVqkDWABLw2gQ9slAKAD7A1gA
188=SwNQUGAABfAIcA/b9tXwCRJvMkXwCQ8zVfAFb6Ml8AJ4cGXwBD+zJfAFwoKQCS43JfAJPz
189=bF8AhPenXwB64TBfKHAUAl8AiQBIpSlfzTECZBOtMQVoAa0xCGgBtS4BaQFegDCBBDQj0S
190=sDdAK0LpQCtC6YBrUuC2EEP4gthAi1LgR1AkGVAgdoAagtjBCoLYAlqS0KYASoLYAEqC2U
191=DagtlQ1tlC6UDbQujAW0LgUHAABgAIcA9LcuYACG49VgAJMmpytgAFbvaGAAkigpAIH8Yg
192=FgAIAAJaNGYACLKCgAJ/saYACM4zBgAJQoKQBZ7zFgAIUoKQCOKCkAQ+c0YAB9KCgAJ4oi
193=YAAn4wxgAJEogAAEOgA5BAAAAmwbtTkBaQGKgTsDaAGxNQZpAV+dNgprAVwAo6c/YABdiA
194=GNBTOUOYQIoTsEbQU1lAKYJ702BXQCvTYIaQFCI8AphQh2I6whgASoOJgGqTgLbAW4MowF
195=uDIDCAAAYQCH889hAJLtMWEoWQZhKP8gYQBX7zFhAJQoKQCM82FhAJHzYWEAkPXTYSgzDG
196=EAhvUuYSgqIWEAJ48SYQBZ/ithACe7KGEAbShUACevIWEAOYEwAXQYrTEDawGJAGW/K2EA
197=iokBBHUCi4gBhB6tMQt0AqAwgQRejTEHdwJbAKXlCFyJAQJ3AloAqPQCpTQFdAKkNJ0KNp
198=ScjRBBmDKEE6Q0iQxDlAKJDHWQNYAEvTYGcQl3lAKEE7A1mAawNQEJAABiKIUGYijFGWIo
199=ExNiAJPvy2IAjeMwYgCA6cdiKL8YYgBq8ypiAIUoKAC5JwF0DbknBWgBuCeMEKElCHQCtS
200=MDaQFdgCWMBaAlhQhbjSYEYwRZAKm7J2IANYAlgASsJoEEN5UCB20FOIkBCmkBRCNQJogM
201=pCmIDKQpjBC4J5gGuScMewaCAGy39GIAg4gBiQyEiAEFCAAAYwCHAPq1kWMoNxJjAIgmX1
202=ljAJPnw2MAkufDYwCA5MMBYwCNACUPT2MAkOdgYwCM45NjAJTr82MAMv0rYyiTRGMAgShV
203=AI4oKwA9ACqiJWMArTECfBWtMQZoAa0xCmgBvSsFaQFciC2MG6ktAXUCWpUuA2sBOQCsuu
204=1jALQumAa0LpgGtS4LbQVDlC6ECKEwBHUCRZUCB2kBRogBjBCgMIQIoTANYASgMIQIoDCU
205=DaEwCWEEhYwxAw0AAGQAkiYPRGQAj+fDZACTJgszZACQ+zJkAIDjXGQAf+stZAA7+4pkAE
206=woKQBOKCkAgigpADXrLWQAYCgpAIgoKQBRJrFTZMEwA3AUoTAHaAGhMAtpATiRKgFoAb0r
207=BGkBOpQCjAW5JwV0ArknCGgBuCeFCHiQ8IkMR5h/jAWxKglsBbEqDmgBpSkGaAGlKQpoAa
208=QpBQ4AAGUAkwDyt1plAJImc0BlAJT5J2Uo/wplAEnzgmUAh/cjZQA2/SBlKIMWZQBMKFQA
209=J5JPZQAnk09lAIIogQB//FcCZQBwAC0ka2BlAHGJAQhwFL0rAWsBigBLr11lAIuJAQJ0Aq
210=UpBWgBpCmZBjuN4QN1AneMJoQIuScEdQJ5lQIHaQFGhCmABLEqBnUCSJUCC2gBpCmMBaQp
211=lAKkKQEPAABmKCEKZij3CWYAgOfkZgBJ735mAFH33mYAf/OuZgCBJtNMZgBQ51VmAFImXy
212=JmADnjMGYAmSgpAIL1hmYoKwtmAIjmNGYAJ0NFZgBvkSoBfBWpLQVoAaktCWkBcoEEDWsB
213=TwAxqy1mAEEm/Uxm1S4DYwSJAFCzNWYAiiP9TAJ1AoyJAQhpAVUj0TYAaQFWiAGBBFeJAQ
214=R1AjqENJgRsDWVAjyVAgdgBLA1kBSwNZwKpDSABKU0DG8FegDJ+xGDAGizuWYAhIgBhQiF
215=iAEDCgAAZwCZ77VnAFHvtWcAfygpAFLvtWcAgCgpADnrOGcATvM1ZwBN8zVnAJgoKQBP/z
216=ZnAJooKQBJ+V5nKDEMZygxDGcoxi9nACdzS2cAjCjYAKk4AnQYqTgGaAGoOIwbqTgOdAK9
217=NgFpAY7ulGcAvTYFdQKKiTgJawGLAGckEnZnALE1A3QCsDWNBVQjvSMAdQJViAGABLw2gA
218=S9NghhBD2c8YAEsDWUArE1DWEEeZA1hBO8NoUIe5QCmBGoOIAEqDiYHKg4BQsAAGgAkwD4
219=pZdoKDsYaACU78BoAE8mSzBoAJrjO2gAm+tvaACc+zJoADv6aWgAJ7dDaABQ52toAEr5aW
220=gokQ1oKBsUaABL5zRoAE4oKQBRKCkAZCgpAHYoKAAnzzBoAJgoVAChOwd4HKA7hR5s9nBo
221=ALU5AWAEtTkGaAG1OQppAYuBOw5oAbE1BGkBVpw2nQpTI7BTDQAAAGgAVACkBAAAAwAAaA
222=ARAAAyDwAgD1IApgQAAAAAAGgAPACwBAAAAWkBPYkBBGkBPokBB2kBP4kBCmgBAXgAugR0
223=BgEAaAB5iQECdAIEdwC8BAAAA2sBSQC+6AEERwDDBAAACXUCSIkBDmgBBHoAyQQAAAZpAX
224=uIAZ0KfIgBgAQDgwBoBQAAnQqEiAGNEIWIAQYMAABpAJMA8gOMEAJpAJIA8+sBlAD26wGb
225=ABiwFAJpAJwAG+sBTwAd6wE7AB7pAYEoKwBOACD3An8AJukBhigrADkAJ/UCQigpAEwoKQ
226=CFKCkAmigrADwAKfsGXgA06wFsADW0LgJpAIAAN/QCAYwAPwSQHwZpAIoAUAQAAAtnHokA
227=Z/UCi4kBCHcCUQCi+AYDVgCjBAAAlAIEVACkBAAABGEEVYkBB2gBuT0BawFTAKbjBEAArL
228=I1aQClPwVgBKQ/kAmkP4wQuT0DYQR6hD+NBXaEP5wKsECBD3iUAoEPSJxBgASoQ4EESpQC
229=gQRLiQEKfwpkAMbhGmWJAQJ1AmaIAZgGoEaYEbREmBG0RAUIAABqAJAA+bBAAmoAkQD86w
230=GcAAi8CgJqAJsAGukBTvxBAmoATQAi9wKZACTrAZ0AJekBPPNAagBf4ztqAIgoKQCYKCsA
231=QgAq+QaLlTkBZxOMAGb1Ao2JAQN1Ao6JAQZoAbQ5jQVSgTsEdAKoOIwbvTYFdQJUiDiUAg
232=NnAKsEAACVAj+UOYQIoDuFCEGVAgd7BmIAt+0QY4gBjBC8NoQIvDacCrA1lAKwNZQCsTUL
233=cAmwNZQNsDWQCbA1mwZMANK+TGoAsDWYEbA1AwkAAGsAkPN3awCR8HcCawCZABmwFAJrAJ
234=wAHOkBiuc0awCYKCsAiwAj4QSa8zVrAIHyNWsAJ/MOawA65TRrKN8GawBYlXAAexFdADmy
235=bGsAsTUBdAKxNQRoAbE1B2gBpTQFawFQAKXtEFGJAQJ3Ak8Ap/UCZoQ0kAmxNQZgBKQ0hA
236=ilNAh1AkKFrQNrAWIAs+QIsDWNEGScNo0QS5wrnAqoLZEJTZQCnCsBggBpBZ+kawCDiAGB
237=BISJAQppDIWIAQMPAABsAIvrLWwAnOeibACI5ylsAFr7J2wAbCgpAH0oKQCAKCkAiigoAC
238=dfDGwAmShVAJ0oKAChMAFtEJr7oGwAXIwxlAK5MgNjBI8AQ6U0bMU0AnQCpTQFaAGlNAho
239=AawxmQZSmDKABLgynQpQhTQEbAWkNJAJpTQHdQJonTYMaQFBmDKYBqQ0mQZDlAKNBUSJAQ
240=psBbw2jQVjiTgGdAK8NoQTsDWUArA1mQZOnTYObAW8NoQIvDaMBb02C2AEvDYDEAAAbQCL
241=8zVtAID7120Agf9ibQCd/5ltAIn3OW0AU+MwbQB7KCgAJz8TbQCMKFUAnCgrAD8ANq9SbQ
242=BAiQECbRCOmTIBaAGlNANoAb0rBWkBUYktCGgBvCuIAb0rDXUCaYktEmsBRQCvqtJtAKgt
243=hAioLZgGqS0LbAW9KwdpAWSJLQxoAaUpD2kBT5EqE2gBpCmMBaQpjAWkKQMRAABuAInrx2
244=4AiujHAm4AjAD9t8huAIHjk24AgPfIbgCd4zBuAIbhk24ojxJuAILvMW4AhygpAJkoKQCb
245=5zRuAGrrLW4AdigoACdWIW4AJywGAm4AfwAxrzFuAFsmViFuAKU0AWAapTQDawGOADztBY
246=+IAZUCkIkBBmMElABB4QSVlTkCdwKRAFT1ApKIAZkGk4gBmwagAGjhBKGIAYEEoogBgAS5
247=PQlwCbk9DmkBRIw8kBS5PQR1AkaVAgdoAaE7CGgBoTsNawFhALj1DWKIAZcNaQDMucxu1J
248=yYBqw8BQ0AAG8AiQDxqDgCbwCKAPTrAYwA9+kBmSa7KG8Amya7KG8Ah+eibwCC7DwCbwCa
249=ACGvEG8Anv42bwAnCyhvAF79Nm8omRlvKN8GbwCG5s5vALkyAXAUuTIEaAG5MgdpAZSMMY
250=AEuTIDdAK4MpQCuDKYBrgymAa4MoAEuDKABLgygwRHAK6ybG8AoTAFfAqhMAhoAbUuDmsB
251=YQC15B60LpEJY4AwkQlogDCUDawxkQlqlQIJZwhrANDlCGyJAQJ1Am2IAZAJrHOMBbw2Aw
252=4AAHAAiSZ7IHAAiiZ7IHAAmec0cACeJgMncACH5zRwAJsoKwCYAB+jD3AAl+9zcACdKCgA
253=JxcvcACa/zZwAHQmvy5wAHPzbHAAjfFscMk4AXAUqTgCaAGpOAVoAak4CGsBnwBH7BC8No
254=wFvDaMBbw2jAW8NoAEvDaABLw2gwSVAHPxCUaIOIwQtTkEdQ1IlQIHawFuALGvPHAAYog4
255=gAS8NpAJsTUGbAWxNQppAWucNoAwsTUDdAKwNZgRA4UAbgUAAIMEgwB8JIMhcACEiAEDAQ
256=AAcQCY86NxAJnnNHEApPfTcQCl759xAJf0LgJxAJAAPa8bcQCRiQEDcQmSiQEGawGVAEDh
257=BJaJAQJ1AqCcK48FnQBp4QSeiAGVAp+IAYQIoSUFeAahJQhpAW2AJYgXrSYEdQJvlQIHaA
258=G4J5kGXJleAHUCXYgBiQxgIzw0lQJhiAGHE14Au/kRX4gBlwJJAMW6MnEAtS4LcQmDkCqV
259=DYSIAZQCqS0PYAQBhgB6BSOHPXIApPuVcgCl69JyAKYm/StyKHMfcgCb/StyKAsScgCJJq
260=ElctQuAQEAAHLVLgRoAbUuB2gBtC6DBI4ATKMacgCPiQECYQSWIwkzAGkBl4kBA2kBmIkB
261=BmkBjYAwgASkNJAJpDSUDaQ0lA21Lgh7BloAtPQNqC2NBV6ULo0FW4gtnQpciAGYEaAwjR
262=BilQIFcAmgMJUCYIwxlQJIjDGYEbgyiQxKlAKLDIQAbSQoQgJyAIcAdK9dcgCIiAGVDYWY
263=MoQIpDQDBAAAcwCk68dzAIPzjXMAhPtecwCKJicmcwCTKCkAlSgpAJooKQChKCkAY/c5cw
264=BoKCgAJ3sgcwBW4ztzAJsoKAClawJkE6VrBWgBrTwIawGcAEmpLXPBOwN3ApgAUaZVcwCt
265=PAF0Aqw8mBygO5UCjow8lAKsPJQNrDyUDaw8lQ1HIzkuAHEJSIgBjQVbmD2HCFoAtvgRuD
266=2YBqw8hRNd4jtzALw2iAy8No0FgP82cwCJiAGYBqg4nBWoOJQCvDYDBQAAdACE5Zd0KAsH
267=dACF/zZ0AG/vMXQAcygpAJIoKQBQ+zJ0AFwoKQCDKCkAoygrAGAAK7scdACMkZgAbBCtMQ
268=FpAZ2ZMgNpAZqcbYEEm4kBAnUCl4Q0jAWxNQR1ApmVAgdoAbw2jAWwNYgBsDWFHo+dNghs
269=BawxlQ1JmDKDBEcAqfAUpDSXAlkAx/UCWogBgQ+IiC2YEbQulQKKlAIDBwAAdQCF/yt1AK
270=Tnw3UAoufDdQCjJncldQCG9y51AKcmoyV1AKkoKQBx9y51AHQoKQCRKCkAlCgpAGH3LnUA
271=bygoACfnM3UAkihVAJMoKQChKCkApSgpAKYoKQBrJqtHdQB6JlsndQCNlTkDZB6wNYgBpT
272=QFdAKlNAhpAZqRNQtoAaktAWkBSJQumAaoLZQCqC2FCFuVLglsBbUuAmgBtC6ABLQuiAwB
273=iwAyBovHdQCMiAEDBgAAdgCn98h2AKLvMXYAqSgpAIYmHyV2AKj7MnYAof+ZdgCS7zF2AK
274=UoKQBy9y52AJAoKAAnUwV2AJQmHSV2zSYBexFLADikSgJ2AH4AcOkBf4kBA2AEvSACaAG8
275=IJQYvSAKdQKKjBuQCaUeBHQCpB4DBwAAdwCSJhdQdwCn47R3AKX7HHcAkya7KHcAkfscdw
276=CU4et3KPkPdyjLCXcAhfscdwBH60N3AEkoKAAn9wl3AHIoVQBzKCkAdSgpAJAoKAAnnwl3
277=AHfzS3cAoSgpAKPqvHcAuScBeRyJlU8AaAGkKZQCpSkEdQKAkCqJIlaQro0FUiOUVYkBU4
278=kBAm0FVIgBmAa0LpgGtS4LYQRcI9xegQRXI0AvhQhYiAGFCFmIAYEEjSNkI4gBsDWABLE1
279=BXAJsDUDCAAAeACS64V4AKcmxy94AJP5U3goqxB4AKLzNXgApigpAHbvUngApOs4eACe8z
280=V4AEvrLXgAnygoAKktAWwQqC2JAZTrLXgAip0rA2EEgCMtXgBpAYGIAZUCgokBBnUChCgp
281=AIcjUDyNBYiIAY0FiYgBjAWlNAV5BlH7MngAV4kBBHQCpDSYEaQ0hAikNJkGW4wxgAS4Mp
282=UCXZUCCWUIVSNsL5EJWigoALA1kAmwNZkGjJA1kAm8NpUCjpQCAwkAAHkAduc0eQCn72h5
283=AHf6tnkAJysWeQCc9i55ACcmEHkAJxdQeQB8Jp81eQBLI+lPAmoMhwAlXiJ5AKktAXQCqS
284=0EaAGpLQdoAbAqlAKwKpUCUvknecUpBWwFtSMGaAG1IwppAV6BJQ5pAVSUI5QNrCaZBlaU
285=ApEfWYgBgASkKYEEW5QCgAS4J5QYuCeUDbgnlQ2PhCkFDgAAegBwAP8kK0J6AHfnKXoAnv
286=OuegCL9Vp6KPM6egCf6y16AIzhXHooYxJ6AKX3LnoAZeNcegBKnSsBYA+pLQNoAQGDAEQE
287=I95pegC0LoEEiIAwgwSEAFO3snoAhYgBlQKGiQEGZAilNAJoAaU0BWgBpTQIaAG4MogBuD
288=KBBE8msyd6AFAjbS8AbQVRiAGIDKU0C3QCrDGUDa0xCnUCV5QuhCmsMYAErDGBBFwogACt
289=MQd4BqwxnAqtMQ93ApAAdiTHL3sAn/PEewCN5il7ACc7LnsAa/MqewB+KCgAJ+dUewCeKF
290=UApygpAKbr3XsAgpQuAgEAAHsAoTADaAGoLZQCqS0EdAKpLQdoASfPBHsAUJgnmAasJo0F
291=UpgnjAWhJQt4BqgiiQGPmByIDKQeAQMAAHwoxwN8AKb3p3wAjvEffCgfD3wAV+EafChpYH
292=wo0St8KF9ZfACNKKwAJ0sEfACiKFUAnSbHRXwAWJlTAngRvCCIAb0gBXQCvSAIaAEBhwBY
293=BCMrQnwATSP9VwB0AqkiBGkBUZUjB2gBqCKbBk4AuatZfABPiAGKDJEAIqw3nSCPIzBDkQ
294=mQiAEDAQAAfQBz+3R9AKbrQ30An+d2fQChJiMrfQCi43J9AI/7J30AnSgpAGTzH30Aeigp
295=AIsoKAAnpVd9KBsJfQBZ9/99AGj7SH0AV4wmkBS5JwN/FYMAS7gcAAN9AIQASwQAAAIAAH
296=0AhgBYBAAACwARAAA7DwAgBQB9AIIAaQQAYAALfQBNALMEAAABAAB9AE6JAQZoAQRRALYE
297=AAAIaAEETwC5BAAAA2kBUIkBBWgBAZAAbQXZBpGJAQR1ApKIAQUHAAB+AKEAG6gMAn4Apg
298=Ad6wGkAB/pAaUoKwCgACL1AqMoKwCeACT3AloAJ+kBXygpAGAoKQBrKCsAWQA1oBoCfgBo
299=ADjrAYQAS7QYAX4AggBxHwFxFIOJAQRoAbAfiRdPnSAMdAK5HAJoAbkcBWgBuRwIaAEMkw
300=BuBQAABAAAfwBzAPgDbCoBAH8AdCgrAHIA+fcCdQD86wGkABqjGn8ApfQjAn8AngAe9QKh
301=KCsAXwAm9QJiKCgAJ/MDfwBj8x9/AGwoKQCQKCkAoCgoAAFkAC8E3RVliQEIaxeiADTrDI
302=EARugBoSUCYAShJQVpAYSMJpgGrCaIAa0mDWMETAC45QhNiQEDdQKSgSUBaAGsJpEJlJQC
303=BQkAAIAAcgDvtCMCgABzAPLpAXQoKwB1APT3AnEA++sBeAD/6QF7KCkAXI0cA30KXYkBBm
304=kBYfsngACbKCkAkfYjgAC1IwVsBbQjhRNmgSUNdQKClCOfCn8AaLscgACAiAGVAoGIAZQN
305=qSIOeQZLnSAAaAG0I4wFtSMEdQJOgQQHaAGhJQJoAaAlkAmhJQp1ApWMJgUOAACBAHUA8b
306=AfAoEAcgD16wF2AP7pAVuRHwFsBakiBGgBqSIHaQFegQQKaQFi6G8CgQBjACOvG4EAmvZw
307=gQAnIwqBAJD7J4EAn/gnAoEAkgAr+AalKQZ8CqQpiAykKYgXuCeEE7gnhBO4J4cTcwBr8Q
308=l0iQECcAm4J4wFuCeMBbknCGAErCaUAq0mC3QCrSYPaAELlgB2BQAAAgAAggByAPagJQKC
309=AHUA9+kBcPN3ggBxKCkAb/54ggCwKoQIsSoFcAmxKghoAbEqC2sBYwActxiCAJrjfYIAme
310=otggAnTwqCAJ7zKoIAm/IqggC4J5EJoPh0AoIAVAA3/wp+AEfoAbAqhBOwKoQTsCqEE7Eq
311=AWQTsSoDaAGkKYEElZQjgASgJQMDAACDAHD0cAKDAG8A86MlgwBx+yeDAGPsGwKDAGIAIL
312=sRgwBf+BwCgwBgACX1AmHsGwKDAHkALrvMgwB6iQEMdQ1/gBqBD3yZaQB1An2IAZUCfokB
313=BncCcwBz/wqVAGqr0oMAlogBjAUBmAByBZeygwCZiQECewaaAHT1ApuIAQUCAACEAGoA/a
314=8bhABi/6+EAF77MoQAXOoXhAAnHhqEACcrFoQAeJUYBXAJrRsJaAGtGw1rAXIAQr8VhABz
315=iAGAD7kcAWAEuRwEaAG5HAdrAXAAbPkGcYgBjQWchIGMBbgclAK5HAN4BrgclAK4HJQCAZ
316=cAegWE+gKEAJUAfL8ghACWiAEDAQAAhQBq+4qFAG37XoUAZPOuhQBr59mFAG4oKQBl/46F
317=AIXnP4UAleOIhQCG8UCFKC8RhQBd8yqFAF4oKQCHKCkAmigpAHedKwJwFKktBmgBqS0KaA
318=G8K5UYe5lIAHcCcwBnuyeFAHSJAQN1AnWIAYQIoDCcCqEwBWAEoTAIaQGbiC2cCrQugQSd
319=lQIJYwSYAHinKYUAmYgBkQmWiC2YBrQuAwQAAIYAa+ndhiirBYYAbfNshgBuKCkAbOuQhg
320=Bv6y2GAIHr3YYAledVhgBd6y2GAIMoKQCM/VeGKNkWhiipBYYoKwuGAITrLYYAhigoALUu
321=A2gXtS4HaQF8nCuUAgR2AGYEAAAGdAKpLQFoAagthB6oLZkGeSP9IABhBHqIAYUIe4gBhA
322=ipLQJgBKgtlAKpLQp1Ap6VLg5oAbQulA20LpAJqC0BBQAAhyirBYcAaueXhwBsJishhwBv
323=/OYChwBdABm3RIcAgyZ/JocAhiacKgKHAF4AIeEEhCgpAIUoKQCHKCkAmigpAFzxYYco4x
324=eHAIjv7IcAl/M1hwBf62SHAJsoKQCO6ziHAI36MocAJ4QnA4cAYAA5BJLahwCtMQdwH60x
325=AmgBrDGIIq0xCHQCrTEBaAGtMQRoAawxhAigMIgBoTALYASgMAMPAACIAGvphYgoUwWIAG
326=//K4gAbuOIiABo81aIAJf/K4gAhv9XiACIKCkAi+siiACY/yCIAI39IIgoKwuIAIPpIogo
327=/wqIAIUoVQCJKCsAWgAtJP8riABbiQEIdRhziQEEaQF0iAGXAo4AMrs9iACPiQECYQSK8/
328=CIAF+VLgF0AqEwA2sBdwBc6Qx4iAGRCXWJZAVgBKQ0lAKgMJwKoDCABKAwAwgAAIkAbOuF
329=iQBvKCgAJ38QiQBr91qJAG3rhYkAffcuiQBw94aJAH4oKAAnAxGJAIv3LokAifcuiQCD6y
330=2JAIcoKQCK5SmJKPcJiQBZjSYBfBW9KwVoAb0rCWkBXIEEDWkBcogBjAW0LowFtC6NBXWA
331=BI0FepUuAHkGe4kBAmgBuDKECLkyA3UCdogtlAKgMJwKoDCdCnmABAMNAACKAGzzVooAby
332=gpAH0oKAAnvyOKAG3rWYoAfia/I4oAcevdigCJ+yeKAIXrhYoAhCYXJIoAjvt/igCG736K
333=AI/2WooAJ4EWiigqC4oAJ6kFit0rAmgXvSsGaAG9KwpoAb0rDmgBvCuMBbwrjAW8K4wFvC
334=uMBb0rAXgGvSsDawF2AEi6XooApCmECKQphAikKQMOAACLAG3tUosoUQWLKPsPiwB9+6uL
335=AG77U4sAheetiwCE54GLAIYmESmLKB8EiwCI6U6LKO8TiwCPKFQAqSIHeBGpIgtoAbAflA
336=KwH5QCrRsBYQR3mRwDaAGsG4EEeZl0AHUCeogBgQR7iQEGdQJ+IywygQR/iAEBAgAAjCgf
337=BIwAbusijABs+/iMAG8oKQB9JqsxjABq6yKMAGsoKAAnAzKMAGn/eIwAcfN3jACAJp8qjA
338=CDKCkAiPdPjACH90+MAI7/0IwAjeNRjACJ4VGMKCAKAowAewBRJJBEAowAdgBjo8qMAHeJ
339=AQR4HLUjAWgBtCOUAqgilAKoIgMDAACNAGr/II0Aae+UjQBtKCkAcCgpAGvzbI0AcSgpAI
340=AoKQCD+0iNAG73cI0Af/cjjQBzJnMqjQB04yWNAIj/TI0Ah/9MjQCJ/UyNKOsNjQBi50qN
341=AGQoKAAnFA4CjQB4ADG/Yo0AfSM1SQB5HH6JAQJpAXqZJwFoAaUpBGkBfJUCB2kBdYQpgA
342=S8K4AlvSsFYAS8KwMCAACOAID7J44AgygpAH/tlI4oOyOOAHH3I44AdCgpAGvjJY4AgfNL
343=jgCCKCkAhPKYjgAntC0CjgCJADC7HI4AiogBmBG5HANkE60bBWgBrRsIaQF9mRwLawF2AG
344=XlCHeJAQR1AniIAQMIAACPAHThGo8omwOPAIEoVQCCKCkAcecejwB/40aPAIPpQ48o1xuP
345=AHLtG48oM06PAGzrQ48AeSgoACfeMo8AJ19OjwB670ePAIzhZ48oNzOPAIvvaI8AkSgoAC
346=dfF48AkudrjwCN67yPAIjq6I8AJ6kFj8ktAWgiqS0DawF9ADMk/yCPAH6IAYwmsCqMBbEq
347=BWwFsCoBCQAAkCjdEZAoK02QAHPlKZAo1QWQKKoFkAAnqwWQAHrpLZAomw6QAHH3LpAAgC
348=goACczTpAAg/1MkCiHMpAAe+UpkCiHJ5AAkvLlkAAnTSuQKC0nkChfF5AAfJEfAWwbqSIF
349=aAGoIoUef4EEDXUCkSY6RJAAoSUCdAKhJQZoAaElCmkBhyOtTQBpAYiJAQNpAYkjbFuVAo
350=qIAYcIiwDQq1mQAIyIAZUCjYgBAQQAAJEofwWRAHXrLZEAcuYpkQAnA1ORAHrvwJEAeygp
351=AG7zKpEAgSgoACcHLZEAgv0rkSj/CpEAdv8rkQB8/XiRKNcmkQCR6k6RALknBnwVuScKaA
352=G5Jw5pAYAmTiuRAK0mB3QCrSYLawFpAKq/IJEAaokBA3cCjgCwv8WRAIUjzVwAdAKwKpUj
353=iZwrkAmwKpkGi50rBW8FhgC7/QqHiQECdAKoLYwFqC0BBQAAkihRBZIoE0qSAHXvJpIAc/
354=OCkgB2KCgAJ/8rkgB98+WSAH/3I5IAgvW9kijPJZIAiyhUAK0mC28QdwA8vxWSAHiJAQN1
355=AnmJAQZrAXoAauEEe4kBAnQCuScBaAG5JwRpAWuFKQdpAY2EKYAEsCqBBI+UAoEEkIkBCm
356=wFqC2NBYaULoAPqS0IYASkKYUTiJAqAwUAAJMAdu5SkwAnpyuTAHLiUZMAJz0ekygkBQKT
357=AHEA+iRPTJMAd+tOkwB+606TAIkm2yGTAIgm2yGTAIH3p5MAgigpAIDrppMAiv+kkwCD/6
358=STAIX5MpMorzeTAH/tMZMoWQaTwTAEbBuhMAdoAaEwAWgBoTADaAG0LpwgtS4IdwJsAK++
359=V5MAtC6ABLQugAS1LgtsBagtiQyHlC4BDAAAlChTBZQAd+tOlABz8vCUACezJ5QAiSYzIp
360=QAiCYzIpQAiiYzIpQAZvkclCjHA5QAjChUACfvP5QAiyYxIpTdIAV4Eb0gCGkBa40bAWgB
361=uRwEaQFtlQIHaAGgGowFoRoNdQKEhXYAaQGFiAEBAwAAlSiXE5UAdv1tlSjHA5UAcuHrlS
362=j7JZUAfP9tlQCJJu8/lQB/JpM5lQCL+z2VAID5HJUomy+VAGaJvARtEGeJAQhoAaEaBWgB
363=oBqVAm6IZJwVoRoOYwSDALejcpUAhIgBgASsG50KhpocBwAiAFTzYZYAc/sclgB04zuWAH
364=cm6y6WAHom7ymWAHvrZJYAff9ilgB/7zyWAIDvXZYAZZUYAXQNrRsFaAGtGwlpAWiBBA1p
365=AW2AGowFrRsEdQJvlAKdFXCJAQp3AoEAtLkcltgcjQWFhB6MBbkcCG0Fgp2vAGkBg4gBAw
366=IAAJcAdOcelwB6+xyXAHUmSSWXKMcZlwB44zuXAIDl+pconUCXKNE2lyhNFZfVOQZ0DaUe
367=CmgBpR4OaQFxmVMDaAGlHgVoAaUeCGgBpR4LaQGChR4EaAG4HIAEoBqFCISMGwMFAACYAH
368=bp85goy2yYAHjjO5gAd/scmACK/ZmYKD8TmACJ8ZiYKOkYmCi7HZgAaf1XmCjmSZgAuRwL
369=bRBwjRsBaAG5HARpAXKVAgdoAaAanRWAjVIAdQKBiAEBAwAAmSgXA5kAd+EamSgDHJkAeC
370=anIJkAiCb4fQ+ZAHsAIAQAAAAAAJkAfAAhBAARAAC4AiEFBwAAAACZAIcAIgRkAQMAmQB9
371=ACXrAXkAJukBhCgrAIMAJ/QCC3MAqwQAAAUAAJkAcQCv6QFyiQEIdwJ/ALbtBYCJAQN0Ag
372=SBALgEAAAEaQGCiAEGBwAAmgB2APMDjBACmgB3APbrAYgAGKQIApoAewAe6QGD+xGaAIUo
373=KQBw5xOaAIQoKQCHKCkAcp0VAXQNqRcGaAGlEwRpAYGQFJsRfAC39Q19iQEDYAS9FQhrAX
374=4AueEEf4gBBQIAAJsAeQAgtAICmwCCACTpAXrzKpsAhfoRmwC4EZgGuREHZQh0kRQMaAG5
375=EQhoAa0QBGkBfpgRjQV7mScAdQJ8iQEDaAG4EYkBgIQTBQUAAJwAeQAcuxGcAILnKZwAhP
376=MUnACB5xOcAIYoKwB/ADX4BrEUCHAJsRQNaQF1nRUSawF7ALPsBbAUjAWlEwRhBH2QFAUH
377=AACdAHkAG68FnQCE5BMCnQB3AB/3AngAIekBdvtTnQCB+z2dAHrzFJ0AgigoAL0VAWsMfg
378=A35AipFwl0AqkXDmkBdYVVA2gBqBeZBnyVGAZ0ArwVAwgAAJ4AhOBRAp4AeQAavwqeAHfm
379=KZ4AJ48HngCC8xSeAIDnE54AdJUNAXAJoQ8EaQF2lQIHaAGgD4kBfYwQAwwAAJ8AfvMfnw
380=B/+UifKB8EnwB46gyfAL0KBXgGvQoIaAG8CogBvQoNdQJ6jV0AaQF7iQEDawF3AMyvc6AA
381=gutZoACA4RqgKJYIoACwCQIOAACgAKUIBGkBfJEJB2sBeQC7oyWgAHqJAQJ1AnaJDAFoAb
382=UNBWkBeJQCBQkAAKEAfQD/u3+hAH/iD6EAvQoIYASxCQNpAXudCgVoAbEJBmgBsQkKaQF5
383=nAoDDgAAogB9712iAHfvJqMAfeg4AASjAHkAHwQAAAAAAKMAeAAgBAAAAAAAEQAA

[Houses]
0=GDI
1=Nod
2=Allies
3=Soviet
4=Neutral
5=Special
6=Fake6
7=Fake7
8=Fake8
9=Fake9
10=Fake10
11=Fake11
12=Fake12
13=Fake13
14=Fake14
15=Fake15
16=Fake16
17=Fake17
18=Fake18
19=Fake19
20=Fake20
21=Fake21
22=Fake22
23=Fake23
24=Fake24
25=Fake25
26=Fake26
27=Fake27
28=Fake28
29=Fake29
30=Fake30
31=Fake31
32=Fake32
33=Fake33
34=Fake34
35=Fake35
36=Fake36
37=Fake37
38=Fake38
39=Fake39
40=Fake40
41=Fake41
42=Spawn1
43=Spawn2
44=Spawn3
45=Spawn4
46=Spawn5
47=Spawn6
48=Spawn7
49=Spawn8

[OverlayPack]
1=BQAAIP4AIP+AVQAAIP42DP+CtLT+/gH/gbT+DAj/gWz+/gH/h7Ruaf//bGb++AH/iWpubW
2=5mZ3FnbP72Af+Lb21scWhqcP//aW/+9AH/h2ZnbWxn/2n+BAD/gm1p/rQB/4ClAQAg/j4A
3=/4Vu/2Zrbv4HAP+CbWz+8QH/k2dw//9tZ///tLRtaWZob////7T+7QH/kGtpcGdmbGn/tP
4=//a2v/Zm3+7gH/kmxramtwZnFucGb/cP//cWm0Z/7tAf+Tam1ma29rZmpqb///Zv///2hr
5=af7vAf+TaGtx/2hvcHD//2hs////cWm0tP7pAf+XbP///25tbf9vb3Fx//9oZ///Z2ZqtL
6=T+6QH/j3Bu//9wbmhwtnBwcWtwaP4EAP+FcGpxZrb+5gH/kmlx/2dv//9wbWhramz/am9x
7=av4EAP+DaWds/ggA/4G0/t8B/4Fv/gUA/4ZnbP9mamn+BAD/iG5n/29tav9o/gcA/4K0tP
8=7bAf+EtP//tP4FAP+EtLRsbv4KAP+GZmpqaGhp/ggA/4G0/tkB//4FALSJ/7T/tP+0tGxx
9=/goA/4ZtcHFxZ2n+BwD/gbT+2gH/g7S0tP4EAP+FtLT//7T+DQD/hG5pbGj+BQD/grS0/t
10=wB/4K0tP4GAP+EtLT/tP4NAP+DaWdn/gYA/4O0tLT+4QH//gYAtP76Af+CtLT+xgH/gDwB
11=ACD+MQL/g3D/bv79Af+EaGluZ/79Af+EZnFqav76Af+HtHFwZm9xb/74Af+RtLS0a////2
12=dxZv//cXH/bWr+8QH/g7Rubv4EAP+Ja///aW5q/2pm/uMB/4O0tLT+CwD/j2hpaf//bGpt
13=aP9nb/9rZ/7jAf+CtLT+EQD/i3BubG5ub2n/a21x/uAB/4G0/goA/4K0tP4IAP+MaGpubH
14=Fw//9saWdx/iIA/4G0/rsB/4O0tLT+CQD/grS0/gkA/4tpcf9nZ///av9wcf7fAf+DtLS0
15=/hMA/4tvZ3D/bGlxav//Z/7hAf+BtP4TAP+JZmdx//9sb3Bs/t0B/4G0/g0A/4K0tP4MAP
16=+Fav//Zm/+3gH/g7S0tP4MAP+CtLT+DgD/hGlrbmv+3wH/gbT+DAD/gbT+DwD/g2pub/7B
17=Af+A8AAAIP4rAP+DtLS0/jAA/4G0/s4B/4G0/i8A/4K0tP66Af+CtLT+PAD/grS0/sAB/4
18=K0tP4LAP+GtLT//w4O/isA/4K0tP7NAf+FtLT/Dg7+/QH/gg4O/v0B/4IODv79Af+CDg7+
19=HAD/gbT+1QH/grS0/gkA/4IODv7zAf+CtLT+CQD/gQ7+/wH/gg4O/j4A/4K0tP6+Af+DtA
20=4O/h8A/4G0/h0A/4K0tP7AAf+CDg7+8wH/grS0/goA/4IODv7yAf+FtLT//7T+CAD/gg4O
21=/joA/4K0tP64Af+CtLT+CQD/gg4O/jkA/4a0tP//tLT+lQH/gHEBACD+KwD/gg4O/joA/4
22=S0/7S0/sAB/4K0Dv5CAP+CtLT+sQH/grS0/gYA/4O0tLT+IgD/gbT+HwD/gbT+sgH/grS0
23=/ggA/4G0/h4A/4W0tP+0tP4WAP+FtLT//7T+uQH/grS0/iQA/4O0tLT+GQD/grS0/rwB/4
24=K0tP4jAP+FtLT//7T+CgD/gbT+/gH/hbS0/7S0/iQA/4JwcP7YAf+DtLS0/iEA/4RmaWpq
25=/toB/4G0/h4A/4Zq//9mbGb+BAD/gmds/tQB/4O0tLT+HAD/jmlvZv//a////3Fvam+0/q
26=sB/4G0/ikA/4O0/7T+GwD/hWhnbf9u/gUA/4Fu/tUB/4K0tP4eAP+FcWdqcG3+BgD/gbT+
27=1AH/grS0/h0A/4dpaW5ua29v/gQA/4K0tP7tAf+MaGxv////Z21rcGxu/gQA/4K0tP7vAf
28=+RaGhsaP9uaP//cWf///9mtLT+8AH/jmlna/9ra2pnamv/amxo/nwB/4CfAQAg/nUA/4pp
29=bmpo//9m//9s/vYB/4xraGa2Zv9ma///tLT+BwD/gg4O/uwB/5Fqb2hrcWtr/3C0tP+0tP
30=////4EAA7+7AH/hm5u//9vbP4FAP+KtLT//w4O//8ODv7oAf+JaGn//25rtLRv/gkA/4cO
31=/xoaGg4O/ugB/4lxa/9tbbRvZ23+CQD/hRoa/xoa/sIB/4K0tP4mAP+HcHFrampsav4JAP
32=+HGhr///8aGv7BAf+HtLS0//+0tP4iAP+GaWb/b2pu/ggA/4IaGv4FAP+CGhr+xAH/g7S0
33=tP4vAP+CGhr+BwD/ghoa/r8B/4K0tP4FAP+EtP//tP4qAP+CGhr+CQD/ghoa/r4B/4K0tP
34=4EAP+GtLT/tLS0/igA/4IaGv4LAP+CGhr+wQH/grS0/gUA/4G0/icA/4IaGv4NAP+CGhr+
35=wAH/gbT+LQD/ghoa/g8A/4IaGv7sAf+CGhr+EQD/ghoa/scB/4K0tP4aAP+CtLT+BQD/gh
36=oa/hMA/4IaGv7GAf+CtLT+GgD/grS0/gQA/4IaGv4VAP+CGhr+agH/gNMBACD+dAD/hLS0
37=/7T+BAD/ghoa/hcA/4IaGv7dAf/+BAC0hf8ODhoa/hkA/4IaGv7cAf+ItLT//w4OGhr+Gw
38=D/ghoa/qkB/4G0/jEA/4e0tLT/Dv8a/h0A/4IaGv7bAf+HtLT/Dg4aGv4dAP+CGhr+sAH/
39=hWj///9x/iUA//4EALSEDg4aGv4dAP+CGhr+rwH/h3BtZ3FqcWr+JQD/h7S0/w7/Ghr+HQ
40=D/ghoa/gYA/4K0tP6nAf+HcWlpaGhqZv4qAP+CGhr+HQD/gRr+BgD/hLS0/7T+pAH/inH/
41=/29wbHBubG7+KQD/ghoa/hsA/4UaGv+0tP6rAf+Lbm7///+2b///am/+KQD/ghoa/hkA/4
42=YaGv//tLT+BgD/gbT+pQH/gmtn/gUA/4G0/iwA/4IaGv4XAP+CGhr+CgD/g7S0tP6kAf+J
43=Z27//7T/tLS0/kMA/4IaGv4NAP+BtP6lAf+IaP///7S0/7T+DwD/gbT+MgD/ghoa/rQB/4
44=Zs////tLT+QwD/ghoa/gUA/4G0/q8B/4NtbWb+BAD//gQAtIL/tP47AP+CGhr+twH/gWb+
45=BQD//gYAtP4FAP+CtLT+BgD/grS0/isA/4IaGv4NAP+CtLT+WwH/gGQCACD+ZwD/grS0/h
46=4A/4Ea/gsA/4UaGv//tP4LAP+CtLT+rwH/hrS0////tP4tAP+CGhr+CQD/hBoatLT+CgD/
47=grS0/rIB/4K0tP4oAP+CbnD+CAD/ghoa/gcA/4UaGv+0tP4KAP+CtLT+3QH/g2hscf4HAP
48=+CGhr+BQD/gxoatP7AAf+CtLT+KAD/iWb//29nbG//tP4EAP+IGhr///8aGrT+wQH/grS0
49=/gwA/4K0tP4GAP+CtLT+CQD/gbT+CAD/lW9w/2Zp/2u0tLT//7S0Ghr/Ghq0tP4LAP+BtP
50=6+Af+NtLT///+0tP//tP////4EALT+EQD/k2Zq/2n/aWf/tLT/tLT/GhoatLT+yAH/hbS0
51=/7S0/gYA/4m0tLT//7T/tLT+CAD/grS0/gQA/4pp//9ram5xcP9q/gQA/4K0tP4EAP+CtL
52=T+CgD/grS0/rsB/4O0tLT+CwD/h7T/tLS0/7T+CAD/grS0/gQA/5hqbP//bXD/bGxvZ///
53=/7S0//+0tP///7T+CAD/grS0/roB/4O0tLT+EAD//gQAtIT//7S0/goA/4txa/9oZ////2
54=pxZv4FAP+DtLS0/soB/4G0/hMA/4W0//+0tP4KAP+DcGxx/gUA/4RrbHBv/vUB/4y0tGlw
55=bv//cHH/aHD+1wH/grS0/hsA/4q0tGttcW5mb2n//gQAtIX/Zm7/tP7QAf+CtLT+GwD/ir
56=S0Z2n/aG5na2b+BAC0g/9obv7TAf+CtLT+GgD/hLS0bWj+BAD/gWr+BwD/gmlo/tIB/4K0
57=tP4cAP+IbG7/cGa0aGv+BQD/grRr/nIB/4B7AQAg/nUA/4S0/7S0/goA/4e0tP9wcGz//g
58=QAtP7pAf+FtLT/tLT+BQD/j2hm//9sbbZqb2j/brRxtP7qAf+CtLT+BQD/kGZubHBwZ3D/
59=/25vbmtrtLT+5AH/gbT+DAD/j3Ftcf9pZ25v/2dp//+0tP7SAf+CtLT+DwD/gbT+BQD/hW
60=Znaf+0/gsA/4JtaP7XAf+CtLT+DgD/g7S0tP4EAP+Fbmdra2n+CQD/g29xcf7qAf+KtP//
61=/25vaGxpaP4KAP+Bb/7wAf+KtmdoZ/9taf+0tP7zAf+MbGr//2xqa3Bx//+0/gQA/4K0tP
62=7vAf+LbW9ra2hxcHH/tLT+BAD/grS0/ugB/4G0/gUA/49qbmn//25s/2xrtLT//7T+6gH/
63=grS0/gUA/4tmtHH//2tsZ29ocf7tAf+BtP4HAP+NtLS0/7T/b2n/Z21qaf7qAf+CtLT+CQ
64=D/gbT+BAD/hm1obf9mcP77Af+CaWf+9gH/inFmabS0//9vZ2r+fwH/gFwAACD+dwD/hW1t
65=ZrS0/v0B/4JraP79Af+GtLRotLS0/vcB/4m0tP+0tHBwtLT+9wH/ibS0//+0bv+0tP76Af
66=+GtLT//7S0/vwB/4G0/v4B/4O0tLT+/wH/gbT+hA//gAUAACD+ACD/gAUAACD+ACD/gAUA
67=ACD+ACD/gAUAACD+ACD/gAUAACD+ACD/gAUAACD+ACD/gAUAACD+ACD/gAUAACD+ACD/gA
68=UAACD+ACD/gAUAACD+ACD/gAUAACD+ACD/gAUAACD+ACD/gAUAACD+ACD/gAUAACD+ACD/
69=gAUAACD+ACD/gAUAACD+ACD/gAUAACD+ACD/gAUAACD+ACD/gAUAACD+ACD/gAUAACD+AC
70=D/gAUAACD+ACD/gA==

[OverlayDataPack]
1=BQAAIP4AIACARwAAIP5DFgCBA/7/AQCGBwcAAAYG/vgBAIkGCAoKCAcHBwb+9gEAiwcKCw
2=oKCAcAAAYG/vQBAIcGCAsKBwAE/gQAAIIHBv60AQCALwEAIP4+AACFBAAHCgj+BwAAgggH
3=/vEBAIYGBwAACgj+BAAAhQMGBwgH/vEBAIcICggICgoH/gQAAIUHCAAHBP7uAQCDBggK/g
4=UAC4oIBAABAAAGBwAG/u0BAJMDBwoLCgoKCwsIAAAEAAAABggG/u8BAJEICwgACAsLBwAA
5=BgYAAAAKB/7rAQCVAwAAAAcLCAAHCgsIAAAHBgAABAgI/usBAI8GBgAABgoKCAAKCggHCA
6=j+BAAAhAcICAT+5wEAkgMEAAQDAAAICggICggABgcHBv4EAACDCAoG/ugBAIED/gUAAIYG
7=CAAHBwT+BAAAiAQDAAQICAAH/u8BAIIHB/4KAACGBwsKCggG/u4BAIIEBP4KAACGBgoLCw
8=oG/vsBAIQICwoH/vwBAIMEBwb+sgUAgNEAACD+MQIAgwMABP79AQCEBAgIB/79AQCECgsK
9=B/77AQCGBggIBwcG/vsBAI4IAAAABAYDAAAEBgAEBP7yAQCCBwf+BAAAiQcAAAcIBwAHBv
10=7xAQCPBAYDAAAGCAgHAAoHAAcI/vYBAIsHCwsKCggGAAcKB/71AQCBBv4EAAqHCAAABgoI
11=Bv71AQCLCAoACAcAAAYABwb+9QEAiwcKBwAGBwgHAAAD/vUBAIkECAYAAAgKBwP++QEAhQ
12=MAAAgK/v0BAIQGCggE/vwBAIMEBwb+wQEAgF8AACD+KgYAggYI/v0BAIIGCf79AQCCBgn+
13=/QEAggYJ/v0BAIIGCf79AQCCBgn+/gEAgQ3+/wEAggMM/v8BAIIDDP7/AQCCAwz+/wEAgg
14=MM/v8BAIIDDP7/AQCCAwz+1AEAgKQAACD+KwAAggMM/v8BAIEB/lMKAIIGBP78AQCEBAgI
15=Bv75AQCGBAAABggH/gQAAIIGBP7zAQCNBAcHAAAGAAAAAQYHBv70AQCFCAoHAAT+BQAAgQ
16=T+9QEAhQgLCgoH/voBAIcGCgsLCwgE/vMBAIwDBgYAAAAHCggICgj+9QEAjwcICAQABwoA
17=AAoHAAAAA/7yAQCOCgsHAAYHBgYHBgABBAP+fAEAgCcBACD+dQAAigYKCgcAAAcAAAT+9g
18=EAiAYKCgAGAAcG/gsAAIIGDP7sAQCHBwgIBgcIB/4KAACEBgkDDP7sAQCGBwgAAAcG/gkA
19=AIYGCQAAAwz+6AEAiQMEAAAHBgAAB/4JAACHAQAGDwwDCP7oAQCJBgYACAgABwcE/gkAAI
20=UGCQADDP7qAQCBBv4EAAiCCgj+CQAAhwYJAAAAAwz+6gEAhgYGAAYHBP4IAACCBgn+BQAA
21=ggMM/vYBAIIGCf4HAACCAwz+9AEAggYJ/gkAAIIDDP7yAQCCBgn+CwAAggMM/vABAIIGCf
22=4NAACCAwz+7gEAggYJ/g8AAIIDDP7sAQCCBgn+EQAAggMM/uoBAIIGCf4TAACCAwz+6AEA
23=ggYJ/hUAAIIDDP5qAQCANgEAIP58AACCBgn+FwAAggMM/uIBAIQGCAYJ/hkAAIIDDP7gAQ
24=CEBgkGCf4bAACCAwz+3wEAgw0ADf4dAACCAwz+3gEAhAMMAwz+HQAAggMM/rABAIUDAAAA
25=BP4pAACEAwwDDP4dAACCAwz+rwEAhwQHBwgICAb+KAAAhAEAAwz+HQAAggMM/q8BAIcHCA
26=oLCwoH/ioAAIIDDP4dAACBB/6uAQCKBAAABgcICAcGBP4pAACCAwz+GwAAggYJ/q4BAIIE
27=Bv4EAACFBAAABAP+KQAAggMM/hkAAIIGCf6wAQCCBwb+MgAAggMP/hcAAIIGCf6xAQCCBg
28=b+SgAAggYJ/rMBAIEE/kkAAIIGCf60AQCBBP5IAACCBgn+tQEAgwQGA/5FAACCBgn+twEA
29=gQT+RQAAggYJ/moBAIAqAQAg/ocAAIEP/gsAAIIGCf7yAQCCAwz+CQAAggYJ/uoBAIIDBP
30=4IAACCAwz+BwAAggYJ/uwBAIMGBwb+BwAAggMM/gUAAIIGCf7rAQCHAwAACAgHA/4GAACH
31=AwwAAAAGCf7sAQCHBAYABwcABv4HAACFAwwABgn+7gEAhwcIAAcABgT+BwAAgwMOCf7sAQ
32=CKAwAABggIBwcAB/72AQCLBAYAAAgIAAQHBwf+9gEAiwcHAAYEAAAACAoH/vUBAIMEBwf+
33=BQAAhAcKCAb+9wEAigcHBgAACAgABAP+9gEAhwgKCAcICgj+BgAAggQE/vEBAIgHCAAGBw
34=gHBP4FAACCBgf+8QEAggcH/gQAAIEH/gcAAIIGBP7wAQCIBAQAAQEABAb+BgAAgQP+cgEA
35=gOkAACD+hgAAgwcHBP74AQCOBAYAAAcIAAYGBAAGAAT+8gEAjgYICAcICAgAAAcICAgE/v
36=MBAIsGBwYABgYEBAAIB/7tAQCDBAcG/g0AAIIHBv7uAQCFCAsKCAT+CQAAgwMGBv7uAQCG
37=AwcKCwoH/goAAIEE/vEBAIYICwoABgP+9gEAiQMEAAAICwoKB/74AQCICAcGBwoKCgf+9w
38=EAigYKCAAACAoACAf+9gEAhgcABgAABv4EAAiBB/77AQCHBwgACAgHBP76AQCGBggHAAYE
39=/vsBAIIKB/72AQCDBAcG/gQAAIMDBgT+fwEAgCcAACD+dwAAgwQICP7/AQCCBwf+/wEAgQ
40=f+/wEAggYG/v4BAIED/oUXAIAFAAAg/gAgAIAFAAAg/gAgAIAFAAAg/gAgAIAFAAAg/gAg
41=AIAFAAAg/gAgAIAFAAAg/gAgAIAFAAAg/gAgAIAFAAAg/gAgAIAFAAAg/gAgAIAFAAAg/g
42=AgAIAFAAAg/gAgAIAFAAAg/gAgAIAFAAAg/gAgAIAFAAAg/gAgAIAFAAAg/gAgAIAFAAAg
43=/gAgAIAFAAAg/gAgAIAFAAAg/gAgAIAFAAAg/gAgAIAFAAAg/gAgAIAFAAAg/gAgAIA=

[Terrain]
13063=T08
21061=T08
22054=SROCK07
22063=T01
23065=T10
25064=T05
27074=T14
28066=SROCK02
28076=T08
29061=T16
30067=T11
30077=T02
31055=T03
32077=T05
33069=SROCK07
33079=TC01
34056=T10
34078=T06
34079=T01
35075=SROCK01
36068=T12
36080=T01
37077=TC02
37082=T09
40075=T14
41084=T16
41086=T16
41087=TC04
41088=T07
41090=T07
42053=T10
42057=T03
42060=TC03
42086=T07
42087=T09
42088=TC01
43049=T06
43051=TC05
43054=TC04
43055=T01
43056=TC01
43087=TC01
43088=T14
44050=TC03
44058=TC04
44060=T12
44061=TC01
44084=TC03
44086=T02
44090=T17
44093=T03
45052=T06
45053=T08
45056=T07
45058=TC02
45060=T17
45086=TC01
46056=TC03
46061=TC04
46071=T06
48054=T07
48056=T10
48087=T06
48089=T11
50067=T01
50071=T09
51040=T16
51041=T02
51042=T03
51070=T05
53045=T01
53048=TC05
54038=T16
54045=T01
54066=T06
54086=T05
55036=TC02
55038=TC01
55041=T12
55047=T10
55085=T09
56045=T08
57035=T09
57037=T08
57039=T09
57045=TC03
57101=TC01
58034=TC04
58042=T02
58103=T02
59032=T13
59035=TC05
59045=T07
59046=T10
59103=T01
59105=T03
60031=T08
60042=T10
60047=T17
61033=T16
61044=TC03
61089=T09
61106=T14
62030=TC05
62046=T06
62089=T06
63030=T07
63038=T15
63046=T01
64030=T03
64044=TC05
65029=T12
65090=T07
65091=T09
65094=TC04
66025=TC03
66043=T03
66044=T08
66086=T14
66087=TC02
66089=T09
66092=T07
67036=T17
67038=TC02
67041=T01
67091=T01
67095=T01
67096=T14
68024=T02
69035=T07
69036=T06
69039=T10
70021=T02
70024=T06
70033=T02
70034=T03
70038=T01
70076=T05
70090=T17
70092=T15
70098=T09
71033=T06
71035=T14
71068=SROCK03
71071=T16
71105=T03
72025=T12
72026=TC02
72031=T06
72074=T15
72084=T13
73076=T02
73082=T09
73099=T02
73100=T05
74027=T16
74067=T06
74101=TC03
75037=TC01
75071=SROCK04
75103=T17
76101=T10
76103=T07
77028=TC02
77039=T08
77087=T07
77094=T02
77100=T02
77102=T05
77103=T15
77105=T05
77121=T14
78030=T11
78031=T09
78039=T12
78041=T17
78064=T05
78101=TC03
78103=T08
79032=TC04
79063=T11
79100=T05
79103=T17
79105=TC02
79116=T15
80041=T01
80062=T08
80074=T03
80100=T06
80103=TC01
81031=T16
81033=T15
81070=T13
81104=T07
81111=SROCK07
82034=TC03
82043=TC05
82058=T16
82062=T13
82097=T05
82101=T08
83075=TC03
83079=TC04
83094=T02
83102=TC03
83106=TC01
83123=T12
84035=T08
84036=TC02
84049=T17
84106=T07
84121=T17
85038=T09
85042=T07
85070=T16
85074=TC04
85075=T17
85077=TC01
85119=T03
86038=T17
86045=T02
86074=T16
86075=T01
86088=TC04
86090=TC03
87038=T16
87092=TC01
87097=T09
87122=T05
87136=T08
88040=T08
88045=T01
88088=T03
88095=T10
88096=T01
88097=T06
89040=T06
89092=TC05
89096=T15
89097=T11
89135=SROCK01
90040=T16
90043=T17
90051=SROCK04
90089=T16
90094=T16
90095=TC01
90097=T14
91085=T17
91090=T13
91091=TC03
91097=T05
91100=T16
92087=T10
92095=T13
92107=T17
92113=T01
92134=TC04
93043=T06
93088=T02
93132=TC03
94125=T11
95093=T09
95133=T06
96110=T01
96129=T01
97049=T16
97119=T09
97127=TC03
97130=T05
97131=T05
98056=T02
98108=T15
98129=T11
98130=TC02
98132=T07
99128=T11
100089=T10
100103=T09
100119=T07
100122=SROCK06
101058=T01
102054=T15
102078=TC02
102088=T06
102089=T09
103080=TC01
103083=TC02
103087=T01
103088=T16
103093=T01
103105=T13
103143=T08
104082=TC01
104123=T15
105078=TC02
105079=T02
105084=T11
105126=T05
106074=T10
106085=TC04
106086=T07
106087=T01
106088=TC05
107082=SROCK07
107086=T07
107089=T01
107109=T14
108069=T08
108085=T01
108089=T12
108112=T11
109091=T01
109096=T07
110086=T16
110089=T16
110090=T08
110091=TC03
110110=T11
110119=TC02
111112=T03
111118=T02
111154=T11
112116=TC03
112120=T05
113077=T16
113119=TC04
113120=T14
113159=T15
114116=TC02
114119=T07
114120=T06
115066=SROCK04
115071=T11
115075=T01
115096=T07
115118=TC01
116116=T07
116117=TC03
117072=T10
117119=TC02
118163=TC02
118165=T07
119166=TC01
119167=T07
120158=TC03
120166=T07
121108=T09
121167=T06
122159=T15
122161=T08
122166=TC05
123080=TC01
123081=T16
123083=TC05
123094=T15
123118=T05
123155=T07
123166=T15
124081=TC03
124083=T07
124100=SROCK04
125080=T07
125153=T07
125157=TC01
126083=T06
126084=TC03
126086=TC02
126109=T02
126158=T02
126164=T11
127082=T09
127083=T09
127089=TC04
127095=TC01
127096=TC01
127099=T07
127103=TC03
127152=T09
127163=TC03
128086=T11
128095=T08
128099=T14
128146=T05
128151=TC01
128155=T06
129084=TC02
129089=TC01
129093=T13
129098=T13
129099=T08
129101=T06
129107=T17
129117=T07
129148=TC02
129160=TC02
130090=T08
130105=T05
131083=T06
131115=T09
131134=T10
131146=TC01
131148=T02
132083=TC02
132085=T05
132136=T17
132152=T01
133086=T07
133095=T16
133097=TC03
133105=TC02
133112=T11
133116=TC01
133119=T01
133133=TC05
133135=T08
133137=TC02
133145=TC04
133157=TC01
134088=T13
134091=T17
134092=TC02
134094=T15
134100=T05
134102=T05
134103=T16
134104=T13
134107=TC02
134135=TC01
134143=TC02
134151=T09
135089=TC03
135094=T01
135101=TC05
135103=T05
135106=T10
135109=T02
135111=T11
135116=T05
135117=TC02
135136=T11
135137=TC03
135139=T08
135146=T06
135155=TC02
136105=TC05
136110=T15
136112=T06
136134=T02
136135=T02
136141=TC02
136146=TC01
137088=TC05
137108=TC05
137112=TC02
137140=TC01
138107=T08
138118=T13
138139=T09
138141=T06
138143=T02
139108=T17
139123=T14
139125=TC02
139141=T01
139143=T01
140096=TC03
140123=T09
140124=T01
140135=TC02
140137=TC03
140142=T17
140143=TC01
140147=T05
140149=T05
141123=T14
141124=T03
141125=TC03
142095=T06
142097=TC02
142134=T09
142140=T08
143099=T16
143125=T11
143136=T01
143137=T09
143145=T08
144096=T07
144117=TC01
144119=TC03
144121=T06
144132=TC04
144138=TC01
144140=TC05
145098=T16
145122=TC02
145143=TC01
146143=TC02
147099=T08
147116=T02
147117=TC01
148099=TC03
148126=TC01
149116=TC05
151130=SROCK06
151131=SROCK02
152105=T02
152109=T09
152135=TC02
153105=T01
153109=T06
153112=T07
153129=TC03
154105=T10
154112=T15
154114=T16
154133=SROCK01
154135=T06
154136=T08
155108=T16
155113=TC04
155114=T16
155131=T07
156111=T03
156112=T09
156114=T08
156120=TC05
156123=TC01
156132=T16
157108=T07
157111=TC04
157120=T03
157124=T16
158123=T07
158124=T07
159122=TC01
159123=T06
159124=T14
159125=T09
159127=T11
159130=T02
160123=TC04
161118=T10
162115=T11
162120=TC03
162123=TC01
162124=TC03
163117=TC02
164124=TC02
165121=TC04
166118=T06
167119=T11
167122=TC05

[Waypoints]
0=71044
1=65050
2=118152
8=122114
9=110068
10=76032
11=61040
12=45096
13=162110
14=75048
15=69054
20=65021
21=61025
22=57029
23=53033
99=69048

[TaskForces]
0=01000003
1=01000005
2=01000006
3=01000007
4=01000008
5=01000009
6=01000034
7=01000035
8=01000036
9=01000049
10=01000051

[01000003]
0=1,NMCV
Name=1 NMCV
Group=-1

[01000005]
0=5,AIBGGY
1=5,AIBIKE
Name=AI 5 BGGY, 5 BIKE
Group=-1

[01000006]
0=6,AILTNK
1=4,AIARTY
Name=AI 6 LTNK, 4 ARTY
Group=-1

[01000007]
0=1,AILTNK
1=2,AIARTY
Name=AI 1 LTNK, 2 ARTY
Group=-1

[01000008]
0=5,E1N
1=5,E3N
2=5,E4
Name=5 E1N, 5 E3N, 5 E4
Group=-1

[01000009]
0=5,AILTNK
1=6,E4
Name=AI 5 LTNK, 6 E4
Group=-1

[01000034]
0=4,MTNK
1=3,JEEP
Name=4 MTNK, 3 JEEP
Group=-1

[01000035]
0=3,E1
1=4,E2
2=3,E3
Name=AI 3 E1, 4 E2, 3 E3
Group=-1

[01000036]
0=4,ORCA
Name=4 ORCA
Group=-1

[01000049]
0=5,AILTNK
1=3,AIBGGY
2=3,AIBIKE
3=5,E1N
4=4,E3N
5=4,E4
Name=AI 5 LTNK, 3 BGGY, 3 BIKE, 5 E1N, 4 E3N, 4 E4
Group=-1

[01000051]
0=1,A10
Name=1 A10
Group=-1

[Triggers]
01000000=Neutral,<none>,Init,0,1,1,1,0
01000010=Neutral,<none>,Orca Hint,1,1,1,1,0
01000012=Spawn1,<none>,Spawn1 Built Barracks,0,1,1,1,0
01000014=Neutral,<none>,Objective Text Initial,0,1,1,1,0
01000016=Neutral,<none>,Objective Text Repeating,0,1,1,1,0
01000018=Spawn2,<none>,Spawn2 Built Barracks,0,1,1,1,0
01000020=Neutral,<none>,DEBUG Reveal Map,1,1,1,1,0
01000022=Neutral,<none>,Nod Reinforce,1,1,1,1,0
01000024=Neutral,01000026,Spawn1 Approaches Nod Base,0,1,1,1,0
01000026=Neutral,<none>,Spawn2 Approaches Nod Base,0,1,1,1,0
01000057=Neutral,<none>,SAMs Destroyed,0,1,1,1,0
01000059=Neutral,<none>,A10 Airstrike Alert,1,1,1,1,0
01000061=Neutral,<none>,A10 Airstrike,1,1,1,1,0

[Events]
01000000=1,13,0,0
01000010=1,13,0,5
01000012=1,19,0,24
01000014=1,13,0,10
01000016=1,13,0,600
01000018=1,19,0,24
01000020=1,13,0,0
01000022=1,13,0,0
01000024=1,1,0,50
01000026=1,1,0,51
01000057=1,48,0,0
01000059=1,13,0,585
01000061=1,13,0,15

[Actions]
01000000=7,48,0,4,0,0,0,0,CV,80,1,01000004,0,0,0,0,C,17,0,0,0,0,0,0,0,17,0,1,0,0,0,0,0,17,0,14,0,0,0,0,0,17,0,15,0,0,0,0,0,20,0,37,0,0,0,0,0
01000010=2,11,0,20051,0,0,0,0,0,80,1,01000047,0,0,0,0,N
01000012=1,53,2,01000010,0,0,0,0,0
01000014=1,11,0,20050,0,0,0,0,0
01000016=1,11,0,20050,0,0,0,0,0
01000018=1,53,2,01000010,0,0,0,0,0
01000020=1,16,0,0,0,0,0,0,0
01000022=1,80,1,01000050,0,0,0,0,N
01000024=1,53,2,01000022,0,0,0,0,0
01000026=1,53,2,01000022,0,0,0,0,0
01000057=2,53,2,01000061,0,0,0,0,0,11,0,10133,0,0,0,0,0
01000059=3,11,0,10133,0,0,0,0,0,54,2,01000059,0,0,0,0,0,53,2,01000061,0,0,0,0,0
01000061=6,7,1,01000053,0,0,0,0,0,7,1,01000054,0,0,0,0,0,7,1,01000055,0,0,0,0,0,7,1,01000056,0,0,0,0,0,54,2,01000061,0,0,0,0,0,53,2,01000059,0,0,0,0,0

[EditorTriggerInfo]
01000010=Yellow
01000012=Yellow
01000018=Yellow
01000020=Cherry
01000022=Red
01000024=Yellow
01000026=Yellow

[Tags]
01000001=0,Init (tag),01000000
01000011=0,Orca Hint (tag),01000010
01000013=0,Spawn1 Built Barracks (tag),01000012
01000015=0,Objective Text Initial (tag),01000014
01000017=2,Objective Text Repeating (tag),01000016
01000019=0,Spawn2 Built Barracks (tag),01000018
01000021=0,DEBUG Reveal Map (tag),01000020
01000023=0,Nod Reinforce (tag),01000022
01000025=0,Spawn1 Approaches Nod Base (tag),01000024
01000027=0,Spawn2 Approaches Nod Base (tag),01000026
01000058=1,SAMs Destroyed (tag),01000057
01000060=0,A10 Airstrike Alert (tag),01000059
01000062=0,A10 Airstrike (tag),01000061

[CellTags]
119107=01000025
118107=01000025
118108=01000025
117108=01000025
117109=01000025
116109=01000025
116110=01000025
115110=01000025
115111=01000025
114111=01000025
114112=01000025
113112=01000025
113113=01000025
112113=01000025
112112=01000025
112111=01000025
113111=01000025
113110=01000025
114110=01000025
114109=01000025
115109=01000025
115108=01000025
116108=01000025
116107=01000025
117107=01000025
117106=01000025
118106=01000025
112114=01000025
111114=01000025
111112=01000025
111093=01000025
112093=01000025
113093=01000025
114093=01000025
115093=01000025
116093=01000025
114094=01000025
113094=01000025
112094=01000025
111094=01000025

[ScriptTypes]
0=01000002
1=01000028
2=01000029
3=01000030
4=01000031
5=01000032
6=01000033
7=01000048
8=01000052

[01000002]
0=9,0
Name=Deploy

[01000028]
0=0,4
1=11,14
Name=Attack Infantry

[01000029]
0=0,5
1=11,14
Name=Attack Vehicles

[01000030]
0=0,3
1=11,14
Name=Attack Harvesters

[01000031]
0=0,7
1=11,14
Name=Attack Defenses

[01000032]
0=0,2
1=11,14
Name=Attack Base

[01000033]
0=11,14
Name=Hunt

[01000048]
0=3,11
1=11,10
Name=Sneak Cliff Arty

[01000052]
0=0,2
1=0,5
2=0,4
3=3,20
4=37,0
Name=A10 Airstrike

[TeamTypes]
0=01000004
1=01000037
2=01000038
3=01000039
4=01000040
5=01000041
6=01000042
7=01000043
8=01000044
9=01000045
10=01000046
11=01000047
12=01000050
13=01000053
14=01000054
15=01000055
16=01000056

[01000004]
Max=0
Full=no
Name=Spawn3 MCV
Group=-1
Whiner=no
Droppod=no
Suicide=yes
Loadable=no
Prebuild=no
Priority=0
Waypoint=A
Annoyance=no
IonImmune=no
Recruiter=no
Reinforce=no
TechLevel=0
Aggressive=no
Autocreate=no
GuardSlower=no
OnTransOnly=no
AvoidThreats=no
LooseRecruit=no
VeteranLevel=0
IsBaseDefense=no
OnlyTargetHouseEnemy=no
TransportsReturnOnUnload=no
AreTeamMembersRecruitable=no
House=Spawn3
Script=01000002
TaskForce=01000003

[01000037]
Max=10
Full=no
Name=GDI Auto 1
Group=-1
Whiner=no
Droppod=no
Suicide=no
Loadable=no
Prebuild=no
Priority=0
Waypoint=A
Annoyance=no
IonImmune=no
Recruiter=no
Reinforce=no
TechLevel=0
Aggressive=yes
Autocreate=yes
GuardSlower=no
OnTransOnly=no
AvoidThreats=no
LooseRecruit=no
VeteranLevel=0
IsBaseDefense=no
OnlyTargetHouseEnemy=no
TransportsReturnOnUnload=no
AreTeamMembersRecruitable=yes
House=GDI
Script=01000033
TaskForce=01000034

[01000038]
Max=10
Full=no
Name=GDI Auto 2
Group=-1
Whiner=no
Droppod=no
Suicide=no
Loadable=no
Prebuild=no
Priority=0
Waypoint=A
Annoyance=no
IonImmune=no
Recruiter=no
Reinforce=no
TechLevel=0
Aggressive=yes
Autocreate=yes
GuardSlower=no
OnTransOnly=no
AvoidThreats=no
LooseRecruit=no
VeteranLevel=0
IsBaseDefense=no
OnlyTargetHouseEnemy=no
TransportsReturnOnUnload=no
AreTeamMembersRecruitable=yes
House=GDI
Script=01000033
TaskForce=01000035

[01000039]
Max=5
Full=no
Name=GDI Auto Orca 1
Group=-1
Whiner=no
Droppod=no
Suicide=no
Loadable=no
Prebuild=no
Priority=0
Waypoint=A
Annoyance=no
IonImmune=no
Recruiter=no
Reinforce=no
TechLevel=0
Aggressive=yes
Autocreate=yes
GuardSlower=no
OnTransOnly=no
AvoidThreats=no
LooseRecruit=no
VeteranLevel=0
IsBaseDefense=no
OnlyTargetHouseEnemy=no
TransportsReturnOnUnload=no
AreTeamMembersRecruitable=yes
House=GDI
Script=01000031
TaskForce=01000036

[01000040]
Max=5
Full=no
Name=GDI Auto Orca 2
Group=-1
Whiner=no
Droppod=no
Suicide=no
Loadable=no
Prebuild=no
Priority=0
Waypoint=A
Annoyance=no
IonImmune=no
Recruiter=no
Reinforce=no
TechLevel=0
Aggressive=yes
Autocreate=yes
GuardSlower=no
OnTransOnly=no
AvoidThreats=no
LooseRecruit=no
VeteranLevel=0
IsBaseDefense=no
OnlyTargetHouseEnemy=no
TransportsReturnOnUnload=no
AreTeamMembersRecruitable=yes
House=GDI
Script=01000029
TaskForce=01000036

[01000041]
Max=20
Full=no
Name=Nod Auto 1
Group=-1
Whiner=no
Droppod=no
Suicide=no
Loadable=no
Prebuild=no
Priority=0
Waypoint=A
Annoyance=no
IonImmune=no
Recruiter=no
Reinforce=no
TechLevel=0
Aggressive=yes
Autocreate=yes
GuardSlower=no
OnTransOnly=no
AvoidThreats=no
LooseRecruit=no
VeteranLevel=0
IsBaseDefense=no
OnlyTargetHouseEnemy=no
TransportsReturnOnUnload=no
AreTeamMembersRecruitable=yes
House=Nod
Script=01000033
TaskForce=01000005

[01000042]
Max=20
Full=no
Name=Nod Auto 2
Group=-1
Whiner=no
Droppod=no
Suicide=no
Loadable=no
Prebuild=no
Priority=0
Waypoint=A
Annoyance=no
IonImmune=no
Recruiter=no
Reinforce=no
TechLevel=0
Aggressive=yes
Autocreate=yes
GuardSlower=no
OnTransOnly=no
AvoidThreats=no
LooseRecruit=no
VeteranLevel=0
IsBaseDefense=no
OnlyTargetHouseEnemy=no
TransportsReturnOnUnload=no
AreTeamMembersRecruitable=yes
House=Nod
Script=01000031
TaskForce=01000006

[01000043]
Max=20
Full=no
Name=Nod Auto 3
Group=-1
Whiner=no
Droppod=no
Suicide=no
Loadable=no
Prebuild=no
Priority=0
Waypoint=A
Annoyance=no
IonImmune=no
Recruiter=no
Reinforce=no
TechLevel=0
Aggressive=yes
Autocreate=yes
GuardSlower=no
OnTransOnly=no
AvoidThreats=no
LooseRecruit=no
VeteranLevel=0
IsBaseDefense=no
OnlyTargetHouseEnemy=no
TransportsReturnOnUnload=no
AreTeamMembersRecruitable=yes
House=Nod
Script=01000028
TaskForce=01000008

[01000044]
Max=20
Full=no
Name=Nod Auto 4
Group=-1
Whiner=no
Droppod=no
Suicide=no
Loadable=no
Prebuild=no
Priority=0
Waypoint=A
Annoyance=no
IonImmune=no
Recruiter=no
Reinforce=no
TechLevel=0
Aggressive=yes
Autocreate=yes
GuardSlower=no
OnTransOnly=no
AvoidThreats=no
LooseRecruit=no
VeteranLevel=0
IsBaseDefense=no
OnlyTargetHouseEnemy=no
TransportsReturnOnUnload=no
AreTeamMembersRecruitable=yes
House=Nod
Script=01000032
TaskForce=01000008

[01000045]
Max=20
Full=no
Name=Nod Auto 5
Group=-1
Whiner=no
Droppod=no
Suicide=no
Loadable=no
Prebuild=no
Priority=0
Waypoint=A
Annoyance=no
IonImmune=no
Recruiter=no
Reinforce=no
TechLevel=0
Aggressive=yes
Autocreate=yes
GuardSlower=no
OnTransOnly=no
AvoidThreats=no
LooseRecruit=no
VeteranLevel=0
IsBaseDefense=no
OnlyTargetHouseEnemy=no
TransportsReturnOnUnload=no
AreTeamMembersRecruitable=yes
House=Nod
Script=01000032
TaskForce=01000009

[01000046]
Max=20
Full=no
Name=Nod Auto 6
Group=-1
Whiner=no
Droppod=no
Suicide=no
Loadable=no
Prebuild=no
Priority=0
Waypoint=A
Annoyance=no
IonImmune=no
Recruiter=no
Reinforce=no
TechLevel=0
Aggressive=yes
Autocreate=yes
GuardSlower=no
OnTransOnly=no
AvoidThreats=no
LooseRecruit=no
VeteranLevel=0
IsBaseDefense=no
OnlyTargetHouseEnemy=no
TransportsReturnOnUnload=no
AreTeamMembersRecruitable=yes
House=Nod
Script=01000030
TaskForce=01000005

[01000047]
Max=1
Full=no
Name=Nod Sneaky
Group=-1
Whiner=no
Droppod=no
Suicide=yes
Loadable=no
Prebuild=no
Priority=0
Waypoint=A
Annoyance=no
IonImmune=no
Recruiter=no
Reinforce=no
TechLevel=0
Aggressive=no
Autocreate=no
GuardSlower=no
OnTransOnly=no
AvoidThreats=no
LooseRecruit=no
VeteranLevel=0
IsBaseDefense=no
OnlyTargetHouseEnemy=no
TransportsReturnOnUnload=no
AreTeamMembersRecruitable=no
House=Nod
Script=01000048
TaskForce=01000007

[01000050]
Max=0
Full=no
Name=Nod Reinforce
Group=-1
Whiner=no
Droppod=no
Suicide=no
Loadable=no
Prebuild=no
Priority=0
Waypoint=N
Annoyance=no
IonImmune=no
Recruiter=no
Reinforce=no
TechLevel=0
Aggressive=yes
Autocreate=no
GuardSlower=no
OnTransOnly=no
AvoidThreats=no
LooseRecruit=no
VeteranLevel=0
IsBaseDefense=no
OnlyTargetHouseEnemy=no
TransportsReturnOnUnload=no
AreTeamMembersRecruitable=yes
House=Spawn3
Script=01000033
TaskForce=01000049

[01000053]
Max=0
Full=no
Name=Spawn1 A10 1
Group=-1
Whiner=no
Droppod=no
Suicide=yes
Loadable=no
Prebuild=no
Priority=0
Waypoint=U
Annoyance=no
IonImmune=no
Recruiter=no
Reinforce=no
TechLevel=0
Aggressive=no
Autocreate=no
GuardSlower=no
OnTransOnly=no
AvoidThreats=no
LooseRecruit=no
VeteranLevel=1
IsBaseDefense=no
OnlyTargetHouseEnemy=no
TransportsReturnOnUnload=no
AreTeamMembersRecruitable=no
House=Spawn1
Script=01000052
TaskForce=01000051

[01000054]
Max=0
Full=no
Name=Spawn1 A10 2
Group=-1
Whiner=no
Droppod=no
Suicide=yes
Loadable=no
Prebuild=no
Priority=0
Waypoint=V
Annoyance=no
IonImmune=no
Recruiter=no
Reinforce=no
TechLevel=0
Aggressive=no
Autocreate=no
GuardSlower=no
OnTransOnly=no
AvoidThreats=no
LooseRecruit=no
VeteranLevel=1
IsBaseDefense=no
OnlyTargetHouseEnemy=no
TransportsReturnOnUnload=no
AreTeamMembersRecruitable=no
House=Spawn1
Script=01000052
TaskForce=01000051

[01000055]
Max=0
Full=no
Name=Spawn2 A10 1
Group=-1
Whiner=no
Droppod=no
Suicide=yes
Loadable=no
Prebuild=no
Priority=0
Waypoint=W
Annoyance=no
IonImmune=no
Recruiter=no
Reinforce=no
TechLevel=0
Aggressive=no
Autocreate=no
GuardSlower=no
OnTransOnly=no
AvoidThreats=no
LooseRecruit=no
VeteranLevel=1
IsBaseDefense=no
OnlyTargetHouseEnemy=no
TransportsReturnOnUnload=no
AreTeamMembersRecruitable=no
House=Spawn2
Script=01000052
TaskForce=01000051

[01000056]
Max=0
Full=no
Name=Spawn2 A10 2
Group=-1
Whiner=no
Droppod=no
Suicide=yes
Loadable=no
Prebuild=no
Priority=0
Waypoint=X
Annoyance=no
IonImmune=no
Recruiter=no
Reinforce=no
TechLevel=0
Aggressive=no
Autocreate=no
GuardSlower=no
OnTransOnly=no
AvoidThreats=no
LooseRecruit=no
VeteranLevel=1
IsBaseDefense=no
OnlyTargetHouseEnemy=no
TransportsReturnOnUnload=no
AreTeamMembersRecruitable=no
House=Spawn2
Script=01000052
TaskForce=01000051

[Units]
0=Spawn1,GMCV,256,44,71,96,Guard,None,0,-1,0,-1,0,0
1=Spawn2,GMCV,256,50,65,96,Guard,None,0,-1,0,-1,0,0
2=Spawn1,JEEP,256,50,73,96,Guard,None,0,-1,0,-1,0,1
3=Spawn1,JEEP,256,49,72,96,Guard,None,0,-1,0,-1,0,1
4=Spawn1,MTNK,256,46,77,96,Guard,None,0,-1,0,-1,0,1
5=Spawn1,MTNK,256,45,76,96,Guard,None,0,-1,0,-1,0,1
6=Spawn2,JEEP,256,52,71,96,Guard,None,0,-1,0,-1,0,1
7=Spawn2,JEEP,256,51,70,96,Guard,None,0,-1,0,-1,0,1
8=Spawn2,MTNK,256,56,67,96,Guard,None,0,-1,0,-1,0,1
9=Spawn2,MTNK,256,55,66,96,Guard,None,0,-1,0,-1,0,1
10=Spawn3,TDHARV,256,122,153,0,Guard,None,0,-1,0,-1,0,0
11=Spawn3,TDHARV,256,122,98,0,Guard,None,0,-1,0,-1,0,0
12=Spawn3,ARTY,256,95,118,17,Guard,None,0,-1,0,-1,0,0
13=Spawn3,ARTY,256,99,120,10,Guard,None,0,-1,0,-1,0,0
14=Spawn3,ARTY,256,109,101,205,Guard,None,0,-1,0,-1,0,0
15=Spawn3,ARTY,256,122,84,213,Guard,None,0,-1,0,-1,0,0
16=Spawn3,ARTY,256,84,102,217,Guard,None,0,-1,0,-1,0,0
17=Spawn3,ARTY,256,85,88,135,Guard,None,0,-1,0,-1,0,0
18=Spawn3,ARTY,256,66,103,7,Guard,None,0,-1,0,-1,0,0
19=Spawn3,ARTY,256,97,68,19,Guard,None,0,-1,0,-1,0,0
20=Spawn3,ARTY,256,110,67,184,Guard,None,0,-1,0,-1,0,0
21=Spawn3,BIKE,256,89,88,128,Guard,None,0,-1,0,-1,0,0
22=Spawn3,BIKE,256,97,72,0,Guard,None,0,-1,0,-1,0,0
23=Spawn3,BIKE,256,113,101,192,Guard,None,0,-1,0,-1,0,0
24=Spawn3,BIKE,256,126,85,242,Guard,None,0,-1,0,-1,0,0
25=Spawn3,BIKE,256,96,120,24,Guard,None,0,-1,0,-1,0,0
26=Spawn3,BIKE,256,122,96,109,Guard,None,0,-1,0,-1,0,0
27=Spawn3,LTNK,256,116,75,211,Guard,None,0,-1,0,-1,0,0
28=Spawn3,LTNK,256,117,81,205,Guard,None,0,-1,0,-1,0,0
29=Spawn3,BGGY,256,119,77,202,Guard,None,0,-1,0,-1,0,0
30=Spawn3,BGGY,256,119,80,211,Guard,None,0,-1,0,-1,0,0
31=Spawn3,LTNK,256,96,108,0,Guard,None,0,-1,0,-1,0,0
32=Spawn3,LTNK,256,99,109,242,Guard,None,0,-1,0,-1,0,0
33=Spawn3,ARTY,256,126,113,0,Guard,None,0,-1,0,-1,0,0
34=Spawn3,ARTY,256,134,104,0,Guard,None,0,-1,0,-1,0,0
35=Spawn3,LTNK,256,156,129,0,Guard,None,0,-1,0,-1,0,0
36=Spawn3,ARTY,256,72,88,128,Guard,None,0,-1,0,-1,0,0
37=Spawn3,ARTY,256,102,56,138,Guard,None,0,-1,0,-1,0,0
38=Spawn3,BIKE,256,72,109,58,Guard,None,0,-1,0,-1,0,0
39=Spawn3,BIKE,256,85,107,246,Guard,None,0,-1,0,-1,0,0
40=Spawn3,BIKE,256,77,84,173,Guard,None,0,-1,0,-1,0,0
41=Spawn3,BIKE,256,89,44,152,Guard,None,0,-1,0,-1,0,0
42=Special,BUS_GD,256,110,150,0,Guard,None,0,-1,0,-1,0,0
43=Special,CAR1F,256,110,141,74,Guard,None,0,-1,0,-1,0,0
44=Special,CAR1G,256,98,135,128,Guard,None,0,-1,0,-1,0,0
45=Special,CAR_L_BL,256,91,140,64,Guard,None,0,-1,0,-1,0,0
46=Special,CAR_L_GY,256,99,146,0,Guard,None,0,-1,0,-1,0,0
47=Special,TRACTOR2,256,105,148,104,Guard,None,0,-1,0,-1,0,0

[Infantry]
0=Spawn1,E1,256,48,73,4,Guard,96,None,0,-1,0,0,1
1=Spawn1,E1,256,49,74,4,Guard,96,None,0,-1,0,0,1
2=Spawn1,E2,256,47,76,4,Guard,96,None,0,-1,0,0,1
3=Spawn1,E2,256,46,75,4,Guard,96,None,0,-1,0,0,1
4=Spawn2,E1,256,53,70,4,Guard,96,None,0,-1,0,0,1
5=Spawn2,E1,256,53,70,3,Guard,96,None,0,-1,0,0,1
6=Spawn2,E1,256,53,70,2,Guard,96,None,0,-1,0,0,1
7=Spawn2,E1,256,52,69,4,Guard,96,None,0,-1,0,0,1
8=Spawn2,E2,256,55,68,4,Guard,96,None,0,-1,0,0,1
9=Spawn2,E2,256,55,68,3,Guard,96,None,0,-1,0,0,1
10=Spawn2,E2,256,55,68,2,Guard,96,None,0,-1,0,0,0
11=Spawn2,E2,256,54,67,4,Guard,96,None,0,-1,0,0,0
12=Spawn1,E2,256,47,76,3,Guard,96,None,0,-1,0,0,1
13=Spawn1,E2,256,47,76,2,Guard,96,None,0,-1,0,0,1
14=Spawn1,E1,256,49,74,3,Guard,96,None,0,-1,0,0,1
15=Spawn1,E1,256,49,74,2,Guard,96,None,0,-1,0,0,1
16=Special,C2,256,108,146,4,Guard,0,None,0,-1,0,0,0
17=Special,C3,256,112,140,4,Guard,0,None,0,-1,0,0,0
18=Special,C4,256,100,141,4,Guard,0,None,0,-1,0,0,0
19=Special,C5,256,93,137,4,Guard,0,None,0,-1,0,0,0
20=Special,C6,256,106,138,4,Guard,0,None,0,-1,0,0,0
21=Special,C8,256,100,136,4,Guard,0,None,0,-1,0,0,0
22=Special,C9,256,102,145,4,Guard,0,None,0,-1,0,0,0

[Structures]
0=Spawn3,SILO,256,140,130,0,None,0,0,1,0,0,None,None,None,0,0
1=Spawn3,SILO,256,142,129,0,None,0,0,1,0,0,None,None,None,0,0
2=Spawn3,SILO,256,143,127,0,None,0,0,1,0,0,None,None,None,0,0
3=Spawn3,SILO,256,146,111,0,None,0,0,1,0,0,None,None,None,0,0
4=Spawn3,SILO,256,144,110,0,None,0,0,1,0,0,None,None,None,0,0
5=Spawn3,SILO,256,143,108,0,None,0,0,1,0,0,None,None,None,0,0
6=Spawn3,SAM,256,125,115,0,01000058,0,0,1,0,0,None,None,None,0,0
7=Spawn3,SAM,256,136,104,0,01000058,0,0,1,0,0,None,None,None,0,0
8=Spawn3,SAM,256,149,137,0,01000058,0,0,1,0,0,None,None,None,0,0
9=Spawn3,SAM,256,161,125,0,01000058,0,0,1,0,0,None,None,None,0,0
10=Neutral,MTREET2,256,80,121,0,None,0,0,1,0,0,None,None,None,0,0
11=Neutral,MTREET1,256,135,145,0,None,0,0,1,0,0,None,None,None,0,0
12=Neutral,MTREET1,256,122,151,0,None,0,0,1,0,0,None,None,None,0,0
13=Neutral,MTREET2,256,120,97,0,None,0,0,1,0,0,None,None,None,0,0
14=Neutral,MTREET1,256,79,39,0,None,0,0,1,0,0,None,None,None,0,0
15=Special,NV01,256,99,134,0,None,0,0,1,0,0,None,None,None,0,0
16=Special,NV11,256,87,129,0,None,0,0,1,0,0,None,None,None,0,0
17=Special,NV06,256,106,144,0,None,0,0,1,0,0,None,None,None,0,0
18=Special,NV07,256,104,146,0,None,0,0,1,0,0,None,None,None,0,0
19=Special,NV08,256,100,143,0,None,0,0,1,0,0,None,None,None,0,0
20=Special,NV02,256,102,144,0,None,0,0,1,0,0,None,None,None,0,0
21=Special,NV03,256,102,143,0,None,0,0,1,0,0,None,None,None,0,0
22=Special,NV14,256,110,137,0,None,0,0,1,0,0,None,None,None,0,0
23=Special,NV04,256,100,146,0,None,0,0,1,0,0,None,None,None,0,0
24=Special,NV05,256,110,140,0,None,0,0,1,0,0,None,None,None,0,0
25=Special,WOOD,256,106,147,0,None,0,0,1,0,0,None,None,None,0,0
26=Special,WOOD,256,107,147,0,None,0,0,1,0,0,None,None,None,0,0
27=Special,WOOD,256,108,147,0,None,0,0,1,0,0,None,None,None,0,0
28=Special,WOOD,256,109,147,0,None,0,0,1,0,0,None,None,None,0,0
29=Special,WOOD,256,109,148,0,None,0,0,1,0,0,None,None,None,0,0
30=Special,WOOD,256,109,149,0,None,0,0,1,0,0,None,None,None,0,0
31=Special,WOOD,256,109,150,0,None,0,0,1,0,0,None,None,None,0,0
32=Special,WOOD,256,109,151,0,None,0,0,1,0,0,None,None,None,0,0
33=Special,WOOD,256,108,151,0,None,0,0,1,0,0,None,None,None,0,0
34=Special,WOOD,256,107,151,0,None,0,0,1,0,0,None,None,None,0,0
35=Special,WOOD,256,106,151,0,None,0,0,1,0,0,None,None,None,0,0
36=Special,WOOD,256,105,151,0,None,0,0,1,0,0,None,None,None,0,0
37=Special,WOOD,256,104,151,0,None,0,0,1,0,0,None,None,None,0,0
38=Special,WOOD,256,103,151,0,None,0,0,1,0,0,None,None,None,0,0
39=Special,WOOD,256,102,147,0,None,0,0,1,0,0,None,None,None,0,0
40=Special,WOOD,256,103,147,0,None,0,0,1,0,0,None,None,None,0,0
41=Special,WOOD,256,102,148,0,None,0,0,1,0,0,None,None,None,0,0
42=Special,WOOD,256,102,149,0,None,0,0,1,0,0,None,None,None,0,0
43=Special,WOOD,256,102,150,0,None,0,0,1,0,0,None,None,None,0,0
44=Special,WOOD,256,102,151,0,None,0,0,1,0,0,None,None,None,0,0
45=Special,NV10,256,95,135,0,None,0,0,1,0,0,None,None,None,0,0
46=Special,NV03,256,92,137,0,None,0,0,1,0,0,None,None,None,0,0
47=Special,NV06,256,90,138,0,None,0,0,1,0,0,None,None,None,0,0
48=Spawn3,GUN,256,84,100,228,None,0,0,1,0,0,None,None,None,0,0
49=Spawn3,GUN,256,71,105,242,None,0,0,1,0,0,None,None,None,0,0
50=Spawn3,GUN,256,62,88,211,None,0,0,1,0,0,None,None,None,0,0
51=Spawn3,GUN,256,91,93,136,None,0,0,1,0,0,None,None,None,0,0
52=Spawn3,GUN,256,84,88,138,None,0,0,1,0,0,None,None,None,0,0
53=Spawn3,GUN,256,63,99,0,None,0,0,1,0,0,None,None,None,0,0
54=Spawn3,GUN,256,72,91,154,None,0,0,1,0,0,None,None,None,0,0
55=Spawn3,GUN,256,77,87,109,None,0,0,1,0,0,None,None,None,0,0
56=Spawn3,GUN,256,93,107,49,None,0,0,1,0,0,None,None,None,0,0
57=Spawn3,GUN,256,107,101,211,None,0,0,1,0,0,None,None,None,0,0
58=Spawn3,GUN,256,121,83,219,None,0,0,1,0,0,None,None,None,0,0
59=Spawn3,GUN,256,114,72,168,None,0,0,1,0,0,None,None,None,0,0
60=Spawn3,GUN,256,107,77,32,None,0,0,1,0,0,None,None,None,0,0
61=Spawn3,GUN,256,99,71,7,None,0,0,1,0,0,None,None,None,0,0
62=Spawn3,GUN,256,106,63,176,None,0,0,1,0,0,None,None,None,0,0
63=Spawn3,GUN,256,91,63,242,None,0,0,1,0,0,None,None,None,0,0
64=Spawn3,GUN,256,99,54,170,None,0,0,1,0,0,None,None,None,0,0
65=Spawn3,GUN,256,89,50,143,None,0,0,1,0,0,None,None,None,0,0
66=Spawn3,GUN,256,83,46,0,None,0,0,1,0,0,None,None,None,0,0
67=Spawn3,AFLD,256,143,121,0,None,0,0,1,0,0,None,None,None,0,0
68=Spawn3,OBLI,256,128,120,0,None,0,0,1,0,0,None,None,None,0,0
69=Spawn3,TDPROC,256,138,125,0,None,0,0,1,0,0,None,None,None,0,0
70=Spawn3,TDPROC,256,127,114,0,None,0,0,1,0,0,None,None,None,0,0
71=Spawn3,NUKE,256,146,125,0,None,0,0,1,0,0,None,None,None,0,0
72=Spawn3,NUKE,256,149,122,0,None,0,0,1,0,0,None,None,None,0,0
73=Spawn3,NUKE,256,148,118,0,None,0,0,1,0,0,None,None,None,0,0
74=Spawn3,NUKE,256,145,117,0,None,0,0,1,0,0,None,None,None,0,0
75=Spawn3,NUKE,256,142,116,0,None,0,0,1,0,0,None,None,None,0,0
76=Spawn3,NUKE,256,143,113,0,None,0,0,1,0,0,None,None,None,0,0
77=Spawn3,NUKE,256,146,114,0,None,0,0,1,0,0,None,None,None,0,0
78=Spawn3,NUKE,256,149,115,0,None,0,0,1,0,0,None,None,None,0,0
79=Spawn3,NUKE,256,139,111,0,None,0,0,1,0,0,None,None,None,0,0
80=Spawn3,NUKE,256,136,110,0,None,0,0,1,0,0,None,None,None,0,0
81=Spawn3,NUKE,256,133,109,0,None,0,0,1,0,0,None,None,None,0,0
82=Spawn3,NUKE,256,133,106,0,None,0,0,1,0,0,None,None,None,0,0
83=Spawn3,NUKE,256,136,107,0,None,0,0,1,0,0,None,None,None,0,0
84=Spawn3,NUKE,256,139,108,0,None,0,0,1,0,0,None,None,None,0,0
85=Spawn3,NHQ,256,140,105,0,None,0,0,1,0,0,None,None,None,0,0
86=Spawn3,OBLI,256,155,119,0,None,0,0,1,0,0,None,None,None,0,0
87=Spawn3,GUN,256,134,129,0,None,0,0,1,0,0,None,None,None,0,0
88=Spawn3,GUN,256,128,123,0,None,0,0,1,0,0,None,None,None,0,0
89=Spawn3,GUN,256,122,112,0,None,0,0,1,0,0,None,None,None,0,0
90=Spawn3,GUN,256,133,101,0,None,0,0,1,0,0,None,None,None,0,0
91=Spawn3,HAND,256,130,111,0,None,0,0,1,0,0,None,None,None,0,0
92=Neutral,WOODCRATE,256,90,42,0,None,0,0,1,0,0,None,None,None,0,0
93=Neutral,WOODCRATE,256,91,136,0,None,0,0,1,0,0,None,None,None,0,0
94=Neutral,WOODCRATE,256,38,58,0,None,0,0,1,0,0,None,None,None,0,0
95=Spawn3,OBLI,256,137,129,0,None,0,0,1,0,0,None,None,None,0,0
96=Spawn3,OBLI,256,125,113,0,None,0,0,1,0,0,None,None,None,0,0
97=Neutral,MTREET2,256,64,39,0,None,0,0,1,0,0,None,None,None,0,0
98=Special,V15,256,103,150,0,None,0,0,1,0,0,None,None,None,0,0
99=Special,V16,256,103,148,0,None,0,0,1,0,0,None,None,None,0,0
100=Special,V17,256,104,149,0,None,0,0,1,0,0,None,None,None,0,0
101=Special,V18,256,105,150,0,None,0,0,1,0,0,None,None,None,0,0
102=Special,V14,256,105,149,0,None,0,0,1,0,0,None,None,None,0,0
103=Special,V14,256,107,149,0,None,0,0,1,0,0,None,None,None,0,0
104=Special,V14,256,107,150,0,None,0,0,1,0,0,None,None,None,0,0
105=Special,V16,256,106,148,0,None,0,0,1,0,0,None,None,None,0,0
106=Special,V16,256,108,149,0,None,0,0,1,0,0,None,None,None,0,0
107=Special,V18,256,106,149,0,None,0,0,1,0,0,None,None,None,0,0
108=Special,V17,256,103,149,0,None,0,0,1,0,0,None,None,None,0,0
109=Special,V17,256,104,150,0,None,0,0,1,0,0,None,None,None,0,0
110=Special,V18,256,108,148,0,None,0,0,1,0,0,None,None,None,0,0
111=Special,V15,256,106,150,0,None,0,0,1,0,0,None,None,None,0,0
112=Special,V15,256,108,150,0,None,0,0,1,0,0,None,None,None,0,0
113=Special,V15,256,107,148,0,None,0,0,1,0,0,None,None,None,0,0
114=Neutral,NEGLAMP,256,72,99,0,None,0,0,1,0,0,None,None,None,0,0
115=Neutral,NEGLAMP,256,80,94,0,None,0,0,1,0,0,None,None,None,0,0
116=Neutral,NEGLAMP,256,93,99,0,None,0,0,1,0,0,None,None,None,0,0
117=Neutral,NEGLAMP,256,102,96,0,None,0,0,1,0,0,None,None,None,0,0
118=Neutral,NEGLAMP,256,102,108,0,None,0,0,1,0,0,None,None,None,0,0
119=Neutral,NEGLAMP,256,111,88,0,None,0,0,1,0,0,None,None,None,0,0
120=Neutral,NEGLAMP,256,114,78,0,None,0,0,1,0,0,None,None,None,0,0
121=Neutral,NEGLAMP,256,105,68,0,None,0,0,1,0,0,None,None,None,0,0
122=Neutral,NEGLAMP,256,95,58,0,None,0,0,1,0,0,None,None,None,0,0
123=Neutral,NEGLAMP,256,83,54,0,None,0,0,1,0,0,None,None,None,0,0
124=Neutral,NEGLAMP,256,60,91,0,None,0,0,1,0,0,None,None,None,0,0
125=Neutral,INBLULMP,256,87,134,0,None,0,0,1,0,0,None,None,None,0,0
126=Neutral,INBLULMP,256,93,131,0,None,0,0,1,0,0,None,None,None,0,0
127=Neutral,INBLULMP,256,101,132,0,None,0,0,1,0,0,None,None,None,0,0
128=Neutral,INBLULMP,256,107,131,0,None,0,0,1,0,0,None,None,None,0,0
129=Neutral,INBLULMP,256,115,136,0,None,0,0,1,0,0,None,None,None,0,0
130=Neutral,INBLULMP,256,123,143,0,None,0,0,1,0,0,None,None,None,0,0
131=Neutral,INBLULMP,256,129,149,0,None,0,0,1,0,0,None,None,None,0,0
132=Neutral,INBLULMP,256,134,157,0,None,0,0,1,0,0,None,None,None,0,0
133=Neutral,NEGLAMP,256,122,163,0,None,0,0,1,0,0,None,None,None,0,0
134=Neutral,NEGLAMP,256,110,154,0,None,0,0,1,0,0,None,None,None,0,0
135=Neutral,NEGLAMP,256,105,135,0,None,0,0,1,0,0,None,None,None,0,0
136=Neutral,NEGLAMP,256,91,135,0,None,0,0,1,0,0,None,None,None,0,0
137=Neutral,NEGLAMP,256,84,125,0,None,0,0,1,0,0,None,None,None,0,0
138=Neutral,NEGLAMP,256,140,139,0,None,0,0,1,0,0,None,None,None,0,0
139=Neutral,NEGLAMP,256,118,114,0,None,0,0,1,0,0,None,None,None,0,0
140=Neutral,NEGLAMP,256,131,95,0,None,0,0,1,0,0,None,None,None,0,0
141=Neutral,NEGLAMP,256,168,121,0,None,0,0,1,0,0,None,None,None,0,0
142=Neutral,NEGLAMP,256,85,106,0,None,0,0,1,0,0,None,None,None,0,0
143=Neutral,NEGLAMP,256,56,44,0,None,0,0,1,0,0,None,None,None,0,0
144=Neutral,NEGLAMP,256,31,56,0,None,0,0,1,0,0,None,None,None,0,0
145=Neutral,NEGLAMP,256,21,68,0,None,0,0,1,0,0,None,None,None,0,0
146=Neutral,NEGLAMP,256,33,84,0,None,0,0,1,0,0,None,None,None,0,0


